66.249.73.135 - - [17/May/2015:22:05:51 +0000] "GET /blog/geekery/year-in-review-2011.html HTTP/1.1" 200 11118 "-" "Mozilla/5.0 (iPhone; CPU iPhone OS 6_0 like Mac OS X) AppleWebKit/536.26 (KHTML, like Gecko) Version/6.0 Mobile/10A5376e Safari/8536.25 (compatible; Googlebot/2.1; +http://www.google.com/bot.html)"
66.249.73.135 - - [17/May/2015:22:05:10 +0000] "GET /blog/tags/logs HTTP/1.1" 200 34598 "-" "Mozilla/5.0 (compatible; Googlebot/2.1; +http://www.google.com/bot.html)"
174.26.232.198 - - [17/May/2015:22:05:21 +0000] "GET /presentations/logstash-scale11x/images/ahhh___rage_face_by_samusmmx-d5g5zap.png HTTP/1.1" 200 175208 "-" "Mozilla/5.0 (Linux; U; Android 4.1.1; en-us; Prism II Build/HuaweiU8686) AppleWebKit/534.30 (KHTML, like Gecko) Version/4.0 Mobile Safari/534.30 GSA/3.2.17.1009776.arm"
207.241.237.104 - - [17/May/2015:22:05:00 +0000] "GET /blog/tags/mount HTTP/1.0" 200 9699 "http://www.semicomplete.com/blog/tags/linux" "Mozilla/5.0 (compatible; archive.org_bot +http://www.archive.org/details/archive.org_bot)"
76.103.82.13 - - [17/May/2015:22:05:40 +0000] "GET /projects/xdotool/ HTTP/1.1" 200 12292 "http://genus-industri.us/wp/2011/09/10/a-newbies-guide-to-multiboxing/" "Mozilla/5.0 (Windows NT 6.0) AppleWebKit/537.36 (KHTML, like Gecko) Chrome/32.0.1700.107 Safari/537.36"
76.103.82.13 - - [17/May/2015:22:05:17 +0000] "GET /reset.css HTTP/1.1" 200 1015 "http://www.semicomplete.com/projects/xdotool/" "Mozilla/5.0 (Windows NT 6.0) AppleWebKit/537.36 (KHTML, like Gecko) Chrome/32.0.1700.107 Safari/537.36"
76.103.82.13 - - [17/May/2015:22:05:46 +0000] "GET /style2.css HTTP/1.1" 200 4877 "http://www.semicomplete.com/projects/xdotool/" "Mozilla/5.0 (Windows NT 6.0) AppleWebKit/537.36 (KHTML, like Gecko) Chrome/32.0.1700.107 Safari/537.36"
76.103.82.13 - - [17/May/2015:22:05:21 +0000] "GET /images/jordan-80.png HTTP/1.1" 200 6146 "http://www.semicomplete.com/projects/xdotool/" "Mozilla/5.0 (Windows NT 6.0) AppleWebKit/537.36 (KHTML, like Gecko) Chrome/32.0.1700.107 Safari/537.36"
76.103.82.13 - - [17/May/2015:22:05:24 +0000] "GET /images/web/2009/banner.png HTTP/1.1" 200 52315 "http://www.semicomplete.com/projects/xdotool/" "Mozilla/5.0 (Windows NT 6.0) AppleWebKit/537.36 (KHTML, like Gecko) Chrome/32.0.1700.107 Safari/537.36"
76.103.82.13 - - [17/May/2015:22:05:20 +0000] "GET /favicon.ico HTTP/1.1" 200 3638 "-" "Mozilla/5.0 (Windows NT 6.0) AppleWebKit/537.36 (KHTML, like Gecko) Chrome/32.0.1700.107 Safari/537.36"
180.245.66.177 - - [17/May/2015:22:05:38 +0000] "GET /projects/xdotool/xdotool.xhtml HTTP/1.1" 200 50112 "http://www.google.com/url?sa=t&rct=j&q=&esrc=s&source=web&cd=2&cad=rja&ved=0CCoQFjAB&url=http%3A%2F%2Fwww.semicomplete.com%2Fprojects%2Fxdotool%2Fxdotool.xhtml&ei=4AwBU5eoDM3GrAf7_4GQCA&usg=AFQjCNFwZFAI0RQdN_N0kFH-oj8cLsJRNQ&bvm=bv.61535280,d.bmk" "Mozilla/5.0 (X11; Ubuntu; Linux i686; rv:26.0) Gecko/20100101 Firefox/26.0"
180.245.66.177 - - [17/May/2015:22:05:30 +0000] "GET /favicon.ico HTTP/1.1" 200 3638 "-" "Mozilla/5.0 (X11; Ubuntu; Linux i686; rv:26.0) Gecko/20100101 Firefox/26.0"
66.249.73.135 - - [17/May/2015:22:05:21 +0000] "GET /blog/index?page=35 HTTP/1.1" 200 29219 "-" "Mozilla/5.0 (compatible; Googlebot/2.1; +http://www.google.com/bot.html)"
66.249.73.135 - - [17/May/2015:22:05:20 +0000] "GET /?flav=atom HTTP/1.1" 200 32352 "-" "Mozilla/5.0 (compatible; Googlebot/2.1; +http://www.google.com/bot.html)"
100.43.83.137 - - [17/May/2015:22:05:09 +0000] "GET /images/grokplan.png HTTP/1.1" 304 - "-" "Mozilla/5.0 (compatible; YandexImages/3.0; +http://yandex.com/bots)"
74.125.19.82 - - [17/May/2015:22:05:04 +0000] "GET /?flav=rss20 HTTP/1.1" 200 29941 "-" "FeedBurner/1.0 (http://www.FeedBurner.com)"
180.76.5.17 - - [17/May/2015:22:05:47 +0000] "GET /robots.txt HTTP/1.1" 200 - "-" "Mozilla/5.0 (Windows NT 5.1; rv:6.0.2) Gecko/20100101 Firefox/6.0.2"
193.238.231.119 - - [17/May/2015:22:05:22 +0000] "GET /presentations/logstash-puppetconf-2012/images/kibana-logstash-downloads.png HTTP/1.0" 200 95058 "-" "-"
193.238.231.119 - - [17/May/2015:22:05:10 +0000] "GET /presentations/logstash-scale11x/images/tiered-outputs-to-inputs.jpg HTTP/1.0" 200 1079983 "-" "-"
207.241.237.227 - - [17/May/2015:22:05:16 +0000] "GET /blog/tags/hack HTTP/1.0" 200 11170 "http://www.semicomplete.com/blog/tags/linux" "Mozilla/5.0 (compatible; archive.org_bot +http://www.archive.org/details/archive.org_bot)"
66.249.73.135 - - [17/May/2015:22:05:47 +0000] "GET /~psionic/projects/securitrack/config.xsl HTTP/1.1" 301 353 "-" "Mozilla/5.0 (compatible; Googlebot/2.1; +http://www.google.com/bot.html)"
66.249.73.135 - - [17/May/2015:22:05:18 +0000] "GET /projects/securitrack/config.xsl HTTP/1.1" 404 315 "-" "Mozilla/5.0 (compatible; Googlebot/2.1; +http://www.google.com/bot.html)"
192.187.119.210 - - [17/May/2015:22:05:40 +0000] "GET / HTTP/1.1" 200 37932 "http://www.semicomplete.com/" "Mozilla/5.0 (Macintosh; Intel Mac OS X 10.7; rv:21.0) Gecko/20100101 Firefox/21.0"
192.187.119.210 - - [17/May/2015:22:05:11 +0000] "GET /blog/geekery/installing-windows-8-consumer-preview.html HTTP/1.1" 200 8948 "http://www.semicomplete.com/" "Mozilla/5.0 (Macintosh; Intel Mac OS X 10.7; rv:21.0) Gecko/20100101 Firefox/21.0"
81.154.31.181 - - [17/May/2015:22:05:38 +0000] "GET /articles/dynamic-dns-with-dhcp/ HTTP/1.1" 200 18848 "https://www.google.co.uk/" "Mozilla/5.0 (iPhone; CPU iPhone OS 7_0_4 like Mac OS X) AppleWebKit/537.51.1 (KHTML, like Gecko) Version/7.0 Mobile/11B554a Safari/9537.53"
81.154.31.181 - - [17/May/2015:22:05:05 +0000] "GET /reset.css HTTP/1.1" 200 1015 "http://www.semicomplete.com/articles/dynamic-dns-with-dhcp/" "Mozilla/5.0 (iPhone; CPU iPhone OS 7_0_4 like Mac OS X) AppleWebKit/537.51.1 (KHTML, like Gecko) Version/7.0 Mobile/11B554a Safari/9537.53"
81.154.31.181 - - [17/May/2015:22:05:38 +0000] "GET /style2.css HTTP/1.1" 200 4877 "http://www.semicomplete.com/articles/dynamic-dns-with-dhcp/" "Mozilla/5.0 (iPhone; CPU iPhone OS 7_0_4 like Mac OS X) AppleWebKit/537.51.1 (KHTML, like Gecko) Version/7.0 Mobile/11B554a Safari/9537.53"
81.154.31.181 - - [17/May/2015:22:05:27 +0000] "GET /images/jordan-80.png HTTP/1.1" 200 6146 "http://www.semicomplete.com/articles/dynamic-dns-with-dhcp/" "Mozilla/5.0 (iPhone; CPU iPhone OS 7_0_4 like Mac OS X) AppleWebKit/537.51.1 (KHTML, like Gecko) Version/7.0 Mobile/11B554a Safari/9537.53"
81.154.31.181 - - [17/May/2015:22:05:38 +0000] "GET /images/web/2009/banner.png HTTP/1.1" 200 52315 "http://www.semicomplete.com/articles/dynamic-dns-with-dhcp/" "Mozilla/5.0 (iPhone; CPU iPhone OS 7_0_4 like Mac OS X) AppleWebKit/537.51.1 (KHTML, like Gecko) Version/7.0 Mobile/11B554a Safari/9537.53"
46.105.14.53 - - [17/May/2015:22:05:44 +0000] "GET /blog/tags/puppet?flav=rss20 HTTP/1.1" 200 14872 "-" "UniversalFeedParser/4.2-pre-314-svn +http://feedparser.org/"
192.227.137.164 - - [17/May/2015:22:05:39 +0000] "GET /misc/sample.log HTTP/1.0" 200 54306753 "http://www.semicomplete.com/" "Mozilla/5.0 (Macintosh; Intel Mac OS X 10.7; rv:21.0) Gecko/20100101 Firefox/21.0"
192.227.137.164 - - [17/May/2015:22:05:58 +0000] "GET /blog/geekery/mounting-partitions-within-a-disk-image-in-linux.html HTTP/1.0" 200 9699 "http://www.semicomplete.com/" "Mozilla/5.0 (Macintosh; Intel Mac OS X 10.7; rv:21.0) Gecko/20100101 Firefox/21.0"
66.249.73.135 - - [17/May/2015:22:05:29 +0000] "GET /blog/site/site-design-2009.html HTTP/1.1" 200 11196 "-" "Mozilla/5.0 (iPhone; CPU iPhone OS 6_0 like Mac OS X) AppleWebKit/536.26 (KHTML, like Gecko) Version/6.0 Mobile/10A5376e Safari/8536.25 (compatible; Googlebot/2.1; +http://www.google.com/bot.html)"
24.8.92.137 - - [17/May/2015:22:05:44 +0000] "GET /?flav=rss20 HTTP/1.1" 200 29941 "-" "Mozilla/5.0 (Linux; Android 4.4.2; Nexus 5 Build/KOT49H) AppleWebKit/537.36 (KHTML, like Gecko) Version/4.0 Chrome/30.0.0.0 Mobile Safari/537.36"
201.74.200.85 - - [17/May/2015:22:05:00 +0000] "GET /images/vim/vim-zenburn.png HTTP/1.1" 200 90256 "-" "Mozilla/5.0 (Windows NT 6.1; WOW64; rv:27.0) Gecko/20100101 Firefox/27.0"
208.91.156.11 - - [17/May/2015:22:05:02 +0000] "GET /files/logstash/logstash-1.3.2-monolithic.jar HTTP/1.1" 404 324 "-" "Chef Client/10.18.2 (ruby-1.9.3-p327; ohai-6.16.0; x86_64-linux; +http://opscode.com)"
94.7.215.43 - - [17/May/2015:22:05:58 +0000] "GET /?flav=atom HTTP/1.1" 200 32352 "-" "Liferea/1.8.3 (Linux; en_GB.UTF-8; http://liferea.sf.net/)"
207.241.237.104 - - [17/May/2015:22:05:57 +0000] "GET /blog/tags/sata HTTP/1.0" 200 9368 "http://www.semicomplete.com/blog/tags/linux" "Mozilla/5.0 (compatible; archive.org_bot +http://www.archive.org/details/archive.org_bot)"
66.211.105.190 - - [17/May/2015:22:05:44 +0000] "GET /articles/dynamic-dns-with-dhcp/ HTTP/1.1" 200 18848 "https://www.google.com/" "Mozilla/5.0 (Macintosh; Intel Mac OS X 10_9_1) AppleWebKit/537.36 (KHTML, like Gecko) Chrome/33.0.1750.91 Safari/537.36"
66.211.105.190 - - [17/May/2015:22:05:48 +0000] "GET /reset.css HTTP/1.1" 200 1015 "http://www.semicomplete.com/articles/dynamic-dns-with-dhcp/" "Mozilla/5.0 (Macintosh; Intel Mac OS X 10_9_1) AppleWebKit/537.36 (KHTML, like Gecko) Chrome/33.0.1750.91 Safari/537.36"
66.211.105.190 - - [17/May/2015:22:05:40 +0000] "GET /style2.css HTTP/1.1" 200 4877 "http://www.semicomplete.com/articles/dynamic-dns-with-dhcp/" "Mozilla/5.0 (Macintosh; Intel Mac OS X 10_9_1) AppleWebKit/537.36 (KHTML, like Gecko) Chrome/33.0.1750.91 Safari/537.36"
66.211.105.190 - - [17/May/2015:22:05:31 +0000] "GET /images/jordan-80.png HTTP/1.1" 200 6146 "http://www.semicomplete.com/articles/dynamic-dns-with-dhcp/" "Mozilla/5.0 (Macintosh; Intel Mac OS X 10_9_1) AppleWebKit/537.36 (KHTML, like Gecko) Chrome/33.0.1750.91 Safari/537.36"
66.211.105.190 - - [17/May/2015:22:05:29 +0000] "GET /images/web/2009/banner.png HTTP/1.1" 200 52315 "http://www.semicomplete.com/articles/dynamic-dns-with-dhcp/" "Mozilla/5.0 (Macintosh; Intel Mac OS X 10_9_1) AppleWebKit/537.36 (KHTML, like Gecko) Chrome/33.0.1750.91 Safari/537.36"
66.211.105.190 - - [17/May/2015:22:05:31 +0000] "GET /favicon.ico HTTP/1.1" 200 3638 "-" "Mozilla/5.0 (Macintosh; Intel Mac OS X 10_9_1) AppleWebKit/537.36 (KHTML, like Gecko) Chrome/33.0.1750.91 Safari/537.36"
66.249.73.135 - - [17/May/2015:22:05:35 +0000] "GET /~psionic/projects/securitrack/config.xml HTTP/1.1" 301 353 "-" "Mozilla/5.0 (compatible; Googlebot/2.1; +http://www.google.com/bot.html)"
66.249.73.135 - - [17/May/2015:22:05:42 +0000] "GET /projects/securitrack/config.xml HTTP/1.1" 404 315 "-" "Mozilla/5.0 (compatible; Googlebot/2.1; +http://www.google.com/bot.html)"
68.97.23.170 - - [17/May/2015:22:05:26 +0000] "GET /favicon.ico HTTP/1.1" 200 3638 "-" "Mozilla/5.0 (Windows NT 6.1; rv:27.0) Gecko/20100101 Firefox/27.0"
66.249.73.135 - - [17/May/2015:22:05:08 +0000] "GET /blog/tags/alert HTTP/1.1" 200 10976 "-" "Mozilla/5.0 (iPhone; CPU iPhone OS 6_0 like Mac OS X) AppleWebKit/536.26 (KHTML, like Gecko) Version/6.0 Mobile/10A5376e Safari/8536.25 (compatible; Googlebot/2.1; +http://www.google.com/bot.html)"
46.105.14.53 - - [17/May/2015:22:05:07 +0000] "GET /blog/tags/puppet?flav=rss20 HTTP/1.1" 200 14872 "-" "UniversalFeedParser/4.2-pre-314-svn +http://feedparser.org/"
78.193.126.4 - - [17/May/2015:22:05:34 +0000] "GET /projects/xdotool/ HTTP/1.1" 200 12292 "http://www.google.fr/url?sa=t&rct=j&q=&esrc=s&source=web&cd=2&sqi=2&ved=0CDMQFjAB&url=http%3A%2F%2Fwww.semicomplete.com%2Fprojects%2Fxdotool%2F&ei=hA8BU9yvNomQhQfGzoHQBQ&usg=AFQjCNE3V_aCf3-gfNcbS924S6jZ6FqffA&bvm=bv.61535280,d.d2k" "Mozilla/5.0 (Macintosh; Intel Mac OS X 10_7_5) AppleWebKit/537.73.11 (KHTML, like Gecko) Version/6.1.1 Safari/537.73.11"
78.193.126.4 - - [17/May/2015:22:05:11 +0000] "GET /reset.css HTTP/1.1" 200 1015 "http://www.semicomplete.com/projects/xdotool/" "Mozilla/5.0 (Macintosh; Intel Mac OS X 10_7_5) AppleWebKit/537.73.11 (KHTML, like Gecko) Version/6.1.1 Safari/537.73.11"
78.193.126.4 - - [17/May/2015:22:05:49 +0000] "GET /style2.css HTTP/1.1" 200 4877 "http://www.semicomplete.com/projects/xdotool/" "Mozilla/5.0 (Macintosh; Intel Mac OS X 10_7_5) AppleWebKit/537.73.11 (KHTML, like Gecko) Version/6.1.1 Safari/537.73.11"
78.193.126.4 - - [17/May/2015:22:05:36 +0000] "GET /images/jordan-80.png HTTP/1.1" 200 6146 "http://www.semicomplete.com/projects/xdotool/" "Mozilla/5.0 (Macintosh; Intel Mac OS X 10_7_5) AppleWebKit/537.73.11 (KHTML, like Gecko) Version/6.1.1 Safari/537.73.11"
78.193.126.4 - - [17/May/2015:22:05:11 +0000] "GET /images/web/2009/banner.png HTTP/1.1" 200 52315 "http://www.semicomplete.com/projects/xdotool/" "Mozilla/5.0 (Macintosh; Intel Mac OS X 10_7_5) AppleWebKit/537.73.11 (KHTML, like Gecko) Version/6.1.1 Safari/537.73.11"
78.193.126.4 - - [17/May/2015:22:05:48 +0000] "GET /favicon.ico HTTP/1.1" 200 3638 "http://www.semicomplete.com/projects/xdotool/" "Mozilla/5.0 (Macintosh; Intel Mac OS X 10_7_5) AppleWebKit/537.73.11 (KHTML, like Gecko) Version/6.1.1 Safari/537.73.11"
78.193.126.4 - - [17/May/2015:22:05:57 +0000] "GET /projects/xdotool/xdotool.xhtml HTTP/1.1" 200 50112 "http://www.semicomplete.com/projects/xdotool/" "Mozilla/5.0 (Macintosh; Intel Mac OS X 10_7_5) AppleWebKit/537.73.11 (KHTML, like Gecko) Version/6.1.1 Safari/537.73.11"
155.63.71.11 - - [17/May/2015:22:05:58 +0000] "GET /blog/tags/grok?page=2 HTTP/1.0" 200 29611 "https://www.google.com/" "Mozilla/5.0 (Windows NT 6.1; WOW64) AppleWebKit/537.36 (KHTML, like Gecko) Chrome/32.0.1700.107 Safari/537.36"
155.63.71.11 - - [17/May/2015:22:05:34 +0000] "GET /reset.css HTTP/1.0" 200 1015 "http://www.semicomplete.com/blog/tags/grok?page=2" "Mozilla/5.0 (Windows NT 6.1; WOW64) AppleWebKit/537.36 (KHTML, like Gecko) Chrome/32.0.1700.107 Safari/537.36"
155.63.71.11 - - [17/May/2015:22:05:59 +0000] "GET /style2.css HTTP/1.0" 200 4877 "http://www.semicomplete.com/blog/tags/grok?page=2" "Mozilla/5.0 (Windows NT 6.1; WOW64) AppleWebKit/537.36 (KHTML, like Gecko) Chrome/32.0.1700.107 Safari/537.36"
155.63.71.11 - - [17/May/2015:22:05:40 +0000] "GET /images/jordan-80.png HTTP/1.0" 200 6146 "http://www.semicomplete.com/blog/tags/grok?page=2" "Mozilla/5.0 (Windows NT 6.1; WOW64) AppleWebKit/537.36 (KHTML, like Gecko) Chrome/32.0.1700.107 Safari/537.36"
155.63.71.11 - - [17/May/2015:22:05:18 +0000] "GET /images/web/2009/banner.png HTTP/1.0" 200 52315 "http://www.semicomplete.com/blog/tags/grok?page=2" "Mozilla/5.0 (Windows NT 6.1; WOW64) AppleWebKit/537.36 (KHTML, like Gecko) Chrome/32.0.1700.107 Safari/537.36"
155.63.71.11 - - [17/May/2015:22:05:03 +0000] "GET /favicon.ico HTTP/1.0" 200 3638 "-" "Mozilla/5.0 (Windows NT 6.1; WOW64) AppleWebKit/537.36 (KHTML, like Gecko) Chrome/32.0.1700.107 Safari/537.36"
50.16.19.13 - - [17/May/2015:22:05:23 +0000] "GET /blog/tags/puppet?flav=rss20 HTTP/1.1" 200 14872 "http://www.semicomplete.com/blog/tags/puppet?flav=rss20" "Tiny Tiny RSS/1.11 (http://tt-rss.org/)"
66.249.73.135 - - [17/May/2015:22:05:57 +0000] "GET /blog/tags/log HTTP/1.1" 200 8764 "-" "Mozilla/5.0 (iPhone; CPU iPhone OS 6_0 like Mac OS X) AppleWebKit/536.26 (KHTML, like Gecko) Version/6.0 Mobile/10A5376e Safari/8536.25 (compatible; Googlebot/2.1; +http://www.google.com/bot.html)"
207.241.237.226 - - [17/May/2015:22:05:37 +0000] "GET /blog/tags/raid HTTP/1.0" 200 15395 "http://www.semicomplete.com/blog/tags/linux" "Mozilla/5.0 (compatible; archive.org_bot +http://www.archive.org/details/archive.org_bot)"
46.105.14.53 - - [17/May/2015:22:05:13 +0000] "GET /blog/tags/puppet?flav=rss20 HTTP/1.1" 200 14872 "-" "UniversalFeedParser/4.2-pre-314-svn +http://feedparser.org/"
70.127.254.161 - - [17/May/2015:22:05:52 +0000] "GET /projects/xdotool/ HTTP/1.1" 200 12292 "-" "Mozilla/5.0 (X11; Linux x86_64) AppleWebKit/537.36 (KHTML, like Gecko) Chrome/32.0.1700.107 Safari/537.36"
70.127.254.161 - - [17/May/2015:22:05:19 +0000] "GET /reset.css HTTP/1.1" 200 1015 "http://www.semicomplete.com/projects/xdotool/" "Mozilla/5.0 (X11; Linux x86_64) AppleWebKit/537.36 (KHTML, like Gecko) Chrome/32.0.1700.107 Safari/537.36"
70.127.254.161 - - [17/May/2015:22:05:27 +0000] "GET /style2.css HTTP/1.1" 200 4877 "http://www.semicomplete.com/projects/xdotool/" "Mozilla/5.0 (X11; Linux x86_64) AppleWebKit/537.36 (KHTML, like Gecko) Chrome/32.0.1700.107 Safari/537.36"
70.127.254.161 - - [17/May/2015:22:05:19 +0000] "GET /images/jordan-80.png HTTP/1.1" 200 6146 "http://www.semicomplete.com/projects/xdotool/" "Mozilla/5.0 (X11; Linux x86_64) AppleWebKit/537.36 (KHTML, like Gecko) Chrome/32.0.1700.107 Safari/537.36"
70.127.254.161 - - [17/May/2015:22:05:25 +0000] "GET /images/web/2009/banner.png HTTP/1.1" 200 52315 "http://www.semicomplete.com/projects/xdotool/" "Mozilla/5.0 (X11; Linux x86_64) AppleWebKit/537.36 (KHTML, like Gecko) Chrome/32.0.1700.107 Safari/537.36"
70.127.254.161 - - [17/May/2015:22:05:56 +0000] "GET /favicon.ico HTTP/1.1" 200 3638 "-" "Mozilla/5.0 (X11; Linux x86_64) AppleWebKit/537.36 (KHTML, like Gecko) Chrome/32.0.1700.107 Safari/537.36"
207.241.237.223 - - [17/May/2015:22:05:11 +0000] "GET /blog/tags/vmware HTTP/1.0" 200 25370 "http://www.semicomplete.com/blog/tags/linux" "Mozilla/5.0 (compatible; archive.org_bot +http://www.archive.org/details/archive.org_bot)"
64.80.110.74 - - [17/May/2015:22:05:34 +0000] "GET /blog/geekery/session-balancing-across-tomcats-with-apache.html HTTP/1.1" 200 12375 "https://www.google.com/" "Mozilla/5.0 (Macintosh; Intel Mac OS X 10_9_0) AppleWebKit/537.36 (KHTML, like Gecko) Chrome/32.0.1700.107 Safari/537.36"
64.80.110.74 - - [17/May/2015:22:05:59 +0000] "GET /reset.css HTTP/1.1" 200 1015 "http://www.semicomplete.com/blog/geekery/session-balancing-across-tomcats-with-apache.html" "Mozilla/5.0 (Macintosh; Intel Mac OS X 10_9_0) AppleWebKit/537.36 (KHTML, like Gecko) Chrome/32.0.1700.107 Safari/537.36"
64.80.110.74 - - [17/May/2015:22:05:20 +0000] "GET /style2.css HTTP/1.1" 200 4877 "http://www.semicomplete.com/blog/geekery/session-balancing-across-tomcats-with-apache.html" "Mozilla/5.0 (Macintosh; Intel Mac OS X 10_9_0) AppleWebKit/537.36 (KHTML, like Gecko) Chrome/32.0.1700.107 Safari/537.36"
64.80.110.74 - - [17/May/2015:22:05:35 +0000] "GET /images/jordan-80.png HTTP/1.1" 200 6146 "http://www.semicomplete.com/blog/geekery/session-balancing-across-tomcats-with-apache.html" "Mozilla/5.0 (Macintosh; Intel Mac OS X 10_9_0) AppleWebKit/537.36 (KHTML, like Gecko) Chrome/32.0.1700.107 Safari/537.36"
64.80.110.74 - - [17/May/2015:22:05:13 +0000] "GET /images/web/2009/banner.png HTTP/1.1" 200 52315 "http://www.semicomplete.com/blog/geekery/session-balancing-across-tomcats-with-apache.html" "Mozilla/5.0 (Macintosh; Intel Mac OS X 10_9_0) AppleWebKit/537.36 (KHTML, like Gecko) Chrome/32.0.1700.107 Safari/537.36"
64.80.110.74 - - [17/May/2015:22:05:03 +0000] "GET /favicon.ico HTTP/1.1" 200 3638 "-" "Mozilla/5.0 (Macintosh; Intel Mac OS X 10_9_0) AppleWebKit/537.36 (KHTML, like Gecko) Chrome/32.0.1700.107 Safari/537.36"
94.7.215.43 - - [17/May/2015:22:05:50 +0000] "GET /?flav=atom HTTP/1.1" 200 32352 "-" "Liferea/1.8.3 (Linux; en_GB.UTF-8; http://liferea.sf.net/)"
66.249.73.135 - - [17/May/2015:22:05:17 +0000] "GET /blog/tags/project HTTP/1.1" 200 29189 "-" "Mozilla/5.0 (iPhone; CPU iPhone OS 6_0 like Mac OS X) AppleWebKit/536.26 (KHTML, like Gecko) Version/6.0 Mobile/10A5376e Safari/8536.25 (compatible; Googlebot/2.1; +http://www.google.com/bot.html)"
50.139.66.106 - - [17/May/2015:22:05:15 +0000] "GET /presentations/logstash-scale11x/ HTTP/1.1" 200 54239 "-" "Mozilla/5.0 (X11; Linux x86_64) AppleWebKit/537.36 (KHTML, like Gecko) Chrome/33.0.1750.91 Safari/537.36"
50.139.66.106 - - [17/May/2015:22:05:12 +0000] "GET /presentations/logstash-scale11x/css/theme/night-jls.css HTTP/1.1" 200 3811 "http://semicomplete.com/presentations/logstash-scale11x/" "Mozilla/5.0 (X11; Linux x86_64) AppleWebKit/537.36 (KHTML, like Gecko) Chrome/33.0.1750.91 Safari/537.36"
50.139.66.106 - - [17/May/2015:22:05:23 +0000] "GET /presentations/logstash-scale11x/lib/css/zenburn.css HTTP/1.1" 200 1791 "http://semicomplete.com/presentations/logstash-scale11x/" "Mozilla/5.0 (X11; Linux x86_64) AppleWebKit/537.36 (KHTML, like Gecko) Chrome/33.0.1750.91 Safari/537.36"
50.139.66.106 - - [17/May/2015:22:05:09 +0000] "GET /presentations/logstash-scale11x/css/extra.css HTTP/1.1" 200 1395 "http://semicomplete.com/presentations/logstash-scale11x/" "Mozilla/5.0 (X11; Linux x86_64) AppleWebKit/537.36 (KHTML, like Gecko) Chrome/33.0.1750.91 Safari/537.36"
50.139.66.106 - - [17/May/2015:22:05:37 +0000] "GET /presentations/logstash-scale11x/lib/js/head.min.js HTTP/1.1" 200 3170 "http://semicomplete.com/presentations/logstash-scale11x/" "Mozilla/5.0 (X11; Linux x86_64) AppleWebKit/537.36 (KHTML, like Gecko) Chrome/33.0.1750.91 Safari/537.36"
50.139.66.106 - - [17/May/2015:23:05:27 +0000] "GET /presentations/logstash-scale11x/images/logstash.png HTTP/1.1" 200 47731 "http://semicomplete.com/presentations/logstash-scale11x/" "Mozilla/5.0 (X11; Linux x86_64) AppleWebKit/537.36 (KHTML, like Gecko) Chrome/33.0.1750.91 Safari/537.36"
50.139.66.106 - - [17/May/2015:23:05:30 +0000] "GET /presentations/logstash-scale11x/js/reveal.min.js HTTP/1.1" 200 18091 "http://semicomplete.com/presentations/logstash-scale11x/" "Mozilla/5.0 (X11; Linux x86_64) AppleWebKit/537.36 (KHTML, like Gecko) Chrome/33.0.1750.91 Safari/537.36"
50.139.66.106 - - [17/May/2015:23:05:32 +0000] "GET /presentations/logstash-scale11x/css/fonts/Roboto.css HTTP/1.1" 200 357 "http://semicomplete.com/presentations/logstash-scale11x/" "Mozilla/5.0 (X11; Linux x86_64) AppleWebKit/537.36 (KHTML, like Gecko) Chrome/33.0.1750.91 Safari/537.36"
50.139.66.106 - - [17/May/2015:23:05:02 +0000] "GET /presentations/logstash-scale11x/css/fonts/OpenSans.css HTTP/1.1" 200 863 "http://semicomplete.com/presentations/logstash-scale11x/" "Mozilla/5.0 (X11; Linux x86_64) AppleWebKit/537.36 (KHTML, like Gecko) Chrome/33.0.1750.91 Safari/537.36"
50.139.66.106 - - [17/May/2015:23:05:03 +0000] "GET /presentations/logstash-scale11x/css/reveal.min.css HTTP/1.1" 200 23581 "http://semicomplete.com/presentations/logstash-scale11x/" "Mozilla/5.0 (X11; Linux x86_64) AppleWebKit/537.36 (KHTML, like Gecko) Chrome/33.0.1750.91 Safari/537.36"
50.139.66.106 - - [17/May/2015:23:05:39 +0000] "GET /presentations/logstash-scale11x/images/jordan.jpg HTTP/1.1" 200 278476 "http://semicomplete.com/presentations/logstash-scale11x/" "Mozilla/5.0 (X11; Linux x86_64) AppleWebKit/537.36 (KHTML, like Gecko) Chrome/33.0.1750.91 Safari/537.36"
50.139.66.106 - - [17/May/2015:23:05:56 +0000] "GET /presentations/logstash-scale11x/images/alarm-clock.jpg HTTP/1.1" 200 10645 "http://semicomplete.com/presentations/logstash-scale11x/" "Mozilla/5.0 (X11; Linux x86_64) AppleWebKit/537.36 (KHTML, like Gecko) Chrome/33.0.1750.91 Safari/537.36"
50.139.66.106 - - [17/May/2015:23:05:10 +0000] "GET /presentations/logstash-scale11x/images/nagios-sms3.png HTTP/1.1" 200 65917 "http://semicomplete.com/presentations/logstash-scale11x/" "Mozilla/5.0 (X11; Linux x86_64) AppleWebKit/537.36 (KHTML, like Gecko) Chrome/33.0.1750.91 Safari/537.36"
50.139.66.106 - - [17/May/2015:23:05:33 +0000] "GET /presentations/logstash-scale11x/images/nagios-sms1.png HTTP/1.1" 200 55478 "http://semicomplete.com/presentations/logstash-scale11x/" "Mozilla/5.0 (X11; Linux x86_64) AppleWebKit/537.36 (KHTML, like Gecko) Chrome/33.0.1750.91 Safari/537.36"
50.139.66.106 - - [17/May/2015:23:05:42 +0000] "GET /presentations/logstash-scale11x/images/nagios-sms2.png HTTP/1.1" 200 60656 "http://semicomplete.com/presentations/logstash-scale11x/" "Mozilla/5.0 (X11; Linux x86_64) AppleWebKit/537.36 (KHTML, like Gecko) Chrome/33.0.1750.91 Safari/537.36"
50.139.66.106 - - [17/May/2015:23:05:13 +0000] "GET /presentations/logstash-scale11x/plugin/markdown/showdown.js HTTP/1.1" 200 9904 "http://semicomplete.com/presentations/logstash-scale11x/" "Mozilla/5.0 (X11; Linux x86_64) AppleWebKit/537.36 (KHTML, like Gecko) Chrome/33.0.1750.91 Safari/537.36"
50.139.66.106 - - [17/May/2015:23:05:20 +0000] "GET /presentations/logstash-scale11x/images/nagios-sms4.png HTTP/1.1" 200 72949 "http://semicomplete.com/presentations/logstash-scale11x/" "Mozilla/5.0 (X11; Linux x86_64) AppleWebKit/537.36 (KHTML, like Gecko) Chrome/33.0.1750.91 Safari/537.36"
50.139.66.106 - - [17/May/2015:23:05:49 +0000] "GET /presentations/logstash-scale11x/plugin/markdown/markdown.js HTTP/1.1" 200 1187 "http://semicomplete.com/presentations/logstash-scale11x/" "Mozilla/5.0 (X11; Linux x86_64) AppleWebKit/537.36 (KHTML, like Gecko) Chrome/33.0.1750.91 Safari/537.36"
50.139.66.106 - - [17/May/2015:23:05:26 +0000] "GET /presentations/logstash-scale11x/images/nagios-sms5.png HTTP/1.1" 200 78075 "http://semicomplete.com/presentations/logstash-scale11x/" "Mozilla/5.0 (X11; Linux x86_64) AppleWebKit/537.36 (KHTML, like Gecko) Chrome/33.0.1750.91 Safari/537.36"
50.139.66.106 - - [17/May/2015:23:05:43 +0000] "GET /presentations/logstash-scale11x/css/fonts/cJZKeOuBrn4kERxqtaUH3aCWcynf_cDxXwCLxiixG1c.ttf HTTP/1.1" 200 36492 "http://semicomplete.com/presentations/logstash-scale11x/" "Mozilla/5.0 (X11; Linux x86_64) AppleWebKit/537.36 (KHTML, like Gecko) Chrome/33.0.1750.91 Safari/537.36"
50.139.66.106 - - [17/May/2015:23:05:11 +0000] "GET /presentations/logstash-scale11x/css/fonts/xjAJXh38I15wypJXxuGMBp0EAVxt0G0biEntp43Qt6E.ttf HTTP/1.1" 200 34416 "http://semicomplete.com/presentations/logstash-scale11x/" "Mozilla/5.0 (X11; Linux x86_64) AppleWebKit/537.36 (KHTML, like Gecko) Chrome/33.0.1750.91 Safari/537.36"
50.139.66.106 - - [17/May/2015:23:05:47 +0000] "GET /presentations/logstash-scale11x/images/nagios-sms6.png HTTP/1.1" 200 82859 "http://semicomplete.com/presentations/logstash-scale11x/" "Mozilla/5.0 (X11; Linux x86_64) AppleWebKit/537.36 (KHTML, like Gecko) Chrome/33.0.1750.91 Safari/537.36"
50.139.66.106 - - [17/May/2015:23:05:20 +0000] "GET /presentations/logstash-scale11x/images/xkcd-perl.png HTTP/1.1" 200 80663 "http://semicomplete.com/presentations/logstash-scale11x/" "Mozilla/5.0 (X11; Linux x86_64) AppleWebKit/537.36 (KHTML, like Gecko) Chrome/33.0.1750.91 Safari/537.36"
50.139.66.106 - - [17/May/2015:23:05:12 +0000] "GET /presentations/logstash-scale11x/plugin/highlight/highlight.js HTTP/1.1" 200 26185 "http://semicomplete.com/presentations/logstash-scale11x/" "Mozilla/5.0 (X11; Linux x86_64) AppleWebKit/537.36 (KHTML, like Gecko) Chrome/33.0.1750.91 Safari/537.36"
50.139.66.106 - - [17/May/2015:23:05:54 +0000] "GET /presentations/logstash-scale11x/plugin/zoom-js/zoom.js HTTP/1.1" 200 7697 "http://semicomplete.com/presentations/logstash-scale11x/" "Mozilla/5.0 (X11; Linux x86_64) AppleWebKit/537.36 (KHTML, like Gecko) Chrome/33.0.1750.91 Safari/537.36"
50.139.66.106 - - [17/May/2015:23:05:30 +0000] "GET /presentations/logstash-scale11x/plugin/notes/notes.js HTTP/1.1" 200 2892 "http://semicomplete.com/presentations/logstash-scale11x/" "Mozilla/5.0 (X11; Linux x86_64) AppleWebKit/537.36 (KHTML, like Gecko) Chrome/33.0.1750.91 Safari/537.36"
50.139.66.106 - - [17/May/2015:23:05:46 +0000] "GET /presentations/logstash-scale11x/css/fonts/Roboto-Bold.ttf HTTP/1.1" 200 38720 "http://semicomplete.com/presentations/logstash-scale11x/" "Mozilla/5.0 (X11; Linux x86_64) AppleWebKit/537.36 (KHTML, like Gecko) Chrome/33.0.1750.91 Safari/537.36"
50.139.66.106 - - [17/May/2015:23:05:50 +0000] "GET /presentations/logstash-scale11x/css/fonts/Roboto-Regular.ttf HTTP/1.1" 200 41820 "http://semicomplete.com/presentations/logstash-scale11x/" "Mozilla/5.0 (X11; Linux x86_64) AppleWebKit/537.36 (KHTML, like Gecko) Chrome/33.0.1750.91 Safari/537.36"
50.139.66.106 - - [17/May/2015:23:05:30 +0000] "GET /presentations/logstash-scale11x/images/ahhh___rage_face_by_samusmmx-d5g5zap.png HTTP/1.1" 200 175208 "http://semicomplete.com/presentations/logstash-scale11x/" "Mozilla/5.0 (X11; Linux x86_64) AppleWebKit/537.36 (KHTML, like Gecko) Chrome/33.0.1750.91 Safari/537.36"
50.139.66.106 - - [17/May/2015:23:05:15 +0000] "GET /presentations/logstash-scale11x/images/logstashbook.png HTTP/1.1" 200 54662 "http://semicomplete.com/presentations/logstash-scale11x/" "Mozilla/5.0 (X11; Linux x86_64) AppleWebKit/537.36 (KHTML, like Gecko) Chrome/33.0.1750.91 Safari/537.36"
50.139.66.106 - - [17/May/2015:23:05:55 +0000] "GET /presentations/logstash-scale11x/images/frontend-response-codes.png HTTP/1.1" 200 52878 "http://semicomplete.com/presentations/logstash-scale11x/" "Mozilla/5.0 (X11; Linux x86_64) AppleWebKit/537.36 (KHTML, like Gecko) Chrome/33.0.1750.91 Safari/537.36"
50.139.66.106 - - [17/May/2015:23:05:03 +0000] "GET /presentations/logstash-scale11x/images/xkcd-perlswing-many.png HTTP/1.1" 200 100207 "http://semicomplete.com/presentations/logstash-scale11x/" "Mozilla/5.0 (X11; Linux x86_64) AppleWebKit/537.36 (KHTML, like Gecko) Chrome/33.0.1750.91 Safari/537.36"
50.139.66.106 - - [17/May/2015:23:05:39 +0000] "GET /presentations/logstash-scale11x/images/Dreamhost_logo.svg HTTP/1.1" 200 2126 "http://semicomplete.com/presentations/logstash-scale11x/" "Mozilla/5.0 (X11; Linux x86_64) AppleWebKit/537.36 (KHTML, like Gecko) Chrome/33.0.1750.91 Safari/537.36"
50.139.66.106 - - [17/May/2015:23:05:25 +0000] "GET /presentations/logstash-scale11x/images/computer-keyboard-jacket.jpg HTTP/1.1" 200 176805 "http://semicomplete.com/presentations/logstash-scale11x/" "Mozilla/5.0 (X11; Linux x86_64) AppleWebKit/537.36 (KHTML, like Gecko) Chrome/33.0.1750.91 Safari/537.36"
50.139.66.106 - - [17/May/2015:23:05:36 +0000] "GET /presentations/logstash-scale11x/images/logstash-dreamhost-day.png HTTP/1.1" 200 34213 "http://semicomplete.com/presentations/logstash-scale11x/" "Mozilla/5.0 (X11; Linux x86_64) AppleWebKit/537.36 (KHTML, like Gecko) Chrome/33.0.1750.91 Safari/537.36"
50.139.66.106 - - [17/May/2015:23:05:33 +0000] "GET /presentations/logstash-scale11x/images/kibana-search.png HTTP/1.1" 200 203023 "http://semicomplete.com/presentations/logstash-scale11x/" "Mozilla/5.0 (X11; Linux x86_64) AppleWebKit/537.36 (KHTML, like Gecko) Chrome/33.0.1750.91 Safari/537.36"
50.139.66.106 - - [17/May/2015:23:05:02 +0000] "GET /presentations/logstash-scale11x/images/kibana-dashboard3.png HTTP/1.1" 200 171717 "http://semicomplete.com/presentations/logstash-scale11x/" "Mozilla/5.0 (X11; Linux x86_64) AppleWebKit/537.36 (KHTML, like Gecko) Chrome/33.0.1750.91 Safari/537.36"
50.139.66.106 - - [17/May/2015:23:05:54 +0000] "GET /presentations/logstash-scale11x/images/sad-medic.png HTTP/1.1" 200 430406 "http://semicomplete.com/presentations/logstash-scale11x/" "Mozilla/5.0 (X11; Linux x86_64) AppleWebKit/537.36 (KHTML, like Gecko) Chrome/33.0.1750.91 Safari/537.36"
50.139.66.106 - - [17/May/2015:23:05:50 +0000] "GET /presentations/logstash-scale11x/images/kibana-dashboard2.png HTTP/1.1" 200 394967 "http://semicomplete.com/presentations/logstash-scale11x/" "Mozilla/5.0 (X11; Linux x86_64) AppleWebKit/537.36 (KHTML, like Gecko) Chrome/33.0.1750.91 Safari/537.36"
50.139.66.106 - - [17/May/2015:23:05:36 +0000] "GET /presentations/logstash-scale11x/images/kibana-dashboard.png HTTP/1.1" 200 321631 "http://semicomplete.com/presentations/logstash-scale11x/" "Mozilla/5.0 (X11; Linux x86_64) AppleWebKit/537.36 (KHTML, like Gecko) Chrome/33.0.1750.91 Safari/537.36"
50.139.66.106 - - [17/May/2015:23:05:30 +0000] "GET /presentations/logstash-scale11x/images/simple-inputs-filters.jpg HTTP/1.1" 200 1114500 "http://semicomplete.com/presentations/logstash-scale11x/" "Mozilla/5.0 (X11; Linux x86_64) AppleWebKit/537.36 (KHTML, like Gecko) Chrome/33.0.1750.91 Safari/537.36"
46.5.254.123 - - [17/May/2015:23:05:45 +0000] "GET /projects/xdotool/ HTTP/1.1" 200 12292 "http://www.google.de/url?sa=t&rct=j&q=&esrc=s&source=web&cd=1&ved=0CC8QFjAA&url=http%3A%2F%2Fwww.semicomplete.com%2Fprojects%2Fxdotool%2F&ei=LhEBU6DpHcvwhQeNg4HQAg&usg=AFQjCNE3V_aCf3-gfNcbS924S6jZ6FqffA&bvm=bv.61535280,d.ZG4" "Mozilla/5.0 (X11; Linux x86_64; rv:27.0) Gecko/20100101 Firefox/27.0"
46.5.254.123 - - [17/May/2015:23:05:47 +0000] "GET /style2.css HTTP/1.1" 200 4877 "http://www.semicomplete.com/projects/xdotool/" "Mozilla/5.0 (X11; Linux x86_64; rv:27.0) Gecko/20100101 Firefox/27.0"
46.5.254.123 - - [17/May/2015:23:05:17 +0000] "GET /reset.css HTTP/1.1" 200 1015 "http://www.semicomplete.com/projects/xdotool/" "Mozilla/5.0 (X11; Linux x86_64; rv:27.0) Gecko/20100101 Firefox/27.0"
46.5.254.123 - - [17/May/2015:23:05:21 +0000] "GET /favicon.ico HTTP/1.1" 200 3638 "-" "Mozilla/5.0 (X11; Linux x86_64; rv:27.0) Gecko/20100101 Firefox/27.0"
46.5.254.123 - - [17/May/2015:23:05:08 +0000] "GET /images/jordan-80.png HTTP/1.1" 200 6146 "http://www.semicomplete.com/projects/xdotool/" "Mozilla/5.0 (X11; Linux x86_64; rv:27.0) Gecko/20100101 Firefox/27.0"
46.5.254.123 - - [17/May/2015:23:05:12 +0000] "GET /images/web/2009/banner.png HTTP/1.1" 200 52315 "http://www.semicomplete.com/style2.css" "Mozilla/5.0 (X11; Linux x86_64; rv:27.0) Gecko/20100101 Firefox/27.0"
50.139.66.106 - - [17/May/2015:23:05:31 +0000] "GET /presentations/logstash-scale11x/images/simple-inputs-filters-outputs.jpg HTTP/1.1" 200 1168622 "http://semicomplete.com/presentations/logstash-scale11x/" "Mozilla/5.0 (X11; Linux x86_64) AppleWebKit/537.36 (KHTML, like Gecko) Chrome/33.0.1750.91 Safari/537.36"
50.139.66.106 - - [17/May/2015:23:05:30 +0000] "GET /presentations/logstash-scale11x/images/tiered-outputs-to-inputs.jpg HTTP/1.1" 200 1079983 "http://semicomplete.com/presentations/logstash-scale11x/" "Mozilla/5.0 (X11; Linux x86_64) AppleWebKit/537.36 (KHTML, like Gecko) Chrome/33.0.1750.91 Safari/537.36"
50.139.66.106 - - [17/May/2015:23:05:04 +0000] "GET /presentations/logstash-scale11x/css/print/paper.css HTTP/1.1" 200 4254 "http://semicomplete.com/presentations/logstash-scale11x/" "Mozilla/5.0 (X11; Linux x86_64) AppleWebKit/537.36 (KHTML, like Gecko) Chrome/33.0.1750.91 Safari/537.36"
50.139.66.106 - - [17/May/2015:23:05:47 +0000] "GET /presentations/logstash-scale11x/images/simple-inputs.jpg HTTP/1.1" 200 1045663 "http://semicomplete.com/presentations/logstash-scale11x/" "Mozilla/5.0 (X11; Linux x86_64) AppleWebKit/537.36 (KHTML, like Gecko) Chrome/33.0.1750.91 Safari/537.36"
50.139.66.106 - - [17/May/2015:23:05:31 +0000] "GET /presentations/logstash-scale11x/images/tiered-redis-output.jpg HTTP/1.1" 200 1221927 "http://semicomplete.com/presentations/logstash-scale11x/" "Mozilla/5.0 (X11; Linux x86_64) AppleWebKit/537.36 (KHTML, like Gecko) Chrome/33.0.1750.91 Safari/537.36"
50.139.66.106 - - [17/May/2015:23:05:28 +0000] "GET /presentations/logstash-scale11x/images/tiered-redis-input.jpg HTTP/1.1" 200 1046727 "http://semicomplete.com/presentations/logstash-scale11x/" "Mozilla/5.0 (X11; Linux x86_64) AppleWebKit/537.36 (KHTML, like Gecko) Chrome/33.0.1750.91 Safari/537.36"
50.139.66.106 - - [17/May/2015:23:05:19 +0000] "GET /presentations/logstash-scale11x/images/tiered-redis-input-complete.jpg HTTP/1.1" 200 1103268 "http://semicomplete.com/presentations/logstash-scale11x/" "Mozilla/5.0 (X11; Linux x86_64) AppleWebKit/537.36 (KHTML, like Gecko) Chrome/33.0.1750.91 Safari/537.36"
207.241.237.220 - - [17/May/2015:23:05:03 +0000] "GET /blog/geekery/shebang-fix.html HTTP/1.0" 200 9438 "http://www.semicomplete.com/blog/tags/linux" "Mozilla/5.0 (compatible; archive.org_bot +http://www.archive.org/details/archive.org_bot)"
50.139.66.106 - - [17/May/2015:23:05:00 +0000] "GET /presentations/logstash-scale11x/images/tiered-outputs-to-inputs-redis.jpg HTTP/1.1" 200 2763364 "http://semicomplete.com/presentations/logstash-scale11x/" "Mozilla/5.0 (X11; Linux x86_64) AppleWebKit/537.36 (KHTML, like Gecko) Chrome/33.0.1750.91 Safari/537.36"
50.139.66.106 - - [17/May/2015:23:05:43 +0000] "GET /favicon.ico HTTP/1.1" 200 3638 "-" "Mozilla/5.0 (X11; Linux x86_64) AppleWebKit/537.36 (KHTML, like Gecko) Chrome/33.0.1750.91 Safari/537.36"
209.85.238.199 - - [17/May/2015:23:05:30 +0000] "GET /?flav=rss20 HTTP/1.1" 200 29941 "-" "Feedfetcher-Google; (+http://www.google.com/feedfetcher.html; 22 subscribers; feed-id=8321906634162087507)"
79.191.201.108 - - [17/May/2015:23:05:14 +0000] "GET /articles/dynamic-dns-with-dhcp/ HTTP/1.1" 200 18848 "https://www.google.pl/" "Mozilla/5.0 (Windows NT 6.1) AppleWebKit/537.36 (KHTML, like Gecko) Chrome/32.0.1700.107 Safari/537.36"
79.191.201.108 - - [17/May/2015:23:05:19 +0000] "GET /reset.css HTTP/1.1" 200 1015 "http://www.semicomplete.com/articles/dynamic-dns-with-dhcp/" "Mozilla/5.0 (Windows NT 6.1) AppleWebKit/537.36 (KHTML, like Gecko) Chrome/32.0.1700.107 Safari/537.36"
79.191.201.108 - - [17/May/2015:23:05:46 +0000] "GET /style2.css HTTP/1.1" 200 4877 "http://www.semicomplete.com/articles/dynamic-dns-with-dhcp/" "Mozilla/5.0 (Windows NT 6.1) AppleWebKit/537.36 (KHTML, like Gecko) Chrome/32.0.1700.107 Safari/537.36"
79.191.201.108 - - [17/May/2015:23:05:20 +0000] "GET /images/jordan-80.png HTTP/1.1" 200 6146 "http://www.semicomplete.com/articles/dynamic-dns-with-dhcp/" "Mozilla/5.0 (Windows NT 6.1) AppleWebKit/537.36 (KHTML, like Gecko) Chrome/32.0.1700.107 Safari/537.36"
79.191.201.108 - - [17/May/2015:23:05:09 +0000] "GET /images/web/2009/banner.png HTTP/1.1" 200 52315 "http://www.semicomplete.com/articles/dynamic-dns-with-dhcp/" "Mozilla/5.0 (Windows NT 6.1) AppleWebKit/537.36 (KHTML, like Gecko) Chrome/32.0.1700.107 Safari/537.36"
79.191.201.108 - - [17/May/2015:23:05:26 +0000] "GET /favicon.ico HTTP/1.1" 200 3638 "-" "Mozilla/5.0 (Windows NT 6.1) AppleWebKit/537.36 (KHTML, like Gecko) Chrome/32.0.1700.107 Safari/537.36"
88.196.179.78 - - [17/May/2015:23:05:41 +0000] "GET /favicon.ico HTTP/1.1" 200 3638 "-" "Mozilla/5.0 (X11; Ubuntu; Linux x86_64; rv:27.0) Gecko/20100101 Firefox/27.0"
74.125.176.144 - - [17/May/2015:23:05:58 +0000] "GET /?flav=rss20 HTTP/1.1" 200 29941 "-" "FeedBurner/1.0 (http://www.FeedBurner.com)"
66.249.73.135 - - [17/May/2015:23:05:17 +0000] "GET /blog/tags/site?page=2 HTTP/1.1" 200 24031 "-" "Mozilla/5.0 (compatible; Googlebot/2.1; +http://www.google.com/bot.html)"
46.105.14.53 - - [17/May/2015:23:05:33 +0000] "GET /blog/tags/puppet?flav=rss20 HTTP/1.1" 200 14872 "-" "UniversalFeedParser/4.2-pre-314-svn +http://feedparser.org/"
50.152.223.37 - - [17/May/2015:23:05:30 +0000] "GET /presentations/logstash-scale11x/images/logstash.png HTTP/1.1" 200 47731 "http://kufli.blogspot.com/2013/07/log-analysis-using-logstash.html" "Mozilla/5.0 (Windows NT 6.1; WOW64) AppleWebKit/537.36 (KHTML, like Gecko) Chrome/32.0.1700.107 Safari/537.36"
184.60.23.120 - - [17/May/2015:23:05:52 +0000] "GET /articles/dynamic-dns-with-dhcp/ HTTP/1.1" 200 18848 "https://www.google.com/" "Mozilla/5.0 (Windows NT 6.3; WOW64) AppleWebKit/537.36 (KHTML, like Gecko) Chrome/32.0.1700.107 Safari/537.36"
184.60.23.120 - - [17/May/2015:23:05:38 +0000] "GET /reset.css HTTP/1.1" 200 1015 "http://www.semicomplete.com/articles/dynamic-dns-with-dhcp/" "Mozilla/5.0 (Windows NT 6.3; WOW64) AppleWebKit/537.36 (KHTML, like Gecko) Chrome/32.0.1700.107 Safari/537.36"
184.60.23.120 - - [17/May/2015:23:05:00 +0000] "GET /style2.css HTTP/1.1" 200 4877 "http://www.semicomplete.com/articles/dynamic-dns-with-dhcp/" "Mozilla/5.0 (Windows NT 6.3; WOW64) AppleWebKit/537.36 (KHTML, like Gecko) Chrome/32.0.1700.107 Safari/537.36"
184.60.23.120 - - [17/May/2015:23:05:13 +0000] "GET /images/jordan-80.png HTTP/1.1" 200 6146 "http://www.semicomplete.com/articles/dynamic-dns-with-dhcp/" "Mozilla/5.0 (Windows NT 6.3; WOW64) AppleWebKit/537.36 (KHTML, like Gecko) Chrome/32.0.1700.107 Safari/537.36"
184.60.23.120 - - [17/May/2015:23:05:07 +0000] "GET /images/web/2009/banner.png HTTP/1.1" 200 52315 "http://www.semicomplete.com/articles/dynamic-dns-with-dhcp/" "Mozilla/5.0 (Windows NT 6.3; WOW64) AppleWebKit/537.36 (KHTML, like Gecko) Chrome/32.0.1700.107 Safari/537.36"
184.60.23.120 - - [17/May/2015:23:05:04 +0000] "GET /favicon.ico HTTP/1.1" 200 3638 "-" "Mozilla/5.0 (Windows NT 6.3; WOW64) AppleWebKit/537.36 (KHTML, like Gecko) Chrome/32.0.1700.107 Safari/537.36"
207.241.237.227 - - [17/May/2015:23:05:40 +0000] "GET /blog/geekery/asus-k8n-dl-sata-boot-linux.html HTTP/1.0" 200 9368 "http://www.semicomplete.com/blog/tags/linux" "Mozilla/5.0 (compatible; archive.org_bot +http://www.archive.org/details/archive.org_bot)"
180.76.6.142 - - [17/May/2015:23:05:20 +0000] "GET /projects/fex HTTP/1.1" 301 335 "-" "Mozilla/5.0 (compatible; Baiduspider/2.0; +http://www.baidu.com/search/spider.html)"
180.76.5.20 - - [17/May/2015:23:05:01 +0000] "GET /projects/fex/ HTTP/1.1" 200 14352 "-" "Mozilla/5.0 (compatible; Baiduspider/2.0; +http://www.baidu.com/search/spider.html)"
50.139.66.106 - - [17/May/2015:23:05:53 +0000] "GET /presentations/logstash-scale11x/css/fonts/PRmiXeptR36kaC0GEAetxp_TkvowlIOtbR7ePgFOpF4.ttf HTTP/1.1" 200 34752 "http://semicomplete.com/presentations/logstash-scale11x/" "Mozilla/5.0 (X11; Linux x86_64) AppleWebKit/537.36 (KHTML, like Gecko) Chrome/33.0.1750.91 Safari/537.36"
84.58.19.108 - - [17/May/2015:23:05:27 +0000] "GET /projects/xdotool/xdotool.xhtml HTTP/1.1" 200 50112 "https://www.google.com/" "Mozilla/5.0 (X11; Linux x86_64) AppleWebKit/537.36 (KHTML, like Gecko) Chrome/31.0.1650.57 Safari/537.36"
84.58.19.108 - - [17/May/2015:23:05:28 +0000] "GET /favicon.ico HTTP/1.1" 200 3638 "-" "Mozilla/5.0 (X11; Linux x86_64) AppleWebKit/537.36 (KHTML, like Gecko) Chrome/31.0.1650.57 Safari/537.36"
50.139.66.106 - - [17/May/2015:23:05:27 +0000] "GET /presentations/logstash-scale11x/css/fonts/k3k702ZOKiLJc3WVjuplzInF5uFdDttMLvmWuJdhhgs.ttf HTTP/1.1" 200 38108 "http://semicomplete.com/presentations/logstash-scale11x/" "Mozilla/5.0 (X11; Linux x86_64) AppleWebKit/537.36 (KHTML, like Gecko) Chrome/33.0.1750.91 Safari/537.36"
2.137.32.153 - - [17/May/2015:23:05:01 +0000] "GET /blog/geekery/disabling-battery-in-ubuntu-vms.html HTTP/1.1" 200 9316 "http://www.google.es/url?sa=t&rct=j&q=&esrc=s&source=web&cd=2&cad=rja&ved=0CC8QFjAB&url=http%3A%2F%2Fwww.semicomplete.com%2Fblog%2Fgeekery%2Fdisabling-battery-in-ubuntu-vms.html&ei=0REBU73sEeLF0QW9m4GgBw&usg=AFQjCNGCtI7nRwy4M6vo_Nl_oqhG1IsXZg&sig2=ZBSTZkjn-7c6xs00u6dyow&bvm=bv.61535280,d.bGE" "Mozilla/5.0 (X11; Ubuntu; Linux x86_64; rv:27.0) Gecko/20100101 Firefox/27.0"
2.137.32.153 - - [17/May/2015:23:05:19 +0000] "GET /reset.css HTTP/1.1" 200 1015 "http://www.semicomplete.com/blog/geekery/disabling-battery-in-ubuntu-vms.html" "Mozilla/5.0 (X11; Ubuntu; Linux x86_64; rv:27.0) Gecko/20100101 Firefox/27.0"
2.137.32.153 - - [17/May/2015:23:05:28 +0000] "GET /style2.css HTTP/1.1" 200 4877 "http://www.semicomplete.com/blog/geekery/disabling-battery-in-ubuntu-vms.html" "Mozilla/5.0 (X11; Ubuntu; Linux x86_64; rv:27.0) Gecko/20100101 Firefox/27.0"
2.137.32.153 - - [17/May/2015:23:05:09 +0000] "GET /favicon.ico HTTP/1.1" 200 3638 "-" "Mozilla/5.0 (X11; Ubuntu; Linux x86_64; rv:27.0) Gecko/20100101 Firefox/27.0"
2.137.32.153 - - [17/May/2015:23:05:24 +0000] "GET /images/jordan-80.png HTTP/1.1" 200 6146 "http://www.semicomplete.com/blog/geekery/disabling-battery-in-ubuntu-vms.html" "Mozilla/5.0 (X11; Ubuntu; Linux x86_64; rv:27.0) Gecko/20100101 Firefox/27.0"
2.137.32.153 - - [17/May/2015:23:05:38 +0000] "GET /images/web/2009/banner.png HTTP/1.1" 200 52315 "http://www.semicomplete.com/style2.css" "Mozilla/5.0 (X11; Ubuntu; Linux x86_64; rv:27.0) Gecko/20100101 Firefox/27.0"
207.241.237.102 - - [17/May/2015:23:05:35 +0000] "GET /blog/tags/firewall HTTP/1.0" 200 13233 "http://www.semicomplete.com/blog/tags/linux" "Mozilla/5.0 (compatible; archive.org_bot +http://www.archive.org/details/archive.org_bot)"
207.241.237.221 - - [17/May/2015:23:05:19 +0000] "GET /blog/geekery/vmware-server-2.0-beta-1.html HTTP/1.0" 200 10732 "http://www.semicomplete.com/blog/tags/linux" "Mozilla/5.0 (compatible; archive.org_bot +http://www.archive.org/details/archive.org_bot)"
207.241.237.103 - - [17/May/2015:23:05:30 +0000] "GET /blog/tags/subversion HTTP/1.0" 200 12557 "http://www.semicomplete.com/blog/tags/linux" "Mozilla/5.0 (compatible; archive.org_bot +http://www.archive.org/details/archive.org_bot)"
198.46.149.143 - - [17/May/2015:23:05:49 +0000] "GET /blog/geekery/disabling-battery-in-ubuntu-vms.html?utm_source=feedburner&utm_medium=feed&utm_campaign=Feed%3A+semicomplete%2Fmain+%28semicomplete.com+-+Jordan+Sissel%29 HTTP/1.1" 200 9316 "-" "Tiny Tiny RSS/1.11 (http://tt-rss.org/)"
198.46.149.143 - - [17/May/2015:23:05:33 +0000] "GET /blog/geekery/solving-good-or-bad-problems.html?utm_source=feedburner&utm_medium=feed&utm_campaign=Feed%3A+semicomplete%2Fmain+%28semicomplete.com+-+Jordan+Sissel%29 HTTP/1.1" 200 10756 "-" "Tiny Tiny RSS/1.11 (http://tt-rss.org/)"
78.128.48.215 - - [17/May/2015:23:05:30 +0000] "GET /presentations/logstash-puppetconf-2012/ HTTP/1.1" 200 37269 "http://semicomplete.com/" "Mozilla/5.0 (Macintosh; Intel Mac OS X 10.7; rv:21.0) Gecko/20100101 Firefox/21.0"
78.128.48.215 - - [17/May/2015:23:05:11 +0000] "GET /presentations/puppet-at-loggly/puppet-at-loggly.pdf.html HTTP/1.1" 200 24747 "http://semicomplete.com/" "Mozilla/5.0 (Macintosh; Intel Mac OS X 10.7; rv:21.0) Gecko/20100101 Firefox/21.0"
66.249.73.135 - - [17/May/2015:23:05:49 +0000] "GET /blog/tags/xdo HTTP/1.1" 200 17500 "-" "Mozilla/5.0 (iPhone; CPU iPhone OS 6_0 like Mac OS X) AppleWebKit/536.26 (KHTML, like Gecko) Version/6.0 Mobile/10A5376e Safari/8536.25 (compatible; Googlebot/2.1; +http://www.google.com/bot.html)"
207.241.237.223 - - [17/May/2015:23:05:18 +0000] "GET /blog/tags/why%20did%20this%20take%20all%20night HTTP/1.0" 200 9368 "http://www.semicomplete.com/blog/tags/linux" "Mozilla/5.0 (compatible; archive.org_bot +http://www.archive.org/details/archive.org_bot)"
207.241.237.221 - - [17/May/2015:23:05:12 +0000] "GET /blog/tags/losetup HTTP/1.0" 200 9699 "http://www.semicomplete.com/blog/tags/linux" "Mozilla/5.0 (compatible; archive.org_bot +http://www.archive.org/details/archive.org_bot)"
94.79.44.40 - - [17/May/2015:23:05:54 +0000] "GET /blog/tags/xsendevent HTTP/1.1" 200 10049 "-" "Mozilla/5.0 (X11; Linux x86_64) AppleWebKit/537.31 (KHTML, like Gecko) Chrome/26.0.1410.43 Safari/537.31"
94.79.44.40 - - [17/May/2015:23:05:03 +0000] "GET /reset.css HTTP/1.1" 200 1015 "http://www.semicomplete.com/blog/tags/xsendevent" "Mozilla/5.0 (X11; Linux x86_64) AppleWebKit/537.31 (KHTML, like Gecko) Chrome/26.0.1410.43 Safari/537.31"
94.79.44.40 - - [17/May/2015:23:05:34 +0000] "GET /style2.css HTTP/1.1" 200 4877 "http://www.semicomplete.com/blog/tags/xsendevent" "Mozilla/5.0 (X11; Linux x86_64) AppleWebKit/537.31 (KHTML, like Gecko) Chrome/26.0.1410.43 Safari/537.31"
94.79.44.40 - - [17/May/2015:23:05:51 +0000] "GET /images/jordan-80.png HTTP/1.1" 200 6146 "http://www.semicomplete.com/blog/tags/xsendevent" "Mozilla/5.0 (X11; Linux x86_64) AppleWebKit/537.31 (KHTML, like Gecko) Chrome/26.0.1410.43 Safari/537.31"
94.79.44.40 - - [17/May/2015:23:05:18 +0000] "GET /images/web/2009/banner.png HTTP/1.1" 200 52315 "http://www.semicomplete.com/blog/tags/xsendevent" "Mozilla/5.0 (X11; Linux x86_64) AppleWebKit/537.31 (KHTML, like Gecko) Chrome/26.0.1410.43 Safari/537.31"
94.79.44.40 - - [17/May/2015:23:05:45 +0000] "GET /favicon.ico HTTP/1.1" 200 3638 "-" "Mozilla/5.0 (X11; Linux x86_64) AppleWebKit/537.31 (KHTML, like Gecko) Chrome/26.0.1410.43 Safari/537.31"
46.105.14.53 - - [17/May/2015:23:05:11 +0000] "GET /blog/tags/puppet?flav=rss20 HTTP/1.1" 200 14872 "-" "UniversalFeedParser/4.2-pre-314-svn +http://feedparser.org/"
178.84.1.162 - - [17/May/2015:23:05:46 +0000] "GET / HTTP/1.1" 200 37932 "-" "Mozilla/5.0 (Macintosh; Intel Mac OS X 10_9_1) AppleWebKit/537.73.11 (KHTML, like Gecko) Version/7.0.1 Safari/537.73.11"
46.5.254.123 - - [17/May/2015:23:05:35 +0000] "GET /projects/xdotool/xdotool.xhtml HTTP/1.1" 200 50112 "http://www.google.de/url?sa=t&rct=j&q=&esrc=s&source=web&cd=1&sqi=2&ved=0CC8QFjAA&url=http%3A%2F%2Fwww.semicomplete.com%2Fprojects%2Fxdotool%2Fxdotool.xhtml&ei=sBIBU4e6MMKAhAf3woCgAw&usg=AFQjCNFwZFAI0RQdN_N0kFH-oj8cLsJRNQ&bvm=bv.61535280,d.ZG4" "Mozilla/5.0 (X11; Linux x86_64; rv:27.0) Gecko/20100101 Firefox/27.0"
209.17.114.78 - - [17/May/2015:23:05:18 +0000] "GET /presentations/logstash-metrics-sf-2012.10/images/graphite-bieber-gangnam-moving-average.png HTTP/1.1" 200 57048 "-" "Mozilla/4.0 (compatible; MSIE 6.0; Windows NT 5.2; SV1; .NET CLR 2.0.50727; InfoPath.1)"
94.242.255.188 - - [17/May/2015:23:05:04 +0000] "GET /node/add/blog HTTP/1.1" 404 297 "-" "Mozilla/4.0 (compatible; MSIE 6.0; Windows NT 5.1; SV1)"
66.249.73.135 - - [17/May/2015:23:05:17 +0000] "GET /misc/rcfiles/zshrc HTTP/1.1" 304 - "-" "Mozilla/5.0 (iPhone; CPU iPhone OS 6_0 like Mac OS X) AppleWebKit/536.26 (KHTML, like Gecko) Version/6.0 Mobile/10A5376e Safari/8536.25 (compatible; Googlebot/2.1; +http://www.google.com/bot.html)"
94.7.215.43 - - [17/May/2015:23:05:05 +0000] "GET /?flav=atom HTTP/1.1" 200 32352 "-" "Liferea/1.8.3 (Linux; en_GB.UTF-8; http://liferea.sf.net/)"
77.0.42.68 - - [17/May/2015:23:05:33 +0000] "GET /projects/xdotool/ HTTP/1.1" 200 12292 "http://keepass.info/help/v2/setup.html" "Mozilla/5.0 (X11; Ubuntu; Linux x86_64; rv:27.0) Gecko/20100101 Firefox/27.0"
77.0.42.68 - - [17/May/2015:23:05:00 +0000] "GET /reset.css HTTP/1.1" 200 1015 "http://www.semicomplete.com/projects/xdotool/" "Mozilla/5.0 (X11; Ubuntu; Linux x86_64; rv:27.0) Gecko/20100101 Firefox/27.0"
77.0.42.68 - - [17/May/2015:23:05:52 +0000] "GET /style2.css HTTP/1.1" 200 4877 "http://www.semicomplete.com/projects/xdotool/" "Mozilla/5.0 (X11; Ubuntu; Linux x86_64; rv:27.0) Gecko/20100101 Firefox/27.0"
77.0.42.68 - - [17/May/2015:23:05:48 +0000] "GET /favicon.ico HTTP/1.1" 200 3638 "-" "Mozilla/5.0 (X11; Ubuntu; Linux x86_64; rv:27.0) Gecko/20100101 Firefox/27.0"
77.0.42.68 - - [17/May/2015:23:05:32 +0000] "GET /images/jordan-80.png HTTP/1.1" 200 6146 "http://www.semicomplete.com/projects/xdotool/" "Mozilla/5.0 (X11; Ubuntu; Linux x86_64; rv:27.0) Gecko/20100101 Firefox/27.0"
77.0.42.68 - - [18/May/2015:00:05:08 +0000] "GET /images/web/2009/banner.png HTTP/1.1" 200 52315 "http://www.semicomplete.com/style2.css" "Mozilla/5.0 (X11; Ubuntu; Linux x86_64; rv:27.0) Gecko/20100101 Firefox/27.0"
