66.249.73.135 - - [20/May/2015:15:05:50 +0000] "GET /blog/geekery?page=6 HTTP/1.1" 200 44504 "-" "Mozilla/5.0 (iPhone; CPU iPhone OS 6_0 like Mac OS X) AppleWebKit/536.26 (KHTML, like Gecko) Version/6.0 Mobile/10A5376e Safari/8536.25 (compatible; Googlebot/2.1; +http://www.google.com/bot.html)"
78.171.202.100 - - [20/May/2015:15:05:14 +0000] "GET /projects/xdotool/ HTTP/1.1" 200 12292 "-" "Mozilla/5.0 (Windows NT 6.3; WOW64; rv:27.0) Gecko/20100101 Firefox/27.0"
78.171.202.100 - - [20/May/2015:15:05:03 +0000] "GET /reset.css HTTP/1.1" 200 1015 "http://www.semicomplete.com/projects/xdotool/" "Mozilla/5.0 (Windows NT 6.3; WOW64; rv:27.0) Gecko/20100101 Firefox/27.0"
78.171.202.100 - - [20/May/2015:15:05:53 +0000] "GET /style2.css HTTP/1.1" 200 4877 "http://www.semicomplete.com/projects/xdotool/" "Mozilla/5.0 (Windows NT 6.3; WOW64; rv:27.0) Gecko/20100101 Firefox/27.0"
78.171.202.100 - - [20/May/2015:15:05:22 +0000] "GET /favicon.ico HTTP/1.1" 200 3638 "-" "Mozilla/5.0 (Windows NT 6.3; WOW64; rv:27.0) Gecko/20100101 Firefox/27.0"
78.171.202.100 - - [20/May/2015:15:05:30 +0000] "GET /images/jordan-80.png HTTP/1.1" 200 6146 "http://www.semicomplete.com/projects/xdotool/" "Mozilla/5.0 (Windows NT 6.3; WOW64; rv:27.0) Gecko/20100101 Firefox/27.0"
78.171.202.100 - - [20/May/2015:15:05:07 +0000] "GET /images/web/2009/banner.png HTTP/1.1" 200 52315 "http://www.semicomplete.com/style2.css" "Mozilla/5.0 (Windows NT 6.3; WOW64; rv:27.0) Gecko/20100101 Firefox/27.0"
78.171.202.100 - - [20/May/2015:15:05:45 +0000] "GET /about/ HTTP/1.1" 200 11474 "http://www.semicomplete.com/projects/xdotool/" "Mozilla/5.0 (Windows NT 6.3; WOW64; rv:27.0) Gecko/20100101 Firefox/27.0"
78.171.202.100 - - [20/May/2015:15:05:54 +0000] "GET /images/me.png HTTP/1.1" 200 37198 "http://www.semicomplete.com/about/" "Mozilla/5.0 (Windows NT 6.3; WOW64; rv:27.0) Gecko/20100101 Firefox/27.0"
208.91.156.11 - - [20/May/2015:15:05:19 +0000] "GET /files/logstash/logstash-1.3.2-monolithic.jar HTTP/1.1" 404 324 "-" "Chef Client/10.18.2 (ruby-1.9.3-p327; ohai-6.16.0; x86_64-linux; +http://opscode.com)"
128.118.108.67 - - [20/May/2015:15:05:10 +0000] "GET /favicon.ico HTTP/1.0" 200 3638 "-" "Safari/9537.73.11 CFNetwork/673.0.3 Darwin/13.0.0 (x86_64) (MacBookPro8%2C1)"
91.99.29.38 - - [20/May/2015:15:05:16 +0000] "GET /projects/xdotool/ HTTP/1.1" 200 12292 "http://www.google.com/url?sa=t&rct=j&q=&esrc=s&source=web&cd=1&ved=0CCUQFjAA&url=http%3A%2F%2Fwww.semicomplete.com%2Fprojects%2Fxdotool%2F&ei=y1oCU6KBC8KstAaXoIGYDw&usg=AFQjCNE3V_aCf3-gfNcbS924S6jZ6FqffA&bvm=bv.61535280,d.Yms" "Mozilla/5.0 (Windows NT 6.1; WOW64; rv:23.0) Gecko/20100101 Firefox/23.0"
91.99.29.38 - - [20/May/2015:15:05:04 +0000] "GET /style2.css HTTP/1.1" 200 4877 "http://www.semicomplete.com/projects/xdotool/" "Mozilla/5.0 (Windows NT 6.1; WOW64; rv:23.0) Gecko/20100101 Firefox/23.0"
91.99.29.38 - - [20/May/2015:15:05:47 +0000] "GET /favicon.ico HTTP/1.1" 200 3638 "-" "Mozilla/5.0 (Windows NT 6.1; WOW64; rv:23.0) Gecko/20100101 Firefox/23.0"
91.99.29.38 - - [20/May/2015:15:05:06 +0000] "GET /reset.css HTTP/1.1" 200 1015 "http://www.semicomplete.com/projects/xdotool/" "Mozilla/5.0 (Windows NT 6.1; WOW64; rv:23.0) Gecko/20100101 Firefox/23.0"
91.99.29.38 - - [20/May/2015:15:05:19 +0000] "GET /images/jordan-80.png HTTP/1.1" 200 6146 "http://www.semicomplete.com/projects/xdotool/" "Mozilla/5.0 (Windows NT 6.1; WOW64; rv:23.0) Gecko/20100101 Firefox/23.0"
91.99.29.38 - - [20/May/2015:15:05:24 +0000] "GET /images/web/2009/banner.png HTTP/1.1" 200 52315 "http://www.semicomplete.com/style2.css" "Mozilla/5.0 (Windows NT 6.1; WOW64; rv:23.0) Gecko/20100101 Firefox/23.0"
180.76.6.141 - - [20/May/2015:15:05:35 +0000] "GET /blog/geekery/puppet-facts-into-mcollective.html HTTP/1.1" 200 9872 "-" "Mozilla/5.0 (compatible; Baiduspider/2.0; +http://www.baidu.com/search/spider.html)"
108.184.124.170 - - [20/May/2015:15:05:47 +0000] "GET /presentations/logstash-puppetconf-2012/ HTTP/1.1" 200 37269 "http://semicomplete.com/" "Mozilla/5.0 (Macintosh; Intel Mac OS X 10.7; rv:22.0) Gecko/20100101 Firefox/22.0"
108.184.124.170 - - [20/May/2015:15:05:19 +0000] "GET /presentations/puppet-at-loggly/puppet-at-loggly.pdf.html HTTP/1.1" 200 24747 "http://semicomplete.com/" "Mozilla/5.0 (Macintosh; Intel Mac OS X 10.7; rv:22.0) Gecko/20100101 Firefox/22.0"
66.249.73.135 - - [20/May/2015:15:05:44 +0000] "GET /blog/productivity/grok-plans.html HTTP/1.1" 200 10997 "-" "Mozilla/5.0 (iPhone; CPU iPhone OS 6_0 like Mac OS X) AppleWebKit/536.26 (KHTML, like Gecko) Version/6.0 Mobile/10A5376e Safari/8536.25 (compatible; Googlebot/2.1; +http://www.google.com/bot.html)"
37.188.233.114 - - [20/May/2015:15:05:22 +0000] "GET /projects/xdotool/xdotool.xhtml HTTP/1.1" 200 50112 "https://www.google.com/" "Mozilla/5.0 (X11; Linux x86_64) AppleWebKit/537.36 (KHTML, like Gecko) Chrome/32.0.1700.77 Safari/537.36"
37.188.233.114 - - [20/May/2015:15:05:59 +0000] "GET /favicon.ico HTTP/1.1" 200 3638 "-" "Mozilla/5.0 (X11; Linux x86_64) AppleWebKit/537.36 (KHTML, like Gecko) Chrome/32.0.1700.77 Safari/537.36"
209.85.238.199 - - [20/May/2015:15:05:35 +0000] "GET /?flav=atom HTTP/1.1" 200 32352 "-" "Feedfetcher-Google; (+http://www.google.com/feedfetcher.html; 16 subscribers; feed-id=3389821348893992437)"
86.185.215.203 - - [20/May/2015:15:05:54 +0000] "GET /projects/pmbackup/ HTTP/1.1" 200 15945 "http://www.semicomplete.com/" "Mozilla/5.0 (X11; Linux x86_64) AppleWebKit/537.36 (KHTML, like Gecko) Chrome/32.0.1700.77 Safari/537.36"
46.105.14.53 - - [20/May/2015:15:05:59 +0000] "GET /blog/tags/puppet?flav=rss20 HTTP/1.1" 200 14872 "-" "UniversalFeedParser/4.2-pre-314-svn +http://feedparser.org/"
177.141.70.11 - - [20/May/2015:15:05:50 +0000] "GET /articles/dynamic-dns-with-dhcp/ HTTP/1.1" 200 18848 "https://www.google.com.br/" "Mozilla/5.0 (Windows NT 6.1; WOW64) AppleWebKit/537.36 (KHTML, like Gecko) Chrome/32.0.1700.107 Safari/537.36"
177.141.70.11 - - [20/May/2015:15:05:46 +0000] "GET /reset.css HTTP/1.1" 200 1015 "http://www.semicomplete.com/articles/dynamic-dns-with-dhcp/" "Mozilla/5.0 (Windows NT 6.1; WOW64) AppleWebKit/537.36 (KHTML, like Gecko) Chrome/32.0.1700.107 Safari/537.36"
177.141.70.11 - - [20/May/2015:15:05:06 +0000] "GET /images/jordan-80.png HTTP/1.1" 200 6146 "http://www.semicomplete.com/articles/dynamic-dns-with-dhcp/" "Mozilla/5.0 (Windows NT 6.1; WOW64) AppleWebKit/537.36 (KHTML, like Gecko) Chrome/32.0.1700.107 Safari/537.36"
177.141.70.11 - - [20/May/2015:15:05:01 +0000] "GET /style2.css HTTP/1.1" 200 4877 "http://www.semicomplete.com/articles/dynamic-dns-with-dhcp/" "Mozilla/5.0 (Windows NT 6.1; WOW64) AppleWebKit/537.36 (KHTML, like Gecko) Chrome/32.0.1700.107 Safari/537.36"
177.141.70.11 - - [20/May/2015:15:05:02 +0000] "GET /images/web/2009/banner.png HTTP/1.1" 200 52315 "http://www.semicomplete.com/articles/dynamic-dns-with-dhcp/" "Mozilla/5.0 (Windows NT 6.1; WOW64) AppleWebKit/537.36 (KHTML, like Gecko) Chrome/32.0.1700.107 Safari/537.36"
177.141.70.11 - - [20/May/2015:15:05:32 +0000] "GET /favicon.ico HTTP/1.1" 200 3638 "-" "Mozilla/5.0 (Windows NT 6.1; WOW64) AppleWebKit/537.36 (KHTML, like Gecko) Chrome/32.0.1700.107 Safari/537.36"
66.249.73.135 - - [20/May/2015:15:05:26 +0000] "GET /files/xdotool/docs/man/man3/ HTTP/1.1" 200 2216 "-" "Mozilla/5.0 (iPhone; CPU iPhone OS 6_0 like Mac OS X) AppleWebKit/536.26 (KHTML, like Gecko) Version/6.0 Mobile/10A5376e Safari/8536.25 (compatible; Googlebot/2.1; +http://www.google.com/bot.html)"
50.16.19.13 - - [20/May/2015:15:05:59 +0000] "GET /blog/tags/puppet?flav=rss20 HTTP/1.1" 200 14872 "http://www.semicomplete.com/blog/tags/puppet?flav=rss20" "Tiny Tiny RSS/1.11 (http://tt-rss.org/)"
83.31.36.250 - - [20/May/2015:15:05:37 +0000] "GET /favicon.ico HTTP/1.1" 200 3638 "http://www.semicomplete.com/projects/xdotool/xdotool.xhtml" "Opera/9.80 (X11; Linux x86_64) Presto/2.12.388 Version/12.16"
83.31.36.250 - - [20/May/2015:15:05:00 +0000] "GET /projects/xdotool/xdotool.xhtml HTTP/1.1" 200 50112 "-" "Opera/9.80 (X11; Linux x86_64) Presto/2.12.388 Version/12.16"
66.249.73.135 - - [20/May/2015:15:05:10 +0000] "GET /blog/tags/C?page=2 HTTP/1.1" 200 16311 "-" "Mozilla/5.0 (iPhone; CPU iPhone OS 6_0 like Mac OS X) AppleWebKit/536.26 (KHTML, like Gecko) Version/6.0 Mobile/10A5376e Safari/8536.25 (compatible; Googlebot/2.1; +http://www.google.com/bot.html)"
150.162.56.185 - - [20/May/2015:15:05:39 +0000] "GET /projects/xdotool/ HTTP/1.1" 200 12292 "-" "Mozilla/5.0 (X11; Linux i686) AppleWebKit/537.22 (KHTML, like Gecko) Ubuntu Chromium/25.0.1364.160 Chrome/25.0.1364.160 Safari/537.22"
72.4.104.94 - - [20/May/2015:15:05:58 +0000] "GET /blog/geekery/python-method-call-wrapper.html HTTP/1.1" 200 11013 "https://www.google.com/" "Mozilla/5.0 (Macintosh; Intel Mac OS X 10_9_0) AppleWebKit/537.36 (KHTML, like Gecko) Chrome/32.0.1700.107 Safari/537.36"
72.4.104.94 - - [20/May/2015:15:05:00 +0000] "GET /reset.css HTTP/1.1" 200 1015 "http://www.semicomplete.com/blog/geekery/python-method-call-wrapper.html" "Mozilla/5.0 (Macintosh; Intel Mac OS X 10_9_0) AppleWebKit/537.36 (KHTML, like Gecko) Chrome/32.0.1700.107 Safari/537.36"
72.4.104.94 - - [20/May/2015:15:05:04 +0000] "GET /style2.css HTTP/1.1" 200 4877 "http://www.semicomplete.com/blog/geekery/python-method-call-wrapper.html" "Mozilla/5.0 (Macintosh; Intel Mac OS X 10_9_0) AppleWebKit/537.36 (KHTML, like Gecko) Chrome/32.0.1700.107 Safari/537.36"
72.4.104.94 - - [20/May/2015:15:05:44 +0000] "GET /images/jordan-80.png HTTP/1.1" 200 6146 "http://www.semicomplete.com/blog/geekery/python-method-call-wrapper.html" "Mozilla/5.0 (Macintosh; Intel Mac OS X 10_9_0) AppleWebKit/537.36 (KHTML, like Gecko) Chrome/32.0.1700.107 Safari/537.36"
72.4.104.94 - - [20/May/2015:15:05:01 +0000] "GET /images/web/2009/banner.png HTTP/1.1" 200 52315 "http://www.semicomplete.com/blog/geekery/python-method-call-wrapper.html" "Mozilla/5.0 (Macintosh; Intel Mac OS X 10_9_0) AppleWebKit/537.36 (KHTML, like Gecko) Chrome/32.0.1700.107 Safari/537.36"
72.4.104.94 - - [20/May/2015:15:05:35 +0000] "GET /favicon.ico HTTP/1.1" 200 3638 "-" "Mozilla/5.0 (Macintosh; Intel Mac OS X 10_9_0) AppleWebKit/537.36 (KHTML, like Gecko) Chrome/32.0.1700.107 Safari/537.36"
77.234.68.135 - - [20/May/2015:15:05:44 +0000] "GET /favicon.ico HTTP/1.1" 200 3638 "-" "Mozilla/5.0 (X11; Linux i686; rv:20.0) Gecko/20100101 Firefox/20.0 Iceweasel/20.0"
68.180.224.225 - - [20/May/2015:15:05:46 +0000] "GET /blog/tags/%20barcamp HTTP/1.1" 200 10745 "-" "Mozilla/5.0 (compatible; Yahoo! Slurp; http://help.yahoo.com/help/us/ysearch/slurp)"
46.105.14.53 - - [20/May/2015:15:05:01 +0000] "GET /blog/tags/puppet?flav=rss20 HTTP/1.1" 200 14872 "-" "UniversalFeedParser/4.2-pre-314-svn +http://feedparser.org/"
5.10.83.65 - - [20/May/2015:15:05:18 +0000] "GET /projects/newpsm/images/newmouse.png HTTP/1.1" 200 81412 "-" "Mozilla/5.0 (compatible; AhrefsBot/5.0; +http://ahrefs.com/robot/)"
100.43.83.137 - - [20/May/2015:15:05:32 +0000] "GET /blog/tags/eventmachine HTTP/1.1" 200 10808 "-" "Mozilla/5.0 (compatible; YandexBot/3.0; +http://yandex.com/bots)"
66.249.73.135 - - [20/May/2015:15:05:00 +0000] "GET /blog/tags/%20barcamp HTTP/1.1" 200 10745 "-" "Mozilla/5.0 (iPhone; CPU iPhone OS 6_0 like Mac OS X) AppleWebKit/536.26 (KHTML, like Gecko) Version/6.0 Mobile/10A5376e Safari/8536.25 (compatible; Googlebot/2.1; +http://www.google.com/bot.html)"
195.176.110.194 - - [20/May/2015:15:05:58 +0000] "GET /presentations/logstash-scale11x/images/logstash-dreamhost-day.png HTTP/1.1" 200 34213 "-" "Mozilla/5.0 (X11; Linux x86_64) AppleWebKit/537.36 (KHTML, like Gecko) Chrome/32.0.1700.107 Safari/537.36"
66.249.73.135 - - [20/May/2015:15:05:40 +0000] "GET /?flav=rss20 HTTP/1.1" 200 29941 "-" "Mozilla/5.0 (compatible; Googlebot/2.1; +http://www.google.com/bot.html)"
180.76.6.46 - - [20/May/2015:15:05:50 +0000] "GET /robots.txt HTTP/1.1" 200 - "-" "Mozilla/5.0 (Windows NT 5.1; rv:6.0.2) Gecko/20100101 Firefox/6.0.2"
150.162.56.185 - - [20/May/2015:15:05:16 +0000] "GET /projects/xdotool/ HTTP/1.1" 200 12292 "http://www.ibm.com/developerworks/br/linux/library/x-xdotool/" "Mozilla/5.0 (X11; Linux i686) AppleWebKit/537.22 (KHTML, like Gecko) Ubuntu Chromium/25.0.1364.160 Chrome/25.0.1364.160 Safari/537.22"
5.10.83.91 - - [20/May/2015:15:05:10 +0000] "GET /blog/geekery/xdotool-20070903.html HTTP/1.1" 200 8558 "-" "Mozilla/5.0 (compatible; AhrefsBot/5.0; +http://ahrefs.com/robot/)"
107.170.9.55 - - [20/May/2015:15:05:05 +0000] "GET /?flav=atom HTTP/1.1" 200 32352 "-" "Feedbin - 1 subscribers"
74.125.40.20 - - [20/May/2015:15:05:48 +0000] "GET /?flav=rss20 HTTP/1.1" 200 29941 "-" "FeedBurner/1.0 (http://www.FeedBurner.com)"
49.206.120.190 - - [20/May/2015:15:05:57 +0000] "GET /files/logstash/ HTTP/1.1" 200 13316 "http://www.google.co.in/url?sa=t&rct=j&q=&esrc=s&source=web&cd=4&ved=0CDQQFjAD&url=http%3A%2F%2Fsemicomplete.com%2Ffiles%2Flogstash%2F&ei=BF4CU4OEIYaiiAf184CABw&usg=AFQjCNEM6iuqm7sxu8Xzgkypl8Z17jGTzQ&bvm=bv.61535280,d.aGc&cad=rja" "Mozilla/5.0 (Windows NT 6.1; WOW64; rv:26.0) Gecko/20100101 Firefox/26.0"
49.206.120.190 - - [20/May/2015:15:05:32 +0000] "GET /icons/blank.gif HTTP/1.1" 200 148 "http://semicomplete.com/files/logstash/" "Mozilla/5.0 (Windows NT 6.1; WOW64; rv:26.0) Gecko/20100101 Firefox/26.0"
49.206.120.190 - - [20/May/2015:15:05:21 +0000] "GET /icons/unknown.gif HTTP/1.1" 200 245 "http://semicomplete.com/files/logstash/" "Mozilla/5.0 (Windows NT 6.1; WOW64; rv:26.0) Gecko/20100101 Firefox/26.0"
49.206.120.190 - - [20/May/2015:15:05:10 +0000] "GET /icons/back.gif HTTP/1.1" 200 216 "http://semicomplete.com/files/logstash/" "Mozilla/5.0 (Windows NT 6.1; WOW64; rv:26.0) Gecko/20100101 Firefox/26.0"
49.206.120.190 - - [20/May/2015:15:05:37 +0000] "GET /icons/text.gif HTTP/1.1" 200 229 "http://semicomplete.com/files/logstash/" "Mozilla/5.0 (Windows NT 6.1; WOW64; rv:26.0) Gecko/20100101 Firefox/26.0"
82.60.18.23 - - [20/May/2015:15:05:31 +0000] "GET /projects/xdotool/xdotool.xhtml HTTP/1.1" 200 50112 "http://r.duckduckgo.com/l/?kh=-1&uddg=http%3A%2F%2Fwww.semicomplete.com%2Fprojects%2Fxdotool%2Fxdotool.xhtml" "Mozilla/5.0 (X11; Linux x86_64; rv:20.0) Gecko/20100101 Firefox/20.0 Iceweasel/20.0"
82.60.18.23 - - [20/May/2015:15:05:32 +0000] "GET /favicon.ico HTTP/1.1" 200 3638 "-" "Mozilla/5.0 (X11; Linux x86_64; rv:20.0) Gecko/20100101 Firefox/20.0 Iceweasel/20.0"
5.10.83.65 - - [20/May/2015:15:05:27 +0000] "GET /files/blogposts/20090727/winmgr.png HTTP/1.1" 200 19802 "-" "Mozilla/5.0 (compatible; AhrefsBot/5.0; +http://ahrefs.com/robot/)"
46.105.14.53 - - [20/May/2015:15:05:43 +0000] "GET /blog/tags/puppet?flav=rss20 HTTP/1.1" 200 14872 "-" "UniversalFeedParser/4.2-pre-314-svn +http://feedparser.org/"
24.190.3.5 - - [20/May/2015:15:05:57 +0000] "GET /presentations/logstash-scale11x/images/ahhh___rage_face_by_samusmmx-d5g5zap.png HTTP/1.1" 200 175208 "-" "Mozilla/5.0 (iPad; CPU OS 7_0_4 like Mac OS X) AppleWebKit/536.26 (KHTML, like Gecko) GSA/3.2.1.25875 Mobile/11B554a Safari/8536.25"
74.76.53.142 - - [20/May/2015:15:05:21 +0000] "GET /favicon.ico HTTP/1.1" 200 3638 "http://www.semicomplete.com/" "Mozilla/5.0 (Windows NT 6.1; WOW64; rv:26.0) Gecko/20100101 Firefox/26.0"
66.249.73.135 - - [20/May/2015:15:05:10 +0000] "GET /blog/tags/advent HTTP/1.1" 200 8866 "-" "Mozilla/5.0 (iPhone; CPU iPhone OS 6_0 like Mac OS X) AppleWebKit/536.26 (KHTML, like Gecko) Version/6.0 Mobile/10A5376e Safari/8536.25 (compatible; Googlebot/2.1; +http://www.google.com/bot.html)"
68.180.224.225 - - [20/May/2015:15:05:16 +0000] "GET /robots.txt HTTP/1.1" 200 - "-" "Mozilla/5.0 (compatible; Yahoo! Slurp; http://help.yahoo.com/help/us/ysearch/slurp)"
68.180.224.225 - - [20/May/2015:15:05:49 +0000] "GET /blog/tags/scaling HTTP/1.1" 200 11199 "-" "Mozilla/5.0 (compatible; Yahoo! Slurp; http://help.yahoo.com/help/us/ysearch/slurp)"
173.162.242.85 - - [20/May/2015:15:05:02 +0000] "GET /presentations/logstash-blah/images/office-space-printer-beat-down-gif.gif HTTP/1.1" 200 6443283 "-" "Mozilla/5.0 (Windows NT 5.1) AppleWebKit/537.36 (KHTML, like Gecko) Chrome/32.0.1700.107 Safari/537.36"
68.180.224.225 - - [20/May/2015:15:05:32 +0000] "GET /blog/tags/linux HTTP/1.1" 200 29219 "-" "Mozilla/5.0 (compatible; Yahoo! Slurp; http://help.yahoo.com/help/us/ysearch/slurp)"
128.118.108.67 - - [20/May/2015:15:05:15 +0000] "GET /favicon.ico HTTP/1.0" 200 3638 "-" "Safari/9537.73.11 CFNetwork/673.0.3 Darwin/13.0.0 (x86_64) (MacBookPro8%2C1)"
119.224.20.139 - - [20/May/2015:15:05:38 +0000] "GET /presentations/logstash-scale11x/images/ahhh___rage_face_by_samusmmx-d5g5zap.png HTTP/1.1" 200 175208 "http://s-chassis.co.nz/viewtopic.php?f=16&t=9265&start=200" "Mozilla/5.0 (Windows NT 6.1; WOW64) AppleWebKit/537.36 (KHTML, like Gecko) Chrome/32.0.1700.107 Safari/537.36"
74.76.53.142 - - [20/May/2015:15:05:57 +0000] "GET /projects/xdotool/ HTTP/1.1" 200 12292 "http://www.semicomplete.com/" "Mozilla/5.0 (Windows NT 6.1; WOW64; rv:26.0) Gecko/20100101 Firefox/26.0"
74.76.53.142 - - [20/May/2015:15:05:01 +0000] "GET /reset.css HTTP/1.1" 200 1015 "http://www.semicomplete.com/" "Mozilla/5.0 (Windows NT 6.1; WOW64; rv:26.0) Gecko/20100101 Firefox/26.0"
74.76.53.142 - - [20/May/2015:15:05:55 +0000] "GET /style2.css HTTP/1.1" 200 4877 "http://www.semicomplete.com/" "Mozilla/5.0 (Windows NT 6.1; WOW64; rv:26.0) Gecko/20100101 Firefox/26.0"
74.76.53.142 - - [20/May/2015:15:05:15 +0000] "GET /images/jordan-80.png HTTP/1.1" 200 6146 "http://www.semicomplete.com/" "Mozilla/5.0 (Windows NT 6.1; WOW64; rv:26.0) Gecko/20100101 Firefox/26.0"
74.76.53.142 - - [20/May/2015:15:05:53 +0000] "GET /images/web/2009/banner.png HTTP/1.1" 200 52315 "http://www.semicomplete.com/" "Mozilla/5.0 (Windows NT 6.1; WOW64; rv:26.0) Gecko/20100101 Firefox/26.0"
66.249.73.135 - - [20/May/2015:15:05:47 +0000] "GET /?flav=atom HTTP/1.1" 200 32352 "-" "Mozilla/5.0 (compatible; Googlebot/2.1; +http://www.google.com/bot.html)"
68.180.224.225 - - [20/May/2015:15:05:48 +0000] "GET /blog/tags/firewall HTTP/1.1" 200 13233 "-" "Mozilla/5.0 (compatible; Yahoo! Slurp; http://help.yahoo.com/help/us/ysearch/slurp)"
68.180.224.225 - - [20/May/2015:15:05:04 +0000] "GET /projects/grok HTTP/1.1" 301 341 "-" "Mozilla/5.0 (compatible; Yahoo! Slurp; http://help.yahoo.com/help/us/ysearch/slurp)"
68.180.224.225 - - [20/May/2015:15:05:11 +0000] "GET /blog/tags/losetup HTTP/1.1" 200 9699 "-" "Mozilla/5.0 (compatible; Yahoo! Slurp; http://help.yahoo.com/help/us/ysearch/slurp)"
79.148.255.215 - - [20/May/2015:15:05:56 +0000] "HEAD /files/xdotool/docs/html/xdo_8h.html HTTP/1.1" 200 - "-" "Xenu Link Sleuth/1.3.8"
46.105.14.53 - - [20/May/2015:15:05:05 +0000] "GET /blog/tags/puppet?flav=rss20 HTTP/1.1" 200 14872 "-" "UniversalFeedParser/4.2-pre-314-svn +http://feedparser.org/"
66.249.73.135 - - [20/May/2015:15:05:49 +0000] "GET /blog/tags/MEH HTTP/1.1" 200 10265 "-" "Mozilla/5.0 (iPhone; CPU iPhone OS 6_0 like Mac OS X) AppleWebKit/536.26 (KHTML, like Gecko) Version/6.0 Mobile/10A5376e Safari/8536.25 (compatible; Googlebot/2.1; +http://www.google.com/bot.html)"
66.249.73.135 - - [20/May/2015:15:05:42 +0000] "GET /blog/tags/firefox?flav=rss20 HTTP/1.1" 200 16021 "-" "Mozilla/5.0 (compatible; Googlebot/2.1; +http://www.google.com/bot.html)"
68.180.224.225 - - [20/May/2015:15:05:59 +0000] "GET /blog/tags/installer%20failure HTTP/1.1" 200 8948 "-" "Mozilla/5.0 (compatible; Yahoo! Slurp; http://help.yahoo.com/help/us/ysearch/slurp)"
31.6.71.243 - - [20/May/2015:15:05:26 +0000] "GET /presentations/logstash-puppetconf-2012/ HTTP/1.1" 200 37269 "http://semicomplete.com/" "Mozilla/5.0 (Macintosh; Intel Mac OS X 10.7; rv:22.0) Gecko/20100101 Firefox/22.0"
31.6.71.243 - - [20/May/2015:15:05:59 +0000] "GET /presentations/puppet-at-loggly/puppet-at-loggly.pdf.html HTTP/1.1" 200 24747 "http://semicomplete.com/" "Mozilla/5.0 (Macintosh; Intel Mac OS X 10.7; rv:22.0) Gecko/20100101 Firefox/22.0"
68.87.42.115 - - [20/May/2015:15:05:23 +0000] "GET /presentations/logstash-scale11x/images/logstash.png HTTP/1.1" 200 47731 "http://kufli.blogspot.com/2013/07/log-analysis-using-logstash.html" "Mozilla/5.0 (Macintosh; Intel Mac OS X 10_9_1) AppleWebKit/537.36 (KHTML, like Gecko) Chrome/32.0.1700.107 Safari/537.36"
208.115.113.88 - - [20/May/2015:15:05:45 +0000] "GET /robots.txt HTTP/1.1" 200 - "-" "Mozilla/5.0 (compatible; Ezooms/1.0; help@moz.com)"
208.115.113.88 - - [20/May/2015:15:05:51 +0000] "GET /robots.txt HTTP/1.1" 200 - "-" "Mozilla/5.0 (compatible; Ezooms/1.0; help@moz.com)"
50.16.19.13 - - [20/May/2015:15:05:02 +0000] "GET /blog/tags/puppet?flav=rss20 HTTP/1.1" 200 14872 "http://www.semicomplete.com/blog/tags/puppet?flav=rss20" "Tiny Tiny RSS/1.11 (http://tt-rss.org/)"
93.175.2.211 - - [20/May/2015:15:05:30 +0000] "GET /files/blogposts/20091227/pretty-xterm.png HTTP/1.1" 200 30438 "-" "Mozilla/5.0 (X11; Linux x86_64) AppleWebKit/537.36 (KHTML, like Gecko) Chrome/32.0.1700.102 Safari/537.36"
209.85.238.199 - - [20/May/2015:15:05:15 +0000] "GET /?flav=rss20 HTTP/1.1" 200 29941 "-" "Feedfetcher-Google; (+http://www.google.com/feedfetcher.html; 22 subscribers; feed-id=8321906634162087507)"
5.10.83.91 - - [20/May/2015:15:05:42 +0000] "GET /files/blogposts/20081105/?C=D;O=A HTTP/1.1" 200 972 "-" "Mozilla/5.0 (compatible; AhrefsBot/5.0; +http://ahrefs.com/robot/)"
199.16.156.126 - - [20/May/2015:15:05:55 +0000] "GET /robots.txt HTTP/1.1" 200 - "-" "Twitterbot/1.0"
199.16.156.125 - - [20/May/2015:15:05:24 +0000] "GET /files/lumberjack/lumberjack-0.3.0.exe HTTP/1.1" 200 4378624 "-" "Twitterbot/1.0"
66.249.73.135 - - [20/May/2015:15:05:53 +0000] "GET /blog/tags/debugging HTTP/1.1" 200 24083 "-" "Mozilla/5.0 (iPhone; CPU iPhone OS 6_0 like Mac OS X) AppleWebKit/536.26 (KHTML, like Gecko) Version/6.0 Mobile/10A5376e Safari/8536.25 (compatible; Googlebot/2.1; +http://www.google.com/bot.html)"
150.162.56.185 - - [20/May/2015:15:05:21 +0000] "GET /projects/xdotool/xdotool.xhtml HTTP/1.1" 200 50112 "https://www.google.com.br/" "Mozilla/5.0 (X11; Linux i686) AppleWebKit/537.22 (KHTML, like Gecko) Ubuntu Chromium/25.0.1364.160 Chrome/25.0.1364.160 Safari/537.22"
150.162.56.185 - - [20/May/2015:15:05:50 +0000] "GET /projects/xdotool/xdotool.xhtml HTTP/1.1" 200 50112 "http://www.semicomplete.com/projects/xdotool/xdotool.xhtml" "Mozilla/5.0 (X11; Linux i686) AppleWebKit/537.22 (KHTML, like Gecko) Ubuntu Chromium/25.0.1364.160 Chrome/25.0.1364.160 Safari/537.22"
23.30.147.145 - - [20/May/2015:15:05:25 +0000] "GET /presentations/logstash-metrics-sf-2012.10/ HTTP/1.1" 200 18729 "https://www.google.com/" "Mozilla/5.0 (Windows NT 6.1; WOW64) AppleWebKit/537.36 (KHTML, like Gecko) Chrome/32.0.1700.107 Safari/537.36"
23.30.147.145 - - [20/May/2015:15:05:19 +0000] "GET /presentations/logstash-metrics-sf-2012.10/css/preso.css HTTP/1.1" 200 1010 "http://semicomplete.com/presentations/logstash-metrics-sf-2012.10/" "Mozilla/5.0 (Windows NT 6.1; WOW64) AppleWebKit/537.36 (KHTML, like Gecko) Chrome/32.0.1700.107 Safari/537.36"
23.30.147.145 - - [20/May/2015:15:05:44 +0000] "GET /presentations/logstash-metrics-sf-2012.10/css/reset.css HTTP/1.1" 200 1382 "http://semicomplete.com/presentations/logstash-metrics-sf-2012.10/" "Mozilla/5.0 (Windows NT 6.1; WOW64) AppleWebKit/537.36 (KHTML, like Gecko) Chrome/32.0.1700.107 Safari/537.36"
23.30.147.145 - - [20/May/2015:16:05:04 +0000] "GET /presentations/logstash-metrics-sf-2012.10/css/main.css HTTP/1.1" 200 26498 "http://semicomplete.com/presentations/logstash-metrics-sf-2012.10/" "Mozilla/5.0 (Windows NT 6.1; WOW64) AppleWebKit/537.36 (KHTML, like Gecko) Chrome/32.0.1700.107 Safari/537.36"
23.30.147.145 - - [20/May/2015:16:05:39 +0000] "GET /presentations/logstash-metrics-sf-2012.10/lib/css/zenburn.css HTTP/1.1" 200 1791 "http://semicomplete.com/presentations/logstash-metrics-sf-2012.10/" "Mozilla/5.0 (Windows NT 6.1; WOW64) AppleWebKit/537.36 (KHTML, like Gecko) Chrome/32.0.1700.107 Safari/537.36"
23.30.147.145 - - [20/May/2015:16:05:19 +0000] "GET /presentations/logstash-metrics-sf-2012.10/lib/js/head.min.js HTTP/1.1" 200 3170 "http://semicomplete.com/presentations/logstash-metrics-sf-2012.10/" "Mozilla/5.0 (Windows NT 6.1; WOW64) AppleWebKit/537.36 (KHTML, like Gecko) Chrome/32.0.1700.107 Safari/537.36"
23.30.147.145 - - [20/May/2015:16:05:11 +0000] "GET /presentations/logstash-metrics-sf-2012.10/js/reveal.js HTTP/1.1" 200 29108 "http://semicomplete.com/presentations/logstash-metrics-sf-2012.10/" "Mozilla/5.0 (Windows NT 6.1; WOW64) AppleWebKit/537.36 (KHTML, like Gecko) Chrome/32.0.1700.107 Safari/537.36"
23.30.147.145 - - [20/May/2015:16:05:34 +0000] "GET /presentations/logstash-metrics-sf-2012.10/images/logstash.png HTTP/1.1" 200 47731 "http://semicomplete.com/presentations/logstash-metrics-sf-2012.10/" "Mozilla/5.0 (Windows NT 6.1; WOW64) AppleWebKit/537.36 (KHTML, like Gecko) Chrome/32.0.1700.107 Safari/537.36"
23.30.147.145 - - [20/May/2015:16:05:37 +0000] "GET /presentations/logstash-metrics-sf-2012.10/js/jquery.min.js HTTP/1.1" 200 93435 "http://semicomplete.com/presentations/logstash-metrics-sf-2012.10/" "Mozilla/5.0 (Windows NT 6.1; WOW64) AppleWebKit/537.36 (KHTML, like Gecko) Chrome/32.0.1700.107 Safari/537.36"
23.30.147.145 - - [20/May/2015:16:05:55 +0000] "GET /presentations/logstash-metrics-sf-2012.10/images/xkcd-perl.png HTTP/1.1" 200 80663 "http://semicomplete.com/presentations/logstash-metrics-sf-2012.10/" "Mozilla/5.0 (Windows NT 6.1; WOW64) AppleWebKit/537.36 (KHTML, like Gecko) Chrome/32.0.1700.107 Safari/537.36"
23.30.147.145 - - [20/May/2015:16:05:17 +0000] "GET /presentations/logstash-metrics-sf-2012.10/images/sysadvent.png HTTP/1.1" 200 108497 "http://semicomplete.com/presentations/logstash-metrics-sf-2012.10/" "Mozilla/5.0 (Windows NT 6.1; WOW64) AppleWebKit/537.36 (KHTML, like Gecko) Chrome/32.0.1700.107 Safari/537.36"
23.30.147.145 - - [20/May/2015:16:05:14 +0000] "GET /presentations/logstash-metrics-sf-2012.10/lib/font/league_gothic-webfont.ttf HTTP/1.1" 200 42324 "http://semicomplete.com/presentations/logstash-metrics-sf-2012.10/" "Mozilla/5.0 (Windows NT 6.1; WOW64) AppleWebKit/537.36 (KHTML, like Gecko) Chrome/32.0.1700.107 Safari/537.36"
23.30.147.145 - - [20/May/2015:16:05:46 +0000] "GET /presentations/logstash-metrics-sf-2012.10/images/ganglia.png HTTP/1.1" 200 24420 "http://semicomplete.com/presentations/logstash-metrics-sf-2012.10/" "Mozilla/5.0 (Windows NT 6.1; WOW64) AppleWebKit/537.36 (KHTML, like Gecko) Chrome/32.0.1700.107 Safari/537.36"
23.30.147.145 - - [20/May/2015:16:05:27 +0000] "GET /presentations/logstash-metrics-sf-2012.10/images/graphite.png HTTP/1.1" 200 11163 "http://semicomplete.com/presentations/logstash-metrics-sf-2012.10/" "Mozilla/5.0 (Windows NT 6.1; WOW64) AppleWebKit/537.36 (KHTML, like Gecko) Chrome/32.0.1700.107 Safari/537.36"
23.30.147.145 - - [20/May/2015:16:05:50 +0000] "GET /presentations/logstash-metrics-sf-2012.10/images/librato.png HTTP/1.1" 200 1991 "http://semicomplete.com/presentations/logstash-metrics-sf-2012.10/" "Mozilla/5.0 (Windows NT 6.1; WOW64) AppleWebKit/537.36 (KHTML, like Gecko) Chrome/32.0.1700.107 Safari/537.36"
23.30.147.145 - - [20/May/2015:16:05:36 +0000] "GET /presentations/logstash-metrics-sf-2012.10/images/stats-negative-min.png HTTP/1.1" 200 46139 "http://semicomplete.com/presentations/logstash-metrics-sf-2012.10/" "Mozilla/5.0 (Windows NT 6.1; WOW64) AppleWebKit/537.36 (KHTML, like Gecko) Chrome/32.0.1700.107 Safari/537.36"
23.30.147.145 - - [20/May/2015:16:05:17 +0000] "GET /presentations/logstash-metrics-sf-2012.10/images/vs.jpg HTTP/1.1" 200 23871 "http://semicomplete.com/presentations/logstash-metrics-sf-2012.10/" "Mozilla/5.0 (Windows NT 6.1; WOW64) AppleWebKit/537.36 (KHTML, like Gecko) Chrome/32.0.1700.107 Safari/537.36"
23.30.147.145 - - [20/May/2015:16:05:38 +0000] "GET /presentations/logstash-metrics-sf-2012.10/images/graphite-bieber-gangnam.png HTTP/1.1" 200 42501 "http://semicomplete.com/presentations/logstash-metrics-sf-2012.10/" "Mozilla/5.0 (Windows NT 6.1; WOW64) AppleWebKit/537.36 (KHTML, like Gecko) Chrome/32.0.1700.107 Safari/537.36"
23.30.147.145 - - [20/May/2015:16:05:12 +0000] "GET /presentations/logstash-metrics-sf-2012.10/images/graphite-bieber-gangnam-moving-average.png HTTP/1.1" 200 57048 "http://semicomplete.com/presentations/logstash-metrics-sf-2012.10/" "Mozilla/5.0 (Windows NT 6.1; WOW64) AppleWebKit/537.36 (KHTML, like Gecko) Chrome/32.0.1700.107 Safari/537.36"
23.30.147.145 - - [20/May/2015:16:05:06 +0000] "GET /presentations/logstash-metrics-sf-2012.10/images/logstash-apache-kibana.png HTTP/1.1" 200 14835 "http://semicomplete.com/presentations/logstash-metrics-sf-2012.10/" "Mozilla/5.0 (Windows NT 6.1; WOW64) AppleWebKit/537.36 (KHTML, like Gecko) Chrome/32.0.1700.107 Safari/537.36"
23.30.147.145 - - [20/May/2015:16:05:50 +0000] "GET /presentations/logstash-metrics-sf-2012.10/images/logstash-in-graphite.png HTTP/1.1" 200 22956 "http://semicomplete.com/presentations/logstash-metrics-sf-2012.10/" "Mozilla/5.0 (Windows NT 6.1; WOW64) AppleWebKit/537.36 (KHTML, like Gecko) Chrome/32.0.1700.107 Safari/537.36"
23.30.147.145 - - [20/May/2015:16:05:49 +0000] "GET /presentations/logstash-metrics-sf-2012.10/images/graphite-bieber-gangnam-ratio.png HTTP/1.1" 200 52923 "http://semicomplete.com/presentations/logstash-metrics-sf-2012.10/" "Mozilla/5.0 (Windows NT 6.1; WOW64) AppleWebKit/537.36 (KHTML, like Gecko) Chrome/32.0.1700.107 Safari/537.36"
23.30.147.145 - - [20/May/2015:16:05:41 +0000] "GET /presentations/logstash-metrics-sf-2012.10/css/print.css HTTP/1.1" 200 3995 "http://semicomplete.com/presentations/logstash-metrics-sf-2012.10/" "Mozilla/5.0 (Windows NT 6.1; WOW64) AppleWebKit/537.36 (KHTML, like Gecko) Chrome/32.0.1700.107 Safari/537.36"
23.30.147.145 - - [20/May/2015:16:05:05 +0000] "GET /presentations/logstash-metrics-sf-2012.10/images/apache-negative-duration.png HTTP/1.1" 200 97173 "http://semicomplete.com/presentations/logstash-metrics-sf-2012.10/" "Mozilla/5.0 (Windows NT 6.1; WOW64) AppleWebKit/537.36 (KHTML, like Gecko) Chrome/32.0.1700.107 Safari/537.36"
23.30.147.145 - - [20/May/2015:16:05:41 +0000] "GET /favicon.ico HTTP/1.1" 200 3638 "-" "Mozilla/5.0 (Windows NT 6.1; WOW64) AppleWebKit/537.36 (KHTML, like Gecko) Chrome/32.0.1700.107 Safari/537.36"
208.115.111.72 - - [20/May/2015:16:05:43 +0000] "GET /files/blogposts/20070617/navmacro.c HTTP/1.1" 200 4980 "-" "Mozilla/5.0 (compatible; Ezooms/1.0; help@moz.com)"
23.30.147.145 - - [20/May/2015:16:05:19 +0000] "GET /presentations/logstash-metrics-sf-2012.10/images/monitorama-bgclear.png HTTP/1.1" 200 483624 "http://semicomplete.com/presentations/logstash-metrics-sf-2012.10/" "Mozilla/5.0 (Windows NT 6.1; WOW64) AppleWebKit/537.36 (KHTML, like Gecko) Chrome/32.0.1700.107 Safari/537.36"
208.115.111.72 - - [20/May/2015:16:05:51 +0000] "GET /files/blogposts/20071206/?C=M;O=A HTTP/1.1" 200 988 "-" "Mozilla/5.0 (compatible; Ezooms/1.0; help@moz.com)"
208.115.111.72 - - [20/May/2015:16:05:11 +0000] "GET /files/firefox-urledit/?C=D;O=D HTTP/1.1" 200 975 "-" "Mozilla/5.0 (compatible; Ezooms/1.0; help@moz.com)"
208.115.111.72 - - [20/May/2015:16:05:17 +0000] "GET /files/winmgr/?C=N;O=A HTTP/1.1" 200 936 "-" "Mozilla/5.0 (compatible; Ezooms/1.0; help@moz.com)"
23.30.147.145 - - [20/May/2015:16:05:57 +0000] "GET /presentations/logstash-metrics-sf-2012.10/images/frontend-response-codes.png HTTP/1.1" 200 52878 "http://semicomplete.com/presentations/logstash-metrics-sf-2012.10/" "Mozilla/5.0 (Windows NT 6.1; WOW64) AppleWebKit/537.36 (KHTML, like Gecko) Chrome/32.0.1700.107 Safari/537.36"
79.197.82.119 - - [20/May/2015:16:05:51 +0000] "GET /blog/geekery/puppet-exported-resource-expiration.html HTTP/1.1" 200 9804 "http://www.google.de/url?sa=t&rct=j&q=&esrc=s&source=web&cd=9&ved=0CIMBEBYwCA&url=http%3A%2F%2Fwww.semicomplete.com%2Fblog%2Fgeekery%2Fpuppet-exported-resource-expiration.html&ei=AmACU7ehFfLe7AaCpoDgCg&usg=AFQjCNHhfvTCBSm7PtmmOzHoUt43xbCT8g&sig2=E4ESJeCFa5gkK_S3UE6naw&bvm=bv.61535280,d.ZGU&cad=rja" "Mozilla/5.0 (Windows NT 6.2; WOW64; rv:27.0) Gecko/20100101 Firefox/27.0"
46.105.14.53 - - [20/May/2015:16:05:21 +0000] "GET /blog/tags/puppet?flav=rss20 HTTP/1.1" 200 14872 "-" "UniversalFeedParser/4.2-pre-314-svn +http://feedparser.org/"
79.197.82.119 - - [20/May/2015:16:05:01 +0000] "GET /reset.css HTTP/1.1" 200 1015 "http://www.semicomplete.com/blog/geekery/puppet-exported-resource-expiration.html" "Mozilla/5.0 (Windows NT 6.2; WOW64; rv:27.0) Gecko/20100101 Firefox/27.0"
79.197.82.119 - - [20/May/2015:16:05:18 +0000] "GET /style2.css HTTP/1.1" 200 4877 "http://www.semicomplete.com/blog/geekery/puppet-exported-resource-expiration.html" "Mozilla/5.0 (Windows NT 6.2; WOW64; rv:27.0) Gecko/20100101 Firefox/27.0"
79.197.82.119 - - [20/May/2015:16:05:17 +0000] "GET /favicon.ico HTTP/1.1" 200 3638 "-" "Mozilla/5.0 (Windows NT 6.2; WOW64; rv:27.0) Gecko/20100101 Firefox/27.0"
79.197.82.119 - - [20/May/2015:16:05:47 +0000] "GET /images/jordan-80.png HTTP/1.1" 200 6146 "http://www.semicomplete.com/blog/geekery/puppet-exported-resource-expiration.html" "Mozilla/5.0 (Windows NT 6.2; WOW64; rv:27.0) Gecko/20100101 Firefox/27.0"
79.197.82.119 - - [20/May/2015:16:05:35 +0000] "GET /images/web/2009/banner.png HTTP/1.1" 200 52315 "http://www.semicomplete.com/style2.css" "Mozilla/5.0 (Windows NT 6.2; WOW64; rv:27.0) Gecko/20100101 Firefox/27.0"
208.115.111.72 - - [20/May/2015:16:05:53 +0000] "GET /scripts/?C=M;O=D HTTP/1.1" 200 21894 "-" "Mozilla/5.0 (compatible; Ezooms/1.0; help@moz.com)"
208.115.111.72 - - [20/May/2015:16:05:13 +0000] "GET /scripts/fastest_sites.py HTTP/1.1" 200 4159 "-" "Mozilla/5.0 (compatible; Ezooms/1.0; help@moz.com)"
208.115.111.72 - - [20/May/2015:16:05:32 +0000] "GET /files/xdotool/docs/html/functions.html HTTP/1.1" 200 6350 "-" "Mozilla/5.0 (compatible; Ezooms/1.0; help@moz.com)"
208.115.111.72 - - [20/May/2015:16:05:49 +0000] "GET /files/blogposts/20080310/?C=S;O=A HTTP/1.1" 200 976 "-" "Mozilla/5.0 (compatible; Ezooms/1.0; help@moz.com)"
208.115.111.72 - - [20/May/2015:16:05:27 +0000] "GET /files/java-chatclient/?C=S;O=D HTTP/1.1" 200 960 "-" "Mozilla/5.0 (compatible; Ezooms/1.0; help@moz.com)"
208.115.111.72 - - [20/May/2015:16:05:13 +0000] "GET /files/xdotool/docs/html/xdo_8h.html HTTP/1.1" 200 145776 "-" "Mozilla/5.0 (compatible; Ezooms/1.0; help@moz.com)"
208.115.111.72 - - [20/May/2015:16:05:42 +0000] "GET /?page=25 HTTP/1.1" 200 29492 "-" "Mozilla/5.0 (compatible; Ezooms/1.0; help@moz.com)"
208.115.111.72 - - [20/May/2015:16:05:07 +0000] "GET /scripts/python/wrap/?C=D;O=A HTTP/1.1" 200 2627 "-" "Mozilla/5.0 (compatible; Ezooms/1.0; help@moz.com)"
208.115.111.72 - - [20/May/2015:16:05:36 +0000] "GET /blog/2007/Aug/11 HTTP/1.1" 200 10622 "-" "Mozilla/5.0 (compatible; Ezooms/1.0; help@moz.com)"
208.115.111.72 - - [20/May/2015:16:05:48 +0000] "GET /blog/projects/fex/main.html HTTP/1.1" 200 14352 "-" "Mozilla/5.0 (compatible; Ezooms/1.0; help@moz.com)"
208.115.111.72 - - [20/May/2015:16:05:37 +0000] "GET /blog/projects/xmlpresenter/main.html HTTP/1.1" 200 11628 "-" "Mozilla/5.0 (compatible; Ezooms/1.0; help@moz.com)"
208.115.111.72 - - [20/May/2015:16:05:46 +0000] "GET /blog/tags/freebsd?page=1 HTTP/1.1" 200 28598 "-" "Mozilla/5.0 (compatible; Ezooms/1.0; help@moz.com)"
208.115.111.72 - - [20/May/2015:16:05:53 +0000] "GET /blog/tags/grok?page=1 HTTP/1.1" 200 30346 "-" "Mozilla/5.0 (compatible; Ezooms/1.0; help@moz.com)"
208.115.111.72 - - [20/May/2015:16:05:10 +0000] "GET /blog/tags/site HTTP/1.1" 200 28160 "-" "Mozilla/5.0 (compatible; Ezooms/1.0; help@moz.com)"
208.115.111.72 - - [20/May/2015:16:05:11 +0000] "GET /blog/tags/sqlite HTTP/1.1" 200 8979 "-" "Mozilla/5.0 (compatible; Ezooms/1.0; help@moz.com)"
208.115.111.72 - - [20/May/2015:16:05:23 +0000] "GET /blog/tags/sysadvent2010 HTTP/1.1" 200 9505 "-" "Mozilla/5.0 (compatible; Ezooms/1.0; help@moz.com)"
208.115.111.72 - - [20/May/2015:16:05:08 +0000] "GET /blog/tools/week-of-unix-day-1.html HTTP/1.1" 200 8411 "-" "Mozilla/5.0 (compatible; Ezooms/1.0; help@moz.com)"
94.253.195.219 - - [20/May/2015:16:05:26 +0000] "GET /projects/xdotool/ HTTP/1.1" 200 12292 "https://www.google.hr/" "Mozilla/5.0 (X11; Linux x86_64) AppleWebKit/537.36 (KHTML, like Gecko) Chrome/32.0.1700.107 Safari/537.36"
94.253.195.219 - - [20/May/2015:16:05:56 +0000] "GET /reset.css HTTP/1.1" 200 1015 "http://www.semicomplete.com/projects/xdotool/" "Mozilla/5.0 (X11; Linux x86_64) AppleWebKit/537.36 (KHTML, like Gecko) Chrome/32.0.1700.107 Safari/537.36"
94.253.195.219 - - [20/May/2015:16:05:44 +0000] "GET /images/jordan-80.png HTTP/1.1" 200 6146 "http://www.semicomplete.com/projects/xdotool/" "Mozilla/5.0 (X11; Linux x86_64) AppleWebKit/537.36 (KHTML, like Gecko) Chrome/32.0.1700.107 Safari/537.36"
94.253.195.219 - - [20/May/2015:16:05:16 +0000] "GET /style2.css HTTP/1.1" 200 4877 "http://www.semicomplete.com/projects/xdotool/" "Mozilla/5.0 (X11; Linux x86_64) AppleWebKit/537.36 (KHTML, like Gecko) Chrome/32.0.1700.107 Safari/537.36"
94.253.195.219 - - [20/May/2015:16:05:53 +0000] "GET /images/web/2009/banner.png HTTP/1.1" 200 52315 "http://www.semicomplete.com/projects/xdotool/" "Mozilla/5.0 (X11; Linux x86_64) AppleWebKit/537.36 (KHTML, like Gecko) Chrome/32.0.1700.107 Safari/537.36"
94.253.195.219 - - [20/May/2015:16:05:18 +0000] "GET /favicon.ico HTTP/1.1" 200 3638 "-" "Mozilla/5.0 (X11; Linux x86_64) AppleWebKit/537.36 (KHTML, like Gecko) Chrome/32.0.1700.107 Safari/537.36"
72.199.66.220 - - [20/May/2015:16:05:55 +0000] "GET /articles/dynamic-dns-with-dhcp/ HTTP/1.1" 200 18848 "http://www.google.com/url?sa=t&rct=j&q=&esrc=s&source=web&cd=1&ved=0CCkQFjAA&url=http%3A%2F%2Fwww.semicomplete.com%2Farticles%2Fdynamic-dns-with-dhcp%2F&ei=7WACU7-CI8uFogTDnYHgDw&usg=AFQjCNEF1X4Rs52UYQyLiySTQxa97ozM4g&sig2=5DgBFUIRlwAnB5NrLR4ytw" "Mozilla/5.0 (X11; Linux x86_64; rv:24.0) Gecko/20100101 Firefox/24.0"
72.199.66.220 - - [20/May/2015:16:05:42 +0000] "GET /reset.css HTTP/1.1" 200 1015 "http://www.semicomplete.com/articles/dynamic-dns-with-dhcp/" "Mozilla/5.0 (X11; Linux x86_64; rv:24.0) Gecko/20100101 Firefox/24.0"
72.199.66.220 - - [20/May/2015:16:05:07 +0000] "GET /favicon.ico HTTP/1.1" 200 3638 "-" "Mozilla/5.0 (X11; Linux x86_64; rv:24.0) Gecko/20100101 Firefox/24.0"
72.199.66.220 - - [20/May/2015:16:05:42 +0000] "GET /style2.css HTTP/1.1" 200 4877 "http://www.semicomplete.com/articles/dynamic-dns-with-dhcp/" "Mozilla/5.0 (X11; Linux x86_64; rv:24.0) Gecko/20100101 Firefox/24.0"
72.199.66.220 - - [20/May/2015:16:05:38 +0000] "GET /images/jordan-80.png HTTP/1.1" 200 6146 "http://www.semicomplete.com/articles/dynamic-dns-with-dhcp/" "Mozilla/5.0 (X11; Linux x86_64; rv:24.0) Gecko/20100101 Firefox/24.0"
72.199.66.220 - - [20/May/2015:16:05:11 +0000] "GET /images/web/2009/banner.png HTTP/1.1" 200 52315 "http://www.semicomplete.com/style2.css" "Mozilla/5.0 (X11; Linux x86_64; rv:24.0) Gecko/20100101 Firefox/24.0"
54.204.20.250 - - [20/May/2015:16:05:21 +0000] "GET /blog/geekery/ssl-latency.html HTTP/1.1" 200 17147 "-" "Mozilla/5.0 (compatible; Embedly/0.2; +http://support.embed.ly/)"
54.204.20.249 - - [20/May/2015:16:05:52 +0000] "GET /favicon.ico HTTP/1.1" 200 3638 "-" "Mozilla/5.0 (compatible; Embedly/0.2; snap; +http://support.embed.ly/)"
54.225.104.196 - - [20/May/2015:16:05:24 +0000] "GET /images/jordan-80.png HTTP/1.1" 200 6146 "-" "Mozilla/5.0 (compatible; Embedly/0.2; snap; +http://support.embed.ly/)"
66.249.73.135 - - [20/May/2015:16:05:34 +0000] "GET /blog/tags/database HTTP/1.1" 200 12107 "-" "Mozilla/5.0 (iPhone; CPU iPhone OS 6_0 like Mac OS X) AppleWebKit/536.26 (KHTML, like Gecko) Version/6.0 Mobile/10A5376e Safari/8536.25 (compatible; Googlebot/2.1; +http://www.google.com/bot.html)"
209.85.238.199 - - [20/May/2015:16:05:52 +0000] "GET /blog/tags/firefox?flav=rss20 HTTP/1.1" 200 16021 "-" "Feedfetcher-Google; (+http://www.google.com/feedfetcher.html; 3 subscribers; feed-id=14171215010336145331)"
173.232.106.129 - - [20/May/2015:16:05:44 +0000] "GET /presentations/logstash-metrics-sf-2012.10/ HTTP/1.0" 200 18729 "http://semicomplete.com/" "Mozilla/5.0 (Macintosh; Intel Mac OS X 10.7; rv:22.0) Gecko/20100101 Firefox/22.0"
173.232.106.129 - - [20/May/2015:16:05:56 +0000] "GET /presentations/logstash-metrics-sf-2012.10/ HTTP/1.0" 200 18729 "http://semicomplete.com/" "Mozilla/5.0 (Macintosh; Intel Mac OS X 10.7; rv:22.0) Gecko/20100101 Firefox/22.0"
195.248.32.227 - - [20/May/2015:16:05:52 +0000] "GET /favicon.ico HTTP/1.1" 304 - "-" "Mozilla/4.0 (compatible;)"
183.60.215.50 - - [20/May/2015:16:05:45 +0000] "GET /projects/keynav HTTP/1.1" 301 338 "-" "Mozilla/5.0 (compatible; EasouSpider; +http://www.easou.com/search/spider.html)"
46.105.14.53 - - [20/May/2015:16:05:37 +0000] "GET /blog/tags/puppet?flav=rss20 HTTP/1.1" 200 14872 "-" "UniversalFeedParser/4.2-pre-314-svn +http://feedparser.org/"
5.135.113.131 - - [20/May/2015:16:05:27 +0000] "GET /presentations/logstash-puppetconf-2012/ HTTP/1.0" 200 37269 "http://semicomplete.com/" "Mozilla/5.0 (Macintosh; Intel Mac OS X 10.7; rv:22.0) Gecko/20100101 Firefox/22.0"
5.135.113.131 - - [20/May/2015:16:05:14 +0000] "GET /presentations/puppet-at-loggly/puppet-at-loggly.pdf.html HTTP/1.0" 200 24747 "http://semicomplete.com/" "Mozilla/5.0 (Macintosh; Intel Mac OS X 10.7; rv:22.0) Gecko/20100101 Firefox/22.0"
65.55.52.111 - - [20/May/2015:16:05:51 +0000] "GET /blog/geekery/xsendevent-xdotool-and-ld_preload.html HTTP/1.1" 200 10049 "-" "Mozilla/5.0 (compatible; bingbot/2.0; +http://www.bing.com/bingbot.htm)"
74.125.176.145 - - [20/May/2015:16:05:03 +0000] "GET /?flav=rss20 HTTP/1.1" 200 29941 "-" "FeedBurner/1.0 (http://www.FeedBurner.com)"
66.249.73.135 - - [20/May/2015:16:05:54 +0000] "GET /blog/tags/examples HTTP/1.1" 200 9208 "-" "Mozilla/5.0 (iPhone; CPU iPhone OS 6_0 like Mac OS X) AppleWebKit/536.26 (KHTML, like Gecko) Version/6.0 Mobile/10A5376e Safari/8536.25 (compatible; Googlebot/2.1; +http://www.google.com/bot.html)"
188.238.146.131 - - [20/May/2015:16:05:39 +0000] "GET /presentations/logstash-scale11x/images/ahhh___rage_face_by_samusmmx-d5g5zap.png HTTP/1.1" 200 175208 "https://www.google.fi/" "Mozilla/5.0 (Linux; Android 4.1.2; LT25i Build/9.1.A.1.140) AppleWebKit/537.36 (KHTML, like Gecko) Chrome/31.0.1650.59 Mobile Safari/537.36"
209.85.238.199 - - [20/May/2015:16:05:52 +0000] "GET /?flav=atom HTTP/1.1" 200 32352 "-" "Feedfetcher-Google; (+http://www.google.com/feedfetcher.html; 16 subscribers; feed-id=3389821348893992437)"
66.249.73.135 - - [20/May/2015:16:05:02 +0000] "GET / HTTP/1.1" 200 37932 "-" "Mozilla/5.0 (compatible; Googlebot/2.1; +http://www.google.com/bot.html)"
128.118.108.67 - - [20/May/2015:16:05:04 +0000] "GET /favicon.ico HTTP/1.0" 200 3638 "-" "Safari/9537.73.11 CFNetwork/673.0.3 Darwin/13.0.0 (x86_64) (MacBookPro8%2C1)"
208.91.156.11 - - [20/May/2015:16:05:21 +0000] "GET /files/logstash/logstash-1.3.2-monolithic.jar HTTP/1.1" 404 324 "-" "Chef Client/10.18.2 (ruby-1.9.3-p327; ohai-6.16.0; x86_64-linux; +http://opscode.com)"
180.76.6.233 - - [20/May/2015:16:05:17 +0000] "GET /files/images/?C=N;O=A HTTP/1.1" 200 948 "-" "Mozilla/5.0 (compatible; Baiduspider/2.0; +http://www.baidu.com/search/spider.html)"
200.31.173.106 - - [20/May/2015:16:05:01 +0000] "GET /presentations/logstash-puppetconf-2012/ HTTP/1.1" 200 37269 "http://logstash.net/docs/1.3.3/learn" "Mozilla/5.0 (X11; Ubuntu; Linux x86_64; rv:21.0) Gecko/20100101 Firefox/21.0"
200.31.173.106 - - [20/May/2015:16:05:43 +0000] "GET /presentations/logstash-puppetconf-2012/css/print.css HTTP/1.1" 200 3995 "http://semicomplete.com/presentations/logstash-puppetconf-2012/" "Mozilla/5.0 (X11; Ubuntu; Linux x86_64; rv:21.0) Gecko/20100101 Firefox/21.0"
200.31.173.106 - - [20/May/2015:16:05:04 +0000] "GET /presentations/logstash-puppetconf-2012/css/reset.css HTTP/1.1" 200 1382 "http://semicomplete.com/presentations/logstash-puppetconf-2012/" "Mozilla/5.0 (X11; Ubuntu; Linux x86_64; rv:21.0) Gecko/20100101 Firefox/21.0"
200.31.173.106 - - [20/May/2015:16:05:25 +0000] "GET /presentations/logstash-puppetconf-2012/css/preso.css HTTP/1.1" 200 659 "http://semicomplete.com/presentations/logstash-puppetconf-2012/" "Mozilla/5.0 (X11; Ubuntu; Linux x86_64; rv:21.0) Gecko/20100101 Firefox/21.0"
200.31.173.106 - - [20/May/2015:16:05:14 +0000] "GET /presentations/logstash-puppetconf-2012/lib/css/zenburn.css HTTP/1.1" 200 1791 "http://semicomplete.com/presentations/logstash-puppetconf-2012/" "Mozilla/5.0 (X11; Ubuntu; Linux x86_64; rv:21.0) Gecko/20100101 Firefox/21.0"
200.31.173.106 - - [20/May/2015:16:05:46 +0000] "GET /presentations/logstash-puppetconf-2012/css/main.css HTTP/1.1" 200 26498 "http://semicomplete.com/presentations/logstash-puppetconf-2012/" "Mozilla/5.0 (X11; Ubuntu; Linux x86_64; rv:21.0) Gecko/20100101 Firefox/21.0"
200.31.173.106 - - [20/May/2015:16:05:19 +0000] "GET /presentations/logstash-puppetconf-2012/images/logstash.png HTTP/1.1" 200 47731 "http://semicomplete.com/presentations/logstash-puppetconf-2012/" "Mozilla/5.0 (X11; Ubuntu; Linux x86_64; rv:21.0) Gecko/20100101 Firefox/21.0"
200.31.173.106 - - [20/May/2015:16:05:28 +0000] "GET /presentations/logstash-puppetconf-2012/images/nagios-sms3.png HTTP/1.1" 200 65917 "http://semicomplete.com/presentations/logstash-puppetconf-2012/" "Mozilla/5.0 (X11; Ubuntu; Linux x86_64; rv:21.0) Gecko/20100101 Firefox/21.0"
200.31.173.106 - - [20/May/2015:16:05:40 +0000] "GET /presentations/logstash-puppetconf-2012/images/nagios-sms4.png HTTP/1.1" 200 72949 "http://semicomplete.com/presentations/logstash-puppetconf-2012/" "Mozilla/5.0 (X11; Ubuntu; Linux x86_64; rv:21.0) Gecko/20100101 Firefox/21.0"
200.31.173.106 - - [20/May/2015:16:05:35 +0000] "GET /presentations/logstash-puppetconf-2012/images/nagios-sms1.png HTTP/1.1" 200 55478 "http://semicomplete.com/presentations/logstash-puppetconf-2012/" "Mozilla/5.0 (X11; Ubuntu; Linux x86_64; rv:21.0) Gecko/20100101 Firefox/21.0"
200.31.173.106 - - [20/May/2015:16:05:37 +0000] "GET /presentations/logstash-puppetconf-2012/images/sysadvent.png HTTP/1.1" 200 108497 "http://semicomplete.com/presentations/logstash-puppetconf-2012/" "Mozilla/5.0 (X11; Ubuntu; Linux x86_64; rv:21.0) Gecko/20100101 Firefox/21.0"
200.31.173.106 - - [20/May/2015:16:05:49 +0000] "GET /presentations/logstash-puppetconf-2012/images/office-space-printer-beat-down-gif.gif HTTP/1.1" 404 364 "http://semicomplete.com/presentations/logstash-puppetconf-2012/" "Mozilla/5.0 (X11; Ubuntu; Linux x86_64; rv:21.0) Gecko/20100101 Firefox/21.0"
200.31.173.106 - - [20/May/2015:16:05:54 +0000] "GET /presentations/logstash-puppetconf-2012/images/pc-load-letter.jpg HTTP/1.1" 200 71808 "http://semicomplete.com/presentations/logstash-puppetconf-2012/" "Mozilla/5.0 (X11; Ubuntu; Linux x86_64; rv:21.0) Gecko/20100101 Firefox/21.0"
200.31.173.106 - - [20/May/2015:16:05:26 +0000] "GET /presentations/logstash-puppetconf-2012/images/nagios-sms5.png HTTP/1.1" 200 78075 "http://semicomplete.com/presentations/logstash-puppetconf-2012/" "Mozilla/5.0 (X11; Ubuntu; Linux x86_64; rv:21.0) Gecko/20100101 Firefox/21.0"
200.31.173.106 - - [20/May/2015:16:05:34 +0000] "GET /presentations/logstash-puppetconf-2012/images/nagios-sms2.png HTTP/1.1" 200 60656 "http://semicomplete.com/presentations/logstash-puppetconf-2012/" "Mozilla/5.0 (X11; Ubuntu; Linux x86_64; rv:21.0) Gecko/20100101 Firefox/21.0"
200.31.173.106 - - [20/May/2015:16:05:37 +0000] "GET /presentations/logstash-puppetconf-2012/images/xkcd-perl.png HTTP/1.1" 200 80663 "http://semicomplete.com/presentations/logstash-puppetconf-2012/" "Mozilla/5.0 (X11; Ubuntu; Linux x86_64; rv:21.0) Gecko/20100101 Firefox/21.0"
200.31.173.106 - - [20/May/2015:16:05:02 +0000] "GET /presentations/logstash-puppetconf-2012/images/frontend-response-codes.png HTTP/1.1" 200 52878 "http://semicomplete.com/presentations/logstash-puppetconf-2012/" "Mozilla/5.0 (X11; Ubuntu; Linux x86_64; rv:21.0) Gecko/20100101 Firefox/21.0"
200.31.173.106 - - [20/May/2015:16:05:50 +0000] "GET /presentations/logstash-puppetconf-2012/images/xkcd-perlswing-many.png HTTP/1.1" 200 100207 "http://semicomplete.com/presentations/logstash-puppetconf-2012/" "Mozilla/5.0 (X11; Ubuntu; Linux x86_64; rv:21.0) Gecko/20100101 Firefox/21.0"
200.31.173.106 - - [20/May/2015:16:05:03 +0000] "GET /presentations/logstash-puppetconf-2012/images/lifecycle.png HTTP/1.1" 200 9618 "http://semicomplete.com/presentations/logstash-puppetconf-2012/" "Mozilla/5.0 (X11; Ubuntu; Linux x86_64; rv:21.0) Gecko/20100101 Firefox/21.0"
200.31.173.106 - - [20/May/2015:16:05:08 +0000] "GET /presentations/logstash-puppetconf-2012/images/computer-keyboard-jacket.jpg HTTP/1.1" 200 176805 "http://semicomplete.com/presentations/logstash-puppetconf-2012/" "Mozilla/5.0 (X11; Ubuntu; Linux x86_64; rv:21.0) Gecko/20100101 Firefox/21.0"
200.31.173.106 - - [20/May/2015:16:05:32 +0000] "GET /presentations/logstash-puppetconf-2012/images/kibana-chef-agent.png HTTP/1.1" 200 73187 "http://semicomplete.com/presentations/logstash-puppetconf-2012/" "Mozilla/5.0 (X11; Ubuntu; Linux x86_64; rv:21.0) Gecko/20100101 Firefox/21.0"
200.31.173.106 - - [20/May/2015:16:05:06 +0000] "GET /presentations/logstash-puppetconf-2012/images/kibana-logstash-downloads.png HTTP/1.1" 200 95058 "http://semicomplete.com/presentations/logstash-puppetconf-2012/" "Mozilla/5.0 (X11; Ubuntu; Linux x86_64; rv:21.0) Gecko/20100101 Firefox/21.0"
200.31.173.106 - - [20/May/2015:16:05:46 +0000] "GET /presentations/logstash-puppetconf-2012/images/nagios-sms6.png HTTP/1.1" 200 82859 "http://semicomplete.com/presentations/logstash-puppetconf-2012/" "Mozilla/5.0 (X11; Ubuntu; Linux x86_64; rv:21.0) Gecko/20100101 Firefox/21.0"
200.31.173.106 - - [20/May/2015:16:05:36 +0000] "GET /presentations/logstash-puppetconf-2012/images/kibana-chef-hits-6min-each.png HTTP/1.1" 200 80555 "http://semicomplete.com/presentations/logstash-puppetconf-2012/" "Mozilla/5.0 (X11; Ubuntu; Linux x86_64; rv:21.0) Gecko/20100101 Firefox/21.0"
