217.17.193.66 - - [19/May/2015:22:05:13 +0000] "GET /style2.css HTTP/1.1" 200 4877 "http://www.semicomplete.com/blog/tags/logstash" "Mozilla/5.0 (Windows NT 6.3; WOW64) AppleWebKit/537.36 (KHTML, like Gecko) Chrome/33.0.1750.91 Safari/537.36"
217.17.193.66 - - [19/May/2015:22:05:30 +0000] "GET /images/web/2009/banner.png HTTP/1.1" 200 52315 "http://www.semicomplete.com/blog/tags/logstash" "Mozilla/5.0 (Windows NT 6.3; WOW64) AppleWebKit/537.36 (KHTML, like Gecko) Chrome/33.0.1750.91 Safari/537.36"
217.17.193.66 - - [19/May/2015:22:05:22 +0000] "GET /favicon.ico HTTP/1.1" 200 3638 "-" "Mozilla/5.0 (Windows NT 6.3; WOW64) AppleWebKit/537.36 (KHTML, like Gecko) Chrome/33.0.1750.91 Safari/537.36"
217.69.133.238 - - [19/May/2015:22:05:41 +0000] "GET /presentations/puppet-presentation/puppet-at-loggly.html HTTP/1.1" 304 - "-" "Mozilla/5.0 (compatible; Linux x86_64; Mail.RU_Bot/2.0; +http://go.mail.ru/help/robots)"
120.202.255.147 - - [19/May/2015:22:05:55 +0000] "GET /files/logstash/logstash-1.1.0-monolithic.jar HTTP/1.1" 304 - "-" "Mozilla/5.0 Gecko/20100115 Firefox/3.6"
46.105.14.53 - - [19/May/2015:22:05:27 +0000] "GET /blog/tags/puppet?flav=rss20 HTTP/1.1" 200 14872 "-" "UniversalFeedParser/4.2-pre-314-svn +http://feedparser.org/"
50.16.19.13 - - [19/May/2015:22:05:42 +0000] "GET /blog/tags/puppet?flav=rss20 HTTP/1.1" 200 14872 "http://www.semicomplete.com/blog/tags/puppet?flav=rss20" "Tiny Tiny RSS/1.11 (http://tt-rss.org/)"
60.29.35.14 - - [19/May/2015:22:05:39 +0000] "GET / HTTP/1.1" 200 37932 "http://www.semicomplete.com/" "Mozilla/5.0 (Macintosh; Intel Mac OS X 10.7; rv:22.0) Gecko/20100101 Firefox/22.0"
60.29.35.14 - - [19/May/2015:22:05:52 +0000] "GET /blog/geekery/installing-windows-8-consumer-preview.html HTTP/1.1" 200 8948 "http://www.semicomplete.com/" "Mozilla/5.0 (Macintosh; Intel Mac OS X 10.7; rv:22.0) Gecko/20100101 Firefox/22.0"
158.136.112.187 - - [19/May/2015:22:05:36 +0000] "GET /articles/dynamic-dns-with-dhcp/ HTTP/1.1" 200 18848 "-" "Mozilla/5.0 (X11; Linux x86_64) AppleWebKit/537.36 (KHTML, like Gecko) Chrome/32.0.1700.107 Safari/537.36"
186.9.133.54 - - [19/May/2015:22:05:15 +0000] "GET /presentations/logstash-monitorama-2013/images/kibana-search.png HTTP/1.1" 200 203023 "-" "Mozilla/5.0 (Macintosh; Intel Mac OS X 10_9_1) AppleWebKit/537.36 (KHTML, like Gecko) Chrome/32.0.1700.107 Safari/537.36"
128.118.108.67 - - [19/May/2015:22:05:54 +0000] "GET /favicon.ico HTTP/1.0" 200 3638 "-" "Safari/9537.73.11 CFNetwork/673.0.3 Darwin/13.0.0 (x86_64) (MacBookPro8%2C1)"
66.249.73.135 - - [19/May/2015:22:05:21 +0000] "GET /blog/tags/gphoto HTTP/1.1" 200 9048 "-" "Mozilla/5.0 (iPhone; CPU iPhone OS 6_0 like Mac OS X) AppleWebKit/536.26 (KHTML, like Gecko) Version/6.0 Mobile/10A5376e Safari/8536.25 (compatible; Googlebot/2.1; +http://www.google.com/bot.html)"
54.220.160.83 - - [19/May/2015:22:05:59 +0000] "GET /presentations/logstash-scale11x/images/jordan.jpg HTTP/1.1" 200 278476 "-" "Embedly +support@embed.ly"
78.26.132.172 - - [19/May/2015:22:05:25 +0000] "GET /projects/xdotool/xdotool.xhtml HTTP/1.1" 200 50112 "http://www.linux.org.ru/forum/general/8028503" "Mozilla/5.0 (X11; Linux i686) AppleWebKit/537.36 (KHTML, like Gecko) Ubuntu Chromium/30.0.1599.114 Chrome/30.0.1599.114 Safari/537.36"
78.26.132.172 - - [19/May/2015:22:05:28 +0000] "GET /favicon.ico HTTP/1.1" 200 3638 "-" "Mozilla/5.0 (X11; Linux i686) AppleWebKit/537.36 (KHTML, like Gecko) Ubuntu Chromium/30.0.1599.114 Chrome/30.0.1599.114 Safari/537.36"
46.105.14.53 - - [19/May/2015:22:05:34 +0000] "GET /blog/tags/puppet?flav=rss20 HTTP/1.1" 200 14872 "-" "UniversalFeedParser/4.2-pre-314-svn +http://feedparser.org/"
194.254.139.66 - - [19/May/2015:22:05:16 +0000] "GET /projects/xdotool/xdotool.xhtml HTTP/1.1" 200 50112 "-" "Mozilla/5.0 (X11; Ubuntu; Linux x86_64; rv:26.0) Gecko/20100101 Firefox/26.0"
195.38.23.137 - - [19/May/2015:22:05:24 +0000] "GET /projects/xdotool/xdotool.xhtml HTTP/1.1" 200 50112 "http://yandex.ru/clck/jsredir?from=yandex.ru%3Byandsearch%3Bweb%3B%3B%2Fweb%2Fitem%2Ftitle%2Cpos%2Cp1%2Csource%2Cweb&text=&etext=238.rJIskveIvnIV6N9H5Zj53nwB9urf41GRHjwHrOQpL0Q.917574d74039578a86be6e83719012a47692f107&uuid=&state=AiuY0DBWFJ4ePaEse6rgeAjgs2pI3DW99KUdgowt9XvoT-twMUKrgCbXY9MpaLOeNeHKaC8Z_SWk6Iy4EP2uXbblK8OgM6lcefxLCA3N7dU1D0whNTZP3_-0W2lwpMS0qaq9eoUEwWtH1lO-Vm-cfSkxpGvZvVnaVvrDrVp7TBQDL1-bHjmZJUFMQHWDu-y2_ns_zZMxFlgbyfvjoPG6Nwxc8iHMqMnqJkLBW5ZgJbxdQOCzX_KC-XWeuEn1e4Q8GwWY0DP9mmaIcnsuEAJFtDSkGqEB_06c&data=UlNrNmk5WktYejR0eWJFYk1LdmtxbkltVkpkY2pNazJfME13WkZDeTZXVE9kRmxxOTd2eUpiS0dteVZhN29EZVl5WURIT09VcXd5ZDcxY2doYWN2NVU5MlR1T0FRUkFYbzdUdGVVQ01QdGJwbE5DeHQ1SHlyXzVKbnk5enZrQW5kQ25Rd2lSTVdSNmoyZXFoSHdDMWZ3&b64e=2&sign=4baf4c07fa96b370d4dc9c4beebb7477&keyno=0&l10n=ru&mc=2.1280852788913944" "Mozilla/5.0 (Windows NT 6.1) AppleWebKit/537.36 (KHTML, like Gecko) Chrome/32.0.1700.107 Safari/537.36"
195.38.23.137 - - [19/May/2015:22:05:40 +0000] "GET /favicon.ico HTTP/1.1" 200 3638 "-" "Mozilla/5.0 (Windows NT 6.1) AppleWebKit/537.36 (KHTML, like Gecko) Chrome/32.0.1700.107 Safari/537.36"
180.211.69.209 - - [19/May/2015:22:05:10 +0000] "GET /presentations/logstash-scale11x/images/logstash.png HTTP/1.1" 200 47731 "http://kufli.blogspot.in/2013/07/log-analysis-using-logstash.html" "Mozilla/5.0 (Windows NT 6.1) AppleWebKit/537.36 (KHTML, like Gecko) Chrome/32.0.1700.107 Safari/537.36"
199.30.20.30 - - [19/May/2015:22:05:05 +0000] "GET /robots.txt HTTP/1.1" 200 - "-" "msnbot-media/1.1 (+http://search.msn.com/msnbot.htm)"
199.30.20.30 - - [19/May/2015:22:05:52 +0000] "GET /blog/geekery/bypassing-captive-portals.html HTTP/1.1" 200 10613 "-" "msnbot-media/1.1 (+http://search.msn.com/msnbot.htm)"
68.180.224.225 - - [19/May/2015:22:05:40 +0000] "GET /scripts/star HTTP/1.1" 200 397 "-" "Mozilla/5.0 (compatible; Yahoo! Slurp; http://help.yahoo.com/help/us/ysearch/slurp)"
66.249.73.135 - - [19/May/2015:22:05:53 +0000] "GET /blog/tags/logstash HTTP/1.1" 200 19007 "-" "Mozilla/5.0 (iPhone; CPU iPhone OS 6_0 like Mac OS X) AppleWebKit/536.26 (KHTML, like Gecko) Version/6.0 Mobile/10A5376e Safari/8536.25 (compatible; Googlebot/2.1; +http://www.google.com/bot.html)"
68.180.224.225 - - [19/May/2015:22:05:34 +0000] "GET /blog/tags/script HTTP/1.1" 200 9793 "-" "Mozilla/5.0 (compatible; Yahoo! Slurp; http://help.yahoo.com/help/us/ysearch/slurp)"
46.105.14.53 - - [19/May/2015:22:05:20 +0000] "GET /blog/tags/puppet?flav=rss20 HTTP/1.1" 200 14872 "-" "UniversalFeedParser/4.2-pre-314-svn +http://feedparser.org/"
193.167.195.60 - - [19/May/2015:22:05:12 +0000] "GET /blog/geekery/disabling-battery-in-ubuntu-vms.html HTTP/1.1" 200 9316 "http://www.google.com/url?sa=t&rct=j&q=&esrc=s&source=web&cd=3&ved=0CDEQFjAC&url=http%3A%2F%2Fwww.semicomplete.com%2Fblog%2Fgeekery%2Fdisabling-battery-in-ubuntu-vms.html&ei=MBMCU_CFJsP_ygPPyYGoDQ&usg=AFQjCNGCtI7nRwy4M6vo_Nl_oqhG1IsXZg&bvm=bv.61535280,d.bGQ" "Mozilla/5.0 (X11; Linux x86_64; rv:24.0) Gecko/20140205 Firefox/24.0 Iceweasel/24.3.0"
193.167.195.60 - - [19/May/2015:22:05:18 +0000] "GET /reset.css HTTP/1.1" 200 1015 "http://www.semicomplete.com/blog/geekery/disabling-battery-in-ubuntu-vms.html" "Mozilla/5.0 (X11; Linux x86_64; rv:24.0) Gecko/20140205 Firefox/24.0 Iceweasel/24.3.0"
193.167.195.60 - - [19/May/2015:22:05:30 +0000] "GET /favicon.ico HTTP/1.1" 200 3638 "-" "Mozilla/5.0 (X11; Linux x86_64; rv:24.0) Gecko/20140205 Firefox/24.0 Iceweasel/24.3.0"
193.167.195.60 - - [19/May/2015:22:05:55 +0000] "GET /style2.css HTTP/1.1" 200 4877 "http://www.semicomplete.com/blog/geekery/disabling-battery-in-ubuntu-vms.html" "Mozilla/5.0 (X11; Linux x86_64; rv:24.0) Gecko/20140205 Firefox/24.0 Iceweasel/24.3.0"
193.167.195.60 - - [19/May/2015:22:05:04 +0000] "GET /images/jordan-80.png HTTP/1.1" 200 6146 "http://www.semicomplete.com/blog/geekery/disabling-battery-in-ubuntu-vms.html" "Mozilla/5.0 (X11; Linux x86_64; rv:24.0) Gecko/20140205 Firefox/24.0 Iceweasel/24.3.0"
193.167.195.60 - - [19/May/2015:22:05:00 +0000] "GET /images/web/2009/banner.png HTTP/1.1" 200 52315 "http://www.semicomplete.com/style2.css" "Mozilla/5.0 (X11; Linux x86_64; rv:24.0) Gecko/20140205 Firefox/24.0 Iceweasel/24.3.0"
218.30.103.62 - - [19/May/2015:22:05:46 +0000] "GET / HTTP/1.1" 200 37932 "-" "Sogou web spider/4.0(+http://www.sogou.com/docs/help/webmasters.htm#07)"
66.249.73.135 - - [19/May/2015:22:05:18 +0000] "GET /blog/tags/minstrel HTTP/1.1" 200 10598 "-" "Mozilla/5.0 (compatible; Googlebot/2.1; +http://www.google.com/bot.html)"
74.125.19.81 - - [19/May/2015:22:05:54 +0000] "GET /?flav=rss20 HTTP/1.1" 200 29941 "-" "FeedBurner/1.0 (http://www.FeedBurner.com)"
218.30.103.62 - - [19/May/2015:22:05:27 +0000] "GET / HTTP/1.1" 200 37932 "-" "Sogou web spider/4.0(+http://www.sogou.com/docs/help/webmasters.htm#07)"
218.30.103.62 - - [19/May/2015:22:05:21 +0000] "GET /blog/geekery/debugging-java-performance.html HTTP/1.1" 200 15796 "-" "Sogou web spider/4.0(+http://www.sogou.com/docs/help/webmasters.htm#07)"
223.67.143.84 - - [19/May/2015:22:05:11 +0000] "GET /favicon.ico HTTP/1.1" 200 3638 "-" "Mozilla/5.0 (Windows NT 6.1; Win64; x64; rv:24.0) Gecko/20140208 Firefox/24.0 PaleMoon/24.3.2"
218.30.103.62 - - [19/May/2015:22:05:09 +0000] "GET /blog HTTP/1.1" 200 37936 "-" "Sogou web spider/4.0(+http://www.sogou.com/docs/help/webmasters.htm#07)"
193.50.193.83 - - [19/May/2015:22:05:17 +0000] "GET /articles/dynamic-dns-with-dhcp/ HTTP/1.0" 200 18848 "https://www.google.fr/" "Mozilla/5.0 (X11; Linux x86_64) AppleWebKit/537.36 (KHTML, like Gecko) Chrome/32.0.1700.107 Safari/537.36"
193.50.193.83 - - [19/May/2015:22:05:39 +0000] "GET /images/jordan-80.png HTTP/1.0" 200 6146 "http://www.semicomplete.com/articles/dynamic-dns-with-dhcp/" "Mozilla/5.0 (X11; Linux x86_64) AppleWebKit/537.36 (KHTML, like Gecko) Chrome/32.0.1700.107 Safari/537.36"
193.50.193.83 - - [19/May/2015:22:05:49 +0000] "GET /reset.css HTTP/1.0" 200 1015 "http://www.semicomplete.com/articles/dynamic-dns-with-dhcp/" "Mozilla/5.0 (X11; Linux x86_64) AppleWebKit/537.36 (KHTML, like Gecko) Chrome/32.0.1700.107 Safari/537.36"
193.50.193.83 - - [19/May/2015:22:05:30 +0000] "GET /style2.css HTTP/1.0" 200 4877 "http://www.semicomplete.com/articles/dynamic-dns-with-dhcp/" "Mozilla/5.0 (X11; Linux x86_64) AppleWebKit/537.36 (KHTML, like Gecko) Chrome/32.0.1700.107 Safari/537.36"
193.50.193.83 - - [19/May/2015:22:05:07 +0000] "GET /images/web/2009/banner.png HTTP/1.0" 200 52315 "http://www.semicomplete.com/articles/dynamic-dns-with-dhcp/" "Mozilla/5.0 (X11; Linux x86_64) AppleWebKit/537.36 (KHTML, like Gecko) Chrome/32.0.1700.107 Safari/537.36"
218.30.103.62 - - [19/May/2015:22:05:00 +0000] "GET /projects/xboxproxy HTTP/1.1" 301 341 "-" "Sogou web spider/4.0(+http://www.sogou.com/docs/help/webmasters.htm#07)"
218.30.103.62 - - [19/May/2015:22:05:06 +0000] "GET /projects/xboxproxy/ HTTP/1.1" 200 13171 "-" "Sogou web spider/4.0(+http://www.sogou.com/docs/help/webmasters.htm#07)"
193.50.193.83 - - [19/May/2015:22:05:03 +0000] "GET /favicon.ico HTTP/1.0" 200 3638 "-" "Mozilla/5.0 (X11; Linux x86_64) AppleWebKit/537.36 (KHTML, like Gecko) Chrome/32.0.1700.107 Safari/537.36"
81.136.131.79 - - [19/May/2015:22:05:07 +0000] "GET /presentations/puppet-at-loggly/puppet-at-loggly.pdf.html HTTP/1.1" 200 24747 "http://www.google.co.uk/url?sa=t&rct=j&q=&esrc=s&source=web&cd=5&sqi=2&ved=0CEIQFjAE&url=http%3A%2F%2Fsemicomplete.com%2Fpresentations%2Fpuppet-at-loggly%2Fpuppet-at-loggly.pdf.html&ei=lhMCU_GDG9OBhAfOk4D4AQ&usg=AFQjCNGNrd_1HxTJj9vzrdQYDKe1z1WX2A&bvm=bv.61535280,d.ZG4" "Mozilla/5.0 (Windows NT 6.1; WOW64; rv:27.0) Gecko/20100101 Firefox/27.0"
81.136.131.79 - - [19/May/2015:22:05:35 +0000] "GET /favicon.ico HTTP/1.1" 200 3638 "-" "Mozilla/5.0 (Windows NT 6.1; WOW64; rv:27.0) Gecko/20100101 Firefox/27.0"
198.55.109.202 - - [19/May/2015:22:05:48 +0000] "GET /presentations/logstash-scale11x/ HTTP/1.0" 200 54239 "http://semicomplete.com/" "Mozilla/5.0 (Macintosh; Intel Mac OS X 10.7; rv:22.0) Gecko/20100101 Firefox/22.0"
198.55.109.202 - - [19/May/2015:22:05:58 +0000] "GET /kibana/ HTTP/1.0" 200 4483 "http://semicomplete.com/" "Mozilla/5.0 (Macintosh; Intel Mac OS X 10.7; rv:22.0) Gecko/20100101 Firefox/22.0"
100.43.83.137 - - [19/May/2015:22:05:06 +0000] "GET /projects/xdotool/xdotool.xhtml HTTP/1.1" 200 50112 "-" "Mozilla/5.0 (compatible; YandexDirect/3.0; +http://yandex.com/bots)"
199.119.124.43 - - [19/May/2015:22:05:32 +0000] "GET /blog HTTP/1.1" 200 37936 "-" "Mozilla/5.0 (compatible; theoldreader.com)"
199.119.124.43 - - [19/May/2015:22:05:40 +0000] "GET /favicon.ico HTTP/1.1" 200 3638 "-" "Ruby"
66.249.73.135 - - [19/May/2015:22:05:29 +0000] "GET /blog/tags/firefox?flav=rss20 HTTP/1.1" 200 16021 "-" "Mozilla/5.0 (compatible; Googlebot/2.1; +http://www.google.com/bot.html)"
213.193.72.155 - - [19/May/2015:22:05:53 +0000] "GET /projects/xdotool/ HTTP/1.1" 200 12292 "http://unix.stackexchange.com/questions/87831/how-to-send-keystrokes-f5-from-terminal-to-a-process" "Mozilla/5.0 (Macintosh; Intel Mac OS X 10_9_1) AppleWebKit/537.36 (KHTML, like Gecko) Chrome/33.0.1750.91 Safari/537.36"
213.193.72.155 - - [19/May/2015:22:05:55 +0000] "GET /reset.css HTTP/1.1" 200 1015 "http://www.semicomplete.com/projects/xdotool/" "Mozilla/5.0 (Macintosh; Intel Mac OS X 10_9_1) AppleWebKit/537.36 (KHTML, like Gecko) Chrome/33.0.1750.91 Safari/537.36"
213.193.72.155 - - [19/May/2015:22:05:22 +0000] "GET /style2.css HTTP/1.1" 200 4877 "http://www.semicomplete.com/projects/xdotool/" "Mozilla/5.0 (Macintosh; Intel Mac OS X 10_9_1) AppleWebKit/537.36 (KHTML, like Gecko) Chrome/33.0.1750.91 Safari/537.36"
213.193.72.155 - - [19/May/2015:22:05:44 +0000] "GET /images/jordan-80.png HTTP/1.1" 200 6146 "http://www.semicomplete.com/projects/xdotool/" "Mozilla/5.0 (Macintosh; Intel Mac OS X 10_9_1) AppleWebKit/537.36 (KHTML, like Gecko) Chrome/33.0.1750.91 Safari/537.36"
213.193.72.155 - - [19/May/2015:22:05:35 +0000] "GET /images/web/2009/banner.png HTTP/1.1" 200 52315 "http://www.semicomplete.com/projects/xdotool/" "Mozilla/5.0 (Macintosh; Intel Mac OS X 10_9_1) AppleWebKit/537.36 (KHTML, like Gecko) Chrome/33.0.1750.91 Safari/537.36"
107.170.40.198 - - [19/May/2015:22:05:30 +0000] "GET /?flav=atom HTTP/1.1" 200 32352 "-" "Feedbin - 1 subscribers"
213.193.72.155 - - [19/May/2015:22:05:11 +0000] "GET /favicon.ico HTTP/1.1" 200 3638 "-" "Mozilla/5.0 (Macintosh; Intel Mac OS X 10_9_1) AppleWebKit/537.36 (KHTML, like Gecko) Chrome/33.0.1750.91 Safari/537.36"
139.184.30.132 - - [19/May/2015:22:05:23 +0000] "GET /projects/xdotool/ HTTP/1.0" 200 12292 "https://www.google.co.uk/" "Mozilla/5.0 (X11; Linux x86_64) AppleWebKit/537.36 (KHTML, like Gecko) Chrome/34.0.1833.5 Safari/537.36"
46.105.14.53 - - [19/May/2015:22:05:57 +0000] "GET /blog/tags/puppet?flav=rss20 HTTP/1.1" 200 14872 "-" "UniversalFeedParser/4.2-pre-314-svn +http://feedparser.org/"
66.249.83.239 - - [19/May/2015:22:05:03 +0000] "GET / HTTP/1.1" 200 37932 "-" "Mozilla/5.0 (Windows NT 6.1; rv:6.0) Gecko/20110814 Firefox/6.0 Google favicon"
66.249.83.239 - - [19/May/2015:22:05:16 +0000] "GET /favicon.ico HTTP/1.1" 200 3638 "-" "Mozilla/5.0 (Windows NT 6.1; rv:6.0) Gecko/20110814 Firefox/6.0 Google favicon"
68.180.224.225 - - [19/May/2015:22:05:50 +0000] "GET /blog/misc/206.html HTTP/1.1" 200 8366 "-" "Mozilla/5.0 (compatible; Yahoo! Slurp; http://help.yahoo.com/help/us/ysearch/slurp)"
208.91.156.11 - - [19/May/2015:22:05:30 +0000] "GET /files/logstash/logstash-1.3.2-monolithic.jar HTTP/1.1" 404 324 "-" "Chef Client/10.18.2 (ruby-1.9.3-p327; ohai-6.16.0; x86_64-linux; +http://opscode.com)"
217.195.202.13 - - [19/May/2015:22:05:03 +0000] "GET /files/logstash/semicomplete.com.access HTTP/1.1" 200 48437287 "-" "Mozilla/4.0 (compatible; MSIE 6.0; Windows NT 5.1; SV1)"
5.235.199.240 - - [19/May/2015:22:05:32 +0000] "GET /images/googledotcom.png HTTP/1.1" 200 65748 "-" "Mozilla/5.0 (Linux; U; Android 4.2.2; fa-ir; SM-T311 Build/JDQ39) AppleWebKit/534.30 (KHTML, like Gecko) Version/4.0 Safari/534.30"
130.237.218.86 - - [19/May/2015:22:05:18 +0000] "GET /presentations/logstash-1/ HTTP/1.1" 200 53270 "https://www.google.se/" "Mozilla/5.0 (Macintosh; Intel Mac OS X 10_9_1) AppleWebKit/537.36 (KHTML, like Gecko) Chrome/33.0.1750.91 Safari/537.36"
130.237.218.86 - - [19/May/2015:22:05:55 +0000] "GET /presentations/logstash-1/css/reset.css HTTP/1.1" 304 - "http://semicomplete.com/presentations/logstash-1/" "Mozilla/5.0 (Macintosh; Intel Mac OS X 10_9_1) AppleWebKit/537.36 (KHTML, like Gecko) Chrome/33.0.1750.91 Safari/537.36"
130.237.218.86 - - [19/May/2015:22:05:41 +0000] "GET /presentations/logstash-1/css/showoff.css HTTP/1.1" 304 - "http://semicomplete.com/presentations/logstash-1/" "Mozilla/5.0 (Macintosh; Intel Mac OS X 10_9_1) AppleWebKit/537.36 (KHTML, like Gecko) Chrome/33.0.1750.91 Safari/537.36"
130.237.218.86 - - [19/May/2015:22:05:40 +0000] "GET /presentations/logstash-1/js/jquery.cycle.all.js HTTP/1.1" 200 44129 "http://semicomplete.com/presentations/logstash-1/" "Mozilla/5.0 (Macintosh; Intel Mac OS X 10_9_1) AppleWebKit/537.36 (KHTML, like Gecko) Chrome/33.0.1750.91 Safari/537.36"
130.237.218.86 - - [19/May/2015:22:05:54 +0000] "GET /presentations/logstash-1/js/jquery-1.4.2.min.js HTTP/1.1" 200 72173 "http://semicomplete.com/presentations/logstash-1/" "Mozilla/5.0 (Macintosh; Intel Mac OS X 10_9_1) AppleWebKit/537.36 (KHTML, like Gecko) Chrome/33.0.1750.91 Safari/537.36"
130.237.218.86 - - [19/May/2015:22:05:29 +0000] "GET /presentations/logstash-1/js/jquery-print.js HTTP/1.1" 304 - "http://semicomplete.com/presentations/logstash-1/" "Mozilla/5.0 (Macintosh; Intel Mac OS X 10_9_1) AppleWebKit/537.36 (KHTML, like Gecko) Chrome/33.0.1750.91 Safari/537.36"
130.237.218.86 - - [19/May/2015:22:05:44 +0000] "GET /presentations/logstash-1/css/fg.menu.css HTTP/1.1" 304 - "http://semicomplete.com/presentations/logstash-1/" "Mozilla/5.0 (Macintosh; Intel Mac OS X 10_9_1) AppleWebKit/537.36 (KHTML, like Gecko) Chrome/33.0.1750.91 Safari/537.36"
130.237.218.86 - - [19/May/2015:22:05:00 +0000] "GET /presentations/logstash-1/css/theme/ui.all.css HTTP/1.1" 304 - "http://semicomplete.com/presentations/logstash-1/" "Mozilla/5.0 (Macintosh; Intel Mac OS X 10_9_1) AppleWebKit/537.36 (KHTML, like Gecko) Chrome/33.0.1750.91 Safari/537.36"
130.237.218.86 - - [19/May/2015:22:05:54 +0000] "GET /presentations/logstash-1/css/sh_style.css HTTP/1.1" 304 - "http://semicomplete.com/presentations/logstash-1/" "Mozilla/5.0 (Macintosh; Intel Mac OS X 10_9_1) AppleWebKit/537.36 (KHTML, like Gecko) Chrome/33.0.1750.91 Safari/537.36"
130.237.218.86 - - [19/May/2015:22:05:35 +0000] "GET /presentations/logstash-1/file/style.css HTTP/1.1" 304 - "http://semicomplete.com/presentations/logstash-1/" "Mozilla/5.0 (Macintosh; Intel Mac OS X 10_9_1) AppleWebKit/537.36 (KHTML, like Gecko) Chrome/33.0.1750.91 Safari/537.36"
130.237.218.86 - - [19/May/2015:22:05:49 +0000] "GET /presentations/logstash-1/js/jquery.batchImageLoad.js HTTP/1.1" 304 - "http://semicomplete.com/presentations/logstash-1/" "Mozilla/5.0 (Macintosh; Intel Mac OS X 10_9_1) AppleWebKit/537.36 (KHTML, like Gecko) Chrome/33.0.1750.91 Safari/537.36"
130.237.218.86 - - [19/May/2015:22:05:35 +0000] "GET /presentations/logstash-1/js/jquery.doubletap-0.1.js HTTP/1.1" 304 - "http://semicomplete.com/presentations/logstash-1/" "Mozilla/5.0 (Macintosh; Intel Mac OS X 10_9_1) AppleWebKit/537.36 (KHTML, like Gecko) Chrome/33.0.1750.91 Safari/537.36"
130.237.218.86 - - [19/May/2015:22:05:10 +0000] "GET /presentations/logstash-1/js/showoff.js HTTP/1.1" 304 - "http://semicomplete.com/presentations/logstash-1/" "Mozilla/5.0 (Macintosh; Intel Mac OS X 10_9_1) AppleWebKit/537.36 (KHTML, like Gecko) Chrome/33.0.1750.91 Safari/537.36"
130.237.218.86 - - [19/May/2015:22:05:18 +0000] "GET /presentations/logstash-1/js/fg.menu.js HTTP/1.1" 200 23668 "http://semicomplete.com/presentations/logstash-1/" "Mozilla/5.0 (Macintosh; Intel Mac OS X 10_9_1) AppleWebKit/537.36 (KHTML, like Gecko) Chrome/33.0.1750.91 Safari/537.36"
130.237.218.86 - - [19/May/2015:22:05:29 +0000] "GET /presentations/logstash-1/js/sh_main.min.js HTTP/1.1" 304 - "http://semicomplete.com/presentations/logstash-1/" "Mozilla/5.0 (Macintosh; Intel Mac OS X 10_9_1) AppleWebKit/537.36 (KHTML, like Gecko) Chrome/33.0.1750.91 Safari/537.36"
130.237.218.86 - - [19/May/2015:22:05:52 +0000] "GET /presentations/logstash-1/js/jTypeWriter.js HTTP/1.1" 304 - "http://semicomplete.com/presentations/logstash-1/" "Mozilla/5.0 (Macintosh; Intel Mac OS X 10_9_1) AppleWebKit/537.36 (KHTML, like Gecko) Chrome/33.0.1750.91 Safari/537.36"
130.237.218.86 - - [19/May/2015:22:05:12 +0000] "GET /presentations/logstash-1/js/core.js HTTP/1.1" 304 - "http://semicomplete.com/presentations/logstash-1/" "Mozilla/5.0 (Macintosh; Intel Mac OS X 10_9_1) AppleWebKit/537.36 (KHTML, like Gecko) Chrome/33.0.1750.91 Safari/537.36"
130.237.218.86 - - [19/May/2015:22:05:47 +0000] "GET /presentations/logstash-1/js/showoffcore.js HTTP/1.1" 304 - "http://semicomplete.com/presentations/logstash-1/" "Mozilla/5.0 (Macintosh; Intel Mac OS X 10_9_1) AppleWebKit/537.36 (KHTML, like Gecko) Chrome/33.0.1750.91 Safari/537.36"
130.237.218.86 - - [19/May/2015:22:05:29 +0000] "GET /presentations/logstash-1/js/coffee-script.js HTTP/1.1" 200 166159 "http://semicomplete.com/presentations/logstash-1/" "Mozilla/5.0 (Macintosh; Intel Mac OS X 10_9_1) AppleWebKit/537.36 (KHTML, like Gecko) Chrome/33.0.1750.91 Safari/537.36"
130.237.218.86 - - [19/May/2015:22:05:30 +0000] "GET /presentations/logstash-1/file/about-me/tequila-face.jpg HTTP/1.1" 200 196054 "http://semicomplete.com/presentations/logstash-1/" "Mozilla/5.0 (Macintosh; Intel Mac OS X 10_9_1) AppleWebKit/537.36 (KHTML, like Gecko) Chrome/33.0.1750.91 Safari/537.36"
130.237.218.86 - - [19/May/2015:22:05:16 +0000] "GET /presentations/logstash-1/css/theme/ui.base.css HTTP/1.1" 304 - "http://semicomplete.com/presentations/logstash-1/" "Mozilla/5.0 (Macintosh; Intel Mac OS X 10_9_1) AppleWebKit/537.36 (KHTML, like Gecko) Chrome/33.0.1750.91 Safari/537.36"
130.237.218.86 - - [19/May/2015:22:05:02 +0000] "GET /presentations/logstash-1/css/theme/ui.theme.css HTTP/1.1" 200 17041 "http://semicomplete.com/presentations/logstash-1/" "Mozilla/5.0 (Macintosh; Intel Mac OS X 10_9_1) AppleWebKit/537.36 (KHTML, like Gecko) Chrome/33.0.1750.91 Safari/537.36"
130.237.218.86 - - [19/May/2015:22:05:26 +0000] "GET /presentations/logstash-1/file/intro-logging-problems/apache-response-codes.png HTTP/1.1" 200 52878 "http://semicomplete.com/presentations/logstash-1/" "Mozilla/5.0 (Macintosh; Intel Mac OS X 10_9_1) AppleWebKit/537.36 (KHTML, like Gecko) Chrome/33.0.1750.91 Safari/537.36"
130.237.218.86 - - [19/May/2015:22:05:55 +0000] "GET /presentations/logstash-1/file/intro-logging-problems/RageFace.png HTTP/1.1" 200 19917 "http://semicomplete.com/presentations/logstash-1/" "Mozilla/5.0 (Macintosh; Intel Mac OS X 10_9_1) AppleWebKit/537.36 (KHTML, like Gecko) Chrome/33.0.1750.91 Safari/537.36"
130.237.218.86 - - [19/May/2015:22:05:31 +0000] "GET /presentations/logstash-1/css/theme/ui.core.css HTTP/1.1" 304 - "http://semicomplete.com/presentations/logstash-1/" "Mozilla/5.0 (Macintosh; Intel Mac OS X 10_9_1) AppleWebKit/537.36 (KHTML, like Gecko) Chrome/33.0.1750.91 Safari/537.36"
130.237.218.86 - - [19/May/2015:22:05:53 +0000] "GET /presentations/logstash-1/file/intro-logging-problems/xkcd.png HTTP/1.1" 200 80663 "http://semicomplete.com/presentations/logstash-1/" "Mozilla/5.0 (Macintosh; Intel Mac OS X 10_9_1) AppleWebKit/537.36 (KHTML, like Gecko) Chrome/33.0.1750.91 Safari/537.36"
130.237.218.86 - - [19/May/2015:22:05:43 +0000] "GET /presentations/logstash-1/file/intro-logging-problems/xkcd-perlswing-many.png HTTP/1.1" 200 100207 "http://semicomplete.com/presentations/logstash-1/" "Mozilla/5.0 (Macintosh; Intel Mac OS X 10_9_1) AppleWebKit/537.36 (KHTML, like Gecko) Chrome/33.0.1750.91 Safari/537.36"
130.237.218.86 - - [19/May/2015:22:05:17 +0000] "GET /presentations/logstash-1/css/theme/ui.accordion.css HTTP/1.1" 304 - "http://semicomplete.com/presentations/logstash-1/" "Mozilla/5.0 (Macintosh; Intel Mac OS X 10_9_1) AppleWebKit/537.36 (KHTML, like Gecko) Chrome/33.0.1750.91 Safari/537.36"
130.237.218.86 - - [19/May/2015:22:05:41 +0000] "GET /presentations/logstash-1/css/theme/ui.datepicker.css HTTP/1.1" 304 - "http://semicomplete.com/presentations/logstash-1/" "Mozilla/5.0 (Macintosh; Intel Mac OS X 10_9_1) AppleWebKit/537.36 (KHTML, like Gecko) Chrome/33.0.1750.91 Safari/537.36"
130.237.218.86 - - [19/May/2015:22:05:21 +0000] "GET /presentations/logstash-1/css/theme/ui.dialog.css HTTP/1.1" 304 - "http://semicomplete.com/presentations/logstash-1/" "Mozilla/5.0 (Macintosh; Intel Mac OS X 10_9_1) AppleWebKit/537.36 (KHTML, like Gecko) Chrome/33.0.1750.91 Safari/537.36"
130.237.218.86 - - [19/May/2015:22:05:01 +0000] "GET /presentations/logstash-1/css/theme/ui.progressbar.css HTTP/1.1" 304 - "http://semicomplete.com/presentations/logstash-1/" "Mozilla/5.0 (Macintosh; Intel Mac OS X 10_9_1) AppleWebKit/537.36 (KHTML, like Gecko) Chrome/33.0.1750.91 Safari/537.36"
130.237.218.86 - - [19/May/2015:22:05:57 +0000] "GET /presentations/logstash-1/css/theme/ui.resizable.css HTTP/1.1" 304 - "http://semicomplete.com/presentations/logstash-1/" "Mozilla/5.0 (Macintosh; Intel Mac OS X 10_9_1) AppleWebKit/537.36 (KHTML, like Gecko) Chrome/33.0.1750.91 Safari/537.36"
130.237.218.86 - - [19/May/2015:22:05:12 +0000] "GET /presentations/logstash-1/css/theme/ui.slider.css HTTP/1.1" 304 - "http://semicomplete.com/presentations/logstash-1/" "Mozilla/5.0 (Macintosh; Intel Mac OS X 10_9_1) AppleWebKit/537.36 (KHTML, like Gecko) Chrome/33.0.1750.91 Safari/537.36"
130.237.218.86 - - [19/May/2015:22:05:26 +0000] "GET /presentations/logstash-1/css/theme/ui.tabs.css HTTP/1.1" 304 - "http://semicomplete.com/presentations/logstash-1/" "Mozilla/5.0 (Macintosh; Intel Mac OS X 10_9_1) AppleWebKit/537.36 (KHTML, like Gecko) Chrome/33.0.1750.91 Safari/537.36"
130.237.218.86 - - [19/May/2015:22:05:24 +0000] "GET /presentations/logstash-1/file/logstash/logstash.png HTTP/1.1" 200 47731 "http://semicomplete.com/presentations/logstash-1/" "Mozilla/5.0 (Macintosh; Intel Mac OS X 10_9_1) AppleWebKit/537.36 (KHTML, like Gecko) Chrome/33.0.1750.91 Safari/537.36"
130.237.218.86 - - [19/May/2015:22:05:21 +0000] "GET /presentations/logstash-1/css/theme/images/ui-bg_highlight-soft_25_327E04_1x100.png HTTP/1.1" 304 - "http://semicomplete.com/presentations/logstash-1/" "Mozilla/5.0 (Macintosh; Intel Mac OS X 10_9_1) AppleWebKit/537.36 (KHTML, like Gecko) Chrome/33.0.1750.91 Safari/537.36"
130.237.218.86 - - [19/May/2015:23:05:08 +0000] "GET /presentations/logstash-1/file/logstash-roadmap/kibana.png HTTP/1.1" 200 56686 "http://semicomplete.com/presentations/logstash-1/" "Mozilla/5.0 (Macintosh; Intel Mac OS X 10_9_1) AppleWebKit/537.36 (KHTML, like Gecko) Chrome/33.0.1750.91 Safari/537.36"
130.237.218.86 - - [19/May/2015:23:05:40 +0000] "GET /presentations/logstash-1/file/logstash-roadmap/elasticsearch-logstash-piesnacking.png HTTP/1.1" 200 21820 "http://semicomplete.com/presentations/logstash-1/" "Mozilla/5.0 (Macintosh; Intel Mac OS X 10_9_1) AppleWebKit/537.36 (KHTML, like Gecko) Chrome/33.0.1750.91 Safari/537.36"
130.237.218.86 - - [19/May/2015:23:05:48 +0000] "GET /presentations/logstash-1/file/logstash/single-host-example.png HTTP/1.1" 200 123091 "http://semicomplete.com/presentations/logstash-1/" "Mozilla/5.0 (Macintosh; Intel Mac OS X 10_9_1) AppleWebKit/537.36 (KHTML, like Gecko) Chrome/33.0.1750.91 Safari/537.36"
130.237.218.86 - - [19/May/2015:23:05:43 +0000] "GET /presentations/logstash-1/css/theme/images/ui-icons_eeeeee_256x240.png HTTP/1.1" 304 - "http://semicomplete.com/presentations/logstash-1/" "Mozilla/5.0 (Macintosh; Intel Mac OS X 10_9_1) AppleWebKit/537.36 (KHTML, like Gecko) Chrome/33.0.1750.91 Safari/537.36"
130.237.218.86 - - [19/May/2015:23:05:25 +0000] "GET /image/logstash.png HTTP/1.1" 404 298 "http://semicomplete.com/presentations/logstash-1/" "Mozilla/5.0 (Macintosh; Intel Mac OS X 10_9_1) AppleWebKit/537.36 (KHTML, like Gecko) Chrome/33.0.1750.91 Safari/537.36"
130.237.218.86 - - [19/May/2015:23:05:36 +0000] "GET /presentations/logstash-1/file/logstash/multi-host-example.png HTTP/1.1" 200 196093 "http://semicomplete.com/presentations/logstash-1/" "Mozilla/5.0 (Macintosh; Intel Mac OS X 10_9_1) AppleWebKit/537.36 (KHTML, like Gecko) Chrome/33.0.1750.91 Safari/537.36"
66.249.73.135 - - [19/May/2015:23:05:12 +0000] "GET /scripts/pagetitle.py HTTP/1.1" 304 - "-" "Mozilla/5.0 (iPhone; CPU iPhone OS 6_0 like Mac OS X) AppleWebKit/536.26 (KHTML, like Gecko) Version/6.0 Mobile/10A5376e Safari/8536.25 (compatible; Googlebot/2.1; +http://www.google.com/bot.html)"
50.16.19.13 - - [19/May/2015:23:05:35 +0000] "GET /blog/tags/puppet?flav=rss20 HTTP/1.1" 200 14872 "http://www.semicomplete.com/blog/tags/puppet?flav=rss20" "Tiny Tiny RSS/1.11 (http://tt-rss.org/)"
208.43.251.181 - - [19/May/2015:23:05:04 +0000] "GET /robots.txt HTTP/1.1" 200 - "-" "Mozilla/5.0 (compatible; MSIE 9.0; Windows NT 6.1; WOW64; Trident/5.0; chromeframe/19.0.1084.52)"
130.237.218.86 - - [19/May/2015:23:05:19 +0000] "GET /presentations HTTP/1.1" 301 328 "-" "Mozilla/5.0 (Macintosh; Intel Mac OS X 10_9_1) AppleWebKit/537.36 (KHTML, like Gecko) Chrome/33.0.1750.91 Safari/537.36"
130.237.218.86 - - [19/May/2015:23:05:15 +0000] "GET /presentations/ HTTP/1.1" 200 6217 "-" "Mozilla/5.0 (Macintosh; Intel Mac OS X 10_9_1) AppleWebKit/537.36 (KHTML, like Gecko) Chrome/33.0.1750.91 Safari/537.36"
130.237.218.86 - - [19/May/2015:23:05:35 +0000] "GET /icons/back.gif HTTP/1.1" 200 216 "http://semicomplete.com/presentations/" "Mozilla/5.0 (Macintosh; Intel Mac OS X 10_9_1) AppleWebKit/537.36 (KHTML, like Gecko) Chrome/33.0.1750.91 Safari/537.36"
130.237.218.86 - - [19/May/2015:23:05:10 +0000] "GET /icons/folder.gif HTTP/1.1" 200 225 "http://semicomplete.com/presentations/" "Mozilla/5.0 (Macintosh; Intel Mac OS X 10_9_1) AppleWebKit/537.36 (KHTML, like Gecko) Chrome/33.0.1750.91 Safari/537.36"
130.237.218.86 - - [19/May/2015:23:05:14 +0000] "GET /icons/blank.gif HTTP/1.1" 200 148 "http://semicomplete.com/presentations/" "Mozilla/5.0 (Macintosh; Intel Mac OS X 10_9_1) AppleWebKit/537.36 (KHTML, like Gecko) Chrome/33.0.1750.91 Safari/537.36"
130.237.218.86 - - [19/May/2015:23:05:31 +0000] "GET /icons/layout.gif HTTP/1.1" 200 276 "http://semicomplete.com/presentations/" "Mozilla/5.0 (Macintosh; Intel Mac OS X 10_9_1) AppleWebKit/537.36 (KHTML, like Gecko) Chrome/33.0.1750.91 Safari/537.36"
208.43.251.181 - - [19/May/2015:23:05:09 +0000] "GET /blog/tags/logger HTTP/1.1" 200 11024 "-" "Mozilla/5.0 (compatible; MSIE 9.0; Windows NT 6.1; WOW64; Trident/5.0; chromeframe/19.0.1084.52)"
193.50.193.83 - - [19/May/2015:23:05:22 +0000] "GET /files/dynamic-dns-with-dhcp/dhcpd.conf HTTP/1.0" 200 2269 "http://www.semicomplete.com/articles/dynamic-dns-with-dhcp/" "Mozilla/5.0 (X11; Linux x86_64) AppleWebKit/537.36 (KHTML, like Gecko) Chrome/32.0.1700.107 Safari/537.36"
130.237.218.86 - - [19/May/2015:23:05:35 +0000] "GET /presentations/logstash-intro/ HTTP/1.1" 200 53238 "http://semicomplete.com/presentations/" "Mozilla/5.0 (Macintosh; Intel Mac OS X 10_9_1) AppleWebKit/537.36 (KHTML, like Gecko) Chrome/33.0.1750.91 Safari/537.36"
130.237.218.86 - - [19/May/2015:23:05:33 +0000] "GET /presentations/logstash-intro/css/reset.css HTTP/1.1" 200 1015 "http://semicomplete.com/presentations/logstash-intro/" "Mozilla/5.0 (Macintosh; Intel Mac OS X 10_9_1) AppleWebKit/537.36 (KHTML, like Gecko) Chrome/33.0.1750.91 Safari/537.36"
130.237.218.86 - - [19/May/2015:23:05:29 +0000] "GET /presentations/logstash-intro/css/showoff.css HTTP/1.1" 200 9950 "http://semicomplete.com/presentations/logstash-intro/" "Mozilla/5.0 (Macintosh; Intel Mac OS X 10_9_1) AppleWebKit/537.36 (KHTML, like Gecko) Chrome/33.0.1750.91 Safari/537.36"
130.237.218.86 - - [19/May/2015:23:05:07 +0000] "GET /presentations/logstash-intro/css/fg.menu.css HTTP/1.1" 200 4220 "http://semicomplete.com/presentations/logstash-intro/" "Mozilla/5.0 (Macintosh; Intel Mac OS X 10_9_1) AppleWebKit/537.36 (KHTML, like Gecko) Chrome/33.0.1750.91 Safari/537.36"
130.237.218.86 - - [19/May/2015:23:05:31 +0000] "GET /presentations/logstash-intro/css/theme/ui.all.css HTTP/1.1" 200 47 "http://semicomplete.com/presentations/logstash-intro/" "Mozilla/5.0 (Macintosh; Intel Mac OS X 10_9_1) AppleWebKit/537.36 (KHTML, like Gecko) Chrome/33.0.1750.91 Safari/537.36"
130.237.218.86 - - [19/May/2015:23:05:53 +0000] "GET /presentations/logstash-intro/css/sh_style.css HTTP/1.1" 200 3279 "http://semicomplete.com/presentations/logstash-intro/" "Mozilla/5.0 (Macintosh; Intel Mac OS X 10_9_1) AppleWebKit/537.36 (KHTML, like Gecko) Chrome/33.0.1750.91 Safari/537.36"
130.237.218.86 - - [19/May/2015:23:05:58 +0000] "GET /presentations/logstash-intro/file/style.css HTTP/1.1" 200 573 "http://semicomplete.com/presentations/logstash-intro/" "Mozilla/5.0 (Macintosh; Intel Mac OS X 10_9_1) AppleWebKit/537.36 (KHTML, like Gecko) Chrome/33.0.1750.91 Safari/537.36"
130.237.218.86 - - [19/May/2015:23:05:48 +0000] "GET /presentations/logstash-intro/js/jquery-1.4.2.min.js HTTP/1.1" 200 72173 "http://semicomplete.com/presentations/logstash-intro/" "Mozilla/5.0 (Macintosh; Intel Mac OS X 10_9_1) AppleWebKit/537.36 (KHTML, like Gecko) Chrome/33.0.1750.91 Safari/537.36"
130.237.218.86 - - [19/May/2015:23:05:44 +0000] "GET /presentations/logstash-intro/js/jquery.cycle.all.js HTTP/1.1" 200 44129 "http://semicomplete.com/presentations/logstash-intro/" "Mozilla/5.0 (Macintosh; Intel Mac OS X 10_9_1) AppleWebKit/537.36 (KHTML, like Gecko) Chrome/33.0.1750.91 Safari/537.36"
130.237.218.86 - - [19/May/2015:23:05:10 +0000] "GET /presentations/logstash-intro/js/jquery-print.js HTTP/1.1" 200 3344 "http://semicomplete.com/presentations/logstash-intro/" "Mozilla/5.0 (Macintosh; Intel Mac OS X 10_9_1) AppleWebKit/537.36 (KHTML, like Gecko) Chrome/33.0.1750.91 Safari/537.36"
130.237.218.86 - - [19/May/2015:23:05:07 +0000] "GET /presentations/logstash-intro/js/jquery.batchImageLoad.js HTTP/1.1" 200 1711 "http://semicomplete.com/presentations/logstash-intro/" "Mozilla/5.0 (Macintosh; Intel Mac OS X 10_9_1) AppleWebKit/537.36 (KHTML, like Gecko) Chrome/33.0.1750.91 Safari/537.36"
130.237.218.86 - - [19/May/2015:23:05:30 +0000] "GET /presentations/logstash-intro/js/jquery.doubletap-0.1.js HTTP/1.1" 200 3037 "http://semicomplete.com/presentations/logstash-intro/" "Mozilla/5.0 (Macintosh; Intel Mac OS X 10_9_1) AppleWebKit/537.36 (KHTML, like Gecko) Chrome/33.0.1750.91 Safari/537.36"
130.237.218.86 - - [19/May/2015:23:05:48 +0000] "GET /presentations/logstash-intro/js/fg.menu.js HTTP/1.1" 200 23668 "http://semicomplete.com/presentations/logstash-intro/" "Mozilla/5.0 (Macintosh; Intel Mac OS X 10_9_1) AppleWebKit/537.36 (KHTML, like Gecko) Chrome/33.0.1750.91 Safari/537.36"
130.237.218.86 - - [19/May/2015:23:05:52 +0000] "GET /presentations/logstash-intro/js/showoff.js HTTP/1.1" 200 13612 "http://semicomplete.com/presentations/logstash-intro/" "Mozilla/5.0 (Macintosh; Intel Mac OS X 10_9_1) AppleWebKit/537.36 (KHTML, like Gecko) Chrome/33.0.1750.91 Safari/537.36"
130.237.218.86 - - [19/May/2015:23:05:15 +0000] "GET /presentations/logstash-intro/js/jTypeWriter.js HTTP/1.1" 200 3088 "http://semicomplete.com/presentations/logstash-intro/" "Mozilla/5.0 (Macintosh; Intel Mac OS X 10_9_1) AppleWebKit/537.36 (KHTML, like Gecko) Chrome/33.0.1750.91 Safari/537.36"
130.237.218.86 - - [19/May/2015:23:05:01 +0000] "GET /presentations/logstash-intro/js/sh_main.min.js HTTP/1.1" 200 5305 "http://semicomplete.com/presentations/logstash-intro/" "Mozilla/5.0 (Macintosh; Intel Mac OS X 10_9_1) AppleWebKit/537.36 (KHTML, like Gecko) Chrome/33.0.1750.91 Safari/537.36"
130.237.218.86 - - [19/May/2015:23:05:22 +0000] "GET /presentations/logstash-intro/js/showoffcore.js HTTP/1.1" 200 334 "http://semicomplete.com/presentations/logstash-intro/" "Mozilla/5.0 (Macintosh; Intel Mac OS X 10_9_1) AppleWebKit/537.36 (KHTML, like Gecko) Chrome/33.0.1750.91 Safari/537.36"
130.237.218.86 - - [19/May/2015:23:05:55 +0000] "GET /presentations/logstash-intro/js/core.js HTTP/1.1" 200 2195 "http://semicomplete.com/presentations/logstash-intro/" "Mozilla/5.0 (Macintosh; Intel Mac OS X 10_9_1) AppleWebKit/537.36 (KHTML, like Gecko) Chrome/33.0.1750.91 Safari/537.36"
130.237.218.86 - - [19/May/2015:23:05:04 +0000] "GET /presentations/logstash-intro/file/about-me/tequila-face.jpg HTTP/1.1" 200 196054 "http://semicomplete.com/presentations/logstash-intro/" "Mozilla/5.0 (Macintosh; Intel Mac OS X 10_9_1) AppleWebKit/537.36 (KHTML, like Gecko) Chrome/33.0.1750.91 Safari/537.36"
130.237.218.86 - - [19/May/2015:23:05:43 +0000] "GET /presentations/logstash-intro/js/coffee-script.js HTTP/1.1" 200 166159 "http://semicomplete.com/presentations/logstash-intro/" "Mozilla/5.0 (Macintosh; Intel Mac OS X 10_9_1) AppleWebKit/537.36 (KHTML, like Gecko) Chrome/33.0.1750.91 Safari/537.36"
208.43.251.181 - - [19/May/2015:23:05:53 +0000] "GET /blog/tags/barcamp HTTP/1.1" 200 44422 "-" "Mozilla/5.0 (compatible; MSIE 9.0; Windows NT 6.1; WOW64; Trident/5.0; chromeframe/19.0.1084.52)"
130.237.218.86 - - [19/May/2015:23:05:12 +0000] "GET /presentations/logstash-intro/css/theme/ui.base.css HTTP/1.1" 200 252 "http://semicomplete.com/presentations/logstash-intro/" "Mozilla/5.0 (Macintosh; Intel Mac OS X 10_9_1) AppleWebKit/537.36 (KHTML, like Gecko) Chrome/33.0.1750.91 Safari/537.36"
130.237.218.86 - - [19/May/2015:23:05:19 +0000] "GET /presentations/logstash-intro/css/theme/ui.theme.css HTTP/1.1" 200 17041 "http://semicomplete.com/presentations/logstash-intro/" "Mozilla/5.0 (Macintosh; Intel Mac OS X 10_9_1) AppleWebKit/537.36 (KHTML, like Gecko) Chrome/33.0.1750.91 Safari/537.36"
130.237.218.86 - - [19/May/2015:23:05:59 +0000] "GET /presentations/logstash-intro/file/intro-logging-problems/apache-response-codes.png HTTP/1.1" 200 52878 "http://semicomplete.com/presentations/logstash-intro/" "Mozilla/5.0 (Macintosh; Intel Mac OS X 10_9_1) AppleWebKit/537.36 (KHTML, like Gecko) Chrome/33.0.1750.91 Safari/537.36"
130.237.218.86 - - [19/May/2015:23:05:22 +0000] "GET /presentations/logstash-intro/file/intro-logging-problems/RageFace.png HTTP/1.1" 200 19917 "http://semicomplete.com/presentations/logstash-intro/" "Mozilla/5.0 (Macintosh; Intel Mac OS X 10_9_1) AppleWebKit/537.36 (KHTML, like Gecko) Chrome/33.0.1750.91 Safari/537.36"
130.237.218.86 - - [19/May/2015:23:05:58 +0000] "GET /presentations/logstash-intro/css/theme/ui.core.css HTTP/1.1" 200 1352 "http://semicomplete.com/presentations/logstash-intro/" "Mozilla/5.0 (Macintosh; Intel Mac OS X 10_9_1) AppleWebKit/537.36 (KHTML, like Gecko) Chrome/33.0.1750.91 Safari/537.36"
130.237.218.86 - - [19/May/2015:23:05:31 +0000] "GET /presentations/logstash-intro/file/intro-logging-problems/xkcd.png HTTP/1.1" 200 80663 "http://semicomplete.com/presentations/logstash-intro/" "Mozilla/5.0 (Macintosh; Intel Mac OS X 10_9_1) AppleWebKit/537.36 (KHTML, like Gecko) Chrome/33.0.1750.91 Safari/537.36"
130.237.218.86 - - [19/May/2015:23:05:29 +0000] "GET /presentations/logstash-intro/file/intro-logging-problems/xkcd-perlswing-many.png HTTP/1.1" 200 100207 "http://semicomplete.com/presentations/logstash-intro/" "Mozilla/5.0 (Macintosh; Intel Mac OS X 10_9_1) AppleWebKit/537.36 (KHTML, like Gecko) Chrome/33.0.1750.91 Safari/537.36"
130.237.218.86 - - [19/May/2015:23:05:52 +0000] "GET /presentations/logstash-intro/css/theme/ui.accordion.css HTTP/1.1" 200 711 "http://semicomplete.com/presentations/logstash-intro/" "Mozilla/5.0 (Macintosh; Intel Mac OS X 10_9_1) AppleWebKit/537.36 (KHTML, like Gecko) Chrome/33.0.1750.91 Safari/537.36"
130.237.218.86 - - [19/May/2015:23:05:26 +0000] "GET /presentations/logstash-intro/css/theme/ui.datepicker.css HTTP/1.1" 200 3936 "http://semicomplete.com/presentations/logstash-intro/" "Mozilla/5.0 (Macintosh; Intel Mac OS X 10_9_1) AppleWebKit/537.36 (KHTML, like Gecko) Chrome/33.0.1750.91 Safari/537.36"
130.237.218.86 - - [19/May/2015:23:05:25 +0000] "GET /presentations/logstash-intro/css/theme/ui.dialog.css HTTP/1.1" 200 1154 "http://semicomplete.com/presentations/logstash-intro/" "Mozilla/5.0 (Macintosh; Intel Mac OS X 10_9_1) AppleWebKit/537.36 (KHTML, like Gecko) Chrome/33.0.1750.91 Safari/537.36"
130.237.218.86 - - [19/May/2015:23:05:27 +0000] "GET /presentations/logstash-intro/css/theme/ui.progressbar.css HTTP/1.1" 200 169 "http://semicomplete.com/presentations/logstash-intro/" "Mozilla/5.0 (Macintosh; Intel Mac OS X 10_9_1) AppleWebKit/537.36 (KHTML, like Gecko) Chrome/33.0.1750.91 Safari/537.36"
130.237.218.86 - - [19/May/2015:23:05:02 +0000] "GET /presentations/logstash-intro/css/theme/ui.resizable.css HTTP/1.1" 200 993 "http://semicomplete.com/presentations/logstash-intro/" "Mozilla/5.0 (Macintosh; Intel Mac OS X 10_9_1) AppleWebKit/537.36 (KHTML, like Gecko) Chrome/33.0.1750.91 Safari/537.36"
130.237.218.86 - - [19/May/2015:23:05:24 +0000] "GET /presentations/logstash-intro/css/theme/ui.slider.css HTTP/1.1" 200 929 "http://semicomplete.com/presentations/logstash-intro/" "Mozilla/5.0 (Macintosh; Intel Mac OS X 10_9_1) AppleWebKit/537.36 (KHTML, like Gecko) Chrome/33.0.1750.91 Safari/537.36"
130.237.218.86 - - [19/May/2015:23:05:30 +0000] "GET /presentations/logstash-intro/css/theme/ui.tabs.css HTTP/1.1" 200 590 "http://semicomplete.com/presentations/logstash-intro/" "Mozilla/5.0 (Macintosh; Intel Mac OS X 10_9_1) AppleWebKit/537.36 (KHTML, like Gecko) Chrome/33.0.1750.91 Safari/537.36"
130.237.218.86 - - [19/May/2015:23:05:50 +0000] "GET /image/logstash.png HTTP/1.1" 404 298 "http://semicomplete.com/presentations/logstash-intro/" "Mozilla/5.0 (Macintosh; Intel Mac OS X 10_9_1) AppleWebKit/537.36 (KHTML, like Gecko) Chrome/33.0.1750.91 Safari/537.36"
130.237.218.86 - - [19/May/2015:23:05:12 +0000] "GET /presentations/logstash-intro/file/logstash/single-host-example.png HTTP/1.1" 200 123091 "http://semicomplete.com/presentations/logstash-intro/" "Mozilla/5.0 (Macintosh; Intel Mac OS X 10_9_1) AppleWebKit/537.36 (KHTML, like Gecko) Chrome/33.0.1750.91 Safari/537.36"
130.237.218.86 - - [19/May/2015:23:05:41 +0000] "GET /presentations/logstash-intro/css/theme/images/ui-icons_eeeeee_256x240.png HTTP/1.1" 200 4379 "http://semicomplete.com/presentations/logstash-intro/" "Mozilla/5.0 (Macintosh; Intel Mac OS X 10_9_1) AppleWebKit/537.36 (KHTML, like Gecko) Chrome/33.0.1750.91 Safari/537.36"
130.237.218.86 - - [19/May/2015:23:05:40 +0000] "GET /presentations/logstash-intro/file/logstash-roadmap/kibana.png HTTP/1.1" 200 56686 "http://semicomplete.com/presentations/logstash-intro/" "Mozilla/5.0 (Macintosh; Intel Mac OS X 10_9_1) AppleWebKit/537.36 (KHTML, like Gecko) Chrome/33.0.1750.91 Safari/537.36"
130.237.218.86 - - [19/May/2015:23:05:39 +0000] "GET /presentations/logstash-intro/file/logstash-roadmap/elasticsearch-logstash-piesnacking.png HTTP/1.1" 200 21820 "http://semicomplete.com/presentations/logstash-intro/" "Mozilla/5.0 (Macintosh; Intel Mac OS X 10_9_1) AppleWebKit/537.36 (KHTML, like Gecko) Chrome/33.0.1750.91 Safari/537.36"
130.237.218.86 - - [19/May/2015:23:05:52 +0000] "GET /presentations/logstash-intro/css/theme/images/ui-bg_highlight-soft_25_327E04_1x100.png HTTP/1.1" 200 121 "http://semicomplete.com/presentations/logstash-intro/" "Mozilla/5.0 (Macintosh; Intel Mac OS X 10_9_1) AppleWebKit/537.36 (KHTML, like Gecko) Chrome/33.0.1750.91 Safari/537.36"
130.237.218.86 - - [19/May/2015:23:05:32 +0000] "GET /presentations/logstash-intro/file/logstash/multi-host-example.png HTTP/1.1" 200 196093 "http://semicomplete.com/presentations/logstash-intro/" "Mozilla/5.0 (Macintosh; Intel Mac OS X 10_9_1) AppleWebKit/537.36 (KHTML, like Gecko) Chrome/33.0.1750.91 Safari/537.36"
208.43.251.181 - - [19/May/2015:23:05:43 +0000] "GET /blog/geekery/tracking-ssh-bots.html HTTP/1.1" 200 11350 "-" "Mozilla/5.0 (compatible; MSIE 9.0; Windows NT 6.1; WOW64; Trident/5.0; chromeframe/19.0.1084.52)"
208.43.251.181 - - [19/May/2015:23:05:02 +0000] "GET /blog/geekery/squid-selenium-dance-party.html HTTP/1.1" 200 9633 "-" "Mozilla/5.0 (compatible; MSIE 9.0; Windows NT 6.1; WOW64; Trident/5.0; chromeframe/19.0.1084.52)"
208.43.251.181 - - [19/May/2015:23:05:26 +0000] "GET /blog/geekery/CEE-logging-for-profit.html HTTP/1.1" 200 13358 "-" "Mozilla/5.0 (compatible; MSIE 9.0; Windows NT 6.1; WOW64; Trident/5.0; chromeframe/19.0.1084.52)"
208.43.251.181 - - [19/May/2015:23:05:45 +0000] "GET /articles/dynamic-dns-with-dhcp/ HTTP/1.1" 200 18848 "-" "Mozilla/5.0 (compatible; MSIE 9.0; Windows NT 6.1; WOW64; Trident/5.0; chromeframe/19.0.1084.52)"
208.43.251.181 - - [19/May/2015:23:05:42 +0000] "GET /articles HTTP/1.1" 301 331 "-" "Mozilla/5.0 (compatible; MSIE 9.0; Windows NT 6.1; WOW64; Trident/5.0; chromeframe/19.0.1084.52)"
128.118.108.67 - - [19/May/2015:23:05:56 +0000] "GET /favicon.ico HTTP/1.0" 200 3638 "-" "Safari/9537.73.11 CFNetwork/673.0.3 Darwin/13.0.0 (x86_64) (MacBookPro8%2C1)"
193.50.193.83 - - [19/May/2015:23:05:01 +0000] "GET /files/dynamic-dns-with-dhcp/named.conf HTTP/1.0" 200 996 "http://www.semicomplete.com/articles/dynamic-dns-with-dhcp/" "Mozilla/5.0 (X11; Linux x86_64) AppleWebKit/537.36 (KHTML, like Gecko) Chrome/32.0.1700.107 Safari/537.36"
46.105.14.53 - - [19/May/2015:23:05:12 +0000] "GET /blog/tags/puppet?flav=rss20 HTTP/1.1" 200 14872 "-" "UniversalFeedParser/4.2-pre-314-svn +http://feedparser.org/"
2.85.194.19 - - [19/May/2015:23:05:50 +0000] "GET /favicon.ico HTTP/1.1" 200 3638 "-" "Mozilla/5.0 (X11; Linux x86_64; rv:27.0) Gecko/20100101 Firefox/27.0"
217.195.202.13 - - [19/May/2015:23:05:00 +0000] "GET /blog/tags/X11 HTTP/1.1" 200 32742 "-" "Mozilla/4.0 (compatible; MSIE 6.0; Windows NT 5.1; SV1)"
217.195.202.13 - - [19/May/2015:23:05:38 +0000] "GET /about/ HTTP/1.1" 200 11474 "-" "Mozilla/4.0 (compatible; MSIE 6.0; Windows NT 5.1; SV1)"
217.195.202.13 - - [19/May/2015:23:05:58 +0000] "GET / HTTP/1.1" 200 37932 "-" "Mozilla/4.0 (compatible; MSIE 6.0; Windows NT 5.1; SV1)"
217.195.202.13 - - [19/May/2015:23:05:21 +0000] "GET /resume.xml HTTP/1.1" 200 25606 "-" "Mozilla/4.0 (compatible; MSIE 6.0; Windows NT 5.1; SV1)"
217.195.202.13 - - [19/May/2015:23:05:03 +0000] "GET /articles HTTP/1.1" 301 331 "-" "Mozilla/4.0 (compatible; MSIE 6.0; Windows NT 5.1; SV1)"
217.195.202.13 - - [19/May/2015:23:05:06 +0000] "GET /articles/ HTTP/1.1" 200 9981 "-" "Mozilla/4.0 (compatible; MSIE 6.0; Windows NT 5.1; SV1)"
217.195.202.13 - - [19/May/2015:23:05:51 +0000] "GET /articles/arp-security/ HTTP/1.1" 200 19735 "-" "Mozilla/4.0 (compatible; MSIE 6.0; Windows NT 5.1; SV1)"
217.195.202.13 - - [19/May/2015:23:05:22 +0000] "GET /articles/dynamic-dns-with-dhcp/ HTTP/1.1" 200 18848 "-" "Mozilla/4.0 (compatible; MSIE 6.0; Windows NT 5.1; SV1)"
217.195.202.13 - - [19/May/2015:23:05:32 +0000] "GET /articles/openldap-with-saslauthd/ HTTP/1.1" 200 12700 "-" "Mozilla/4.0 (compatible; MSIE 6.0; Windows NT 5.1; SV1)"
217.195.202.13 - - [19/May/2015:23:05:21 +0000] "GET /articles/ppp-over-ssh/ HTTP/1.1" 200 18586 "-" "Mozilla/4.0 (compatible; MSIE 6.0; Windows NT 5.1; SV1)"
217.195.202.13 - - [19/May/2015:23:05:39 +0000] "GET /articles/ssh-security/ HTTP/1.1" 200 16543 "-" "Mozilla/4.0 (compatible; MSIE 6.0; Windows NT 5.1; SV1)"
217.195.202.13 - - [19/May/2015:23:05:17 +0000] "GET /articles/week-of-unix-tools/ HTTP/1.1" 200 9313 "-" "Mozilla/4.0 (compatible; MSIE 6.0; Windows NT 5.1; SV1)"
217.195.202.13 - - [19/May/2015:23:05:45 +0000] "GET /articles/efficiency/ HTTP/1.1" 200 36398 "-" "Mozilla/4.0 (compatible; MSIE 6.0; Windows NT 5.1; SV1)"
217.195.202.13 - - [19/May/2015:23:05:37 +0000] "GET /blog/tags/bugfix HTTP/1.1" 200 11972 "-" "Mozilla/4.0 (compatible; MSIE 6.0; Windows NT 5.1; SV1)"
217.195.202.13 - - [19/May/2015:23:05:31 +0000] "GET /blog/geekery/xdotool-2.20100524.html HTTP/1.1" 200 12177 "-" "Mozilla/4.0 (compatible; MSIE 6.0; Windows NT 5.1; SV1)"
217.195.202.13 - - [19/May/2015:23:05:26 +0000] "GET /blog/geekery/xdotool-1.20100302.html HTTP/1.1" 200 9607 "-" "Mozilla/4.0 (compatible; MSIE 6.0; Windows NT 5.1; SV1)"
217.195.202.13 - - [19/May/2015:23:05:29 +0000] "GET /blog/geekery/xdotool-20091231.html HTTP/1.1" 200 9202 "-" "Mozilla/4.0 (compatible; MSIE 6.0; Windows NT 5.1; SV1)"
217.195.202.13 - - [19/May/2015:23:05:20 +0000] "GET /blog/geekery/xdotool-20090126.html HTTP/1.1" 200 9113 "-" "Mozilla/4.0 (compatible; MSIE 6.0; Windows NT 5.1; SV1)"
217.195.202.13 - - [19/May/2015:23:05:36 +0000] "GET /blog/geekery/headless-wrapper-for-ephemeral-xservers.html HTTP/1.1" 200 11902 "-" "Mozilla/4.0 (compatible; MSIE 6.0; Windows NT 5.1; SV1)"
217.195.202.13 - - [19/May/2015:23:05:42 +0000] "GET /blog/geekery/xvfb-firefox.html HTTP/1.1" 200 10975 "-" "Mozilla/4.0 (compatible; MSIE 6.0; Windows NT 5.1; SV1)"
217.195.202.13 - - [19/May/2015:23:05:43 +0000] "GET /blog/tags/boredom-induced-research HTTP/1.1" 200 17808 "-" "Mozilla/4.0 (compatible; MSIE 6.0; Windows NT 5.1; SV1)"
217.195.202.13 - - [19/May/2015:23:05:48 +0000] "GET /blog/tags/web HTTP/1.1" 200 44019 "-" "Mozilla/4.0 (compatible; MSIE 6.0; Windows NT 5.1; SV1)"
212.107.116.234 - - [19/May/2015:23:05:34 +0000] "GET /blog/tags/web HTTP/1.1" 200 44019 "-" "Mozilla/4.0 (compatible;)"
109.74.154.79 - - [19/May/2015:23:05:06 +0000] "GET /articles/dynamic-dns-with-dhcp/ HTTP/1.1" 200 18848 "-" "Mozilla/5.0 (Windows NT 6.1; WOW64; rv:25.0) Gecko/20100101 Firefox/25.0"
109.74.154.79 - - [19/May/2015:23:05:47 +0000] "GET /reset.css HTTP/1.1" 200 1015 "http://www.semicomplete.com/articles/dynamic-dns-with-dhcp/" "Mozilla/5.0 (Windows NT 6.1; WOW64; rv:25.0) Gecko/20100101 Firefox/25.0"
109.74.154.79 - - [19/May/2015:23:05:43 +0000] "GET /favicon.ico HTTP/1.1" 200 3638 "-" "Mozilla/5.0 (Windows NT 6.1; WOW64; rv:25.0) Gecko/20100101 Firefox/25.0"
109.74.154.79 - - [19/May/2015:23:05:47 +0000] "GET /style2.css HTTP/1.1" 200 4877 "http://www.semicomplete.com/articles/dynamic-dns-with-dhcp/" "Mozilla/5.0 (Windows NT 6.1; WOW64; rv:25.0) Gecko/20100101 Firefox/25.0"
