198.46.149.143 - - [18/May/2015:11:05:00 +0000] "GET /blog/geekery/disabling-battery-in-ubuntu-vms.html?utm_source=feedburner&utm_medium=feed&utm_campaign=Feed%3A+semicomplete%2Fmain+%28semicomplete.com+-+Jordan+Sissel%29 HTTP/1.1" 200 9316 "-" "Tiny Tiny RSS/1.11 (http://tt-rss.org/)"
198.46.149.143 - - [18/May/2015:11:05:53 +0000] "GET /blog/geekery/solving-good-or-bad-problems.html?utm_source=feedburner&utm_medium=feed&utm_campaign=Feed%3A+semicomplete%2Fmain+%28semicomplete.com+-+Jordan+Sissel%29 HTTP/1.1" 200 10756 "-" "Tiny Tiny RSS/1.11 (http://tt-rss.org/)"
66.249.73.135 - - [18/May/2015:11:05:34 +0000] "GET /blog/geekery/defcon-16-pre.html HTTP/1.1" 200 8562 "-" "Mozilla/5.0 (iPhone; CPU iPhone OS 6_0 like Mac OS X) AppleWebKit/536.26 (KHTML, like Gecko) Version/6.0 Mobile/10A5376e Safari/8536.25 (compatible; Googlebot/2.1; +http://www.google.com/bot.html)"
74.125.176.150 - - [18/May/2015:11:05:47 +0000] "GET /?flav=rss20 HTTP/1.1" 200 29941 "-" "FeedBurner/1.0 (http://www.FeedBurner.com)"
209.85.238.199 - - [18/May/2015:11:05:07 +0000] "GET /test.xml HTTP/1.1" 200 1370 "-" "Feedfetcher-Google; (+http://www.google.com/feedfetcher.html; 1 subscribers; feed-id=11390274670024826467)"
208.91.156.11 - - [18/May/2015:11:05:22 +0000] "GET /files/logstash/logstash-1.3.2-monolithic.jar HTTP/1.1" 404 324 "-" "Chef Client/10.18.2 (ruby-1.9.3-p327; ohai-6.16.0; x86_64-linux; +http://opscode.com)"
46.105.14.53 - - [18/May/2015:11:05:08 +0000] "GET /blog/tags/puppet?flav=rss20 HTTP/1.1" 200 14872 "-" "UniversalFeedParser/4.2-pre-314-svn +http://feedparser.org/"
86.28.207.22 - - [18/May/2015:11:05:47 +0000] "GET / HTTP/1.1" 200 37932 "-" "Mozilla/5.0 (iPhone; CPU iPhone OS 7_0_4 like Mac OS X) AppleWebKit/537.51.1 (KHTML, like Gecko) Mobile/11B554a"
86.28.207.22 - - [18/May/2015:11:05:21 +0000] "GET /apple-touch-icon.png HTTP/1.1" 404 304 "-" "Newsify/120 CFNetwork/672.0.8 Darwin/14.0.0"
86.28.207.22 - - [18/May/2015:11:05:02 +0000] "GET /apple-touch-icon-precomposed.png HTTP/1.1" 404 316 "-" "Newsify/120 CFNetwork/672.0.8 Darwin/14.0.0"
86.28.207.22 - - [18/May/2015:11:05:18 +0000] "GET //favicon.ico HTTP/1.1" 200 3638 "-" "Newsify/120 CFNetwork/672.0.8 Darwin/14.0.0"
184.169.233.10 - - [18/May/2015:11:05:45 +0000] "GET /blog/tags/puppet?flav=rss20 HTTP/1.1" 200 14872 "-" "Digg Feed Fetcher 1.0 (Mozilla/5.0 (Macintosh; Intel Mac OS X 10_7_1) AppleWebKit/534.48.3 (KHTML, like Gecko) Version/5.1 Safari/534.48.3)"
107.170.41.69 - - [18/May/2015:11:05:42 +0000] "GET /?flav=atom HTTP/1.1" 200 32352 "-" "Feedbin - 1 subscribers"
59.124.42.160 - - [18/May/2015:11:05:48 +0000] "GET /projects/xdotool/ HTTP/1.1" 200 12292 "http://blog.float.tw/2012/06/xdotool.html" "Mozilla/5.0 (X11; Linux x86_64) AppleWebKit/537.36 (KHTML, like Gecko) Chrome/32.0.1700.107 Safari/537.36"
59.124.42.160 - - [18/May/2015:11:05:22 +0000] "GET /style2.css HTTP/1.1" 200 4877 "http://www.semicomplete.com/projects/xdotool/" "Mozilla/5.0 (X11; Linux x86_64) AppleWebKit/537.36 (KHTML, like Gecko) Chrome/32.0.1700.107 Safari/537.36"
59.124.42.160 - - [18/May/2015:11:05:12 +0000] "GET /reset.css HTTP/1.1" 200 1015 "http://www.semicomplete.com/projects/xdotool/" "Mozilla/5.0 (X11; Linux x86_64) AppleWebKit/537.36 (KHTML, like Gecko) Chrome/32.0.1700.107 Safari/537.36"
59.124.42.160 - - [18/May/2015:11:05:55 +0000] "GET /favicon.ico HTTP/1.1" 200 3638 "http://www.semicomplete.com/projects/xdotool/" "Mozilla/5.0 (X11; Linux x86_64) AppleWebKit/537.36 (KHTML, like Gecko) Chrome/32.0.1700.107 Safari/537.36"
59.124.42.160 - - [18/May/2015:11:05:21 +0000] "GET /images/jordan-80.png HTTP/1.1" 200 6146 "http://www.semicomplete.com/projects/xdotool/" "Mozilla/5.0 (X11; Linux x86_64) AppleWebKit/537.36 (KHTML, like Gecko) Chrome/32.0.1700.107 Safari/537.36"
204.93.54.173 - - [18/May/2015:11:05:40 +0000] "GET /presentations/logstash-puppetconf-2012/ HTTP/1.1" 200 37269 "http://semicomplete.com/" "Mozilla/5.0 (Macintosh; Intel Mac OS X 10.7; rv:21.0) Gecko/20100101 Firefox/21.0"
204.93.54.173 - - [18/May/2015:11:05:08 +0000] "GET /presentations/puppet-at-loggly/puppet-at-loggly.pdf.html HTTP/1.1" 200 24747 "http://semicomplete.com/" "Mozilla/5.0 (Macintosh; Intel Mac OS X 10.7; rv:21.0) Gecko/20100101 Firefox/21.0"
174.93.161.163 - - [18/May/2015:11:05:24 +0000] "GET /articles/dynamic-dns-with-dhcp/ HTTP/1.1" 200 18848 "http://www.google.ca/url?sa=t&rct=j&q=&esrc=s&source=web&cd=6&ved=0CGYQFjAF&url=http%3A%2F%2Fwww.semicomplete.com%2Farticles%2Fdynamic-dns-with-dhcp%2F&ei=4lwBU7ixHYbs0wHy6YDIDg&usg=AFQjCNEF1X4Rs52UYQyLiySTQxa97ozM4g" "Mozilla/5.0 (X11; Ubuntu; Linux i686; rv:25.0) Gecko/20100101 Firefox/25.0"
174.93.161.163 - - [18/May/2015:11:05:47 +0000] "GET /reset.css HTTP/1.1" 200 1015 "http://www.semicomplete.com/articles/dynamic-dns-with-dhcp/" "Mozilla/5.0 (X11; Ubuntu; Linux i686; rv:25.0) Gecko/20100101 Firefox/25.0"
174.93.161.163 - - [18/May/2015:11:05:52 +0000] "GET /style2.css HTTP/1.1" 200 4877 "http://www.semicomplete.com/articles/dynamic-dns-with-dhcp/" "Mozilla/5.0 (X11; Ubuntu; Linux i686; rv:25.0) Gecko/20100101 Firefox/25.0"
174.93.161.163 - - [18/May/2015:11:05:57 +0000] "GET /images/jordan-80.png HTTP/1.1" 200 6146 "http://www.semicomplete.com/articles/dynamic-dns-with-dhcp/" "Mozilla/5.0 (X11; Ubuntu; Linux i686; rv:25.0) Gecko/20100101 Firefox/25.0"
174.93.161.163 - - [18/May/2015:11:05:42 +0000] "GET /favicon.ico HTTP/1.1" 200 3638 "-" "Mozilla/5.0 (X11; Ubuntu; Linux i686; rv:25.0) Gecko/20100101 Firefox/25.0"
174.93.161.163 - - [18/May/2015:11:05:57 +0000] "GET /images/web/2009/banner.png HTTP/1.1" 200 52315 "http://www.semicomplete.com/style2.css" "Mozilla/5.0 (X11; Ubuntu; Linux i686; rv:25.0) Gecko/20100101 Firefox/25.0"
66.249.73.135 - - [18/May/2015:11:05:08 +0000] "GET /blog/tags/firefox?flav=rss20 HTTP/1.1" 200 16021 "-" "Mozilla/5.0 (compatible; Googlebot/2.1; +http://www.google.com/bot.html)"
46.105.14.53 - - [18/May/2015:11:05:11 +0000] "GET /blog/tags/puppet?flav=rss20 HTTP/1.1" 200 14872 "-" "UniversalFeedParser/4.2-pre-314-svn +http://feedparser.org/"
94.153.9.168 - - [18/May/2015:11:05:47 +0000] "GET /presentations/vim/+++++++++++++++++++++++++++++++++++Result:+%E8%F1%EF%EE%EB%FC%E7%EE%E2%E0%ED+%ED%E8%EA%ED%E5%E9%EC+%22newkoversjup%22;+ReCaptcha+%E4%E5%F8%E8%F4%F0%EE%E2%E0%ED%E0;+%28JS%29;+%E7%E0%F0%E5%E3%E8%F1%F2%F0%E8%F0%EE%E2%E0%EB%E8%F1%FC;+%ED%E5+%ED%E0%F8%EB%EE%F1%FC+%F4%EE%F0%EC%FB+%E4%EB%FF+%EE%F2%EF%F0%E0%E2%EA%E8;+Result:+%EE%F8%E8%E1%EA%E0:+%22i+never+really+liked+c%27s+assert%28%29+feature.+if+an+assertion+is+violated,+it%27lltell+you+what+assertion+failed+but+completely+lacks+any+context:%22;+%ED%E5+%ED%E0%F8%EB%EE%F1%FC+%F4%EE%F0%EC%FB+%E4%EB%FF+%EE%F2%EF%F0%E0%E2%EA%E8; HTTP/1.0" 403 676 "http://www.semicomplete.com/presentations/vim/+++++++++++++++++++++++++++++++++++Result:+%E8%F1%EF%EE%EB%FC%E7%EE%E2%E0%ED+%ED%E8%EA%ED%E5%E9%EC+%22newkoversjup%22;+ReCaptcha+%E4%E5%F8%E8%F4%F0%EE%E2%E0%ED%E0;+%28JS%29;+%E7%E0%F0%E5%E3%E8%F1%F2%F0%E8%F0%EE%E2%E0%EB%E8%F1%FC;+%ED%E5+%ED%E0%F8%EB%EE%F1%FC+%F4%EE%F0%EC%FB+%E4%EB%FF+%EE%F2%EF%F0%E0%E2%EA%E8;+Result:+%EE%F8%E8%E1%EA%E0:+%22i+never+really+liked+c%27s+assert%28%29+feature.+if+an+assertion+is+violated,+it%27lltell+you+what+assertion+failed+but+completely+lacks+any+context:%22;+%ED%E5+%ED%E0%F8%EB%EE%F1%FC+%F4%EE%F0%EC%FB+%E4%EB%FF+%EE%F2%EF%F0%E0%E2%EA%E8;" "Opera/9.80 (Windows NT 6.1; WOW64; U; ru) Presto/2.10.289 Version/12.01"
94.153.9.168 - - [18/May/2015:11:05:07 +0000] "GET / HTTP/1.0" 200 37932 "http://www.semicomplete.com/presentations/vim/+++++++++++++++++++++++++++++++++++Result:+%E8%F1%EF%EE%EB%FC%E7%EE%E2%E0%ED+%ED%E8%EA%ED%E5%E9%EC+%22newkoversjup%22;+ReCaptcha+%E4%E5%F8%E8%F4%F0%EE%E2%E0%ED%E0;+%28JS%29;+%E7%E0%F0%E5%E3%E8%F1%F2%F0%E8%F0%EE%E2%E0%EB%E8%F1%FC;+%ED%E5+%ED%E0%F8%EB%EE%F1%FC+%F4%EE%F0%EC%FB+%E4%EB%FF+%EE%F2%EF%F0%E0%E2%EA%E8;+Result:+%EE%F8%E8%E1%EA%E0:+%22i+never+really+liked+c%27s+assert%28%29+feature.+if+an+assertion+is+violated,+it%27lltell+you+what+assertion+failed+but+completely+lacks+any+context:%22;+%ED%E5+%ED%E0%F8%EB%EE%F1%FC+%F4%EE%F0%EC%FB+%E4%EB%FF+%EE%F2%EF%F0%E0%E2%EA%E8;" "Opera/9.80 (Windows NT 6.1; WOW64; U; ru) Presto/2.10.289 Version/12.01"
24.210.169.33 - - [18/May/2015:11:05:44 +0000] "GET /presentations/logstash-scale11x/images/ahhh___rage_face_by_samusmmx-d5g5zap.png HTTP/1.1" 200 175208 "https://www.google.com/" "Mozilla/5.0 (iPad; CPU OS 6_1_3 like Mac OS X) AppleWebKit/536.26 (KHTML, like Gecko) Version/6.0 Mobile/10B329 Safari/8536.25"
23.105.131.185 - - [18/May/2015:11:05:58 +0000] "GET /articles/ppp-over-ssh/ HTTP/1.1" 200 18586 "http://www.semicomplete.com/articles/ppp-over-ssh/" "Mozilla/5.0 (Windows; U; Windows NT 5.1; de; rv:1.9.1.3) Gecko/20090824 Firefox/3.5.3 (.NET CLR 3.5.30729)"
157.55.33.88 - - [18/May/2015:11:05:53 +0000] "GET /blog/rants/dns-providers.html HTTP/1.1" 200 13313 "-" "Mozilla/5.0 (compatible; bingbot/2.0; +http://www.bing.com/bingbot.htm)"
187.16.77.116 - - [18/May/2015:11:05:34 +0000] "GET /favicon.ico HTTP/1.1" 200 3638 "-" "Mozilla/5.0 (X11; Ubuntu; Linux x86_64; rv:26.0) Gecko/20100101 Firefox/26.0"
66.249.73.135 - - [18/May/2015:11:05:04 +0000] "GET /blog/site/siterelocation.html HTTP/1.1" 200 8137 "-" "Mozilla/5.0 (iPhone; CPU iPhone OS 6_0 like Mac OS X) AppleWebKit/536.26 (KHTML, like Gecko) Version/6.0 Mobile/10A5376e Safari/8536.25 (compatible; Googlebot/2.1; +http://www.google.com/bot.html)"
68.180.224.225 - - [18/May/2015:11:05:45 +0000] "GET /blog/tags/python?page=3 HTTP/1.1" 200 33188 "-" "Mozilla/5.0 (compatible; Yahoo! Slurp; http://help.yahoo.com/help/us/ysearch/slurp)"
187.45.193.158 - - [18/May/2015:11:05:03 +0000] "GET /presentations/logstash-puppetconf-2012/images/kibana-logstash-downloads.png HTTP/1.1" 200 95058 "-" "Mozilla/4.0 (compatible; MSIE 6.0; Windows NT 5.2; SV1; .NET CLR 2.0.50727; InfoPath.1)"
23.105.131.64 - - [18/May/2015:11:05:32 +0000] "GET /articles/ppp-over-ssh/ HTTP/1.1" 200 18586 "http://www.semicomplete.com/articles/ppp-over-ssh/" "Opera/9.64(Windows NT 5.1; U; en) Presto/2.1.1"
46.105.14.53 - - [18/May/2015:11:05:25 +0000] "GET /blog/tags/puppet?flav=rss20 HTTP/1.1" 200 14872 "-" "UniversalFeedParser/4.2-pre-314-svn +http://feedparser.org/"
180.76.6.46 - - [18/May/2015:11:05:13 +0000] "GET /blog/geekery/Kyocera-KPC650-EVDO-in-FreeBSD.html HTTP/1.1" 200 10475 "-" "Mozilla/5.0 (compatible; Baiduspider/2.0; +http://www.baidu.com/search/spider.html)"
66.249.73.135 - - [18/May/2015:11:05:48 +0000] "GET /?flav=rss20 HTTP/1.1" 200 29941 "-" "Mozilla/5.0 (compatible; Googlebot/2.1; +http://www.google.com/bot.html)"
209.85.238.199 - - [18/May/2015:11:05:16 +0000] "GET /?flav=rss20 HTTP/1.1" 200 29941 "-" "Feedfetcher-Google; (+http://www.google.com/feedfetcher.html; 22 subscribers; feed-id=8321906634162087507)"
68.183.65.140 - - [18/May/2015:11:05:47 +0000] "GET /blog/projects/grok/main.html HTTP/1.1" 200 13442 "https://www.google.com/" "Mozilla/5.0 (Macintosh; Intel Mac OS X 10_6_8) AppleWebKit/537.36 (KHTML, like Gecko) Chrome/29.0.1547.76 Safari/537.36"
68.183.65.140 - - [18/May/2015:11:05:43 +0000] "GET /reset.css HTTP/1.1" 200 1015 "http://www.semicomplete.com/blog/projects/grok/main.html" "Mozilla/5.0 (Macintosh; Intel Mac OS X 10_6_8) AppleWebKit/537.36 (KHTML, like Gecko) Chrome/29.0.1547.76 Safari/537.36"
68.183.65.140 - - [18/May/2015:11:05:37 +0000] "GET /style2.css HTTP/1.1" 200 4877 "http://www.semicomplete.com/blog/projects/grok/main.html" "Mozilla/5.0 (Macintosh; Intel Mac OS X 10_6_8) AppleWebKit/537.36 (KHTML, like Gecko) Chrome/29.0.1547.76 Safari/537.36"
68.183.65.140 - - [18/May/2015:11:05:35 +0000] "GET /images/jordan-80.png HTTP/1.1" 200 6146 "http://www.semicomplete.com/blog/projects/grok/main.html" "Mozilla/5.0 (Macintosh; Intel Mac OS X 10_6_8) AppleWebKit/537.36 (KHTML, like Gecko) Chrome/29.0.1547.76 Safari/537.36"
68.183.65.140 - - [18/May/2015:11:05:11 +0000] "GET /images/web/2009/banner.png HTTP/1.1" 200 52315 "http://www.semicomplete.com/blog/projects/grok/main.html" "Mozilla/5.0 (Macintosh; Intel Mac OS X 10_6_8) AppleWebKit/537.36 (KHTML, like Gecko) Chrome/29.0.1547.76 Safari/537.36"
68.183.65.140 - - [18/May/2015:11:05:57 +0000] "GET /favicon.ico HTTP/1.1" 200 3638 "-" "Mozilla/5.0 (Macintosh; Intel Mac OS X 10_6_8) AppleWebKit/537.36 (KHTML, like Gecko) Chrome/29.0.1547.76 Safari/537.36"
180.76.6.43 - - [18/May/2015:11:05:12 +0000] "GET /robots.txt HTTP/1.1" 200 - "-" "Mozilla/5.0 (Windows NT 5.1; rv:6.0.2) Gecko/20100101 Firefox/6.0.2"
111.117.160.16 - - [18/May/2015:11:05:19 +0000] "GET /files/rubygems615/java-ssl-debug-last-request.txt HTTP/1.1" 200 66717 "http://semicomplete.com/" "Opera/9.80 (Windows NT 6.2; Win64; x64) Presto/2.12.388 Version/12.16"
50.16.19.13 - - [18/May/2015:11:05:27 +0000] "GET /blog/tags/puppet?flav=rss20 HTTP/1.1" 200 14872 "http://www.semicomplete.com/blog/tags/puppet?flav=rss20" "Tiny Tiny RSS/1.11 (http://tt-rss.org/)"
79.103.41.39 - - [18/May/2015:11:05:34 +0000] "GET /favicon.ico HTTP/1.1" 200 3638 "-" "Mozilla/5.0 (X11; Linux x86_64; rv:27.0) Gecko/20100101 Firefox/27.0"
209.85.238.199 - - [18/May/2015:11:05:48 +0000] "GET /blog/tags/firefox?flav=rss20 HTTP/1.1" 200 16021 "-" "Feedfetcher-Google; (+http://www.google.com/feedfetcher.html; 3 subscribers; feed-id=14171215010336145331)"
157.55.35.36 - - [18/May/2015:11:05:17 +0000] "GET /blog/geekery/apache-httpd-cache-for-maven.html HTTP/1.1" 200 9940 "-" "Mozilla/5.0 (compatible; bingbot/2.0; +http://www.bing.com/bingbot.htm)"
82.98.148.169 - - [18/May/2015:11:05:31 +0000] "GET /presentations/logstash-puppetconf-2012/images/kibana-logstash-downloads.png HTTP/1.1" 200 95058 "-" "Mozilla/4.0 (compatible; MSIE 6.0; Windows NT 5.2; SV1; .NET CLR 2.0.50727; InfoPath.1)"
82.98.148.169 - - [18/May/2015:11:05:00 +0000] "GET /presentations/logstash-puppetconf-2012/images/nagios-sms1.png HTTP/1.1" 200 55478 "-" "Mozilla/4.0 (compatible; MSIE 6.0; Windows NT 5.2; SV1; .NET CLR 2.0.50727; InfoPath.1)"
75.144.62.181 - - [18/May/2015:11:05:53 +0000] "GET /blog/geekery/debugging-java-performance.html HTTP/1.1" 200 15796 "-" "Mozilla/5.0 (Macintosh; Intel Mac OS X 10_9_1) AppleWebKit/537.73.11 (KHTML, like Gecko) Version/7.0.1 Safari/537.73.11"
75.144.62.181 - - [18/May/2015:11:05:18 +0000] "GET /reset.css HTTP/1.1" 200 1015 "http://www.semicomplete.com/blog/geekery/debugging-java-performance.html" "Mozilla/5.0 (Macintosh; Intel Mac OS X 10_9_1) AppleWebKit/537.73.11 (KHTML, like Gecko) Version/7.0.1 Safari/537.73.11"
75.144.62.181 - - [18/May/2015:11:05:05 +0000] "GET /style2.css HTTP/1.1" 200 4877 "http://www.semicomplete.com/blog/geekery/debugging-java-performance.html" "Mozilla/5.0 (Macintosh; Intel Mac OS X 10_9_1) AppleWebKit/537.73.11 (KHTML, like Gecko) Version/7.0.1 Safari/537.73.11"
75.144.62.181 - - [18/May/2015:11:05:48 +0000] "GET /images/jordan-80.png HTTP/1.1" 200 6146 "http://www.semicomplete.com/blog/geekery/debugging-java-performance.html" "Mozilla/5.0 (Macintosh; Intel Mac OS X 10_9_1) AppleWebKit/537.73.11 (KHTML, like Gecko) Version/7.0.1 Safari/537.73.11"
75.144.62.181 - - [18/May/2015:11:05:01 +0000] "GET /images/web/2009/banner.png HTTP/1.1" 200 52315 "http://www.semicomplete.com/blog/geekery/debugging-java-performance.html" "Mozilla/5.0 (Macintosh; Intel Mac OS X 10_9_1) AppleWebKit/537.73.11 (KHTML, like Gecko) Version/7.0.1 Safari/537.73.11"
75.144.62.181 - - [18/May/2015:11:05:36 +0000] "GET /favicon.ico HTTP/1.1" 200 3638 "http://www.semicomplete.com/blog/geekery/debugging-java-performance.html" "Mozilla/5.0 (Macintosh; Intel Mac OS X 10_9_1) AppleWebKit/537.73.11 (KHTML, like Gecko) Version/7.0.1 Safari/537.73.11"
46.105.14.53 - - [18/May/2015:11:05:20 +0000] "GET /blog/tags/puppet?flav=rss20 HTTP/1.1" 200 14872 "-" "UniversalFeedParser/4.2-pre-314-svn +http://feedparser.org/"
74.125.176.144 - - [18/May/2015:11:05:29 +0000] "GET /?flav=rss20 HTTP/1.1" 200 29941 "-" "FeedBurner/1.0 (http://www.FeedBurner.com)"
199.16.156.124 - - [18/May/2015:11:05:54 +0000] "GET /robots.txt HTTP/1.1" 200 - "-" "Twitterbot/1.0"
199.16.156.126 - - [18/May/2015:11:05:21 +0000] "GET /files/lumberjack/lumberjack-0.3.0.exe HTTP/1.1" 200 4378624 "-" "Twitterbot/1.0"
23.105.131.2 - - [18/May/2015:11:05:45 +0000] "GET /articles/ppp-over-ssh/ HTTP/1.1" 200 18586 "http://www.semicomplete.com/articles/ppp-over-ssh/" "&as_qdr=all"
69.175.14.228 - - [18/May/2015:11:05:52 +0000] "GET /misc/sample.log HTTP/1.0" 200 54306753 "http://www.semicomplete.com/" "Mozilla/5.0 (Macintosh; Intel Mac OS X 10.7; rv:21.0) Gecko/20100101 Firefox/21.0"
69.175.87.242 - - [18/May/2015:11:05:44 +0000] "GET /wp-login.php?action=register HTTP/1.0" 404 296 "http://www.semicomplete.com/misc/sample.log" "Mozilla/5.0 (Macintosh; Intel Mac OS X 10.7; rv:21.0) Gecko/20100101 Firefox/21.0"
209.85.238.199 - - [18/May/2015:11:05:24 +0000] "GET / HTTP/1.1" 200 37932 "-" "Feedfetcher-Google; (+http://www.google.com/feedfetcher.html; 1 subscribers; feed-id=8003088278248648013)"
79.170.40.34 - - [18/May/2015:11:05:08 +0000] "GET /presentations/logstash-monitorama-2013/images/tiered-outputs-to-inputs.jpg HTTP/1.1" 200 1079983 "-" "Mozilla/4.0 (compatible; MSIE 6.0; Windows NT 5.2; SV1; .NET CLR 2.0.50727; InfoPath.1)"
66.249.73.135 - - [18/May/2015:11:05:14 +0000] "GET /blog/geekery/disabling-battery-in-ubuntu-vms.html HTTP/1.1" 200 9316 "-" "Mozilla/5.0 (iPhone; CPU iPhone OS 6_0 like Mac OS X) AppleWebKit/536.26 (KHTML, like Gecko) Version/6.0 Mobile/10A5376e Safari/8536.25 (compatible; Googlebot/2.1; +http://www.google.com/bot.html)"
67.253.133.120 - - [18/May/2015:11:05:09 +0000] "GET /blog/geekery/ssl-latency.html HTTP/1.1" 200 17147 "http://www.google.com/url?sa=t&rct=j&q=&esrc=s&frm=1&source=web&cd=9&ved=0CGEQFjAI&url=http%3A%2F%2Fwww.semicomplete.com%2Fblog%2Fgeekery%2Fssl-latency.html&ei=2V8BU9ujI7OMyAH5nYHgCg&usg=AFQjCNHw6zioJpizqX8Q0YpKKaF4zdCSEg" "Mozilla/5.0 (compatible; MSIE 10.0; Windows NT 6.1; Trident/6.0; MDDRJS)"
67.253.133.120 - - [18/May/2015:11:05:39 +0000] "GET /reset.css HTTP/1.1" 200 1015 "http://www.semicomplete.com/blog/geekery/ssl-latency.html" "Mozilla/5.0 (compatible; MSIE 10.0; Windows NT 6.1; Trident/6.0; MDDRJS)"
67.253.133.120 - - [18/May/2015:11:05:25 +0000] "GET /style2.css HTTP/1.1" 200 4877 "http://www.semicomplete.com/blog/geekery/ssl-latency.html" "Mozilla/5.0 (compatible; MSIE 10.0; Windows NT 6.1; Trident/6.0; MDDRJS)"
67.253.133.120 - - [18/May/2015:12:05:05 +0000] "GET /images/jordan-80.png HTTP/1.1" 200 6146 "http://www.semicomplete.com/blog/geekery/ssl-latency.html" "Mozilla/5.0 (compatible; MSIE 10.0; Windows NT 6.1; Trident/6.0; MDDRJS)"
67.253.133.120 - - [18/May/2015:12:05:03 +0000] "GET /images/web/2009/banner.png HTTP/1.1" 200 52315 "http://www.semicomplete.com/blog/geekery/ssl-latency.html" "Mozilla/5.0 (compatible; MSIE 10.0; Windows NT 6.1; Trident/6.0; MDDRJS)"
67.253.133.120 - - [18/May/2015:12:05:51 +0000] "GET /favicon.ico HTTP/1.1" 200 3638 "-" "Mozilla/5.0 (compatible; MSIE 10.0; Windows NT 6.1; Trident/6.0; MDDRJS)"
66.249.73.135 - - [18/May/2015:12:05:47 +0000] "GET /projects/keynav HTTP/1.1" 301 338 "-" "Mozilla/5.0 (compatible; Googlebot/2.1; +http://www.google.com/bot.html)"
66.249.73.135 - - [18/May/2015:12:05:46 +0000] "GET /projects/keynav/ HTTP/1.1" 200 18985 "-" "Mozilla/5.0 (compatible; Googlebot/2.1; +http://www.google.com/bot.html)"
99.11.114.240 - - [18/May/2015:12:05:25 +0000] "GET /articles/ssh-security/ HTTP/1.1" 200 16543 "http://www.semicomplete.com/" "Mozilla/5.0 (X11; Ubuntu; Linux i686; rv:27.0) Gecko/20100101 Firefox/27.0"
217.69.133.234 - - [18/May/2015:12:05:59 +0000] "GET /robots.txt HTTP/1.1" 200 - "-" "Mozilla/5.0 (compatible; Linux x86_64; Mail.RU_Bot/2.0; +http://go.mail.ru/help/robots)"
217.69.133.236 - - [18/May/2015:12:05:18 +0000] "GET /blog/articles/dynamic-dns-with-dhcp HTTP/1.1" 200 18848 "-" "Mozilla/5.0 (compatible; Linux x86_64; Mail.RU_Bot/2.0; +http://go.mail.ru/help/robots)"
46.105.14.53 - - [18/May/2015:12:05:54 +0000] "GET /blog/tags/puppet?flav=rss20 HTTP/1.1" 200 14872 "-" "UniversalFeedParser/4.2-pre-314-svn +http://feedparser.org/"
79.103.41.39 - - [18/May/2015:12:05:08 +0000] "GET /files/xdotool/docs/html/tabs.css HTTP/1.1" 200 1844 "http://semicomplete.com/files/xdotool/docs/html/xdo_8h.html" "Mozilla/5.0 (X11; Linux x86_64; rv:27.0) Gecko/20100101 Firefox/27.0"
79.103.41.39 - - [18/May/2015:12:05:07 +0000] "GET /files/xdotool/docs/html/search/search.css HTTP/1.1" 200 3843 "http://semicomplete.com/files/xdotool/docs/html/xdo_8h.html" "Mozilla/5.0 (X11; Linux x86_64; rv:27.0) Gecko/20100101 Firefox/27.0"
79.103.41.39 - - [18/May/2015:12:05:21 +0000] "GET /files/xdotool/docs/html/search/search.js HTTP/1.1" 200 21330 "http://semicomplete.com/files/xdotool/docs/html/xdo_8h.html" "Mozilla/5.0 (X11; Linux x86_64; rv:27.0) Gecko/20100101 Firefox/27.0"
79.103.41.39 - - [18/May/2015:12:05:25 +0000] "GET /files/xdotool/docs/html/doxygen.css HTTP/1.1" 200 7911 "http://semicomplete.com/files/xdotool/docs/html/xdo_8h.html" "Mozilla/5.0 (X11; Linux x86_64; rv:27.0) Gecko/20100101 Firefox/27.0"
79.103.41.39 - - [18/May/2015:12:05:08 +0000] "GET /files/xdotool/docs/html/xdo_8h.html HTTP/1.1" 200 145776 "http://stackoverflow.com/questions/16122196/getting-mouseclick-coordinates-with-xlib" "Mozilla/5.0 (X11; Linux x86_64; rv:27.0) Gecko/20100101 Firefox/27.0"
79.103.41.39 - - [18/May/2015:12:05:49 +0000] "GET /files/xdotool/docs/html/search/search.png HTTP/1.1" 200 527 "http://semicomplete.com/files/xdotool/docs/html/xdo_8h.html" "Mozilla/5.0 (X11; Linux x86_64; rv:27.0) Gecko/20100101 Firefox/27.0"
79.103.41.39 - - [18/May/2015:12:05:59 +0000] "GET /files/xdotool/docs/html/search/close.png HTTP/1.1" 200 273 "http://semicomplete.com/files/xdotool/docs/html/xdo_8h.html" "Mozilla/5.0 (X11; Linux x86_64; rv:27.0) Gecko/20100101 Firefox/27.0"
79.103.41.39 - - [18/May/2015:12:05:20 +0000] "GET /files/xdotool/docs/html/tab_b.gif HTTP/1.1" 200 35 "http://semicomplete.com/files/xdotool/docs/html/tabs.css" "Mozilla/5.0 (X11; Linux x86_64; rv:27.0) Gecko/20100101 Firefox/27.0"
79.103.41.39 - - [18/May/2015:12:05:07 +0000] "GET /files/xdotool/docs/html/tab_r.gif HTTP/1.1" 200 2585 "http://semicomplete.com/files/xdotool/docs/html/tabs.css" "Mozilla/5.0 (X11; Linux x86_64; rv:27.0) Gecko/20100101 Firefox/27.0"
79.103.41.39 - - [18/May/2015:12:05:14 +0000] "GET /files/xdotool/docs/html/tab_l.gif HTTP/1.1" 200 706 "http://semicomplete.com/files/xdotool/docs/html/tabs.css" "Mozilla/5.0 (X11; Linux x86_64; rv:27.0) Gecko/20100101 Firefox/27.0"
79.103.41.39 - - [18/May/2015:12:05:26 +0000] "GET /files/xdotool/docs/html/doxygen.png HTTP/1.1" 200 1281 "http://semicomplete.com/files/xdotool/docs/html/xdo_8h.html" "Mozilla/5.0 (X11; Linux x86_64; rv:27.0) Gecko/20100101 Firefox/27.0"
66.249.73.135 - - [18/May/2015:12:05:55 +0000] "GET /blog/geekery/bypassing-captive-portals.html HTTP/1.1" 200 10613 "-" "Mozilla/5.0 (iPhone; CPU iPhone OS 6_0 like Mac OS X) AppleWebKit/536.26 (KHTML, like Gecko) Version/6.0 Mobile/10A5376e Safari/8536.25 (compatible; Googlebot/2.1; +http://www.google.com/bot.html)"
217.69.133.238 - - [18/May/2015:12:05:33 +0000] "GET /robots.txt HTTP/1.1" 200 - "-" "Mozilla/5.0 (compatible; Linux x86_64; Mail.RU_Bot/2.0; +http://go.mail.ru/help/robots)"
217.69.133.238 - - [18/May/2015:12:05:19 +0000] "GET /articles/openldap-with-saslauthd/ HTTP/1.1" 200 12700 "-" "Mozilla/5.0 (compatible; Linux x86_64; Mail.RU_Bot/2.0; +http://go.mail.ru/help/robots)"
217.69.133.238 - - [18/May/2015:12:05:50 +0000] "GET /projects/nis2ldap/ HTTP/1.1" 200 8352 "-" "Mozilla/5.0 (compatible; Linux x86_64; Mail.RU_Bot/2.0; +http://go.mail.ru/help/robots)"
202.46.62.20 - - [18/May/2015:12:05:00 +0000] "GET / HTTP/1.1" 200 36824 "-" "Mozilla/4.0 (compatible; MSIE 7.0; Windows NT 6.0)"
99.179.126.76 - - [18/May/2015:12:05:17 +0000] "GET /presentations/logstash-scale11x/images/ahhh___rage_face_by_samusmmx-d5g5zap.png HTTP/1.1" 200 175208 "-" "Mozilla/5.0 (Windows NT 6.2; WOW64) AppleWebKit/537.36 (KHTML, like Gecko) Chrome/32.0.1700.107 Safari/537.36"
74.221.220.196 - - [18/May/2015:12:05:38 +0000] "GET / HTTP/1.0" 200 37932 "http://www.semicomplete.com/" "Mozilla/5.0 (Macintosh; Intel Mac OS X 10.7; rv:21.0) Gecko/20100101 Firefox/21.0"
74.221.220.196 - - [18/May/2015:12:05:32 +0000] "GET /blog/geekery/installing-windows-8-consumer-preview.html HTTP/1.0" 200 8948 "http://www.semicomplete.com/" "Mozilla/5.0 (Macintosh; Intel Mac OS X 10.7; rv:21.0) Gecko/20100101 Firefox/21.0"
68.180.224.225 - - [18/May/2015:12:05:42 +0000] "GET /projects/filebrowse/ HTTP/1.1" 200 8793 "-" "Mozilla/5.0 (compatible; Yahoo! Slurp; http://help.yahoo.com/help/us/ysearch/slurp)"
119.63.193.130 - - [18/May/2015:12:05:26 +0000] "GET / HTTP/1.1" 200 36824 "-" "Mozilla/4.0 (compatible; MSIE 7.0; Windows NT 6.0)"
178.255.215.83 - - [18/May/2015:12:05:21 +0000] "GET /articles/dynamic-dns-with-dhcp/ HTTP/1.1" 200 18848 "-" "Mozilla/5.0 (compatible; Exabot/3.0 (BiggerBetter); +http://www.exabot.com/go/robot)"
46.105.14.53 - - [18/May/2015:12:05:43 +0000] "GET /blog/tags/puppet?flav=rss20 HTTP/1.1" 200 14872 "-" "UniversalFeedParser/4.2-pre-314-svn +http://feedparser.org/"
180.76.5.173 - - [18/May/2015:12:05:54 +0000] "GET /blog/geekery/grok-pcre-predicates.html?commentlimit=0 HTTP/1.1" 200 8590 "-" "Mozilla/5.0 (compatible; Baiduspider/2.0; +http://www.baidu.com/search/spider.html)"
67.244.81.209 - - [18/May/2015:12:05:57 +0000] "GET /projects/xdotool/ HTTP/1.1" 200 12292 "-" "Mozilla/5.0 (Android; Tablet; rv:27.0) Gecko/27.0 Firefox/27.0"
67.244.81.209 - - [18/May/2015:12:05:28 +0000] "GET /reset.css HTTP/1.1" 200 1015 "http://www.semicomplete.com/projects/xdotool/" "Mozilla/5.0 (Android; Tablet; rv:27.0) Gecko/27.0 Firefox/27.0"
67.244.81.209 - - [18/May/2015:12:05:11 +0000] "GET /style2.css HTTP/1.1" 200 4877 "http://www.semicomplete.com/projects/xdotool/" "Mozilla/5.0 (Android; Tablet; rv:27.0) Gecko/27.0 Firefox/27.0"
67.244.81.209 - - [18/May/2015:12:05:38 +0000] "GET /images/jordan-80.png HTTP/1.1" 200 6146 "http://www.semicomplete.com/projects/xdotool/" "Mozilla/5.0 (Android; Tablet; rv:27.0) Gecko/27.0 Firefox/27.0"
67.244.81.209 - - [18/May/2015:12:05:03 +0000] "GET /images/web/2009/banner.png HTTP/1.1" 200 52315 "http://www.semicomplete.com/style2.css" "Mozilla/5.0 (Android; Tablet; rv:27.0) Gecko/27.0 Firefox/27.0"
67.244.81.209 - - [18/May/2015:12:05:43 +0000] "GET /favicon.ico HTTP/1.1" 200 3638 "-" "Mozilla/5.0 (Android; Tablet; rv:27.0) Gecko/27.0 Firefox/27.0"
71.207.12.53 - - [18/May/2015:12:05:35 +0000] "GET /favicon.ico HTTP/1.0" 200 3638 "-" "Safari/9537.73.11 CFNetwork/673.0.3 Darwin/13.0.0 (x86_64) (MacBookPro8%2C1)"
50.16.19.13 - - [18/May/2015:12:05:17 +0000] "GET /blog/tags/puppet?flav=rss20 HTTP/1.1" 200 14872 "http://www.semicomplete.com/blog/tags/puppet?flav=rss20" "Tiny Tiny RSS/1.11 (http://tt-rss.org/)"
95.97.244.106 - - [18/May/2015:12:05:36 +0000] "GET /blog/tags/deb HTTP/1.1" 200 11275 "http://www.google.com/url?sa=t&rct=j&q=&esrc=s&source=web&cd=3&ved=0CEQQFjAC&url=http%3A%2F%2Fwww.semicomplete.com%2Fblog%2Ftags%2Fdeb&ei=UGMBU6zYIaW6yQPl1oDgCA&usg=AFQjCNHupsJ49QDhyWDEfoWvxMYKgXNwZg&sig2=TLhXGCYeUjmG9RYpCIu_Zg" "Mozilla/5.0 (Macintosh; Intel Mac OS X 10_9_1) AppleWebKit/537.73.11 (KHTML, like Gecko) Version/7.0.1 Safari/537.73.11"
95.97.244.106 - - [18/May/2015:12:05:21 +0000] "GET /images/jordan-80.png HTTP/1.1" 200 6146 "http://www.semicomplete.com/blog/tags/deb" "Mozilla/5.0 (Macintosh; Intel Mac OS X 10_9_1) AppleWebKit/537.73.11 (KHTML, like Gecko) Version/7.0.1 Safari/537.73.11"
95.97.244.106 - - [18/May/2015:12:05:01 +0000] "GET /reset.css HTTP/1.1" 200 1015 "http://www.semicomplete.com/blog/tags/deb" "Mozilla/5.0 (Macintosh; Intel Mac OS X 10_9_1) AppleWebKit/537.73.11 (KHTML, like Gecko) Version/7.0.1 Safari/537.73.11"
95.97.244.106 - - [18/May/2015:12:05:44 +0000] "GET /style2.css HTTP/1.1" 200 4877 "http://www.semicomplete.com/blog/tags/deb" "Mozilla/5.0 (Macintosh; Intel Mac OS X 10_9_1) AppleWebKit/537.73.11 (KHTML, like Gecko) Version/7.0.1 Safari/537.73.11"
95.97.244.106 - - [18/May/2015:12:05:43 +0000] "GET /images/web/2009/banner.png HTTP/1.1" 200 52315 "http://www.semicomplete.com/blog/tags/deb" "Mozilla/5.0 (Macintosh; Intel Mac OS X 10_9_1) AppleWebKit/537.73.11 (KHTML, like Gecko) Version/7.0.1 Safari/537.73.11"
95.97.244.106 - - [18/May/2015:12:05:02 +0000] "GET /favicon.ico HTTP/1.1" 200 3638 "http://www.semicomplete.com/blog/tags/deb" "Mozilla/5.0 (Macintosh; Intel Mac OS X 10_9_1) AppleWebKit/537.73.11 (KHTML, like Gecko) Version/7.0.1 Safari/537.73.11"
212.159.68.200 - - [18/May/2015:12:05:41 +0000] "GET /articles/ssh-security/ HTTP/1.1" 200 16543 "https://www.google.co.uk/" "Mozilla/5.0 (Windows NT 6.3; WOW64) AppleWebKit/537.36 (KHTML, like Gecko) Chrome/32.0.1700.107 Safari/537.36"
212.159.68.200 - - [18/May/2015:12:05:03 +0000] "GET /reset.css HTTP/1.1" 200 1015 "http://www.semicomplete.com/articles/ssh-security/" "Mozilla/5.0 (Windows NT 6.3; WOW64) AppleWebKit/537.36 (KHTML, like Gecko) Chrome/32.0.1700.107 Safari/537.36"
212.159.68.200 - - [18/May/2015:12:05:16 +0000] "GET /style2.css HTTP/1.1" 200 4877 "http://www.semicomplete.com/articles/ssh-security/" "Mozilla/5.0 (Windows NT 6.3; WOW64) AppleWebKit/537.36 (KHTML, like Gecko) Chrome/32.0.1700.107 Safari/537.36"
212.159.68.200 - - [18/May/2015:12:05:32 +0000] "GET /images/jordan-80.png HTTP/1.1" 200 6146 "http://www.semicomplete.com/articles/ssh-security/" "Mozilla/5.0 (Windows NT 6.3; WOW64) AppleWebKit/537.36 (KHTML, like Gecko) Chrome/32.0.1700.107 Safari/537.36"
212.159.68.200 - - [18/May/2015:12:05:06 +0000] "GET /images/web/2009/banner.png HTTP/1.1" 200 52315 "http://www.semicomplete.com/articles/ssh-security/" "Mozilla/5.0 (Windows NT 6.3; WOW64) AppleWebKit/537.36 (KHTML, like Gecko) Chrome/32.0.1700.107 Safari/537.36"
212.159.68.200 - - [18/May/2015:12:05:41 +0000] "GET /favicon.ico HTTP/1.1" 200 3638 "-" "Mozilla/5.0 (Windows NT 6.3; WOW64) AppleWebKit/537.36 (KHTML, like Gecko) Chrome/32.0.1700.107 Safari/537.36"
68.180.224.225 - - [18/May/2015:12:05:51 +0000] "GET /blog/tags/regular%20expressions HTTP/1.1" 200 11671 "-" "Mozilla/5.0 (compatible; Yahoo! Slurp; http://help.yahoo.com/help/us/ysearch/slurp)"
46.105.14.53 - - [18/May/2015:12:05:29 +0000] "GET /blog/tags/puppet?flav=rss20 HTTP/1.1" 200 14872 "-" "UniversalFeedParser/4.2-pre-314-svn +http://feedparser.org/"
208.91.156.11 - - [18/May/2015:12:05:13 +0000] "GET /files/logstash/logstash-1.3.2-monolithic.jar HTTP/1.1" 404 324 "-" "Chef Client/10.18.2 (ruby-1.9.3-p327; ohai-6.16.0; x86_64-linux; +http://opscode.com)"
66.249.73.185 - - [18/May/2015:12:05:16 +0000] "GET /presentations/logstash-puppetconf-2012/images/nagios-sms2.png HTTP/1.1" 304 - "-" "Googlebot-Image/1.0"
66.249.73.135 - - [18/May/2015:12:05:22 +0000] "GET /blog/tags/os HTTP/1.1" 200 9667 "-" "Mozilla/5.0 (iPhone; CPU iPhone OS 6_0 like Mac OS X) AppleWebKit/536.26 (KHTML, like Gecko) Version/6.0 Mobile/10A5376e Safari/8536.25 (compatible; Googlebot/2.1; +http://www.google.com/bot.html)"
74.125.176.144 - - [18/May/2015:12:05:09 +0000] "GET /?flav=rss20 HTTP/1.1" 200 29941 "-" "FeedBurner/1.0 (http://www.FeedBurner.com)"
199.168.96.66 - - [18/May/2015:12:05:47 +0000] "GET / HTTP/1.0" 200 37932 "-" "-"
199.168.96.66 - - [18/May/2015:12:05:49 +0000] "GET /wp-login.php HTTP/1.0" 404 292 "-" "-"
199.168.96.66 - - [18/May/2015:12:05:01 +0000] "GET /administrator/index.php HTTP/1.0" 404 303 "-" "-"
199.168.96.66 - - [18/May/2015:12:05:28 +0000] "GET /reset.css HTTP/1.0" 200 1015 "-" "-"
199.168.96.66 - - [18/May/2015:12:05:04 +0000] "GET /style2.css HTTP/1.0" 200 4877 "-" "-"
199.168.96.66 - - [18/May/2015:12:05:31 +0000] "GET /favicon.ico HTTP/1.0" 200 3638 "-" "-"
199.168.96.66 - - [18/May/2015:12:05:10 +0000] "GET /?page=2 HTTP/1.0" 200 36673 "-" "-"
199.168.96.66 - - [18/May/2015:12:05:32 +0000] "GET /about/ HTTP/1.0" 200 11474 "-" "-"
199.168.96.66 - - [18/May/2015:12:05:07 +0000] "GET /resume.xml HTTP/1.0" 200 25606 "-" "-"
199.168.96.66 - - [18/May/2015:12:05:17 +0000] "GET /articles HTTP/1.0" 301 323 "-" "-"
199.168.96.66 - - [18/May/2015:12:05:19 +0000] "GET /articles/arp-security/ HTTP/1.0" 200 19735 "-" "-"
199.168.96.66 - - [18/May/2015:12:05:06 +0000] "GET /articles/dynamic-dns-with-dhcp/ HTTP/1.0" 200 18848 "-" "-"
199.168.96.66 - - [18/May/2015:12:05:42 +0000] "GET /articles/openldap-with-saslauthd/ HTTP/1.0" 200 12700 "-" "-"
199.168.96.66 - - [18/May/2015:12:05:13 +0000] "GET /articles/ppp-over-ssh/ HTTP/1.0" 200 18586 "-" "-"
199.168.96.66 - - [18/May/2015:12:05:16 +0000] "GET /articles/ssh-security/ HTTP/1.0" 200 16543 "-" "-"
199.168.96.66 - - [18/May/2015:12:05:12 +0000] "GET /articles/week-of-unix-tools/ HTTP/1.0" 200 9313 "-" "-"
199.168.96.66 - - [18/May/2015:12:05:23 +0000] "GET /articles/efficiency/ HTTP/1.0" 200 36398 "-" "-"
199.168.96.66 - - [18/May/2015:12:05:34 +0000] "GET /projects HTTP/1.0" 301 323 "-" "-"
199.168.96.66 - - [18/May/2015:12:05:35 +0000] "GET /projects/grok HTTP/1.0" 301 337 "-" "-"
199.168.96.66 - - [18/May/2015:12:05:47 +0000] "GET /projects/keynav HTTP/1.0" 301 330 "-" "-"
199.168.96.66 - - [18/May/2015:12:05:29 +0000] "GET /projects/liboverride HTTP/1.0" 301 335 "-" "-"
199.168.96.66 - - [18/May/2015:12:05:28 +0000] "GET /projects/fex HTTP/1.0" 301 327 "-" "-"
199.168.96.66 - - [18/May/2015:12:05:54 +0000] "GET /projects/xdotool HTTP/1.0" 301 331 "-" "-"
199.168.96.66 - - [18/May/2015:12:05:25 +0000] "GET /projects/pam_captcha HTTP/1.0" 301 335 "-" "-"
199.168.96.66 - - [18/May/2015:12:05:22 +0000] "GET /projects/firefox-tabsearch HTTP/1.0" 301 341 "-" "-"
199.168.96.66 - - [18/May/2015:12:05:58 +0000] "GET /projects/firefox-urledit HTTP/1.0" 301 339 "-" "-"
199.168.96.66 - - [18/May/2015:12:05:43 +0000] "GET /projects/newpsm HTTP/1.0" 301 330 "-" "-"
199.168.96.66 - - [18/May/2015:12:05:12 +0000] "GET /projects/nis2ldap HTTP/1.0" 301 332 "-" "-"
199.168.96.66 - - [18/May/2015:12:05:27 +0000] "GET /projects/pmbackup HTTP/1.0" 301 332 "-" "-"
199.168.96.66 - - [18/May/2015:12:05:16 +0000] "GET /projects/solaudio HTTP/1.0" 301 332 "-" "-"
199.168.96.66 - - [18/May/2015:12:05:10 +0000] "GET /projects/xboxproxy HTTP/1.0" 301 333 "-" "-"
199.168.96.66 - - [18/May/2015:12:05:50 +0000] "GET /projects/xmlpresenter HTTP/1.0" 301 336 "-" "-"
199.168.96.66 - - [18/May/2015:12:05:38 +0000] "GET /projects/xpathtool HTTP/1.0" 301 333 "-" "-"
199.168.96.66 - - [18/May/2015:12:05:20 +0000] "GET /scripts HTTP/1.0" 301 322 "-" "-"
199.168.96.66 - - [18/May/2015:12:05:30 +0000] "GET /presentations/hackday06 HTTP/1.0" 301 338 "-" "-"
199.168.96.66 - - [18/May/2015:12:05:42 +0000] "GET /presentations/hackday08 HTTP/1.0" 301 338 "-" "-"
199.168.96.66 - - [18/May/2015:12:05:48 +0000] "GET /presentations/mpi HTTP/1.0" 301 332 "-" "-"
199.168.96.66 - - [18/May/2015:12:05:28 +0000] "GET /presentations/security HTTP/1.0" 301 337 "-" "-"
199.168.96.66 - - [18/May/2015:12:05:20 +0000] "GET /presentations/semantic-blogging HTTP/1.0" 301 346 "-" "-"
199.168.96.66 - - [18/May/2015:12:05:13 +0000] "GET /presentations/unix-basics HTTP/1.0" 301 340 "-" "-"
199.168.96.66 - - [18/May/2015:12:05:03 +0000] "GET /presentations/vim HTTP/1.0" 301 332 "-" "-"
66.249.73.135 - - [18/May/2015:12:05:27 +0000] "GET /?flav=atom HTTP/1.1" 200 32352 "-" "Mozilla/5.0 (compatible; Googlebot/2.1; +http://www.google.com/bot.html)"
72.215.249.101 - - [18/May/2015:12:05:50 +0000] "GET /articles/dynamic-dns-with-dhcp/ HTTP/1.1" 200 18848 "http://www.google.com/url?sa=t&rct=j&q=&esrc=s&source=web&cd=4&ved=0CEcQFjAD&url=http%3A%2F%2Fwww.semicomplete.com%2Farticles%2Fdynamic-dns-with-dhcp%2F&ei=4mMBU6GHIKWYyAGS4IHwBQ&usg=AFQjCNEF1X4Rs52UYQyLiySTQxa97ozM4g&sig2=VtW4cHWqMhkNyWIj57HblA&bvm=bv.61535280,d.aWc&cad=rja" "Mozilla/5.0 (Windows NT 6.1; WOW64; rv:27.0) Gecko/20100101 Firefox/27.0"
72.215.249.101 - - [18/May/2015:12:05:01 +0000] "GET /reset.css HTTP/1.1" 200 1015 "http://www.semicomplete.com/articles/dynamic-dns-with-dhcp/" "Mozilla/5.0 (Windows NT 6.1; WOW64; rv:27.0) Gecko/20100101 Firefox/27.0"
72.215.249.101 - - [18/May/2015:12:05:55 +0000] "GET /style2.css HTTP/1.1" 200 4877 "http://www.semicomplete.com/articles/dynamic-dns-with-dhcp/" "Mozilla/5.0 (Windows NT 6.1; WOW64; rv:27.0) Gecko/20100101 Firefox/27.0"
72.215.249.101 - - [18/May/2015:12:05:25 +0000] "GET /favicon.ico HTTP/1.1" 200 3638 "-" "Mozilla/5.0 (Windows NT 6.1; WOW64; rv:27.0) Gecko/20100101 Firefox/27.0"
72.215.249.101 - - [18/May/2015:12:05:37 +0000] "GET /images/jordan-80.png HTTP/1.1" 200 6146 "http://www.semicomplete.com/articles/dynamic-dns-with-dhcp/" "Mozilla/5.0 (Windows NT 6.1; WOW64; rv:27.0) Gecko/20100101 Firefox/27.0"
72.215.249.101 - - [18/May/2015:12:05:19 +0000] "GET /images/web/2009/banner.png HTTP/1.1" 200 52315 "http://www.semicomplete.com/style2.css" "Mozilla/5.0 (Windows NT 6.1; WOW64; rv:27.0) Gecko/20100101 Firefox/27.0"
66.249.73.135 - - [18/May/2015:12:05:36 +0000] "GET / HTTP/1.1" 200 37932 "-" "Mozilla/5.0 (compatible; Googlebot/2.1; +http://www.google.com/bot.html)"
208.115.113.88 - - [18/May/2015:12:05:46 +0000] "GET /blog/geekery/defcon-15-pre.html HTTP/1.1" 200 8217 "-" "Mozilla/5.0 (compatible; Ezooms/1.0; help@moz.com)"
208.115.113.88 - - [18/May/2015:12:05:56 +0000] "GET /blog/geekery/make-vim-hlsearch-like-less.html HTTP/1.1" 200 8157 "-" "Mozilla/5.0 (compatible; Ezooms/1.0; help@moz.com)"
208.115.113.88 - - [18/May/2015:12:05:44 +0000] "GET /blog/geekery/search-query-parsing-in-javascript.html?commentlimit=0 HTTP/1.1" 200 10201 "-" "Mozilla/5.0 (compatible; Ezooms/1.0; help@moz.com)"
208.115.113.88 - - [18/May/2015:12:05:41 +0000] "GET /blog/projects/filebrowse/ HTTP/1.1" 200 8793 "-" "Mozilla/5.0 (compatible; Ezooms/1.0; help@moz.com)"
208.115.113.88 - - [18/May/2015:12:05:50 +0000] "GET /blog/rants/blogging-code-of-conduct.html HTTP/1.1" 200 11981 "-" "Mozilla/5.0 (compatible; Ezooms/1.0; help@moz.com)"
208.115.113.88 - - [18/May/2015:12:05:17 +0000] "GET /blog/tags/antispam HTTP/1.1" 200 9094 "-" "Mozilla/5.0 (compatible; Ezooms/1.0; help@moz.com)"
157.55.33.114 - - [18/May/2015:12:05:27 +0000] "GET /images/web/2009/banner.png HTTP/1.1" 200 52315 "-" "Mozilla/5.0 (compatible; bingbot/2.0; +http://www.bing.com/bingbot.htm)"
208.115.113.88 - - [18/May/2015:12:05:08 +0000] "GET /blog/tags/s5 HTTP/1.1" 200 9082 "-" "Mozilla/5.0 (compatible; Ezooms/1.0; help@moz.com)"
208.115.113.88 - - [18/May/2015:12:05:19 +0000] "GET /blog?page=19 HTTP/1.1" 200 36817 "-" "Mozilla/5.0 (compatible; Ezooms/1.0; help@moz.com)"
208.115.113.88 - - [18/May/2015:12:05:11 +0000] "GET /blog/tags/site?page=1 HTTP/1.1" 200 28160 "-" "Mozilla/5.0 (compatible; Ezooms/1.0; help@moz.com)"
208.115.113.88 - - [18/May/2015:12:05:26 +0000] "GET /files/firefox-tabsearch/?C=N;O=D HTTP/1.1" 200 1869 "-" "Mozilla/5.0 (compatible; Ezooms/1.0; help@moz.com)"
208.115.113.88 - - [18/May/2015:12:05:34 +0000] "GET /files/xdotool/docs/latex/ HTTP/1.1" 200 4179 "-" "Mozilla/5.0 (compatible; Ezooms/1.0; help@moz.com)"
208.115.113.88 - - [18/May/2015:13:05:15 +0000] "GET /scripts/googlevpn HTTP/1.1" 200 841 "-" "Mozilla/5.0 (compatible; Ezooms/1.0; help@moz.com)"
208.115.113.88 - - [18/May/2015:13:05:01 +0000] "GET /geekery/find-that-lost-screen-session.html HTTP/1.1" 404 326 "-" "Mozilla/5.0 (compatible; Ezooms/1.0; help@moz.com)"
208.115.113.88 - - [18/May/2015:13:05:37 +0000] "GET /articles/ppp-over-ssh HTTP/1.1" 301 336 "-" "Mozilla/5.0 (compatible; Ezooms/1.0; help@moz.com)"
208.115.113.88 - - [18/May/2015:13:05:15 +0000] "GET /blog/geekery/find-that-lost-screen-session.html HTTP/1.1" 200 11214 "-" "Mozilla/5.0 (compatible; Ezooms/1.0; help@moz.com)"
208.115.113.88 - - [18/May/2015:13:05:55 +0000] "GET /files/blogposts/20080423/?C=D;O=A HTTP/1.1" 200 962 "-" "Mozilla/5.0 (compatible; Ezooms/1.0; help@moz.com)"
208.115.113.88 - - [18/May/2015:13:05:03 +0000] "GET /files/images/?C=M;O=A HTTP/1.1" 200 944 "-" "Mozilla/5.0 (compatible; Ezooms/1.0; help@moz.com)"
208.115.113.88 - - [18/May/2015:13:05:33 +0000] "GET /files/rubygems615/?C=D;O=A HTTP/1.1" 200 1867 "-" "Mozilla/5.0 (compatible; Ezooms/1.0; help@moz.com)"
208.115.113.88 - - [18/May/2015:13:05:06 +0000] "GET /files/xdotool/docs/html/globals.html HTTP/1.1" 200 12273 "-" "Mozilla/5.0 (compatible; Ezooms/1.0; help@moz.com)"
208.115.113.88 - - [18/May/2015:13:05:51 +0000] "GET /projects/firefox-tabsearch/tabsearch.html HTTP/1.1" 200 1792 "-" "Mozilla/5.0 (compatible; Ezooms/1.0; help@moz.com)"
46.105.14.53 - - [18/May/2015:13:05:35 +0000] "GET /blog/tags/puppet?flav=rss20 HTTP/1.1" 200 14872 "-" "UniversalFeedParser/4.2-pre-314-svn +http://feedparser.org/"
66.249.81.91 - - [18/May/2015:13:05:16 +0000] "GET /projects/xdotool/xdotool.xhtml HTTP/1.1" 200 50112 "-" "Mozilla/5.0 (Windows NT 6.1; rv:6.0) Gecko/20110814 Firefox/6.0 Google favicon"
178.255.215.83 - - [18/May/2015:13:05:58 +0000] "GET /projects/firefox-urledit/urledit-screencast.html HTTP/1.1" 304 - "-" "Mozilla/5.0 (compatible; Exabot/3.0 (BiggerBetter); +http://www.exabot.com/go/robot)"
180.76.6.230 - - [18/May/2015:13:05:46 +0000] "GET /robots.txt HTTP/1.1" 200 - "-" "Mozilla/5.0 (Windows NT 5.1; rv:6.0.2) Gecko/20100101 Firefox/6.0.2"
96.36.44.80 - - [18/May/2015:13:05:08 +0000] "GET /projects/xdotool/ HTTP/1.1" 200 12292 "https://www.google.com/" "Mozilla/5.0 (X11; Linux x86_64) AppleWebKit/537.36 (KHTML, like Gecko) Chrome/32.0.1700.107 Safari/537.36"
96.36.44.80 - - [18/May/2015:13:05:38 +0000] "GET /reset.css HTTP/1.1" 200 1015 "http://www.semicomplete.com/projects/xdotool/" "Mozilla/5.0 (X11; Linux x86_64) AppleWebKit/537.36 (KHTML, like Gecko) Chrome/32.0.1700.107 Safari/537.36"
96.36.44.80 - - [18/May/2015:13:05:08 +0000] "GET /style2.css HTTP/1.1" 200 4877 "http://www.semicomplete.com/projects/xdotool/" "Mozilla/5.0 (X11; Linux x86_64) AppleWebKit/537.36 (KHTML, like Gecko) Chrome/32.0.1700.107 Safari/537.36"
96.36.44.80 - - [18/May/2015:13:05:25 +0000] "GET /images/jordan-80.png HTTP/1.1" 200 6146 "http://www.semicomplete.com/projects/xdotool/" "Mozilla/5.0 (X11; Linux x86_64) AppleWebKit/537.36 (KHTML, like Gecko) Chrome/32.0.1700.107 Safari/537.36"
96.36.44.80 - - [18/May/2015:13:05:35 +0000] "GET /images/web/2009/banner.png HTTP/1.1" 200 52315 "http://www.semicomplete.com/projects/xdotool/" "Mozilla/5.0 (X11; Linux x86_64) AppleWebKit/537.36 (KHTML, like Gecko) Chrome/32.0.1700.107 Safari/537.36"
96.36.44.80 - - [18/May/2015:13:05:00 +0000] "GET /favicon.ico HTTP/1.1" 200 3638 "-" "Mozilla/5.0 (X11; Linux x86_64) AppleWebKit/537.36 (KHTML, like Gecko) Chrome/32.0.1700.107 Safari/537.36"
88.120.89.50 - - [18/May/2015:13:05:08 +0000] "GET /projects/xdotool/xdotool.xhtml HTTP/1.1" 200 50112 "-" "Mozilla/5.0 (X11; Ubuntu; Linux x86_64; rv:27.0) Gecko/20100101 Firefox/27.0"
88.120.89.50 - - [18/May/2015:13:05:59 +0000] "GET /favicon.ico HTTP/1.1" 200 3638 "-" "Mozilla/5.0 (X11; Ubuntu; Linux x86_64; rv:27.0) Gecko/20100101 Firefox/27.0"
65.172.240.122 - - [18/May/2015:13:05:24 +0000] "GET /blog/tags/munin HTTP/1.1" 200 9746 "https://www.google.com/" "Mozilla/5.0 (X11; Linux armv7l) AppleWebKit/537.36 (KHTML, like Gecko) Ubuntu Chromium/31.0.1650.63 Chrome/31.0.1650.63 Safari/537.36"
65.172.240.122 - - [18/May/2015:13:05:19 +0000] "GET /style2.css HTTP/1.1" 200 4877 "http://www.semicomplete.com/blog/tags/munin" "Mozilla/5.0 (X11; Linux armv7l) AppleWebKit/537.36 (KHTML, like Gecko) Ubuntu Chromium/31.0.1650.63 Chrome/31.0.1650.63 Safari/537.36"
65.172.240.122 - - [18/May/2015:13:05:17 +0000] "GET /images/jordan-80.png HTTP/1.1" 200 6146 "http://www.semicomplete.com/blog/tags/munin" "Mozilla/5.0 (X11; Linux armv7l) AppleWebKit/537.36 (KHTML, like Gecko) Ubuntu Chromium/31.0.1650.63 Chrome/31.0.1650.63 Safari/537.36"
65.172.240.122 - - [18/May/2015:13:05:34 +0000] "GET /reset.css HTTP/1.1" 200 1015 "http://www.semicomplete.com/blog/tags/munin" "Mozilla/5.0 (X11; Linux armv7l) AppleWebKit/537.36 (KHTML, like Gecko) Ubuntu Chromium/31.0.1650.63 Chrome/31.0.1650.63 Safari/537.36"
65.172.240.122 - - [18/May/2015:13:05:52 +0000] "GET /images/web/2009/banner.png HTTP/1.1" 200 52315 "http://www.semicomplete.com/blog/tags/munin" "Mozilla/5.0 (X11; Linux armv7l) AppleWebKit/537.36 (KHTML, like Gecko) Ubuntu Chromium/31.0.1650.63 Chrome/31.0.1650.63 Safari/537.36"
65.172.240.122 - - [18/May/2015:13:05:50 +0000] "GET /favicon.ico HTTP/1.1" 200 3638 "-" "Mozilla/5.0 (X11; Linux armv7l) AppleWebKit/537.36 (KHTML, like Gecko) Ubuntu Chromium/31.0.1650.63 Chrome/31.0.1650.63 Safari/537.36"
204.236.162.60 - - [18/May/2015:13:05:48 +0000] "GET /?flav=atom HTTP/1.1" 200 32352 "-" "Digg Feed Fetcher 1.0 (Mozilla/5.0 (Macintosh; Intel Mac OS X 10_7_1) AppleWebKit/534.48.3 (KHTML, like Gecko) Version/5.1 Safari/534.48.3)"
66.249.73.135 - - [18/May/2015:13:05:07 +0000] "GET /articles/arp-security/ HTTP/1.1" 200 19735 "-" "Mozilla/5.0 (iPhone; CPU iPhone OS 6_0 like Mac OS X) AppleWebKit/536.26 (KHTML, like Gecko) Version/6.0 Mobile/10A5376e Safari/8536.25 (compatible; Googlebot/2.1; +http://www.google.com/bot.html)"
209.85.238.199 - - [18/May/2015:13:05:13 +0000] "GET /?flav=atom HTTP/1.1" 200 32352 "-" "Feedfetcher-Google; (+http://www.google.com/feedfetcher.html; 16 subscribers; feed-id=3389821348893992437)"
46.105.14.53 - - [18/May/2015:13:05:35 +0000] "GET /blog/tags/puppet?flav=rss20 HTTP/1.1" 200 14872 "-" "UniversalFeedParser/4.2-pre-314-svn +http://feedparser.org/"
180.76.5.39 - - [18/May/2015:13:05:09 +0000] "GET /scripts/?C=M;O=A HTTP/1.1" 200 21894 "-" "Mozilla/5.0 (compatible; Baiduspider/2.0; +http://www.baidu.com/search/spider.html)"
222.77.201.107 - - [18/May/2015:13:05:40 +0000] "GET / HTTP/1.1" 200 37932 "http://www.semicomplete.com/" "Mozilla/5.0 (Macintosh; Intel Mac OS X 10.7; rv:22.0) Gecko/20100101 Firefox/22.0"
222.77.201.107 - - [18/May/2015:13:05:13 +0000] "GET /blog/geekery/installing-windows-8-consumer-preview.html HTTP/1.1" 200 8948 "http://www.semicomplete.com/" "Mozilla/5.0 (Macintosh; Intel Mac OS X 10.7; rv:22.0) Gecko/20100101 Firefox/22.0"
107.170.40.200 - - [18/May/2015:13:05:10 +0000] "GET /?flav=atom HTTP/1.1" 200 32352 "-" "Feedbin - 1 subscribers"
213.10.136.118 - - [18/May/2015:13:05:12 +0000] "GET /projects/xdotool HTTP/1.1" 301 339 "http://manpages.ubuntu.com/manpages/lucid/man1/xdotool.1.html" "Mozilla/5.0 (X11; Ubuntu; Linux x86_64; rv:20.0) Gecko/20100101 Firefox/20.0"
213.10.136.118 - - [18/May/2015:13:05:18 +0000] "GET /projects/xdotool/ HTTP/1.1" 200 12292 "http://manpages.ubuntu.com/manpages/lucid/man1/xdotool.1.html" "Mozilla/5.0 (X11; Ubuntu; Linux x86_64; rv:20.0) Gecko/20100101 Firefox/20.0"
213.10.136.118 - - [18/May/2015:13:05:31 +0000] "GET /reset.css HTTP/1.1" 200 1015 "http://www.semicomplete.com/projects/xdotool/" "Mozilla/5.0 (X11; Ubuntu; Linux x86_64; rv:20.0) Gecko/20100101 Firefox/20.0"
213.10.136.118 - - [18/May/2015:13:05:57 +0000] "GET /style2.css HTTP/1.1" 200 4877 "http://www.semicomplete.com/projects/xdotool/" "Mozilla/5.0 (X11; Ubuntu; Linux x86_64; rv:20.0) Gecko/20100101 Firefox/20.0"
213.10.136.118 - - [18/May/2015:13:05:13 +0000] "GET /favicon.ico HTTP/1.1" 200 3638 "-" "Mozilla/5.0 (X11; Ubuntu; Linux x86_64; rv:20.0) Gecko/20100101 Firefox/20.0"
213.10.136.118 - - [18/May/2015:13:05:29 +0000] "GET /images/jordan-80.png HTTP/1.1" 200 6146 "http://www.semicomplete.com/projects/xdotool/" "Mozilla/5.0 (X11; Ubuntu; Linux x86_64; rv:20.0) Gecko/20100101 Firefox/20.0"
213.10.136.118 - - [18/May/2015:13:05:35 +0000] "GET /images/web/2009/banner.png HTTP/1.1" 200 52315 "http://www.semicomplete.com/style2.css" "Mozilla/5.0 (X11; Ubuntu; Linux x86_64; rv:20.0) Gecko/20100101 Firefox/20.0"
67.244.81.209 - - [18/May/2015:13:05:48 +0000] "GET /projects/xdotool/xdotool.xhtml HTTP/1.1" 200 50112 "-" "Mozilla/5.0 (Android; Tablet; rv:27.0) Gecko/27.0 Firefox/27.0"
108.174.55.234 - - [18/May/2015:13:05:02 +0000] "GET /?flav=rss20 HTTP/1.1" 200 29941 "-" "-"
198.46.149.143 - - [18/May/2015:13:05:33 +0000] "GET /blog/geekery/disabling-battery-in-ubuntu-vms.html?utm_source=feedburner&utm_medium=feed&utm_campaign=Feed%3A+semicomplete%2Fmain+%28semicomplete.com+-+Jordan+Sissel%29 HTTP/1.1" 200 9316 "-" "Tiny Tiny RSS/1.11 (http://tt-rss.org/)"
198.46.149.143 - - [18/May/2015:13:05:03 +0000] "GET /blog/geekery/solving-good-or-bad-problems.html?utm_source=feedburner&utm_medium=feed&utm_campaign=Feed%3A+semicomplete%2Fmain+%28semicomplete.com+-+Jordan+Sissel%29 HTTP/1.1" 200 10756 "-" "Tiny Tiny RSS/1.11 (http://tt-rss.org/)"
180.183.207.146 - - [18/May/2015:13:05:50 +0000] "GET /presentations/logstash-scale11x/ HTTP/1.1" 200 54239 "http://semicomplete.com/" "Mozilla/5.0 (Macintosh; Intel Mac OS X 10.7; rv:22.0) Gecko/20100101 Firefox/22.0"
180.183.207.146 - - [18/May/2015:13:05:31 +0000] "GET /kibana/ HTTP/1.1" 200 4483 "http://semicomplete.com/" "Mozilla/5.0 (Macintosh; Intel Mac OS X 10.7; rv:22.0) Gecko/20100101 Firefox/22.0"
66.249.73.135 - - [18/May/2015:13:05:50 +0000] "GET /articles/ppp-over-ssh/ HTTP/1.1" 200 18586 "-" "Mozilla/5.0 (iPhone; CPU iPhone OS 6_0 like Mac OS X) AppleWebKit/536.26 (KHTML, like Gecko) Version/6.0 Mobile/10A5376e Safari/8536.25 (compatible; Googlebot/2.1; +http://www.google.com/bot.html)"
203.81.69.86 - - [18/May/2015:13:05:56 +0000] "GET /images/googledotcom.png HTTP/1.1" 200 65748 "http://www.google.com/search?q=www.google.com&hl=en&source=android-unknown&source=lnms&tbm=isch&sa=X&ei=f2YBU9GFCYOklQWHmoD4CQ&ved=0CAoQ_AUoAA&biw=320&bih=508" "Mozilla/5.0 (Linux; U; Android 4.1.2; en-us; HW-HUAWEI_Y320-C00/Y320-C00V100R001C92B611; 480*800; CTC/2.0) AppleWebKit/534.30(KHTML,like Gecko) Version/4.0 Mobile Safari/534.30"
46.105.14.53 - - [18/May/2015:13:05:37 +0000] "GET /blog/tags/puppet?flav=rss20 HTTP/1.1" 200 14872 "-" "UniversalFeedParser/4.2-pre-314-svn +http://feedparser.org/"
50.16.19.13 - - [18/May/2015:13:05:52 +0000] "GET /blog/tags/puppet?flav=rss20 HTTP/1.1" 200 14872 "http://www.semicomplete.com/blog/tags/puppet?flav=rss20" "Tiny Tiny RSS/1.11 (http://tt-rss.org/)"
