75.97.9.59 - - [19/May/2015:00:05:50 +0000] "GET /presentations/logstash-puppetconf-2013/images/logstash-eyeless.svg HTTP/1.1" 200 45664 "http://semicomplete.com/presentations/logstash-puppetconf-2013/" "Mozilla/5.0 (Windows NT 6.1; WOW64) AppleWebKit/537.36 (KHTML, like Gecko) Chrome/32.0.1700.107 Safari/537.36"
75.97.9.59 - - [19/May/2015:00:05:11 +0000] "GET /presentations/logstash-puppetconf-2013/images/grokdebug-discover2.jpg HTTP/1.1" 200 96159 "http://semicomplete.com/presentations/logstash-puppetconf-2013/" "Mozilla/5.0 (Windows NT 6.1; WOW64) AppleWebKit/537.36 (KHTML, like Gecko) Chrome/32.0.1700.107 Safari/537.36"
75.97.9.59 - - [19/May/2015:01:05:00 +0000] "GET /presentations/logstash-puppetconf-2013/images/kibana3-2.png HTTP/1.1" 200 121612 "http://semicomplete.com/presentations/logstash-puppetconf-2013/" "Mozilla/5.0 (Windows NT 6.1; WOW64) AppleWebKit/537.36 (KHTML, like Gecko) Chrome/32.0.1700.107 Safari/537.36"
75.97.9.59 - - [19/May/2015:01:05:59 +0000] "GET /presentations/logstash-puppetconf-2013/images/pyroland-rainbow.jpg HTTP/1.1" 200 169138 "http://semicomplete.com/presentations/logstash-puppetconf-2013/" "Mozilla/5.0 (Windows NT 6.1; WOW64) AppleWebKit/537.36 (KHTML, like Gecko) Chrome/32.0.1700.107 Safari/537.36"
75.97.9.59 - - [19/May/2015:01:05:18 +0000] "GET /presentations/logstash-puppetconf-2013/images/logstash-web.png HTTP/1.1" 200 264165 "http://semicomplete.com/presentations/logstash-puppetconf-2013/" "Mozilla/5.0 (Windows NT 6.1; WOW64) AppleWebKit/537.36 (KHTML, like Gecko) Chrome/32.0.1700.107 Safari/537.36"
75.97.9.59 - - [19/May/2015:01:05:57 +0000] "GET /presentations/logstash-puppetconf-2013/images/kibana3-3.png HTTP/1.1" 200 424909 "http://semicomplete.com/presentations/logstash-puppetconf-2013/" "Mozilla/5.0 (Windows NT 6.1; WOW64) AppleWebKit/537.36 (KHTML, like Gecko) Chrome/32.0.1700.107 Safari/537.36"
75.97.9.59 - - [19/May/2015:01:05:36 +0000] "GET /presentations/logstash-puppetconf-2013/images/kibana3-1.png HTTP/1.1" 200 425677 "http://semicomplete.com/presentations/logstash-puppetconf-2013/" "Mozilla/5.0 (Windows NT 6.1; WOW64) AppleWebKit/537.36 (KHTML, like Gecko) Chrome/32.0.1700.107 Safari/537.36"
75.97.9.59 - - [19/May/2015:01:05:29 +0000] "GET /presentations/logstash-puppetconf-2013/images/TF2-Pyro-Burn-Everything.jpg HTTP/1.1" 200 122497 "http://semicomplete.com/presentations/logstash-puppetconf-2013/" "Mozilla/5.0 (Windows NT 6.1; WOW64) AppleWebKit/537.36 (KHTML, like Gecko) Chrome/32.0.1700.107 Safari/537.36"
75.97.9.59 - - [19/May/2015:01:05:06 +0000] "GET /presentations/logstash-puppetconf-2013/images/kibana.png HTTP/1.1" 200 7359 "http://semicomplete.com/presentations/logstash-puppetconf-2013/" "Mozilla/5.0 (Windows NT 6.1; WOW64) AppleWebKit/537.36 (KHTML, like Gecko) Chrome/32.0.1700.107 Safari/537.36"
75.97.9.59 - - [19/May/2015:01:05:57 +0000] "GET /presentations/logstash-puppetconf-2013/images/frontend-metrics.jpg HTTP/1.1" 200 56380 "http://semicomplete.com/presentations/logstash-puppetconf-2013/" "Mozilla/5.0 (Windows NT 6.1; WOW64) AppleWebKit/537.36 (KHTML, like Gecko) Chrome/32.0.1700.107 Safari/537.36"
75.97.9.59 - - [19/May/2015:01:05:32 +0000] "GET /presentations/logstash-puppetconf-2013/css/print/paper.css HTTP/1.1" 200 4241 "http://semicomplete.com/presentations/logstash-puppetconf-2013/" "Mozilla/5.0 (Windows NT 6.1; WOW64) AppleWebKit/537.36 (KHTML, like Gecko) Chrome/32.0.1700.107 Safari/537.36"
75.97.9.59 - - [19/May/2015:01:05:42 +0000] "GET /presentations/logstash-puppetconf-2013/images/kibana3-4map.png HTTP/1.1" 200 525673 "http://semicomplete.com/presentations/logstash-puppetconf-2013/" "Mozilla/5.0 (Windows NT 6.1; WOW64) AppleWebKit/537.36 (KHTML, like Gecko) Chrome/32.0.1700.107 Safari/537.36"
75.97.9.59 - - [19/May/2015:01:05:53 +0000] "GET /presentations/logstash-puppetconf-2013/images/wall-of-text.png HTTP/1.1" 200 305335 "http://semicomplete.com/presentations/logstash-puppetconf-2013/" "Mozilla/5.0 (Windows NT 6.1; WOW64) AppleWebKit/537.36 (KHTML, like Gecko) Chrome/32.0.1700.107 Safari/537.36"
81.61.214.106 - - [19/May/2015:01:05:47 +0000] "GET /articles/dynamic-dns-with-dhcp/ HTTP/1.1" 200 18848 "http://www.google.es/url?sa=t&rct=j&q=&esrc=s&source=web&cd=2&ved=0CDgQFjAB&url=http%3A%2F%2Fwww.semicomplete.com%2Farticles%2Fdynamic-dns-with-dhcp%2F&ei=7LgBU9SeIOjhywO6_oGoBg&usg=AFQjCNEF1X4Rs52UYQyLiySTQxa97ozM4g&bvm=bv.61535280,d.bGQ" "Mozilla/5.0 (X11; Ubuntu; Linux x86_64; rv:26.0) Gecko/20100101 Firefox/26.0"
81.61.214.106 - - [19/May/2015:01:05:01 +0000] "GET /reset.css HTTP/1.1" 200 1015 "http://www.semicomplete.com/articles/dynamic-dns-with-dhcp/" "Mozilla/5.0 (X11; Ubuntu; Linux x86_64; rv:26.0) Gecko/20100101 Firefox/26.0"
81.61.214.106 - - [19/May/2015:01:05:42 +0000] "GET /style2.css HTTP/1.1" 200 4877 "http://www.semicomplete.com/articles/dynamic-dns-with-dhcp/" "Mozilla/5.0 (X11; Ubuntu; Linux x86_64; rv:26.0) Gecko/20100101 Firefox/26.0"
81.61.214.106 - - [19/May/2015:01:05:14 +0000] "GET /favicon.ico HTTP/1.1" 200 3638 "-" "Mozilla/5.0 (X11; Ubuntu; Linux x86_64; rv:26.0) Gecko/20100101 Firefox/26.0"
81.61.214.106 - - [19/May/2015:01:05:03 +0000] "GET /images/jordan-80.png HTTP/1.1" 200 6146 "http://www.semicomplete.com/articles/dynamic-dns-with-dhcp/" "Mozilla/5.0 (X11; Ubuntu; Linux x86_64; rv:26.0) Gecko/20100101 Firefox/26.0"
81.61.214.106 - - [19/May/2015:01:05:39 +0000] "GET /images/web/2009/banner.png HTTP/1.1" 200 52315 "http://www.semicomplete.com/style2.css" "Mozilla/5.0 (X11; Ubuntu; Linux x86_64; rv:26.0) Gecko/20100101 Firefox/26.0"
125.239.92.211 - - [19/May/2015:01:05:42 +0000] "GET /presentations/logstash-scale11x/images/ahhh___rage_face_by_samusmmx-d5g5zap.png HTTP/1.1" 200 175208 "http://s-chassis.co.nz/viewtopic.php?f=16&t=9265&sid=6bb0c8283f412381c4a4e3daa3e0d392&start=200" "Mozilla/5.0 (Windows NT 6.1; WOW64) AppleWebKit/537.36 (KHTML, like Gecko) Chrome/32.0.1700.107 Safari/537.36"
75.97.9.59 - - [19/May/2015:01:05:17 +0000] "GET /presentations/logstash-puppetconf-2013/css/font/fontawesome-webfont.woff?v=3.2.1 HTTP/1.1" 404 352 "http://semicomplete.com/presentations/logstash-puppetconf-2013/" "Mozilla/5.0 (Windows NT 6.1; WOW64) AppleWebKit/537.36 (KHTML, like Gecko) Chrome/32.0.1700.107 Safari/537.36"
46.105.14.53 - - [19/May/2015:01:05:13 +0000] "GET /blog/tags/puppet?flav=rss20 HTTP/1.1" 200 14872 "-" "UniversalFeedParser/4.2-pre-314-svn +http://feedparser.org/"
75.97.9.59 - - [19/May/2015:01:05:43 +0000] "GET /presentations/logstash-puppetconf-2013/css/font/fontawesome-webfont.ttf?v=3.2.1 HTTP/1.1" 404 351 "http://semicomplete.com/presentations/logstash-puppetconf-2013/" "Mozilla/5.0 (Windows NT 6.1; WOW64) AppleWebKit/537.36 (KHTML, like Gecko) Chrome/32.0.1700.107 Safari/537.36"
75.97.9.59 - - [19/May/2015:01:05:06 +0000] "GET /presentations/logstash-puppetconf-2013/css/font/fontawesome-webfont.svg HTTP/1.1" 404 351 "http://semicomplete.com/presentations/logstash-puppetconf-2013/" "Mozilla/5.0 (Windows NT 6.1; WOW64) AppleWebKit/537.36 (KHTML, like Gecko) Chrome/32.0.1700.107 Safari/537.36"
74.125.176.150 - - [19/May/2015:01:05:09 +0000] "GET /?flav=rss20 HTTP/1.1" 200 29941 "-" "FeedBurner/1.0 (http://www.FeedBurner.com)"
66.249.73.135 - - [19/May/2015:01:05:12 +0000] "GET / HTTP/1.1" 200 37932 "-" "Mozilla/5.0 (compatible; Googlebot/2.1; +http://www.google.com/bot.html)"
216.150.76.218 - - [19/May/2015:01:05:39 +0000] "GET /blog/wp-admin/ HTTP/1.1" 404 7861 "-" "-"
217.69.133.237 - - [19/May/2015:01:05:17 +0000] "GET /robots.txt HTTP/1.1" 200 - "-" "Mozilla/5.0 (compatible; Linux x86_64; Mail.RU_Bot/2.0; +http://go.mail.ru/help/robots)"
217.69.133.234 - - [19/May/2015:01:05:37 +0000] "GET /articles/ppp-over-ssh/ HTTP/1.1" 200 18586 "-" "Mozilla/5.0 (compatible; Linux x86_64; Mail.RU_Bot/2.0; +http://go.mail.ru/help/robots)"
182.253.73.51 - - [19/May/2015:01:05:23 +0000] "GET /presentations/logstash-puppetconf-2012/ HTTP/1.1" 200 37269 "http://semicomplete.com/" "Mozilla/5.0 (Macintosh; Intel Mac OS X 10.7; rv:21.0) Gecko/20100101 Firefox/21.0"
182.253.73.51 - - [19/May/2015:01:05:19 +0000] "GET /presentations/puppet-at-loggly/puppet-at-loggly.pdf.html HTTP/1.1" 200 24747 "http://semicomplete.com/" "Mozilla/5.0 (Macintosh; Intel Mac OS X 10.7; rv:21.0) Gecko/20100101 Firefox/21.0"
195.14.72.29 - - [19/May/2015:01:05:31 +0000] "GET /projects/xdotool/ HTTP/1.1" 200 12292 "http://www.google.nl/url?sa=t&rct=j&q=&esrc=s&source=web&cd=1&sqi=2&ved=0CCcQFjAA&url=http%3A%2F%2Fwww.semicomplete.com%2Fprojects%2Fxdotool%2F&ei=u7kBU7HvC47DkQWL3oCICw&usg=AFQjCNE3V_aCf3-gfNcbS924S6jZ6FqffA&bvm=bv.61535280,d.dGI" "Mozilla/5.0 (Windows NT 6.1; Win64; x64; Trident/7.0; rv:11.0) like Gecko"
195.14.72.29 - - [19/May/2015:01:05:44 +0000] "GET /reset.css HTTP/1.1" 200 1015 "http://www.semicomplete.com/projects/xdotool/" "Mozilla/5.0 (Windows NT 6.1; Win64; x64; Trident/7.0; rv:11.0) like Gecko"
195.14.72.29 - - [19/May/2015:01:05:19 +0000] "GET /style2.css HTTP/1.1" 200 4877 "http://www.semicomplete.com/projects/xdotool/" "Mozilla/5.0 (Windows NT 6.1; Win64; x64; Trident/7.0; rv:11.0) like Gecko"
195.14.72.29 - - [19/May/2015:01:05:55 +0000] "GET /images/jordan-80.png HTTP/1.1" 200 6146 "http://www.semicomplete.com/projects/xdotool/" "Mozilla/5.0 (Windows NT 6.1; Win64; x64; Trident/7.0; rv:11.0) like Gecko"
195.14.72.29 - - [19/May/2015:01:05:01 +0000] "GET /images/web/2009/banner.png HTTP/1.1" 200 52315 "http://www.semicomplete.com/projects/xdotool/" "Mozilla/5.0 (Windows NT 6.1; Win64; x64; Trident/7.0; rv:11.0) like Gecko"
75.97.9.59 - - [19/May/2015:01:05:30 +0000] "GET /presentations/logstash-puppetconf-2013/ HTTP/1.1" 304 - "http://semicomplete.com/presentations/?C=M;O=D" "Mozilla/5.0 (Windows NT 6.1; WOW64) AppleWebKit/537.36 (KHTML, like Gecko) Chrome/32.0.1700.107 Safari/537.36"
75.97.9.59 - - [19/May/2015:01:05:07 +0000] "GET /presentations/logstash-puppetconf-2013/css/reveal.min.css HTTP/1.1" 304 - "http://semicomplete.com/presentations/logstash-puppetconf-2013/" "Mozilla/5.0 (Windows NT 6.1; WOW64) AppleWebKit/537.36 (KHTML, like Gecko) Chrome/32.0.1700.107 Safari/537.36"
75.97.9.59 - - [19/May/2015:01:05:12 +0000] "GET /presentations/logstash-puppetconf-2013/css/theme/jls.css HTTP/1.1" 304 - "http://semicomplete.com/presentations/logstash-puppetconf-2013/" "Mozilla/5.0 (Windows NT 6.1; WOW64) AppleWebKit/537.36 (KHTML, like Gecko) Chrome/32.0.1700.107 Safari/537.36"
75.97.9.59 - - [19/May/2015:01:05:03 +0000] "GET /presentations/logstash-puppetconf-2013/images/logstash.png HTTP/1.1" 304 - "http://semicomplete.com/presentations/logstash-puppetconf-2013/" "Mozilla/5.0 (Windows NT 6.1; WOW64) AppleWebKit/537.36 (KHTML, like Gecko) Chrome/32.0.1700.107 Safari/537.36"
75.97.9.59 - - [19/May/2015:01:05:26 +0000] "GET /presentations/logstash-puppetconf-2013/lib/js/head.min.js HTTP/1.1" 304 - "http://semicomplete.com/presentations/logstash-puppetconf-2013/" "Mozilla/5.0 (Windows NT 6.1; WOW64) AppleWebKit/537.36 (KHTML, like Gecko) Chrome/32.0.1700.107 Safari/537.36"
75.97.9.59 - - [19/May/2015:01:05:46 +0000] "GET /presentations/logstash-puppetconf-2013/js/reveal.js HTTP/1.1" 304 - "http://semicomplete.com/presentations/logstash-puppetconf-2013/" "Mozilla/5.0 (Windows NT 6.1; WOW64) AppleWebKit/537.36 (KHTML, like Gecko) Chrome/32.0.1700.107 Safari/537.36"
75.97.9.59 - - [19/May/2015:01:05:07 +0000] "GET /presentations/logstash-puppetconf-2013/js/config.js HTTP/1.1" 304 - "http://semicomplete.com/presentations/logstash-puppetconf-2013/" "Mozilla/5.0 (Windows NT 6.1; WOW64) AppleWebKit/537.36 (KHTML, like Gecko) Chrome/32.0.1700.107 Safari/537.36"
75.97.9.59 - - [19/May/2015:01:05:25 +0000] "GET /presentations/logstash-puppetconf-2013/images/hugops.svg HTTP/1.1" 304 - "http://semicomplete.com/presentations/logstash-puppetconf-2013/" "Mozilla/5.0 (Windows NT 6.1; WOW64) AppleWebKit/537.36 (KHTML, like Gecko) Chrome/32.0.1700.107 Safari/537.36"
75.97.9.59 - - [19/May/2015:01:05:24 +0000] "GET /presentations/logstash-puppetconf-2013/images/wall-of-text.png HTTP/1.1" 304 - "http://semicomplete.com/presentations/logstash-puppetconf-2013/" "Mozilla/5.0 (Windows NT 6.1; WOW64) AppleWebKit/537.36 (KHTML, like Gecko) Chrome/32.0.1700.107 Safari/537.36"
75.97.9.59 - - [19/May/2015:01:05:14 +0000] "GET /presentations/logstash-puppetconf-2013/images/frontend-metrics.jpg HTTP/1.1" 304 - "http://semicomplete.com/presentations/logstash-puppetconf-2013/" "Mozilla/5.0 (Windows NT 6.1; WOW64) AppleWebKit/537.36 (KHTML, like Gecko) Chrome/32.0.1700.107 Safari/537.36"
75.97.9.59 - - [19/May/2015:01:05:25 +0000] "GET /presentations/logstash-puppetconf-2013/images/kibana.png HTTP/1.1" 304 - "http://semicomplete.com/presentations/logstash-puppetconf-2013/" "Mozilla/5.0 (Windows NT 6.1; WOW64) AppleWebKit/537.36 (KHTML, like Gecko) Chrome/32.0.1700.107 Safari/537.36"
75.97.9.59 - - [19/May/2015:01:05:42 +0000] "GET /presentations/logstash-puppetconf-2013/images/bonsai1.png HTTP/1.1" 304 - "http://semicomplete.com/presentations/logstash-puppetconf-2013/" "Mozilla/5.0 (Windows NT 6.1; WOW64) AppleWebKit/537.36 (KHTML, like Gecko) Chrome/32.0.1700.107 Safari/537.36"
75.97.9.59 - - [19/May/2015:01:05:18 +0000] "GET /presentations/logstash-puppetconf-2013/images/kibana3-many-visuals.png HTTP/1.1" 304 - "http://semicomplete.com/presentations/logstash-puppetconf-2013/" "Mozilla/5.0 (Windows NT 6.1; WOW64) AppleWebKit/537.36 (KHTML, like Gecko) Chrome/32.0.1700.107 Safari/537.36"
75.97.9.59 - - [19/May/2015:01:05:11 +0000] "GET /presentations/logstash-puppetconf-2013/images/puppet.svg HTTP/1.1" 304 - "http://semicomplete.com/presentations/logstash-puppetconf-2013/" "Mozilla/5.0 (Windows NT 6.1; WOW64) AppleWebKit/537.36 (KHTML, like Gecko) Chrome/32.0.1700.107 Safari/537.36"
75.97.9.59 - - [19/May/2015:01:05:29 +0000] "GET /presentations/logstash-puppetconf-2013/images/logstash-eyeless.svg HTTP/1.1" 304 - "http://semicomplete.com/presentations/logstash-puppetconf-2013/" "Mozilla/5.0 (Windows NT 6.1; WOW64) AppleWebKit/537.36 (KHTML, like Gecko) Chrome/32.0.1700.107 Safari/537.36"
75.97.9.59 - - [19/May/2015:01:05:50 +0000] "GET /presentations/logstash-puppetconf-2013/images/kibana3-4map.png HTTP/1.1" 304 - "http://semicomplete.com/presentations/logstash-puppetconf-2013/" "Mozilla/5.0 (Windows NT 6.1; WOW64) AppleWebKit/537.36 (KHTML, like Gecko) Chrome/32.0.1700.107 Safari/537.36"
75.97.9.59 - - [19/May/2015:01:05:54 +0000] "GET /presentations/logstash-puppetconf-2013/images/kibana3-3.png HTTP/1.1" 304 - "http://semicomplete.com/presentations/logstash-puppetconf-2013/" "Mozilla/5.0 (Windows NT 6.1; WOW64) AppleWebKit/537.36 (KHTML, like Gecko) Chrome/32.0.1700.107 Safari/537.36"
75.97.9.59 - - [19/May/2015:01:05:06 +0000] "GET /presentations/logstash-puppetconf-2013/images/kibana3-1.png HTTP/1.1" 304 - "http://semicomplete.com/presentations/logstash-puppetconf-2013/" "Mozilla/5.0 (Windows NT 6.1; WOW64) AppleWebKit/537.36 (KHTML, like Gecko) Chrome/32.0.1700.107 Safari/537.36"
75.97.9.59 - - [19/May/2015:01:05:07 +0000] "GET /presentations/logstash-puppetconf-2013/images/kibana3-2.png HTTP/1.1" 304 - "http://semicomplete.com/presentations/logstash-puppetconf-2013/" "Mozilla/5.0 (Windows NT 6.1; WOW64) AppleWebKit/537.36 (KHTML, like Gecko) Chrome/32.0.1700.107 Safari/537.36"
75.97.9.59 - - [19/May/2015:01:05:19 +0000] "GET /presentations/logstash-puppetconf-2013/images/logstash-web.png HTTP/1.1" 304 - "http://semicomplete.com/presentations/logstash-puppetconf-2013/" "Mozilla/5.0 (Windows NT 6.1; WOW64) AppleWebKit/537.36 (KHTML, like Gecko) Chrome/32.0.1700.107 Safari/537.36"
75.97.9.59 - - [19/May/2015:01:05:01 +0000] "GET /presentations/logstash-puppetconf-2013/images/pyroland-rainbow.jpg HTTP/1.1" 304 - "http://semicomplete.com/presentations/logstash-puppetconf-2013/" "Mozilla/5.0 (Windows NT 6.1; WOW64) AppleWebKit/537.36 (KHTML, like Gecko) Chrome/32.0.1700.107 Safari/537.36"
75.97.9.59 - - [19/May/2015:01:05:41 +0000] "GET /presentations/logstash-puppetconf-2013/images/TF2-Pyro-Burn-Everything.jpg HTTP/1.1" 304 - "http://semicomplete.com/presentations/logstash-puppetconf-2013/" "Mozilla/5.0 (Windows NT 6.1; WOW64) AppleWebKit/537.36 (KHTML, like Gecko) Chrome/32.0.1700.107 Safari/537.36"
75.97.9.59 - - [19/May/2015:01:05:49 +0000] "GET /presentations/logstash-puppetconf-2013/images/grokdebug.png HTTP/1.1" 304 - "http://semicomplete.com/presentations/logstash-puppetconf-2013/" "Mozilla/5.0 (Windows NT 6.1; WOW64) AppleWebKit/537.36 (KHTML, like Gecko) Chrome/32.0.1700.107 Safari/537.36"
75.97.9.59 - - [19/May/2015:01:05:46 +0000] "GET /presentations/logstash-puppetconf-2013/images/grokdebug2.jpg HTTP/1.1" 304 - "http://semicomplete.com/presentations/logstash-puppetconf-2013/" "Mozilla/5.0 (Windows NT 6.1; WOW64) AppleWebKit/537.36 (KHTML, like Gecko) Chrome/32.0.1700.107 Safari/537.36"
75.97.9.59 - - [19/May/2015:01:05:20 +0000] "GET /presentations/logstash-puppetconf-2013/images/grokdebug-discover.jpg HTTP/1.1" 304 - "http://semicomplete.com/presentations/logstash-puppetconf-2013/" "Mozilla/5.0 (Windows NT 6.1; WOW64) AppleWebKit/537.36 (KHTML, like Gecko) Chrome/32.0.1700.107 Safari/537.36"
195.14.72.29 - - [19/May/2015:01:05:28 +0000] "GET /favicon.ico HTTP/1.1" 200 3638 "-" "Mozilla/5.0 (Windows NT 6.1; Win64; x64; Trident/7.0; rv:11.0) like Gecko"
75.97.9.59 - - [19/May/2015:01:05:23 +0000] "GET /presentations/logstash-puppetconf-2013/images/grokdebug-discover2.jpg HTTP/1.1" 304 - "http://semicomplete.com/presentations/logstash-puppetconf-2013/" "Mozilla/5.0 (Windows NT 6.1; WOW64) AppleWebKit/537.36 (KHTML, like Gecko) Chrome/32.0.1700.107 Safari/537.36"
75.97.9.59 - - [19/May/2015:01:05:37 +0000] "GET /presentations/logstash-puppetconf-2013/css/print/paper.css HTTP/1.1" 304 - "http://semicomplete.com/presentations/logstash-puppetconf-2013/" "Mozilla/5.0 (Windows NT 6.1; WOW64) AppleWebKit/537.36 (KHTML, like Gecko) Chrome/32.0.1700.107 Safari/537.36"
75.97.9.59 - - [19/May/2015:01:05:01 +0000] "GET /presentations/logstash-puppetconf-2013/css/font/fontawesome-webfont.woff?v=3.2.1 HTTP/1.1" 404 352 "http://semicomplete.com/presentations/logstash-puppetconf-2013/" "Mozilla/5.0 (Windows NT 6.1; WOW64) AppleWebKit/537.36 (KHTML, like Gecko) Chrome/32.0.1700.107 Safari/537.36"
75.97.9.59 - - [19/May/2015:01:05:58 +0000] "GET /presentations/logstash-puppetconf-2013/css/font/fontawesome-webfont.ttf?v=3.2.1 HTTP/1.1" 404 351 "http://semicomplete.com/presentations/logstash-puppetconf-2013/" "Mozilla/5.0 (Windows NT 6.1; WOW64) AppleWebKit/537.36 (KHTML, like Gecko) Chrome/32.0.1700.107 Safari/537.36"
75.97.9.59 - - [19/May/2015:01:05:42 +0000] "GET /presentations/logstash-puppetconf-2013/css/font/fontawesome-webfont.svg HTTP/1.1" 404 351 "http://semicomplete.com/presentations/logstash-puppetconf-2013/" "Mozilla/5.0 (Windows NT 6.1; WOW64) AppleWebKit/537.36 (KHTML, like Gecko) Chrome/32.0.1700.107 Safari/537.36"
112.216.234.90 - - [19/May/2015:01:05:22 +0000] "GET /presentations/logstash-scale11x/images/kibana-dashboard3.png HTTP/1.1" 200 171717 "-" "Mozilla/5.0 (Windows NT 6.1; WOW64; rv:25.0) Gecko/20100101 Firefox/25.0"
112.216.234.90 - - [19/May/2015:01:05:49 +0000] "GET /presentations/logstash-scale11x/images/kibana-dashboard.png HTTP/1.1" 200 321631 "-" "Mozilla/5.0 (Windows NT 6.1; WOW64; rv:25.0) Gecko/20100101 Firefox/25.0"
50.16.19.13 - - [19/May/2015:01:05:06 +0000] "GET /blog/tags/puppet?flav=rss20 HTTP/1.1" 200 14872 "http://www.semicomplete.com/blog/tags/puppet?flav=rss20" "Tiny Tiny RSS/1.11 (http://tt-rss.org/)"
46.105.14.53 - - [19/May/2015:01:05:56 +0000] "GET /blog/tags/puppet?flav=rss20 HTTP/1.1" 200 14872 "-" "UniversalFeedParser/4.2-pre-314-svn +http://feedparser.org/"
217.69.133.70 - - [19/May/2015:01:05:27 +0000] "GET /robots.txt HTTP/1.1" 200 - "-" "Mozilla/5.0 (compatible; Linux x86_64; Mail.RU_Bot/2.0; +http://go.mail.ru/help/robots)"
217.69.133.239 - - [19/May/2015:01:05:26 +0000] "GET /blog/geekery/devopsdays-2010.html HTTP/1.1" 200 10087 "-" "Mozilla/5.0 (compatible; Linux x86_64; Mail.RU_Bot/2.0; +http://go.mail.ru/help/robots)"
89.238.251.138 - - [19/May/2015:01:05:52 +0000] "GET /blog/geekery/debugging-java-performance.html HTTP/1.1" 200 15796 "http://logstash.net/docs/1.3.3/life-of-an-event" "Mozilla/5.0 (Windows NT 6.1; WOW64) AppleWebKit/537.36 (KHTML, like Gecko) Chrome/32.0.1700.107 Safari/537.36"
89.238.251.138 - - [19/May/2015:01:05:44 +0000] "GET /reset.css HTTP/1.1" 200 1015 "http://www.semicomplete.com/blog/geekery/debugging-java-performance.html" "Mozilla/5.0 (Windows NT 6.1; WOW64) AppleWebKit/537.36 (KHTML, like Gecko) Chrome/32.0.1700.107 Safari/537.36"
89.238.251.138 - - [19/May/2015:01:05:20 +0000] "GET /style2.css HTTP/1.1" 200 4877 "http://www.semicomplete.com/blog/geekery/debugging-java-performance.html" "Mozilla/5.0 (Windows NT 6.1; WOW64) AppleWebKit/537.36 (KHTML, like Gecko) Chrome/32.0.1700.107 Safari/537.36"
89.238.251.138 - - [19/May/2015:01:05:42 +0000] "GET /images/jordan-80.png HTTP/1.1" 200 6146 "http://www.semicomplete.com/blog/geekery/debugging-java-performance.html" "Mozilla/5.0 (Windows NT 6.1; WOW64) AppleWebKit/537.36 (KHTML, like Gecko) Chrome/32.0.1700.107 Safari/537.36"
89.238.251.138 - - [19/May/2015:01:05:57 +0000] "GET /images/web/2009/banner.png HTTP/1.1" 200 52315 "http://www.semicomplete.com/blog/geekery/debugging-java-performance.html" "Mozilla/5.0 (Windows NT 6.1; WOW64) AppleWebKit/537.36 (KHTML, like Gecko) Chrome/32.0.1700.107 Safari/537.36"
89.238.251.138 - - [19/May/2015:01:05:20 +0000] "GET /favicon.ico HTTP/1.1" 200 3638 "-" "Mozilla/5.0 (Windows NT 6.1; WOW64) AppleWebKit/537.36 (KHTML, like Gecko) Chrome/32.0.1700.107 Safari/537.36"
195.14.72.29 - - [19/May/2015:01:05:41 +0000] "GET /projects/xdotool/xdotool.xhtml HTTP/1.1" 200 50112 "http://www.google.nl/url?sa=t&rct=j&q=&esrc=s&source=web&cd=2&sqi=2&ved=0CDMQFjAB&url=http%3A%2F%2Fwww.semicomplete.com%2Fprojects%2Fxdotool%2Fxdotool.xhtml&ei=u7kBU7HvC47DkQWL3oCICw&usg=AFQjCNFwZFAI0RQdN_N0kFH-oj8cLsJRNQ" "Mozilla/5.0 (Windows NT 6.1; Win64; x64; Trident/7.0; rv:11.0) like Gecko"
66.249.73.135 - - [19/May/2015:01:05:29 +0000] "GET /files/xdotool/docs/html/ HTTP/1.1" 304 - "-" "Mozilla/5.0 (iPhone; CPU iPhone OS 6_0 like Mac OS X) AppleWebKit/536.26 (KHTML, like Gecko) Version/6.0 Mobile/10A5376e Safari/8536.25 (compatible; Googlebot/2.1; +http://www.google.com/bot.html)"
59.90.241.113 - - [19/May/2015:01:05:18 +0000] "GET /projects/xdotool/xdotool.xhtml HTTP/1.1" 200 50112 "-" "Mozilla/5.0 (X11; Linux x86_64; rv:27.0) Gecko/20100101 Firefox/27.0"
59.90.241.113 - - [19/May/2015:01:05:13 +0000] "GET /favicon.ico HTTP/1.1" 200 3638 "-" "Mozilla/5.0 (X11; Linux x86_64; rv:27.0) Gecko/20100101 Firefox/27.0"
59.90.241.113 - - [19/May/2015:01:05:46 +0000] "GET /favicon.ico HTTP/1.1" 200 3638 "-" "Mozilla/5.0 (X11; Linux x86_64; rv:27.0) Gecko/20100101 Firefox/27.0"
66.249.73.135 - - [19/May/2015:01:05:02 +0000] "GET /?flav=rss20 HTTP/1.1" 200 29941 "-" "Mozilla/5.0 (compatible; Googlebot/2.1; +http://www.google.com/bot.html)"
198.46.149.143 - - [19/May/2015:01:05:00 +0000] "GET /blog/geekery/disabling-battery-in-ubuntu-vms.html?utm_source=feedburner&utm_medium=feed&utm_campaign=Feed%3A+semicomplete%2Fmain+%28semicomplete.com+-+Jordan+Sissel%29 HTTP/1.1" 200 9316 "-" "Tiny Tiny RSS/1.11 (http://tt-rss.org/)"
198.46.149.143 - - [19/May/2015:01:05:08 +0000] "GET /blog/geekery/solving-good-or-bad-problems.html?utm_source=feedburner&utm_medium=feed&utm_campaign=Feed%3A+semicomplete%2Fmain+%28semicomplete.com+-+Jordan+Sissel%29 HTTP/1.1" 200 10756 "-" "Tiny Tiny RSS/1.11 (http://tt-rss.org/)"
110.184.146.254 - - [19/May/2015:01:05:35 +0000] "GET /blog/tags/jquery%20mobile HTTP/1.1" 200 9571 "https://www.google.com.hk/" "Mozilla/5.0 (Macintosh; Intel Mac OS X 10_9_1) AppleWebKit/537.36 (KHTML, like Gecko) Chrome/31.0.1650.63 Safari/537.36"
110.184.146.254 - - [19/May/2015:01:05:58 +0000] "GET /reset.css HTTP/1.1" 200 1015 "http://www.semicomplete.com/blog/tags/jquery%20mobile" "Mozilla/5.0 (Macintosh; Intel Mac OS X 10_9_1) AppleWebKit/537.36 (KHTML, like Gecko) Chrome/31.0.1650.63 Safari/537.36"
110.184.146.254 - - [19/May/2015:01:05:45 +0000] "GET /style2.css HTTP/1.1" 200 4877 "http://www.semicomplete.com/blog/tags/jquery%20mobile" "Mozilla/5.0 (Macintosh; Intel Mac OS X 10_9_1) AppleWebKit/537.36 (KHTML, like Gecko) Chrome/31.0.1650.63 Safari/537.36"
110.184.146.254 - - [19/May/2015:01:05:58 +0000] "GET /images/jordan-80.png HTTP/1.1" 200 6146 "http://www.semicomplete.com/blog/tags/jquery%20mobile" "Mozilla/5.0 (Macintosh; Intel Mac OS X 10_9_1) AppleWebKit/537.36 (KHTML, like Gecko) Chrome/31.0.1650.63 Safari/537.36"
115.112.233.75 - - [19/May/2015:01:05:10 +0000] "GET /blog/geekery/grok-pattern-autodiscovery.html HTTP/1.0" 200 12851 "https://www.google.co.in/" "Mozilla/5.0 (Windows NT 6.1) AppleWebKit/537.36 (KHTML, like Gecko) Chrome/32.0.1700.107 Safari/537.36"
110.184.146.254 - - [19/May/2015:01:05:01 +0000] "GET /images/web/2009/banner.png HTTP/1.1" 200 52315 "http://www.semicomplete.com/blog/tags/jquery%20mobile" "Mozilla/5.0 (Macintosh; Intel Mac OS X 10_9_1) AppleWebKit/537.36 (KHTML, like Gecko) Chrome/31.0.1650.63 Safari/537.36"
115.112.233.75 - - [19/May/2015:01:05:06 +0000] "GET /style2.css HTTP/1.0" 200 4877 "http://www.semicomplete.com/blog/geekery/grok-pattern-autodiscovery.html" "Mozilla/5.0 (Windows NT 6.1) AppleWebKit/537.36 (KHTML, like Gecko) Chrome/32.0.1700.107 Safari/537.36"
115.112.233.75 - - [19/May/2015:01:05:53 +0000] "GET /reset.css HTTP/1.0" 200 1015 "http://www.semicomplete.com/blog/geekery/grok-pattern-autodiscovery.html" "Mozilla/5.0 (Windows NT 6.1) AppleWebKit/537.36 (KHTML, like Gecko) Chrome/32.0.1700.107 Safari/537.36"
115.112.233.75 - - [19/May/2015:01:05:02 +0000] "GET /images/jordan-80.png HTTP/1.0" 200 6146 "http://www.semicomplete.com/blog/geekery/grok-pattern-autodiscovery.html" "Mozilla/5.0 (Windows NT 6.1) AppleWebKit/537.36 (KHTML, like Gecko) Chrome/32.0.1700.107 Safari/537.36"
115.112.233.75 - - [19/May/2015:01:05:35 +0000] "GET /images/web/2009/banner.png HTTP/1.0" 200 52315 "http://www.semicomplete.com/blog/geekery/grok-pattern-autodiscovery.html" "Mozilla/5.0 (Windows NT 6.1) AppleWebKit/537.36 (KHTML, like Gecko) Chrome/32.0.1700.107 Safari/537.36"
115.112.233.75 - - [19/May/2015:01:05:46 +0000] "GET /favicon.ico HTTP/1.0" 200 3638 "-" "Mozilla/5.0 (Windows NT 6.1) AppleWebKit/537.36 (KHTML, like Gecko) Chrome/32.0.1700.107 Safari/537.36"
110.184.146.254 - - [19/May/2015:01:05:14 +0000] "GET /favicon.ico HTTP/1.1" 200 3638 "-" "Mozilla/5.0 (Macintosh; Intel Mac OS X 10_9_1) AppleWebKit/537.36 (KHTML, like Gecko) Chrome/31.0.1650.63 Safari/537.36"
74.80.168.244 - - [19/May/2015:01:05:30 +0000] "GET /presentations/logstash-scale11x/ HTTP/1.0" 200 54239 "http://semicomplete.com/" "Mozilla/5.0 (Macintosh; Intel Mac OS X 10.7; rv:21.0) Gecko/20100101 Firefox/21.0"
107.170.40.204 - - [19/May/2015:01:05:31 +0000] "GET /?flav=atom HTTP/1.1" 200 32352 "-" "Feedbin - 1 subscribers"
74.80.168.244 - - [19/May/2015:01:05:02 +0000] "GET /kibana/ HTTP/1.0" 200 4483 "http://semicomplete.com/" "Mozilla/5.0 (Macintosh; Intel Mac OS X 10.7; rv:21.0) Gecko/20100101 Firefox/21.0"
209.85.238.199 - - [19/May/2015:01:05:09 +0000] "GET /blog/tags/firefox?flav=rss20 HTTP/1.1" 200 16021 "-" "Feedfetcher-Google; (+http://www.google.com/feedfetcher.html; 3 subscribers; feed-id=14171215010336145331)"
110.184.146.254 - - [19/May/2015:01:05:43 +0000] "GET /files/blogposts/20101209/fullheight.html HTTP/1.1" 200 2501 "http://www.semicomplete.com/blog/tags/jquery%20mobile" "Mozilla/5.0 (Macintosh; Intel Mac OS X 10_9_1) AppleWebKit/537.36 (KHTML, like Gecko) Chrome/31.0.1650.63 Safari/537.36"
66.249.74.55 - - [19/May/2015:01:05:15 +0000] "GET /blog/geekery/125.html HTTP/1.1" 200 8726 "-" "Mozilla/5.0 (iPhone; CPU iPhone OS 6_0 like Mac OS X) AppleWebKit/536.26 (KHTML, like Gecko) Version/6.0 Mobile/10A5376e Safari/8536.25 (compatible; Googlebot/2.1; +http://www.google.com/bot.html)"
5.102.48.12 - - [19/May/2015:01:05:03 +0000] "GET /favicon.ico HTTP/1.1" 200 3638 "-" "Mozilla/5.0 (X11; Linux x86_64; rv:26.0) Gecko/20100101 Firefox/26.0 Iceweasel/26.0"
110.184.146.254 - - [19/May/2015:01:05:41 +0000] "GET /files/blogposts/20101209/fullheight.html HTTP/1.1" 304 - "http://www.semicomplete.com/blog/tags/jquery%20mobile" "Mozilla/5.0 (Macintosh; Intel Mac OS X 10_9_1) AppleWebKit/537.36 (KHTML, like Gecko) Chrome/31.0.1650.63 Safari/537.36"
110.184.146.254 - - [19/May/2015:01:05:38 +0000] "GET /favicon.ico HTTP/1.1" 200 3638 "-" "Mozilla/5.0 (Macintosh; Intel Mac OS X 10_9_1) AppleWebKit/537.36 (KHTML, like Gecko) Chrome/31.0.1650.63 Safari/537.36"
46.105.14.53 - - [19/May/2015:01:05:29 +0000] "GET /blog/tags/puppet?flav=rss20 HTTP/1.1" 200 14872 "-" "UniversalFeedParser/4.2-pre-314-svn +http://feedparser.org/"
68.180.224.235 - - [19/May/2015:01:05:46 +0000] "GET /robots.txt HTTP/1.1" 200 - "-" "Mozilla/5.0 (compatible; Yahoo! Slurp; http://help.yahoo.com/help/us/ysearch/slurp)"
68.180.224.235 - - [19/May/2015:01:05:14 +0000] "GET /files/xdotool/docs/html/structxdo.html HTTP/1.1" 200 9938 "-" "Mozilla/5.0 (compatible; Yahoo! Slurp; http://help.yahoo.com/help/us/ysearch/slurp)"
24.8.92.137 - - [19/May/2015:01:05:18 +0000] "GET /?flav=rss20 HTTP/1.1" 200 29941 "-" "Mozilla/5.0 (Linux; Android 4.4.2; Nexus 5 Build/KOT49H) AppleWebKit/537.36 (KHTML, like Gecko) Version/4.0 Chrome/30.0.0.0 Mobile Safari/537.36"
193.252.118.167 - - [19/May/2015:01:05:46 +0000] "GET /robots.txt HTTP/1.1" 200 - "-" "Mozilla/5.0 (Windows; U; Windows NT 5.1; fr; rv:1.8.1) VoilaBot BETA 1.2 (support.voilabot@orange-ftgroup.com)"
192.185.83.181 - - [19/May/2015:01:05:53 +0000] "GET /wp-admin/ HTTP/1.1" 404 289 "-" "-"
46.165.197.141 - - [19/May/2015:01:05:15 +0000] "GET /robots.txt HTTP/1.0" 200 - "-" "Mozilla/5.0 (compatible; MJ12bot/v1.4.4; http://www.majestic12.co.uk/bot.php?+)"
46.165.197.141 - - [19/May/2015:01:05:50 +0000] "GET / HTTP/1.0" 200 37932 "-" "Mozilla/5.0 (compatible; MJ12bot/v1.4.4; http://www.majestic12.co.uk/bot.php?+)"
193.252.118.167 - - [19/May/2015:01:05:10 +0000] "GET /blog/geekery/xdotool-1.20100302.html HTTP/1.1" 200 9607 "-" "Mozilla/5.0 (Windows; U; Windows NT 5.1; fr; rv:1.8.1) VoilaBot BETA 1.2 (support.voilabot@orange-ftgroup.com)"
62.112.244.2 - - [19/May/2015:01:05:30 +0000] "GET /presentations/logstash-scale11x/images/logstash.png HTTP/1.1" 200 47731 "http://kufli.blogspot.nl/2013/07/log-analysis-using-logstash.html" "Mozilla/5.0 (X11; Linux x86_64) AppleWebKit/537.36 (KHTML, like Gecko) Chrome/32.0.1700.107 Safari/537.36"
94.194.53.206 - - [19/May/2015:01:05:42 +0000] "GET /favicon.ico HTTP/1.1" 200 3638 "-" "Mozilla/5.0 (X11; Linux x86_64; rv:26.0) Gecko/20100101 Firefox/26.0"
68.180.224.225 - - [19/May/2015:01:05:45 +0000] "GET /files/bingerpc.py HTTP/1.1" 200 7264 "-" "Mozilla/5.0 (compatible; Yahoo! Slurp; http://help.yahoo.com/help/us/ysearch/slurp)"
66.249.73.135 - - [19/May/2015:01:05:38 +0000] "GET /blog/tags/freebsd?page=2 HTTP/1.1" 200 28139 "-" "Mozilla/5.0 (compatible; Googlebot/2.1; +http://www.google.com/bot.html)"
204.93.54.176 - - [19/May/2015:01:05:01 +0000] "GET / HTTP/1.1" 200 37932 "http://www.semicomplete.com/" "Mozilla/5.0 (Macintosh; Intel Mac OS X 10.7; rv:21.0) Gecko/20100101 Firefox/21.0"
204.93.54.176 - - [19/May/2015:01:05:13 +0000] "GET /blog/geekery/installing-windows-8-consumer-preview.html HTTP/1.1" 200 8948 "http://www.semicomplete.com/" "Mozilla/5.0 (Macintosh; Intel Mac OS X 10.7; rv:21.0) Gecko/20100101 Firefox/21.0"
66.249.73.135 - - [19/May/2015:01:05:06 +0000] "GET /blog/tags/xapply HTTP/1.1" 200 10056 "-" "Mozilla/5.0 (iPhone; CPU iPhone OS 6_0 like Mac OS X) AppleWebKit/536.26 (KHTML, like Gecko) Version/6.0 Mobile/10A5376e Safari/8536.25 (compatible; Googlebot/2.1; +http://www.google.com/bot.html)"
100.43.83.137 - - [19/May/2015:02:05:04 +0000] "GET /blog/geekery/xvfb-firefox.html HTTP/1.1" 200 10975 "-" "Mozilla/5.0 (compatible; YandexBot/3.0; +http://yandex.com/bots)"
66.249.80.128 - - [19/May/2015:02:05:26 +0000] "GET /articles/arp-security/ HTTP/1.1" 200 19735 "-" "Mozilla/5.0 (Windows NT 6.1; rv:27.0) Gecko/20100101 Firefox/27.0,gzip(gfe)"
72.223.76.198 - - [19/May/2015:02:05:33 +0000] "GET /projects/xdotool/ HTTP/1.1" 200 12292 "-" "Mozilla/5.0 (X11; Linux x86_64) AppleWebKit/537.36 (KHTML, like Gecko) Chrome/32.0.1700.107 Safari/537.36"
72.223.76.198 - - [19/May/2015:02:05:21 +0000] "GET /reset.css HTTP/1.1" 200 1015 "http://www.semicomplete.com/projects/xdotool/" "Mozilla/5.0 (X11; Linux x86_64) AppleWebKit/537.36 (KHTML, like Gecko) Chrome/32.0.1700.107 Safari/537.36"
72.223.76.198 - - [19/May/2015:02:05:56 +0000] "GET /style2.css HTTP/1.1" 200 4877 "http://www.semicomplete.com/projects/xdotool/" "Mozilla/5.0 (X11; Linux x86_64) AppleWebKit/537.36 (KHTML, like Gecko) Chrome/32.0.1700.107 Safari/537.36"
72.223.76.198 - - [19/May/2015:02:05:33 +0000] "GET /images/jordan-80.png HTTP/1.1" 200 6146 "http://www.semicomplete.com/projects/xdotool/" "Mozilla/5.0 (X11; Linux x86_64) AppleWebKit/537.36 (KHTML, like Gecko) Chrome/32.0.1700.107 Safari/537.36"
72.223.76.198 - - [19/May/2015:02:05:41 +0000] "GET /images/web/2009/banner.png HTTP/1.1" 200 52315 "http://www.semicomplete.com/projects/xdotool/" "Mozilla/5.0 (X11; Linux x86_64) AppleWebKit/537.36 (KHTML, like Gecko) Chrome/32.0.1700.107 Safari/537.36"
72.223.76.198 - - [19/May/2015:02:05:08 +0000] "GET /favicon.ico HTTP/1.1" 200 3638 "-" "Mozilla/5.0 (X11; Linux x86_64) AppleWebKit/537.36 (KHTML, like Gecko) Chrome/32.0.1700.107 Safari/537.36"
68.180.224.225 - - [19/May/2015:02:05:14 +0000] "GET /blog/tags/firewall%20bypass HTTP/1.1" 200 11768 "-" "Mozilla/5.0 (compatible; Yahoo! Slurp; http://help.yahoo.com/help/us/ysearch/slurp)"
120.202.255.147 - - [19/May/2015:02:05:37 +0000] "GET /files/logstash/logstash-1.1.0-monolithic.jar HTTP/1.1" 304 - "-" "Mozilla/5.0 Gecko/20100115 Firefox/3.6"
82.225.159.87 - - [19/May/2015:02:05:23 +0000] "GET /favicon.ico HTTP/1.1" 200 3638 "-" "Mozilla/5.0 (Macintosh; Intel Mac OS X 10.9; rv:27.0) Gecko/20100101 Firefox/27.0"
110.184.146.254 - - [19/May/2015:02:05:16 +0000] "GET /blog/tags/jquery%20mobile HTTP/1.1" 200 9571 "https://www.google.com.hk/" "Mozilla/5.0 (Macintosh; Intel Mac OS X 10_9_1) AppleWebKit/537.36 (KHTML, like Gecko) Chrome/31.0.1650.63 Safari/537.36"
46.105.14.53 - - [19/May/2015:02:05:30 +0000] "GET /blog/tags/puppet?flav=rss20 HTTP/1.1" 200 14872 "-" "UniversalFeedParser/4.2-pre-314-svn +http://feedparser.org/"
176.92.75.62 - - [19/May/2015:02:05:49 +0000] "GET /blog/geekery/xdotool-2.20100818.html HTTP/1.1" 200 11417 "http://www.semicomplete.com/?page=4" "Mozilla/5.0 (Windows; U; MSIE 9.0; Windows NT 9.0; en-US)"
176.92.75.62 - - [19/May/2015:02:05:56 +0000] "GET /blog/geekery/ssh-key-invalid-hack.html HTTP/1.1" 200 9335 "http://www.semicomplete.com/?page=4" "Mozilla/5.0 (Windows; U; MSIE 9.0; Windows NT 9.0; en-US)"
176.92.75.62 - - [19/May/2015:02:05:19 +0000] "GET /?page=5 HTTP/1.1" 200 35875 "http://www.semicomplete.com/?page=4" "Mozilla/5.0 (Windows; U; MSIE 9.0; Windows NT 9.0; en-US)"
176.92.75.62 - - [19/May/2015:02:05:14 +0000] "GET /blog/geekery/devopsdays-2010.html HTTP/1.1" 200 10087 "http://www.semicomplete.com/?page=4" "Mozilla/5.0 (Windows; U; MSIE 9.0; Windows NT 9.0; en-US)"
176.92.75.62 - - [19/May/2015:02:05:51 +0000] "GET /blog/tags/devopsdays HTTP/1.1" 200 10087 "http://www.semicomplete.com/?page=4" "Mozilla/5.0 (Windows; U; MSIE 9.0; Windows NT 9.0; en-US)"
176.92.75.62 - - [19/May/2015:02:05:29 +0000] "GET /blog/geekery/apache-httpd-cache-for-maven.html HTTP/1.1" 200 9940 "http://www.semicomplete.com/?page=4" "Mozilla/5.0 (Windows; U; MSIE 9.0; Windows NT 9.0; en-US)"
176.92.75.62 - - [19/May/2015:02:05:55 +0000] "GET /blog/geekery/xdotool-2.20100623.html HTTP/1.1" 200 11954 "http://www.semicomplete.com/?page=4" "Mozilla/5.0 (Windows; U; MSIE 9.0; Windows NT 9.0; en-US)"
180.76.5.62 - - [19/May/2015:02:05:05 +0000] "GET /robots.txt HTTP/1.1" 200 - "-" "Mozilla/5.0 (Windows NT 5.1; rv:6.0.2) Gecko/20100101 Firefox/6.0.2"
74.125.19.83 - - [19/May/2015:02:05:37 +0000] "GET /?flav=rss20 HTTP/1.1" 200 29941 "-" "FeedBurner/1.0 (http://www.FeedBurner.com)"
72.223.76.198 - - [19/May/2015:02:05:02 +0000] "GET /files/xdotool/docs/html/ HTTP/1.1" 200 3870 "https://www.google.com/" "Mozilla/5.0 (X11; Linux x86_64) AppleWebKit/537.36 (KHTML, like Gecko) Chrome/32.0.1700.107 Safari/537.36"
72.223.76.198 - - [19/May/2015:02:05:51 +0000] "GET /files/xdotool/docs/html/tabs.css HTTP/1.1" 200 1844 "http://www.semicomplete.com/files/xdotool/docs/html/" "Mozilla/5.0 (X11; Linux x86_64) AppleWebKit/537.36 (KHTML, like Gecko) Chrome/32.0.1700.107 Safari/537.36"
72.223.76.198 - - [19/May/2015:02:05:55 +0000] "GET /files/xdotool/docs/html/doxygen.css HTTP/1.1" 200 7911 "http://www.semicomplete.com/files/xdotool/docs/html/" "Mozilla/5.0 (X11; Linux x86_64) AppleWebKit/537.36 (KHTML, like Gecko) Chrome/32.0.1700.107 Safari/537.36"
72.223.76.198 - - [19/May/2015:02:05:56 +0000] "GET /files/xdotool/docs/html/search/search.js HTTP/1.1" 200 21330 "http://www.semicomplete.com/files/xdotool/docs/html/" "Mozilla/5.0 (X11; Linux x86_64) AppleWebKit/537.36 (KHTML, like Gecko) Chrome/32.0.1700.107 Safari/537.36"
72.223.76.198 - - [19/May/2015:02:05:43 +0000] "GET /files/xdotool/docs/html/search/search.png HTTP/1.1" 200 527 "http://www.semicomplete.com/files/xdotool/docs/html/" "Mozilla/5.0 (X11; Linux x86_64) AppleWebKit/537.36 (KHTML, like Gecko) Chrome/32.0.1700.107 Safari/537.36"
72.223.76.198 - - [19/May/2015:02:05:46 +0000] "GET /files/xdotool/docs/html/search/search.css HTTP/1.1" 200 3843 "http://www.semicomplete.com/files/xdotool/docs/html/" "Mozilla/5.0 (X11; Linux x86_64) AppleWebKit/537.36 (KHTML, like Gecko) Chrome/32.0.1700.107 Safari/537.36"
72.223.76.198 - - [19/May/2015:02:05:45 +0000] "GET /files/xdotool/docs/html/tab_b.gif HTTP/1.1" 200 35 "http://www.semicomplete.com/files/xdotool/docs/html/" "Mozilla/5.0 (X11; Linux x86_64) AppleWebKit/537.36 (KHTML, like Gecko) Chrome/32.0.1700.107 Safari/537.36"
72.223.76.198 - - [19/May/2015:02:05:02 +0000] "GET /files/xdotool/docs/html/tab_r.gif HTTP/1.1" 200 2585 "http://www.semicomplete.com/files/xdotool/docs/html/" "Mozilla/5.0 (X11; Linux x86_64) AppleWebKit/537.36 (KHTML, like Gecko) Chrome/32.0.1700.107 Safari/537.36"
72.223.76.198 - - [19/May/2015:02:05:14 +0000] "GET /files/xdotool/docs/html/tab_l.gif HTTP/1.1" 200 706 "http://www.semicomplete.com/files/xdotool/docs/html/" "Mozilla/5.0 (X11; Linux x86_64) AppleWebKit/537.36 (KHTML, like Gecko) Chrome/32.0.1700.107 Safari/537.36"
72.223.76.198 - - [19/May/2015:02:05:46 +0000] "GET /files/xdotool/docs/html/search/close.png HTTP/1.1" 200 273 "http://www.semicomplete.com/files/xdotool/docs/html/" "Mozilla/5.0 (X11; Linux x86_64) AppleWebKit/537.36 (KHTML, like Gecko) Chrome/32.0.1700.107 Safari/537.36"
72.223.76.198 - - [19/May/2015:02:05:26 +0000] "GET /files/xdotool/docs/html/doxygen.png HTTP/1.1" 200 1281 "http://www.semicomplete.com/files/xdotool/docs/html/" "Mozilla/5.0 (X11; Linux x86_64) AppleWebKit/537.36 (KHTML, like Gecko) Chrome/32.0.1700.107 Safari/537.36"
213.180.27.58 - - [19/May/2015:02:05:00 +0000] "GET /files/dynamic-dns-with-dhcp/dhcpd.conf HTTP/1.1" 200 2269 "http://www.semicomplete.com/articles/dynamic-dns-with-dhcp/" "Mozilla/5.0 (X11; Linux x86_64) AppleWebKit/537.36 (KHTML, like Gecko) Chrome/30.0.1599.101 Safari/537.36"
72.223.76.198 - - [19/May/2015:02:05:55 +0000] "GET /files/xdotool/docs/html/xdo_8h.html HTTP/1.1" 200 145776 "http://www.semicomplete.com/files/xdotool/docs/html/" "Mozilla/5.0 (X11; Linux x86_64) AppleWebKit/537.36 (KHTML, like Gecko) Chrome/32.0.1700.107 Safari/537.36"
68.180.224.225 - - [19/May/2015:02:05:04 +0000] "GET /files/logstash/logstash-1.1.0beta6-monolithic.jar HTTP/1.1" 200 39376459 "-" "Mozilla/5.0 (compatible; Yahoo! Slurp; http://help.yahoo.com/help/us/ysearch/slurp)"
188.35.22.24 - - [19/May/2015:02:05:43 +0000] "GET /blog/tags/rants HTTP/1.1" 200 39692 "-" "Mozilla/4.0 (compatible; MSIE 6.0; Windows NT 5.1; SV1; http://www.tropicdesigns.net)"
23.24.200.86 - - [19/May/2015:02:05:33 +0000] "GET /favicon.ico HTTP/1.1" 200 3638 "-" "Mozilla/5.0 (Macintosh; Intel Mac OS X 10_8_5) AppleWebKit/537.36 (KHTML, like Gecko) Chrome/32.0.1700.107 Safari/537.36"
66.249.73.185 - - [19/May/2015:02:05:06 +0000] "GET /presentations/logstash-puppetconf-2012/images/ HTTP/1.1" 200 5823 "-" "Mozilla/5.0 (iPhone; CPU iPhone OS 6_0 like Mac OS X) AppleWebKit/536.26 (KHTML, like Gecko) Version/6.0 Mobile/10A5376e Safari/8536.25 (compatible; Googlebot/2.1; +http://www.google.com/bot.html)"
188.35.22.24 - - [19/May/2015:02:05:29 +0000] "GET /blog/tags/rants HTTP/1.1" 200 39692 "-" "Mozilla/5.0 (compatible; Googlebot/2.1;+http://www.google.com/bot.html)"
46.105.14.53 - - [19/May/2015:02:05:32 +0000] "GET /blog/tags/puppet?flav=rss20 HTTP/1.1" 200 14872 "-" "UniversalFeedParser/4.2-pre-314-svn +http://feedparser.org/"
66.249.73.135 - - [19/May/2015:02:05:02 +0000] "GET /reset.css HTTP/1.1" 200 1015 "-" "Mozilla/5.0 (compatible; Googlebot/2.1; +http://www.google.com/bot.html)"
50.16.19.13 - - [19/May/2015:02:05:11 +0000] "GET /blog/tags/puppet?flav=rss20 HTTP/1.1" 200 14872 "http://www.semicomplete.com/blog/tags/puppet?flav=rss20" "Tiny Tiny RSS/1.11 (http://tt-rss.org/)"
192.118.118.1 - - [19/May/2015:02:05:50 +0000] "GET /files/logstash/ HTTP/1.1" 200 13316 "-" "Mozilla/5.0 (compatible; MSIE 10.0; Windows NT 6.1; WOW64; Trident/6.0)"
192.118.118.1 - - [19/May/2015:02:05:24 +0000] "GET /icons/blank.gif HTTP/1.1" 200 148 "http://semicomplete.com/files/logstash/" "Mozilla/5.0 (compatible; MSIE 10.0; Windows NT 6.1; WOW64; Trident/6.0)"
192.118.118.1 - - [19/May/2015:02:05:22 +0000] "GET /icons/unknown.gif HTTP/1.1" 200 245 "http://semicomplete.com/files/logstash/" "Mozilla/5.0 (compatible; MSIE 10.0; Windows NT 6.1; WOW64; Trident/6.0)"
192.118.118.1 - - [19/May/2015:02:05:37 +0000] "GET /icons/back.gif HTTP/1.1" 200 216 "http://semicomplete.com/files/logstash/" "Mozilla/5.0 (compatible; MSIE 10.0; Windows NT 6.1; WOW64; Trident/6.0)"
192.118.118.1 - - [19/May/2015:02:05:35 +0000] "GET /icons/text.gif HTTP/1.1" 200 229 "http://semicomplete.com/files/logstash/" "Mozilla/5.0 (compatible; MSIE 10.0; Windows NT 6.1; WOW64; Trident/6.0)"
192.118.118.1 - - [19/May/2015:02:05:47 +0000] "GET /favicon.ico HTTP/1.1" 200 3638 "-" "Mozilla/5.0 (compatible; MSIE 10.0; Windows NT 6.1; WOW64; Trident/6.0)"
50.87.144.128 - - [19/May/2015:02:05:44 +0000] "GET /wp/wp-admin/ HTTP/1.1" 404 292 "-" "-"
106.36.113.138 - - [19/May/2015:02:05:48 +0000] "GET /presentations/logstash-scale11x/images/kibana-dashboard.png HTTP/1.1" 200 321631 "http://www.google.com.hk/blank.html" "Mozilla/5.0 (Windows NT 6.1; WOW64) AppleWebKit/537.36 (KHTML, like Gecko) Chrome/32.0.1700.107 Safari/537.36"
66.249.73.135 - - [19/May/2015:02:05:56 +0000] "GET /blog/tags/firefox?flav=rss20 HTTP/1.1" 200 16021 "-" "Mozilla/5.0 (compatible; Googlebot/2.1; +http://www.google.com/bot.html)"
68.4.202.231 - - [19/May/2015:02:05:53 +0000] "GET /favicon.ico HTTP/1.1" 200 3638 "-" "Mozilla/5.0 (X11; Linux x86_64; rv:27.0) Gecko/20100101 Firefox/27.0"
202.68.209.129 - - [19/May/2015:02:05:32 +0000] "GET /blog/geekery/solaris-10-sshd-publickey-solution.html HTTP/1.1" 200 9315 "http://www.google.com.sg/url?sa=t&rct=j&q=&esrc=s&frm=1&source=web&cd=6&cad=rja&ved=0CEwQFjAF&url=http%3A%2F%2Fwww.semicomplete.com%2Fblog%2Fgeekery%2Fsolaris-10-sshd-publickey-solution.html&ei=f7wBU8zJG4flrAeYiICICA&usg=AFQjCNHOBw8YanUGavhFzUv20-TeOX8ptA&bvm=bv.61535280,d.bmk" "Mozilla/5.0 (compatible; MSIE 9.0; Windows NT 6.1; WOW64; Trident/5.0)"
202.68.209.129 - - [19/May/2015:02:05:11 +0000] "GET /images/jordan-80.png HTTP/1.1" 200 6146 "http://www.semicomplete.com/blog/geekery/solaris-10-sshd-publickey-solution.html" "Mozilla/5.0 (compatible; MSIE 9.0; Windows NT 6.1; WOW64; Trident/5.0)"
202.68.209.129 - - [19/May/2015:02:05:46 +0000] "GET /style2.css HTTP/1.1" 200 4877 "http://www.semicomplete.com/blog/geekery/solaris-10-sshd-publickey-solution.html" "Mozilla/5.0 (compatible; MSIE 9.0; Windows NT 6.1; WOW64; Trident/5.0)"
202.68.209.129 - - [19/May/2015:02:05:24 +0000] "GET /reset.css HTTP/1.1" 200 1015 "http://www.semicomplete.com/blog/geekery/solaris-10-sshd-publickey-solution.html" "Mozilla/5.0 (compatible; MSIE 9.0; Windows NT 6.1; WOW64; Trident/5.0)"
202.68.209.129 - - [19/May/2015:02:05:44 +0000] "GET /images/web/2009/banner.png HTTP/1.1" 200 52315 "http://www.semicomplete.com/blog/geekery/solaris-10-sshd-publickey-solution.html" "Mozilla/5.0 (compatible; MSIE 9.0; Windows NT 6.1; WOW64; Trident/5.0)"
202.68.209.129 - - [19/May/2015:02:05:10 +0000] "GET /favicon.ico HTTP/1.1" 200 3638 "-" "Mozilla/5.0 (compatible; MSIE 9.0; Windows NT 6.1; WOW64; Trident/5.0)"
209.85.238.199 - - [19/May/2015:02:05:29 +0000] "GET /?flav=rss20 HTTP/1.1" 200 29941 "-" "Feedfetcher-Google; (+http://www.google.com/feedfetcher.html; 22 subscribers; feed-id=8321906634162087507)"
157.56.92.151 - - [19/May/2015:02:05:36 +0000] "GET /blog/tags/latency HTTP/1.1" 200 17147 "-" "Mozilla/5.0 (compatible; bingbot/2.0; +http://www.bing.com/bingbot.htm)"
24.11.96.184 - - [19/May/2015:02:05:49 +0000] "GET /projects/xdotool/ HTTP/1.1" 200 12292 "http://www.dual-boxing.com/threads/36955-Newb-s-Guide-to-Multiboxing-Start-here-if-you-are-brand-new-to-Multiboxing" "Mozilla/5.0 (X11; Ubuntu; Linux x86_64; rv:26.0) Gecko/20100101 Firefox/26.0"
24.11.96.184 - - [19/May/2015:02:05:14 +0000] "GET /reset.css HTTP/1.1" 200 1015 "http://www.semicomplete.com/projects/xdotool/" "Mozilla/5.0 (X11; Ubuntu; Linux x86_64; rv:26.0) Gecko/20100101 Firefox/26.0"
24.11.96.184 - - [19/May/2015:02:05:45 +0000] "GET /style2.css HTTP/1.1" 200 4877 "http://www.semicomplete.com/projects/xdotool/" "Mozilla/5.0 (X11; Ubuntu; Linux x86_64; rv:26.0) Gecko/20100101 Firefox/26.0"
24.11.96.184 - - [19/May/2015:02:05:13 +0000] "GET /favicon.ico HTTP/1.1" 200 3638 "-" "Mozilla/5.0 (X11; Ubuntu; Linux x86_64; rv:26.0) Gecko/20100101 Firefox/26.0"
24.11.96.184 - - [19/May/2015:02:05:32 +0000] "GET /images/jordan-80.png HTTP/1.1" 200 6146 "http://www.semicomplete.com/projects/xdotool/" "Mozilla/5.0 (X11; Ubuntu; Linux x86_64; rv:26.0) Gecko/20100101 Firefox/26.0"
24.11.96.184 - - [19/May/2015:02:05:01 +0000] "GET /images/web/2009/banner.png HTTP/1.1" 200 52315 "http://www.semicomplete.com/style2.css" "Mozilla/5.0 (X11; Ubuntu; Linux x86_64; rv:26.0) Gecko/20100101 Firefox/26.0"
46.105.14.53 - - [19/May/2015:02:05:37 +0000] "GET /blog/tags/puppet?flav=rss20 HTTP/1.1" 200 14872 "-" "UniversalFeedParser/4.2-pre-314-svn +http://feedparser.org/"
88.3.37.62 - - [19/May/2015:02:05:14 +0000] "GET /presentations/logstash-puppetconf-2012/ HTTP/1.1" 200 37269 "http://logstash.net/docs/1.3.3/learn" "Mozilla/5.0 (Macintosh; Intel Mac OS X 10.9; rv:27.0) Gecko/20100101 Firefox/27.0"
88.3.37.62 - - [19/May/2015:02:05:20 +0000] "GET /presentations/logstash-puppetconf-2012/css/reset.css HTTP/1.1" 200 1382 "http://semicomplete.com/presentations/logstash-puppetconf-2012/" "Mozilla/5.0 (Macintosh; Intel Mac OS X 10.9; rv:27.0) Gecko/20100101 Firefox/27.0"
88.3.37.62 - - [19/May/2015:02:05:26 +0000] "GET /presentations/logstash-puppetconf-2012/css/print.css HTTP/1.1" 200 3995 "http://semicomplete.com/presentations/logstash-puppetconf-2012/" "Mozilla/5.0 (Macintosh; Intel Mac OS X 10.9; rv:27.0) Gecko/20100101 Firefox/27.0"
88.3.37.62 - - [19/May/2015:02:05:15 +0000] "GET /presentations/logstash-puppetconf-2012/css/main.css HTTP/1.1" 200 26498 "http://semicomplete.com/presentations/logstash-puppetconf-2012/" "Mozilla/5.0 (Macintosh; Intel Mac OS X 10.9; rv:27.0) Gecko/20100101 Firefox/27.0"
88.3.37.62 - - [19/May/2015:02:05:17 +0000] "GET /presentations/logstash-puppetconf-2012/css/preso.css HTTP/1.1" 200 659 "http://semicomplete.com/presentations/logstash-puppetconf-2012/" "Mozilla/5.0 (Macintosh; Intel Mac OS X 10.9; rv:27.0) Gecko/20100101 Firefox/27.0"
88.3.37.62 - - [19/May/2015:02:05:57 +0000] "GET /presentations/logstash-puppetconf-2012/lib/css/zenburn.css HTTP/1.1" 200 1791 "http://semicomplete.com/presentations/logstash-puppetconf-2012/" "Mozilla/5.0 (Macintosh; Intel Mac OS X 10.9; rv:27.0) Gecko/20100101 Firefox/27.0"
88.3.37.62 - - [19/May/2015:02:05:38 +0000] "GET /presentations/logstash-puppetconf-2012/lib/js/head.min.js HTTP/1.1" 200 3170 "http://semicomplete.com/presentations/logstash-puppetconf-2012/" "Mozilla/5.0 (Macintosh; Intel Mac OS X 10.9; rv:27.0) Gecko/20100101 Firefox/27.0"
88.3.37.62 - - [19/May/2015:02:05:35 +0000] "GET /presentations/logstash-puppetconf-2012/images/nagios-sms1.png HTTP/1.1" 200 55478 "http://semicomplete.com/presentations/logstash-puppetconf-2012/" "Mozilla/5.0 (Macintosh; Intel Mac OS X 10.9; rv:27.0) Gecko/20100101 Firefox/27.0"
88.3.37.62 - - [19/May/2015:02:05:52 +0000] "GET /presentations/logstash-puppetconf-2012/images/nagios-sms2.png HTTP/1.1" 200 60656 "http://semicomplete.com/presentations/logstash-puppetconf-2012/" "Mozilla/5.0 (Macintosh; Intel Mac OS X 10.9; rv:27.0) Gecko/20100101 Firefox/27.0"
88.3.37.62 - - [19/May/2015:02:05:54 +0000] "GET /presentations/logstash-puppetconf-2012/images/nagios-sms3.png HTTP/1.1" 200 65917 "http://semicomplete.com/presentations/logstash-puppetconf-2012/" "Mozilla/5.0 (Macintosh; Intel Mac OS X 10.9; rv:27.0) Gecko/20100101 Firefox/27.0"
88.3.37.62 - - [19/May/2015:02:05:59 +0000] "GET /presentations/logstash-puppetconf-2012/images/logstash.png HTTP/1.1" 200 47731 "http://semicomplete.com/presentations/logstash-puppetconf-2012/" "Mozilla/5.0 (Macintosh; Intel Mac OS X 10.9; rv:27.0) Gecko/20100101 Firefox/27.0"
88.3.37.62 - - [19/May/2015:02:05:33 +0000] "GET /presentations/logstash-puppetconf-2012/images/nagios-sms4.png HTTP/1.1" 200 72949 "http://semicomplete.com/presentations/logstash-puppetconf-2012/" "Mozilla/5.0 (Macintosh; Intel Mac OS X 10.9; rv:27.0) Gecko/20100101 Firefox/27.0"
