96.63.29.108 - - [20/May/2015:06:05:10 +0000] "GET /images/jordan-80.png HTTP/1.1" 200 6146 "http://www.semicomplete.com/projects/xdotool/" "Mozilla/5.0 (Windows NT 6.2; WOW64; rv:27.0) Gecko/20100101 Firefox/27.0"
96.63.29.108 - - [20/May/2015:06:05:13 +0000] "GET /images/web/2009/banner.png HTTP/1.1" 200 52315 "http://www.semicomplete.com/style2.css" "Mozilla/5.0 (Windows NT 6.2; WOW64; rv:27.0) Gecko/20100101 Firefox/27.0"
195.37.190.67 - - [20/May/2015:06:05:51 +0000] "GET /blog/geekery/xvfb-firefox.html HTTP/1.1" 200 10975 "-" "Mozilla/5.0 (Windows; U; Windows NT 6.1; en-US) AppleWebKit/532.2 (KHTML, like Gecko) Chrome/4.0.222.12 Safari/532.2"
92.96.157.230 - - [20/May/2015:06:05:35 +0000] "GET /images/googledotcom.png HTTP/1.1" 200 65748 "-" "Mozilla/5.0 (Windows NT 6.1) AppleWebKit/537.36 (KHTML, like Gecko) Chrome/32.0.1700.107 Safari/537.36"
180.76.5.21 - - [20/May/2015:06:05:31 +0000] "GET /robots.txt HTTP/1.1" 200 - "-" "Mozilla/5.0 (Windows NT 5.1; rv:6.0.2) Gecko/20100101 Firefox/6.0.2"
167.220.26.44 - - [20/May/2015:06:05:49 +0000] "GET /blog/geekery/puppet-nodeless-configuration.html HTTP/1.1" 200 10301 "-" "Mozilla/5.0 (Windows NT 6.1; WOW64) AppleWebKit/537.36 (KHTML, like Gecko) Chrome/32.0.1700.107 Safari/537.36"
46.105.14.53 - - [20/May/2015:06:05:45 +0000] "GET /blog/tags/puppet?flav=rss20 HTTP/1.1" 200 14872 "-" "UniversalFeedParser/4.2-pre-314-svn +http://feedparser.org/"
162.213.42.132 - - [20/May/2015:06:05:14 +0000] "GET /robots.txt HTTP/1.1" 200 - "-" "python-requests/1.2.0 CPython/2.7.4 Linux/3.8.0-33-generic"
162.213.42.132 - - [20/May/2015:06:05:30 +0000] "GET /blog/geekery/ssl-latency.html HTTP/1.1" 200 17147 "-" "Robosourcer/1.0"
209.17.114.78 - - [20/May/2015:06:05:59 +0000] "GET /presentations/logstash-1/file/logstash-roadmap/elasticsearch-logstash-piesnacking.png HTTP/1.1" 200 21820 "-" "Mozilla/4.0 (compatible; MSIE 6.0; Windows NT 5.2; SV1; .NET CLR 2.0.50727; InfoPath.1)"
37.11.0.8 - - [20/May/2015:06:05:42 +0000] "GET /projects/xdotool/ HTTP/1.1" 200 12292 "https://www.google.es/" "Mozilla/5.0 (Windows NT 6.1; WOW64) AppleWebKit/537.36 (KHTML, like Gecko) Chrome/32.0.1700.107 Safari/537.36"
37.11.0.8 - - [20/May/2015:06:05:29 +0000] "GET /reset.css HTTP/1.1" 200 1015 "http://www.semicomplete.com/projects/xdotool/" "Mozilla/5.0 (Windows NT 6.1; WOW64) AppleWebKit/537.36 (KHTML, like Gecko) Chrome/32.0.1700.107 Safari/537.36"
37.11.0.8 - - [20/May/2015:06:05:21 +0000] "GET /style2.css HTTP/1.1" 200 4877 "http://www.semicomplete.com/projects/xdotool/" "Mozilla/5.0 (Windows NT 6.1; WOW64) AppleWebKit/537.36 (KHTML, like Gecko) Chrome/32.0.1700.107 Safari/537.36"
37.11.0.8 - - [20/May/2015:06:05:47 +0000] "GET /images/jordan-80.png HTTP/1.1" 200 6146 "http://www.semicomplete.com/projects/xdotool/" "Mozilla/5.0 (Windows NT 6.1; WOW64) AppleWebKit/537.36 (KHTML, like Gecko) Chrome/32.0.1700.107 Safari/537.36"
37.11.0.8 - - [20/May/2015:06:05:23 +0000] "GET /images/web/2009/banner.png HTTP/1.1" 200 52315 "http://www.semicomplete.com/projects/xdotool/" "Mozilla/5.0 (Windows NT 6.1; WOW64) AppleWebKit/537.36 (KHTML, like Gecko) Chrome/32.0.1700.107 Safari/537.36"
37.11.0.8 - - [20/May/2015:06:05:33 +0000] "GET /favicon.ico HTTP/1.1" 200 3638 "-" "Mozilla/5.0 (Windows NT 6.1; WOW64) AppleWebKit/537.36 (KHTML, like Gecko) Chrome/32.0.1700.107 Safari/537.36"
68.180.224.225 - - [20/May/2015:06:05:38 +0000] "GET /files/lumberjack/lumberjack_0.1.1_amd64.deb HTTP/1.1" 200 1199558 "-" "Mozilla/5.0 (compatible; Yahoo! Slurp; http://help.yahoo.com/help/us/ysearch/slurp)"
184.154.100.130 - - [20/May/2015:06:05:34 +0000] "GET / HTTP/1.0" 200 37932 "http://semicomplete.com/" "Mozilla/5.0 (Macintosh; Intel Mac OS X 10.7; rv:22.0) Gecko/20100101 Firefox/22.0"
184.154.100.130 - - [20/May/2015:06:05:09 +0000] "GET /articles/ssh-security/ HTTP/1.0" 200 16543 "http://semicomplete.com/" "Mozilla/5.0 (Macintosh; Intel Mac OS X 10.7; rv:22.0) Gecko/20100101 Firefox/22.0"
131.107.160.94 - - [20/May/2015:06:05:30 +0000] "GET /browserconfig.xml HTTP/1.1" 404 301 "-" "Mozilla/5.0 (Windows NT 6.3; Win64; x64; Trident/7.0; rv:11.0) like Gecko"
37.252.127.97 - - [20/May/2015:06:05:31 +0000] "GET /?flav=rss20 HTTP/1.1" 200 29941 "http://www.semicomplete.com/?flav=rss20" "SimplePie/1.3.1 (Feed Parser; http://simplepie.org; Allow like Gecko) Build/20140115031959"
68.180.224.225 - - [20/May/2015:06:05:54 +0000] "GET /blog/tags/rvg HTTP/1.1" 200 10420 "-" "Mozilla/5.0 (compatible; Yahoo! Slurp; http://help.yahoo.com/help/us/ysearch/slurp)"
209.85.238.199 - - [20/May/2015:06:05:30 +0000] "GET /blog/tags/firefox?flav=rss20 HTTP/1.1" 200 16021 "-" "Feedfetcher-Google; (+http://www.google.com/feedfetcher.html; 3 subscribers; feed-id=14171215010336145331)"
213.181.52.10 - - [20/May/2015:06:05:19 +0000] "GET /blog/tags/deb HTTP/1.1" 200 11275 "https://encrypted.google.com/url?sa=t&rct=j&q=fpm+packager&source=web&cd=3&ved=0CEMQFjAC&url=http%3A%2F%2Fwww.semicomplete.com%2Fblog%2Ftags%2Fdeb&ei=zzICU5v5I6HhywOlmYEY&usg=AFQjCNHupsJ49QDhyWDEfoWvxMYKgXNwZg&sig2=_WsnCxn6HziBdCEjYaxfjQ" "Mozilla/5.0 (X11; Linux x86_64) AppleWebKit/537.36 (KHTML, like Gecko) Chrome/31.0.1650.63 Safari/537.36"
213.181.52.10 - - [20/May/2015:06:05:34 +0000] "GET /reset.css HTTP/1.1" 200 1015 "-" "Mozilla/4.0 (compatible;)"
213.181.52.10 - - [20/May/2015:06:05:56 +0000] "GET /style2.css HTTP/1.1" 200 4877 "-" "Mozilla/4.0 (compatible;)"
213.181.52.10 - - [20/May/2015:06:05:41 +0000] "GET /favicon.ico HTTP/1.1" 200 3638 "-" "Mozilla/4.0 (compatible;)"
213.181.52.10 - - [20/May/2015:06:05:18 +0000] "GET /images/jordan-80.png HTTP/1.1" 200 6146 "-" "Mozilla/4.0 (compatible;)"
74.125.176.149 - - [20/May/2015:06:05:27 +0000] "GET /?flav=rss20 HTTP/1.1" 200 29941 "-" "FeedBurner/1.0 (http://www.FeedBurner.com)"
213.181.52.10 - - [20/May/2015:06:05:38 +0000] "GET /images/web/2009/banner.png HTTP/1.1" 200 52315 "http://www.semicomplete.com/blog/tags/deb" "Mozilla/5.0 (X11; Linux x86_64) AppleWebKit/537.36 (KHTML, like Gecko) Chrome/31.0.1650.63 Safari/537.36"
93.129.45.32 - - [20/May/2015:06:05:56 +0000] "GET /projects/xdotool/xdotool.xhtml HTTP/1.1" 200 50112 "http://www.google.de/url?sa=t&rct=j&q=&esrc=s&source=web&cd=1&cad=rja&ved=0CC8QFjAA&url=http%3A%2F%2Fwww.semicomplete.com%2Fprojects%2Fxdotool%2Fxdotool.xhtml&ei=tykCU8yGDMjUtQbbxoDwCw&usg=AFQjCNFwZFAI0RQdN_N0kFH-oj8cLsJRNQ&bvm=bv.61535280,d.Yms" "Mozilla/5.0 (X11; Linux i686; rv:24.0) Gecko/20140207 Firefox/24.0 Iceweasel/24.3.0"
93.129.45.32 - - [20/May/2015:06:05:57 +0000] "GET /favicon.ico HTTP/1.1" 200 3638 "-" "Mozilla/5.0 (X11; Linux i686; rv:24.0) Gecko/20140207 Firefox/24.0 Iceweasel/24.3.0"
46.105.14.53 - - [20/May/2015:06:05:04 +0000] "GET /blog/tags/puppet?flav=rss20 HTTP/1.1" 200 14872 "-" "UniversalFeedParser/4.2-pre-314-svn +http://feedparser.org/"
50.16.19.13 - - [20/May/2015:06:05:52 +0000] "GET /blog/tags/puppet?flav=rss20 HTTP/1.1" 200 14872 "http://www.semicomplete.com/blog/tags/puppet?flav=rss20" "Tiny Tiny RSS/1.11 (http://tt-rss.org/)"
116.75.148.149 - - [20/May/2015:06:05:39 +0000] "GET /blog/geekery/xsendevent-xdotool-and-ld_preload.html HTTP/1.1" 200 10049 "http://stackoverflow.com/questions/14656615/xlib-xsendevent-click-event-do-not-work-inside-of-some-windows-on-ubuntu-12-04" "Mozilla/5.0 (Windows NT 6.1; WOW64) AppleWebKit/537.36 (KHTML, like Gecko) Chrome/31.0.1650.63 Safari/537.36"
116.75.148.149 - - [20/May/2015:06:05:08 +0000] "GET /reset.css HTTP/1.1" 200 1015 "http://www.semicomplete.com/blog/geekery/xsendevent-xdotool-and-ld_preload.html" "Mozilla/5.0 (Windows NT 6.1; WOW64) AppleWebKit/537.36 (KHTML, like Gecko) Chrome/31.0.1650.63 Safari/537.36"
116.75.148.149 - - [20/May/2015:06:05:07 +0000] "GET /style2.css HTTP/1.1" 200 4877 "http://www.semicomplete.com/blog/geekery/xsendevent-xdotool-and-ld_preload.html" "Mozilla/5.0 (Windows NT 6.1; WOW64) AppleWebKit/537.36 (KHTML, like Gecko) Chrome/31.0.1650.63 Safari/537.36"
116.75.148.149 - - [20/May/2015:06:05:41 +0000] "GET /images/jordan-80.png HTTP/1.1" 200 6146 "http://www.semicomplete.com/blog/geekery/xsendevent-xdotool-and-ld_preload.html" "Mozilla/5.0 (Windows NT 6.1; WOW64) AppleWebKit/537.36 (KHTML, like Gecko) Chrome/31.0.1650.63 Safari/537.36"
116.75.148.149 - - [20/May/2015:06:05:09 +0000] "GET /images/web/2009/banner.png HTTP/1.1" 200 52315 "http://www.semicomplete.com/blog/geekery/xsendevent-xdotool-and-ld_preload.html" "Mozilla/5.0 (Windows NT 6.1; WOW64) AppleWebKit/537.36 (KHTML, like Gecko) Chrome/31.0.1650.63 Safari/537.36"
116.75.148.149 - - [20/May/2015:06:05:37 +0000] "GET /favicon.ico HTTP/1.1" 200 3638 "-" "Mozilla/5.0 (Windows NT 6.1; WOW64) AppleWebKit/537.36 (KHTML, like Gecko) Chrome/31.0.1650.63 Safari/537.36"
192.44.32.8 - - [20/May/2015:06:05:32 +0000] "GET /blog/geekery/xvfb-firefox.html HTTP/1.1" 200 10975 "http://en.wikipedia.org/wiki/Xvfb" "Mozilla/5.0 (Windows NT 6.1; WOW64) AppleWebKit/537.36 (KHTML, like Gecko) Chrome/34.0.1838.2 Safari/537.36"
192.44.32.8 - - [20/May/2015:06:05:27 +0000] "GET /reset.css HTTP/1.1" 200 1015 "http://semicomplete.com/blog/geekery/xvfb-firefox.html" "Mozilla/5.0 (Windows NT 6.1; WOW64) AppleWebKit/537.36 (KHTML, like Gecko) Chrome/34.0.1838.2 Safari/537.36"
192.44.32.8 - - [20/May/2015:06:05:46 +0000] "GET /style2.css HTTP/1.1" 200 4877 "http://semicomplete.com/blog/geekery/xvfb-firefox.html" "Mozilla/5.0 (Windows NT 6.1; WOW64) AppleWebKit/537.36 (KHTML, like Gecko) Chrome/34.0.1838.2 Safari/537.36"
192.44.32.8 - - [20/May/2015:06:05:23 +0000] "GET /images/web/2009/banner.png HTTP/1.1" 200 52315 "http://semicomplete.com/blog/geekery/xvfb-firefox.html" "Mozilla/5.0 (Windows NT 6.1; WOW64) AppleWebKit/537.36 (KHTML, like Gecko) Chrome/34.0.1838.2 Safari/537.36"
192.44.32.8 - - [20/May/2015:06:05:51 +0000] "GET /images/jordan-80.png HTTP/1.1" 200 6146 "http://semicomplete.com/blog/geekery/xvfb-firefox.html" "Mozilla/5.0 (Windows NT 6.1; WOW64) AppleWebKit/537.36 (KHTML, like Gecko) Chrome/34.0.1838.2 Safari/537.36"
192.44.32.8 - - [20/May/2015:07:05:04 +0000] "GET /favicon.ico HTTP/1.1" 200 3638 "-" "Mozilla/5.0 (Windows NT 6.1; WOW64) AppleWebKit/537.36 (KHTML, like Gecko) Chrome/34.0.1838.2 Safari/537.36"
131.114.11.55 - - [20/May/2015:07:05:36 +0000] "GET /favicon.ico HTTP/1.1" 200 3638 "-" "Mozilla/5.0 (X11; Linux i686; rv:27.0) Gecko/20100101 Firefox/27.0"
192.44.32.8 - - [20/May/2015:07:05:56 +0000] "GET /images/googledotcom.png HTTP/1.1" 200 65748 "http://semicomplete.com/blog/geekery/xvfb-firefox.html" "Mozilla/5.0 (Windows NT 6.1; WOW64) AppleWebKit/537.36 (KHTML, like Gecko) Chrome/34.0.1838.2 Safari/537.36"
192.44.32.8 - - [20/May/2015:07:05:49 +0000] "GET /favicon.ico HTTP/1.1" 200 3638 "-" "Mozilla/5.0 (Windows NT 6.1; WOW64) AppleWebKit/537.36 (KHTML, like Gecko) Chrome/34.0.1838.2 Safari/537.36"
66.249.73.135 - - [20/May/2015:07:05:09 +0000] "GET /?flav=rss20 HTTP/1.1" 200 29941 "-" "Mozilla/5.0 (compatible; Googlebot/2.1; +http://www.google.com/bot.html)"
68.180.224.225 - - [20/May/2015:07:05:56 +0000] "GET /files/lumberjack/lumberjack_0.0.1_amd64.deb HTTP/1.1" 200 1450198 "-" "Mozilla/5.0 (compatible; Yahoo! Slurp; http://help.yahoo.com/help/us/ysearch/slurp)"
194.153.130.2 - - [20/May/2015:07:05:53 +0000] "GET /presentations/logstash-scale11x/images/logstash.png HTTP/1.1" 200 47731 "http://kufli.blogspot.de/2013/07/log-analysis-using-logstash.html" "Mozilla/5.0 (Macintosh; Intel Mac OS X 10.9; rv:27.0) Gecko/20100101 Firefox/27.0"
86.101.235.77 - - [20/May/2015:07:05:10 +0000] "GET /presentations/logstash-scale11x/images/logstash.png HTTP/1.1" 200 47731 "http://kufli.blogspot.hu/2013/07/log-analysis-using-logstash.html" "Mozilla/5.0 (Windows NT 6.3; WOW64) AppleWebKit/537.36 (KHTML, like Gecko) Chrome/32.0.1700.107 Safari/537.36"
66.249.73.135 - - [20/May/2015:07:05:37 +0000] "GET /blog/geekery/vmware-cpu-performance.html HTTP/1.1" 200 12908 "-" "Mozilla/5.0 (compatible; Googlebot/2.1; +http://www.google.com/bot.html)"
66.249.73.135 - - [20/May/2015:07:05:13 +0000] "GET /?flav=atom HTTP/1.1" 200 32352 "-" "Mozilla/5.0 (compatible; Googlebot/2.1; +http://www.google.com/bot.html)"
163.157.254.25 - - [20/May/2015:07:05:31 +0000] "GET /blog/tags/smart HTTP/1.1" 200 10068 "https://www.google.de/" "Mozilla/5.0 (Windows NT 6.1; WOW64) AppleWebKit/537.36 (KHTML, like Gecko) Chrome/32.0.1700.107 Safari/537.36"
163.157.254.25 - - [20/May/2015:07:05:34 +0000] "GET /favicon.ico HTTP/1.1" 200 3638 "http://www.semicomplete.com/blog/tags/smart" "Mozilla/5.0 (Windows NT 6.1; WOW64) AppleWebKit/537.36 (KHTML, like Gecko) Chrome/32.0.1700.107 Safari/537.36"
163.157.254.25 - - [20/May/2015:07:05:56 +0000] "GET /style2.css HTTP/1.1" 200 4877 "http://www.semicomplete.com/blog/tags/smart" "Mozilla/5.0 (Windows NT 6.1; WOW64) AppleWebKit/537.36 (KHTML, like Gecko) Chrome/32.0.1700.107 Safari/537.36"
163.157.254.25 - - [20/May/2015:07:05:26 +0000] "GET /images/jordan-80.png HTTP/1.1" 200 6146 "http://www.semicomplete.com/blog/tags/smart" "Mozilla/5.0 (Windows NT 6.1; WOW64) AppleWebKit/537.36 (KHTML, like Gecko) Chrome/32.0.1700.107 Safari/537.36"
163.157.254.25 - - [20/May/2015:07:05:10 +0000] "GET /reset.css HTTP/1.1" 200 1015 "http://www.semicomplete.com/blog/tags/smart" "Mozilla/5.0 (Windows NT 6.1; WOW64) AppleWebKit/537.36 (KHTML, like Gecko) Chrome/32.0.1700.107 Safari/537.36"
163.157.254.25 - - [20/May/2015:07:05:26 +0000] "GET /images/web/2009/banner.png HTTP/1.1" 200 52315 "http://www.semicomplete.com/blog/tags/smart" "Mozilla/5.0 (Windows NT 6.1; WOW64) AppleWebKit/537.36 (KHTML, like Gecko) Chrome/32.0.1700.107 Safari/537.36"
66.249.73.135 - - [20/May/2015:07:05:41 +0000] "GET /misc/job_description_is_clearly_not_an_oracle_dba.html HTTP/1.1" 200 2596 "-" "Mozilla/5.0 (compatible; Googlebot/2.1; +http://www.google.com/bot.html)"
116.75.148.149 - - [20/May/2015:07:05:08 +0000] "GET /articles/efficiency/ HTTP/1.1" 200 36398 "http://www.semicomplete.com/blog/geekery/xsendevent-xdotool-and-ld_preload.html" "Mozilla/5.0 (Windows NT 6.1; WOW64) AppleWebKit/537.36 (KHTML, like Gecko) Chrome/31.0.1650.63 Safari/537.36"
54.215.118.244 - - [20/May/2015:07:05:41 +0000] "GET /?flav=rss20 HTTP/1.1" 200 29941 "-" "Digg Feed Fetcher 1.0 (Mozilla/5.0 (Macintosh; Intel Mac OS X 10_7_1) AppleWebKit/534.48.3 (KHTML, like Gecko) Version/5.1 Safari/534.48.3)"
199.15.233.140 - - [20/May/2015:07:05:37 +0000] "GET /projects/xdotool/xdotool.xhtml HTTP/1.0" 200 50112 "http://www.semicomplete.com/projects/xdotool/xdotool.xhtml" "Mozilla/5.0 (Windows; U; Windows NT 6.1; en-US) AppleWebKit/533.4 (KHTML, like Gecko) Iron/5.0.381.0 Chrome/5.0.381 Safari/533.4"
92.237.208.151 - - [20/May/2015:07:05:50 +0000] "GET /projects/xdotool/xdotool.xhtml HTTP/1.1" 200 50112 "-" "Mozilla/5.0 (X11; Linux x86_64; rv:26.0) Gecko/20100101 Firefox/26.0"
92.237.208.151 - - [20/May/2015:07:05:59 +0000] "GET /favicon.ico HTTP/1.1" 200 3638 "-" "Mozilla/5.0 (X11; Linux x86_64; rv:26.0) Gecko/20100101 Firefox/26.0"
46.105.14.53 - - [20/May/2015:07:05:09 +0000] "GET /blog/tags/puppet?flav=rss20 HTTP/1.1" 200 14872 "-" "UniversalFeedParser/4.2-pre-314-svn +http://feedparser.org/"
128.118.108.67 - - [20/May/2015:07:05:37 +0000] "GET /favicon.ico HTTP/1.0" 200 3638 "-" "Safari/9537.73.11 CFNetwork/673.0.3 Darwin/13.0.0 (x86_64) (MacBookPro8%2C1)"
68.180.224.225 - - [20/May/2015:07:05:20 +0000] "GET /blog/geekery/gdb-eval-libc-trickery.html HTTP/1.1" 200 8986 "-" "Mozilla/5.0 (compatible; Yahoo! Slurp; http://help.yahoo.com/help/us/ysearch/slurp)"
86.9.201.133 - - [20/May/2015:07:05:30 +0000] "GET /blog/geekery/jps-shows-nothing-useful.html HTTP/1.1" 200 10976 "http://stackoverflow.com/questions/6287926/jps-not-showing-tomcat-process" "Mozilla/5.0 (X11; Linux x86_64) AppleWebKit/537.36 (KHTML, like Gecko) Chrome/32.0.1700.107 Safari/537.36"
86.9.201.133 - - [20/May/2015:07:05:19 +0000] "GET /favicon.ico HTTP/1.1" 200 3638 "-" "Mozilla/5.0 (X11; Linux x86_64) AppleWebKit/537.36 (KHTML, like Gecko) Chrome/32.0.1700.107 Safari/537.36"
46.105.14.53 - - [20/May/2015:07:05:06 +0000] "GET /blog/tags/puppet?flav=rss20 HTTP/1.1" 200 14872 "-" "UniversalFeedParser/4.2-pre-314-svn +http://feedparser.org/"
107.170.41.69 - - [20/May/2015:07:05:50 +0000] "GET /?flav=atom HTTP/1.1" 200 32352 "-" "Feedbin - 1 subscribers"
12.165.188.130 - - [20/May/2015:07:05:19 +0000] "GET /files/logstash/logstash-1.1.1-monolithic.jar HTTP/1.1" 304 - "-" "Mozilla/4.0 (compatible;)"
97.74.24.113 - - [20/May/2015:07:05:59 +0000] "GET /presentations/logstash-scale11x/images/logstash-dreamhost-day.png HTTP/1.1" 200 34213 "-" "Mozilla/4.0 (compatible; MSIE 6.0; Windows NT 5.2; SV1; .NET CLR 2.0.50727; InfoPath.1)"
209.17.114.78 - - [20/May/2015:07:05:13 +0000] "GET /presentations/logstash-intro/file/about-me/tequila-face.jpg HTTP/1.1" 200 196054 "-" "Mozilla/4.0 (compatible; MSIE 6.0; Windows NT 5.2; SV1; .NET CLR 2.0.50727; InfoPath.1)"
209.17.114.78 - - [20/May/2015:07:05:59 +0000] "GET /presentations/logstash-1/file/logstash-roadmap/elasticsearch-logstash-piesnacking.png HTTP/1.1" 200 21820 "-" "Mozilla/4.0 (compatible; MSIE 6.0; Windows NT 5.2; SV1; .NET CLR 2.0.50727; InfoPath.1)"
209.17.114.78 - - [20/May/2015:07:05:54 +0000] "GET /presentations/logstash-puppetconf-2012/images/kibana-logstash-downloads.png HTTP/1.1" 200 95058 "-" "Mozilla/4.0 (compatible; MSIE 6.0; Windows NT 5.2; SV1; .NET CLR 2.0.50727; InfoPath.1)"
209.17.114.78 - - [20/May/2015:07:05:36 +0000] "GET /presentations/logstash-puppetconf-2012/images/nagios-sms1.png HTTP/1.1" 200 55478 "-" "Mozilla/4.0 (compatible; MSIE 6.0; Windows NT 5.2; SV1; .NET CLR 2.0.50727; InfoPath.1)"
50.157.244.41 - - [20/May/2015:07:05:23 +0000] "GET /favicon.ico HTTP/1.1" 200 3638 "http://semicomplete.com/presentations/puppet-at-loggly/puppet-at-loggly.pdf.html" "Mozilla/5.0 (Macintosh; Intel Mac OS X 10_7_5) AppleWebKit/537.73.11 (KHTML, like Gecko) Version/6.1.1 Safari/537.73.11"
70.177.214.34 - - [20/May/2015:07:05:20 +0000] "GET /presentations/logstash-scale11x/images/ahhh___rage_face_by_samusmmx-d5g5zap.png HTTP/1.1" 200 175208 "-" "Mozilla/5.0 (Windows NT 6.3; WOW64) AppleWebKit/537.36 (KHTML, like Gecko) Chrome/32.0.1700.107 Safari/537.36"
50.157.244.41 - - [20/May/2015:07:05:52 +0000] "GET /blog/geekery/puppet-nodeless-configuration HTTP/1.1" 200 10301 "http://www.google.com/url?sa=t&rct=j&q=&esrc=s&source=web&cd=2&sqi=2&ved=0CDAQFjAB&url=http%3A%2F%2Fwww.semicomplete.com%2Fblog%2Fgeekery%2Fpuppet-nodeless-configuration&ei=CgChUpMp44XJAerUgLgC&usg=AFQjCNGmY7lnNqIHN3ONNtDz7ZsxwHFiAA&bvm=bv.57155469,d.aWc&cad=rja" "Mozilla/5.0 (Macintosh; Intel Mac OS X 10_7_5) AppleWebKit/537.73.11 (KHTML, like Gecko) Version/6.1.1 Safari/537.73.11"
50.157.244.41 - - [20/May/2015:07:05:01 +0000] "GET /images/jordan-80.png HTTP/1.1" 200 6146 "http://www.semicomplete.com/blog/geekery/puppet-nodeless-configuration" "Mozilla/5.0 (Macintosh; Intel Mac OS X 10_7_5) AppleWebKit/537.73.11 (KHTML, like Gecko) Version/6.1.1 Safari/537.73.11"
50.157.244.41 - - [20/May/2015:07:05:30 +0000] "GET /favicon.ico HTTP/1.1" 200 3638 "http://www.semicomplete.com/blog/geekery/puppet-nodeless-configuration" "Mozilla/5.0 (Macintosh; Intel Mac OS X 10_7_5) AppleWebKit/537.73.11 (KHTML, like Gecko) Version/6.1.1 Safari/537.73.11"
2.241.35.167 - - [20/May/2015:07:05:18 +0000] "GET /files/xdotool/docs/html/tabs.css HTTP/1.1" 200 1844 "http://www.semicomplete.com/files/xdotool/docs/html/xdo_8h.html" "Mozilla/5.0 (X11; Ubuntu; Linux x86_64; rv:27.0) Gecko/20100101 Firefox/27.0"
2.241.35.167 - - [20/May/2015:07:05:26 +0000] "GET /files/xdotool/docs/html/search/search.css HTTP/1.1" 200 3843 "http://www.semicomplete.com/files/xdotool/docs/html/xdo_8h.html" "Mozilla/5.0 (X11; Ubuntu; Linux x86_64; rv:27.0) Gecko/20100101 Firefox/27.0"
2.241.35.167 - - [20/May/2015:07:05:00 +0000] "GET /files/xdotool/docs/html/search/search.js HTTP/1.1" 200 21330 "http://www.semicomplete.com/files/xdotool/docs/html/xdo_8h.html" "Mozilla/5.0 (X11; Ubuntu; Linux x86_64; rv:27.0) Gecko/20100101 Firefox/27.0"
2.241.35.167 - - [20/May/2015:07:05:28 +0000] "GET /files/xdotool/docs/html/doxygen.css HTTP/1.1" 200 7911 "http://www.semicomplete.com/files/xdotool/docs/html/xdo_8h.html" "Mozilla/5.0 (X11; Ubuntu; Linux x86_64; rv:27.0) Gecko/20100101 Firefox/27.0"
2.241.35.167 - - [20/May/2015:07:05:27 +0000] "GET /files/xdotool/docs/html/search/search.png HTTP/1.1" 200 527 "http://www.semicomplete.com/files/xdotool/docs/html/xdo_8h.html" "Mozilla/5.0 (X11; Ubuntu; Linux x86_64; rv:27.0) Gecko/20100101 Firefox/27.0"
2.241.35.167 - - [20/May/2015:07:05:44 +0000] "GET /files/xdotool/docs/html/xdo_8h.html HTTP/1.1" 200 145776 "http://stackoverflow.com/questions/3585871/how-can-i-get-the-current-mouse-pointer-position-co-ordinates-in-x" "Mozilla/5.0 (X11; Ubuntu; Linux x86_64; rv:27.0) Gecko/20100101 Firefox/27.0"
2.241.35.167 - - [20/May/2015:07:05:14 +0000] "GET /files/xdotool/docs/html/search/close.png HTTP/1.1" 200 273 "http://www.semicomplete.com/files/xdotool/docs/html/xdo_8h.html" "Mozilla/5.0 (X11; Ubuntu; Linux x86_64; rv:27.0) Gecko/20100101 Firefox/27.0"
2.241.35.167 - - [20/May/2015:07:05:37 +0000] "GET /files/xdotool/docs/html/tab_b.gif HTTP/1.1" 200 35 "http://www.semicomplete.com/files/xdotool/docs/html/tabs.css" "Mozilla/5.0 (X11; Ubuntu; Linux x86_64; rv:27.0) Gecko/20100101 Firefox/27.0"
2.241.35.167 - - [20/May/2015:07:05:24 +0000] "GET /files/xdotool/docs/html/tab_r.gif HTTP/1.1" 200 2585 "http://www.semicomplete.com/files/xdotool/docs/html/tabs.css" "Mozilla/5.0 (X11; Ubuntu; Linux x86_64; rv:27.0) Gecko/20100101 Firefox/27.0"
2.241.35.167 - - [20/May/2015:07:05:25 +0000] "GET /files/xdotool/docs/html/tab_l.gif HTTP/1.1" 200 706 "http://www.semicomplete.com/files/xdotool/docs/html/tabs.css" "Mozilla/5.0 (X11; Ubuntu; Linux x86_64; rv:27.0) Gecko/20100101 Firefox/27.0"
2.241.35.167 - - [20/May/2015:07:05:59 +0000] "GET /files/xdotool/docs/html/doxygen.png HTTP/1.1" 200 1281 "http://www.semicomplete.com/files/xdotool/docs/html/xdo_8h.html" "Mozilla/5.0 (X11; Ubuntu; Linux x86_64; rv:27.0) Gecko/20100101 Firefox/27.0"
2.241.35.167 - - [20/May/2015:07:05:30 +0000] "GET /favicon.ico HTTP/1.1" 200 3638 "-" "Mozilla/5.0 (X11; Ubuntu; Linux x86_64; rv:27.0) Gecko/20100101 Firefox/27.0"
188.9.138.189 - - [20/May/2015:07:05:25 +0000] "GET /projects/xdotool/xdotool.xhtml HTTP/1.1" 200 50112 "http://www.google.com/url?sa=t&rct=j&q=&esrc=s&source=web&cd=2&ved=0CDoQFjAB&url=http%3A%2F%2Fwww.semicomplete.com%2Fprojects%2Fxdotool%2Fxdotool.xhtml&ei=LjYCU6DsKILftAaa8oCwAw&usg=AFQjCNFwZFAI0RQdN_N0kFH-oj8cLsJRNQ&sig2=wjRK6zd4ddGJpWZYSonrtQ&bvm=bv.61535280,d.Yms" "Mozilla/5.0 (X11; Ubuntu; Linux x86_64; rv:27.0) Gecko/20100101 Firefox/27.0"
188.9.138.189 - - [20/May/2015:07:05:57 +0000] "GET /favicon.ico HTTP/1.1" 200 3638 "-" "Mozilla/5.0 (X11; Ubuntu; Linux x86_64; rv:27.0) Gecko/20100101 Firefox/27.0"
66.249.73.135 - - [20/May/2015:07:05:07 +0000] "GET / HTTP/1.1" 200 37932 "-" "Mozilla/5.0 (compatible; Googlebot/2.1; +http://www.google.com/bot.html)"
157.55.34.93 - - [20/May/2015:07:05:33 +0000] "GET /robots.txt HTTP/1.1" 200 - "-" "Mozilla/5.0 (compatible; bingbot/2.0; +http://www.bing.com/bingbot.htm)"
188.9.138.189 - - [20/May/2015:07:05:42 +0000] "GET /projects/xdotool HTTP/1.1" 301 339 "http://www.semicomplete.com/projects/xdotool/xdotool.xhtml" "Mozilla/5.0 (X11; Ubuntu; Linux x86_64; rv:27.0) Gecko/20100101 Firefox/27.0"
188.9.138.189 - - [20/May/2015:07:05:55 +0000] "GET /projects/xdotool/ HTTP/1.1" 200 12292 "http://www.semicomplete.com/projects/xdotool/xdotool.xhtml" "Mozilla/5.0 (X11; Ubuntu; Linux x86_64; rv:27.0) Gecko/20100101 Firefox/27.0"
188.9.138.189 - - [20/May/2015:07:05:18 +0000] "GET /reset.css HTTP/1.1" 200 1015 "http://www.semicomplete.com/projects/xdotool/" "Mozilla/5.0 (X11; Ubuntu; Linux x86_64; rv:27.0) Gecko/20100101 Firefox/27.0"
188.9.138.189 - - [20/May/2015:07:05:11 +0000] "GET /style2.css HTTP/1.1" 200 4877 "http://www.semicomplete.com/projects/xdotool/" "Mozilla/5.0 (X11; Ubuntu; Linux x86_64; rv:27.0) Gecko/20100101 Firefox/27.0"
188.9.138.189 - - [20/May/2015:07:05:43 +0000] "GET /images/jordan-80.png HTTP/1.1" 200 6146 "http://www.semicomplete.com/projects/xdotool/" "Mozilla/5.0 (X11; Ubuntu; Linux x86_64; rv:27.0) Gecko/20100101 Firefox/27.0"
188.9.138.189 - - [20/May/2015:07:05:59 +0000] "GET /images/web/2009/banner.png HTTP/1.1" 200 52315 "http://www.semicomplete.com/style2.css" "Mozilla/5.0 (X11; Ubuntu; Linux x86_64; rv:27.0) Gecko/20100101 Firefox/27.0"
2.241.35.167 - - [20/May/2015:07:05:30 +0000] "GET /files/xdotool HTTP/1.1" 301 336 "-" "Mozilla/5.0 (X11; Ubuntu; Linux x86_64; rv:27.0) Gecko/20100101 Firefox/27.0"
2.241.35.167 - - [20/May/2015:07:05:41 +0000] "GET /files/xdotool/ HTTP/1.1" 200 4903 "-" "Mozilla/5.0 (X11; Ubuntu; Linux x86_64; rv:27.0) Gecko/20100101 Firefox/27.0"
2.241.35.167 - - [20/May/2015:07:05:04 +0000] "GET /icons/blank.gif HTTP/1.1" 200 148 "http://www.semicomplete.com/files/xdotool/" "Mozilla/5.0 (X11; Ubuntu; Linux x86_64; rv:27.0) Gecko/20100101 Firefox/27.0"
2.241.35.167 - - [20/May/2015:07:05:22 +0000] "GET /icons/back.gif HTTP/1.1" 200 216 "http://www.semicomplete.com/files/xdotool/" "Mozilla/5.0 (X11; Ubuntu; Linux x86_64; rv:27.0) Gecko/20100101 Firefox/27.0"
2.241.35.167 - - [20/May/2015:07:05:48 +0000] "GET /icons/text.gif HTTP/1.1" 200 229 "http://www.semicomplete.com/files/xdotool/" "Mozilla/5.0 (X11; Ubuntu; Linux x86_64; rv:27.0) Gecko/20100101 Firefox/27.0"
2.241.35.167 - - [20/May/2015:07:05:09 +0000] "GET /icons/folder.gif HTTP/1.1" 200 225 "http://www.semicomplete.com/files/xdotool/" "Mozilla/5.0 (X11; Ubuntu; Linux x86_64; rv:27.0) Gecko/20100101 Firefox/27.0"
2.241.35.167 - - [20/May/2015:07:05:28 +0000] "GET /icons/compressed.gif HTTP/1.1" 200 1038 "http://www.semicomplete.com/files/xdotool/" "Mozilla/5.0 (X11; Ubuntu; Linux x86_64; rv:27.0) Gecko/20100101 Firefox/27.0"
2.241.35.167 - - [20/May/2015:07:05:20 +0000] "GET /files/ HTTP/1.1" 200 13281 "http://www.semicomplete.com/files/xdotool/" "Mozilla/5.0 (X11; Ubuntu; Linux x86_64; rv:27.0) Gecko/20100101 Firefox/27.0"
2.241.35.167 - - [20/May/2015:07:05:22 +0000] "GET /icons/unknown.gif HTTP/1.1" 200 245 "http://www.semicomplete.com/files/" "Mozilla/5.0 (X11; Ubuntu; Linux x86_64; rv:27.0) Gecko/20100101 Firefox/27.0"
2.241.35.167 - - [20/May/2015:07:05:42 +0000] "GET /icons/image2.gif HTTP/1.1" 200 309 "http://www.semicomplete.com/files/" "Mozilla/5.0 (X11; Ubuntu; Linux x86_64; rv:27.0) Gecko/20100101 Firefox/27.0"
2.241.35.167 - - [20/May/2015:07:05:26 +0000] "GET / HTTP/1.1" 200 37932 "http://www.semicomplete.com/files/" "Mozilla/5.0 (X11; Ubuntu; Linux x86_64; rv:27.0) Gecko/20100101 Firefox/27.0"
2.241.35.167 - - [20/May/2015:07:05:30 +0000] "GET /reset.css HTTP/1.1" 200 1015 "http://www.semicomplete.com/" "Mozilla/5.0 (X11; Ubuntu; Linux x86_64; rv:27.0) Gecko/20100101 Firefox/27.0"
2.241.35.167 - - [20/May/2015:07:05:05 +0000] "GET /style2.css HTTP/1.1" 200 4877 "http://www.semicomplete.com/" "Mozilla/5.0 (X11; Ubuntu; Linux x86_64; rv:27.0) Gecko/20100101 Firefox/27.0"
2.241.35.167 - - [20/May/2015:07:05:29 +0000] "GET /images/jordan-80.png HTTP/1.1" 200 6146 "http://www.semicomplete.com/" "Mozilla/5.0 (X11; Ubuntu; Linux x86_64; rv:27.0) Gecko/20100101 Firefox/27.0"
2.241.35.167 - - [20/May/2015:07:05:52 +0000] "GET /images/web/2009/banner.png HTTP/1.1" 200 52315 "http://www.semicomplete.com/style2.css" "Mozilla/5.0 (X11; Ubuntu; Linux x86_64; rv:27.0) Gecko/20100101 Firefox/27.0"
37.11.0.8 - - [20/May/2015:07:05:06 +0000] "GET /projects/xdotool/ HTTP/1.1" 200 12292 "https://www.google.es/" "Mozilla/5.0 (X11; Linux x86_64) AppleWebKit/537.36 (KHTML, like Gecko) Ubuntu Chromium/32.0.1700.102 Chrome/32.0.1700.102 Safari/537.36"
37.11.0.8 - - [20/May/2015:07:05:46 +0000] "GET /reset.css HTTP/1.1" 200 1015 "http://www.semicomplete.com/projects/xdotool/" "Mozilla/5.0 (X11; Linux x86_64) AppleWebKit/537.36 (KHTML, like Gecko) Ubuntu Chromium/32.0.1700.102 Chrome/32.0.1700.102 Safari/537.36"
37.11.0.8 - - [20/May/2015:07:05:05 +0000] "GET /style2.css HTTP/1.1" 200 4877 "http://www.semicomplete.com/projects/xdotool/" "Mozilla/5.0 (X11; Linux x86_64) AppleWebKit/537.36 (KHTML, like Gecko) Ubuntu Chromium/32.0.1700.102 Chrome/32.0.1700.102 Safari/537.36"
37.11.0.8 - - [20/May/2015:07:05:02 +0000] "GET /images/jordan-80.png HTTP/1.1" 200 6146 "http://www.semicomplete.com/projects/xdotool/" "Mozilla/5.0 (X11; Linux x86_64) AppleWebKit/537.36 (KHTML, like Gecko) Ubuntu Chromium/32.0.1700.102 Chrome/32.0.1700.102 Safari/537.36"
46.105.14.53 - - [20/May/2015:07:05:52 +0000] "GET /blog/tags/puppet?flav=rss20 HTTP/1.1" 200 14872 "-" "UniversalFeedParser/4.2-pre-314-svn +http://feedparser.org/"
37.11.0.8 - - [20/May/2015:07:05:51 +0000] "GET /images/web/2009/banner.png HTTP/1.1" 200 52315 "http://www.semicomplete.com/projects/xdotool/" "Mozilla/5.0 (X11; Linux x86_64) AppleWebKit/537.36 (KHTML, like Gecko) Ubuntu Chromium/32.0.1700.102 Chrome/32.0.1700.102 Safari/537.36"
2.241.35.167 - - [20/May/2015:07:05:49 +0000] "GET /projects/xdotool HTTP/1.1" 301 339 "http://www.semicomplete.com/" "Mozilla/5.0 (X11; Ubuntu; Linux x86_64; rv:27.0) Gecko/20100101 Firefox/27.0"
37.11.0.8 - - [20/May/2015:07:05:59 +0000] "GET /favicon.ico HTTP/1.1" 200 3638 "-" "Mozilla/5.0 (X11; Linux x86_64) AppleWebKit/537.36 (KHTML, like Gecko) Ubuntu Chromium/32.0.1700.102 Chrome/32.0.1700.102 Safari/537.36"
2.241.35.167 - - [20/May/2015:07:05:10 +0000] "GET /projects/xdotool/ HTTP/1.1" 200 12292 "http://www.semicomplete.com/" "Mozilla/5.0 (X11; Ubuntu; Linux x86_64; rv:27.0) Gecko/20100101 Firefox/27.0"
68.180.224.225 - - [20/May/2015:07:05:36 +0000] "GET /blog/geekery/freebsd-ports-master-sites-sorting.html HTTP/1.1" 200 9528 "-" "Mozilla/5.0 (compatible; Yahoo! Slurp; http://help.yahoo.com/help/us/ysearch/slurp)"
91.114.206.13 - - [20/May/2015:07:05:30 +0000] "GET /blog/geekery/headless-wrapper-for-ephemeral-xservers.html HTTP/1.1" 200 11902 "http://www.google.at/url?sa=t&rct=j&q=&esrc=s&source=web&cd=1&ved=0CCoQFjAA&url=http%3A%2F%2Fwww.semicomplete.com%2Fblog%2Fgeekery%2Fheadless-wrapper-for-ephemeral-xservers.html&ei=dDYCU6PNOsi84ATg4YFY&usg=AFQjCNHZ2AdZ59y2_CKB9nlqfA7TP8N-9w&bvm=bv.61535280,d.bGE" "Mozilla/5.0 (X11; Linux x86_64; rv:17.0) Gecko/20131030 Firefox/17.0 Iceweasel/17.0.10"
91.114.206.13 - - [20/May/2015:07:05:49 +0000] "GET /reset.css HTTP/1.1" 200 1015 "http://www.semicomplete.com/blog/geekery/headless-wrapper-for-ephemeral-xservers.html" "Mozilla/5.0 (X11; Linux x86_64; rv:17.0) Gecko/20131030 Firefox/17.0 Iceweasel/17.0.10"
91.114.206.13 - - [20/May/2015:07:05:08 +0000] "GET /style2.css HTTP/1.1" 200 4877 "http://www.semicomplete.com/blog/geekery/headless-wrapper-for-ephemeral-xservers.html" "Mozilla/5.0 (X11; Linux x86_64; rv:17.0) Gecko/20131030 Firefox/17.0 Iceweasel/17.0.10"
91.114.206.13 - - [20/May/2015:07:05:12 +0000] "GET /images/jordan-80.png HTTP/1.1" 200 6146 "http://www.semicomplete.com/blog/geekery/headless-wrapper-for-ephemeral-xservers.html" "Mozilla/5.0 (X11; Linux x86_64; rv:17.0) Gecko/20131030 Firefox/17.0 Iceweasel/17.0.10"
91.114.206.13 - - [20/May/2015:07:05:28 +0000] "GET /favicon.ico HTTP/1.1" 200 3638 "-" "Mozilla/5.0 (X11; Linux x86_64; rv:17.0) Gecko/20131030 Firefox/17.0 Iceweasel/17.0.10"
91.114.206.13 - - [20/May/2015:07:05:49 +0000] "GET /images/web/2009/banner.png HTTP/1.1" 200 52315 "http://www.semicomplete.com/style2.css" "Mozilla/5.0 (X11; Linux x86_64; rv:17.0) Gecko/20131030 Firefox/17.0 Iceweasel/17.0.10"
216.107.155.114 - - [20/May/2015:07:05:37 +0000] "GET /robots.txt HTTP/1.0" 200 - "-" "Mozilla/5.0 (compatible; MJ12bot/v1.4.4; http://www.majestic12.co.uk/bot.php?+)"
216.107.155.114 - - [20/May/2015:07:05:40 +0000] "GET /blog/tags/deb HTTP/1.0" 200 11275 "-" "Mozilla/5.0 (compatible; MJ12bot/v1.4.4; http://www.majestic12.co.uk/bot.php?+)"
216.14.102.16 - - [20/May/2015:07:05:46 +0000] "HEAD /projects/keynav/ HTTP/1.1" 200 - "-" "distilator/0.1 (http://people.freebsd.org/~ehaupt/distilator/)"
50.16.19.13 - - [20/May/2015:07:05:13 +0000] "GET /blog/tags/puppet?flav=rss20 HTTP/1.1" 200 14872 "http://www.semicomplete.com/blog/tags/puppet?flav=rss20" "Tiny Tiny RSS/1.11 (http://tt-rss.org/)"
91.114.206.13 - - [20/May/2015:07:05:04 +0000] "GET /files/blogposts/20100511/xephyr-ephemeral-x-example.png HTTP/1.1" 200 75275 "http://www.semicomplete.com/blog/geekery/headless-wrapper-for-ephemeral-xservers.html" "Mozilla/5.0 (X11; Linux x86_64; rv:17.0) Gecko/20131030 Firefox/17.0 Iceweasel/17.0.10"
74.125.176.151 - - [20/May/2015:07:05:27 +0000] "GET /?flav=rss20 HTTP/1.1" 200 29941 "-" "FeedBurner/1.0 (http://www.FeedBurner.com)"
2.241.35.167 - - [20/May/2015:07:05:41 +0000] "GET /files/xdotool/docs HTTP/1.1" 301 341 "http://www.semicomplete.com/projects/xdotool/" "Mozilla/5.0 (X11; Ubuntu; Linux x86_64; rv:27.0) Gecko/20100101 Firefox/27.0"
2.241.35.167 - - [20/May/2015:07:05:07 +0000] "GET /files/xdotool/docs/ HTTP/1.1" 200 1328 "http://www.semicomplete.com/projects/xdotool/" "Mozilla/5.0 (X11; Ubuntu; Linux x86_64; rv:27.0) Gecko/20100101 Firefox/27.0"
2.241.35.167 - - [20/May/2015:07:05:36 +0000] "GET /files/xdotool/docs/html/ HTTP/1.1" 200 3870 "http://www.semicomplete.com/files/xdotool/docs/" "Mozilla/5.0 (X11; Ubuntu; Linux x86_64; rv:27.0) Gecko/20100101 Firefox/27.0"
79.215.79.185 - - [20/May/2015:07:05:45 +0000] "GET /projects/xdotool/ HTTP/1.1" 200 12292 "-" "Mozilla/5.0 (Windows NT 6.1; WOW64) AppleWebKit/537.36 (KHTML, like Gecko) Chrome/34.0.1793.0 Safari/537.36"
64.237.35.242 - - [20/May/2015:07:05:40 +0000] "GET /files/xboxproxy/ HTTP/1.1" 200 3120 "-" "portscout/0.8.1"
180.76.6.147 - - [20/May/2015:07:05:06 +0000] "GET /articles/ssh-security/ HTTP/1.1" 200 16543 "-" "Mozilla/5.0 (compatible; Baiduspider/2.0; +http://www.baidu.com/search/spider.html)"
180.76.5.69 - - [20/May/2015:07:05:59 +0000] "GET /robots.txt HTTP/1.1" 200 - "-" "Mozilla/5.0 (Windows NT 5.1; rv:6.0.2) Gecko/20100101 Firefox/6.0.2"
46.105.14.53 - - [20/May/2015:07:05:26 +0000] "GET /blog/tags/puppet?flav=rss20 HTTP/1.1" 200 14872 "-" "UniversalFeedParser/4.2-pre-314-svn +http://feedparser.org/"
157.55.34.93 - - [20/May/2015:07:05:07 +0000] "GET /blog/geekery/www.csh.rit.edu/~robertp HTTP/1.1" 404 7861 "-" "Mozilla/5.0 (compatible; bingbot/2.0; +http://www.bing.com/bingbot.htm)"
209.85.238.199 - - [20/May/2015:07:05:32 +0000] "GET /?flav=rss20 HTTP/1.1" 200 29941 "-" "Feedfetcher-Google; (+http://www.google.com/feedfetcher.html; 22 subscribers; feed-id=8321906634162087507)"
193.30.41.222 - - [20/May/2015:07:05:24 +0000] "GET /blog/geekery/ssl-latency.html HTTP/1.1" 200 17147 "https://www.google.co.uk/" "Mozilla/5.0 (Windows NT 6.1; WOW64) AppleWebKit/537.36 (KHTML, like Gecko) Chrome/32.0.1700.107 Safari/537.36"
193.30.41.222 - - [20/May/2015:07:05:46 +0000] "GET /reset.css HTTP/1.1" 200 1015 "http://www.semicomplete.com/blog/geekery/ssl-latency.html" "Mozilla/5.0 (Windows NT 6.1; WOW64) AppleWebKit/537.36 (KHTML, like Gecko) Chrome/32.0.1700.107 Safari/537.36"
193.30.41.222 - - [20/May/2015:07:05:39 +0000] "GET /images/jordan-80.png HTTP/1.1" 200 6146 "http://www.semicomplete.com/blog/geekery/ssl-latency.html" "Mozilla/5.0 (Windows NT 6.1; WOW64) AppleWebKit/537.36 (KHTML, like Gecko) Chrome/32.0.1700.107 Safari/537.36"
193.30.41.222 - - [20/May/2015:07:05:26 +0000] "GET /style2.css HTTP/1.1" 200 4877 "http://www.semicomplete.com/blog/geekery/ssl-latency.html" "Mozilla/5.0 (Windows NT 6.1; WOW64) AppleWebKit/537.36 (KHTML, like Gecko) Chrome/32.0.1700.107 Safari/537.36"
193.30.41.222 - - [20/May/2015:07:05:07 +0000] "GET /images/web/2009/banner.png HTTP/1.1" 200 52315 "http://www.semicomplete.com/blog/geekery/ssl-latency.html" "Mozilla/5.0 (Windows NT 6.1; WOW64) AppleWebKit/537.36 (KHTML, like Gecko) Chrome/32.0.1700.107 Safari/537.36"
193.30.41.222 - - [20/May/2015:07:05:00 +0000] "GET /favicon.ico HTTP/1.1" 200 3638 "-" "Mozilla/5.0 (Windows NT 6.1; WOW64) AppleWebKit/537.36 (KHTML, like Gecko) Chrome/32.0.1700.107 Safari/537.36"
66.249.73.135 - - [20/May/2015:07:05:40 +0000] "GET /blog/tags/sata HTTP/1.1" 200 9368 "-" "Mozilla/5.0 (compatible; Googlebot/2.1; +http://www.google.com/bot.html)"
208.91.156.11 - - [20/May/2015:07:05:08 +0000] "GET /files/logstash/logstash-1.3.2-monolithic.jar HTTP/1.1" 404 324 "-" "Chef Client/10.18.2 (ruby-1.9.3-p327; ohai-6.16.0; x86_64-linux; +http://opscode.com)"
68.180.224.225 - - [20/May/2015:07:05:27 +0000] "GET /files/xdotool/docs/html/structcharcodemap.html HTTP/1.1" 200 7186 "-" "Mozilla/5.0 (compatible; Yahoo! Slurp; http://help.yahoo.com/help/us/ysearch/slurp)"
84.85.130.133 - - [20/May/2015:07:05:53 +0000] "GET /projects/xdotool/ HTTP/1.1" 200 12292 "https://www.google.nl/" "Mozilla/5.0 (Windows NT 6.3; WOW64) AppleWebKit/537.36 (KHTML, like Gecko) Chrome/34.0.1838.2 Safari/537.36"
84.85.130.133 - - [20/May/2015:07:05:03 +0000] "GET /reset.css HTTP/1.1" 200 1015 "http://www.semicomplete.com/projects/xdotool/" "Mozilla/5.0 (Windows NT 6.3; WOW64) AppleWebKit/537.36 (KHTML, like Gecko) Chrome/34.0.1838.2 Safari/537.36"
84.85.130.133 - - [20/May/2015:07:05:20 +0000] "GET /style2.css HTTP/1.1" 200 4877 "http://www.semicomplete.com/projects/xdotool/" "Mozilla/5.0 (Windows NT 6.3; WOW64) AppleWebKit/537.36 (KHTML, like Gecko) Chrome/34.0.1838.2 Safari/537.36"
84.85.130.133 - - [20/May/2015:07:05:56 +0000] "GET /images/jordan-80.png HTTP/1.1" 200 6146 "http://www.semicomplete.com/projects/xdotool/" "Mozilla/5.0 (Windows NT 6.3; WOW64) AppleWebKit/537.36 (KHTML, like Gecko) Chrome/34.0.1838.2 Safari/537.36"
84.85.130.133 - - [20/May/2015:08:05:01 +0000] "GET /images/web/2009/banner.png HTTP/1.1" 200 52315 "http://www.semicomplete.com/projects/xdotool/" "Mozilla/5.0 (Windows NT 6.3; WOW64) AppleWebKit/537.36 (KHTML, like Gecko) Chrome/34.0.1838.2 Safari/537.36"
128.118.108.67 - - [20/May/2015:08:05:52 +0000] "GET /favicon.ico HTTP/1.0" 200 3638 "-" "Safari/9537.73.11 CFNetwork/673.0.3 Darwin/13.0.0 (x86_64) (MacBookPro8%2C1)"
216.14.102.16 - - [20/May/2015:08:05:45 +0000] "HEAD /files/xboxproxy/proxy-2.1.tar.gz HTTP/1.1" 200 - "-" "distilator/0.1 (http://people.freebsd.org/~ehaupt/distilator/)"
119.63.196.17 - - [20/May/2015:08:05:41 +0000] "GET / HTTP/1.1" 200 37932 "-" "Mozilla/5.0 (compatible; Baiduspider/2.0; +http://www.baidu.com/search/spider.html)"
70.197.6.64 - - [20/May/2015:08:05:15 +0000] "GET /articles/dynamic-dns-with-dhcp/ HTTP/1.1" 200 18848 "-" "Mozilla/5.0 (compatible; Genieo/1.0 http://www.genieo.com/webfilter.html)"
157.56.92.158 - - [20/May/2015:08:05:17 +0000] "GET /blog/2007/Mar HTTP/1.1" 200 29519 "-" "Mozilla/5.0 (compatible; bingbot/2.0; +http://www.bing.com/bingbot.htm)"
46.105.14.53 - - [20/May/2015:08:05:39 +0000] "GET /blog/tags/puppet?flav=rss20 HTTP/1.1" 200 14872 "-" "UniversalFeedParser/4.2-pre-314-svn +http://feedparser.org/"
66.249.73.135 - - [20/May/2015:08:05:33 +0000] "GET / HTTP/1.1" 200 37932 "-" "Mozilla/5.0 (compatible; Googlebot/2.1; +http://www.google.com/bot.html)"
66.249.88.135 - - [20/May/2015:08:05:32 +0000] "GET / HTTP/1.1" 200 37932 "-" "Mozilla/5.0 (Windows NT 6.1; rv:6.0) Gecko/20110814 Firefox/6.0 Google favicon"
66.249.88.135 - - [20/May/2015:08:05:44 +0000] "GET /favicon.ico HTTP/1.1" 200 3638 "-" "Mozilla/5.0 (Windows NT 6.1; rv:6.0) Gecko/20110814 Firefox/6.0 Google favicon"
68.180.224.225 - - [20/May/2015:08:05:28 +0000] "GET /scripts/python/ HTTP/1.1" 200 1137 "-" "Mozilla/5.0 (compatible; Yahoo! Slurp; http://help.yahoo.com/help/us/ysearch/slurp)"
159.50.249.148 - - [20/May/2015:08:05:54 +0000] "GET /blog/tags/grok?page=3 HTTP/1.1" 200 34045 "https://www.google.fr/" "Mozilla/5.0 (Windows NT 6.1; WOW64) AppleWebKit/537.36 (KHTML, like Gecko) Chrome/32.0.1700.102 Safari/537.36"
159.50.249.150 - - [20/May/2015:08:05:33 +0000] "GET /reset.css HTTP/1.1" 200 1015 "http://www.semicomplete.com/blog/tags/grok?page=3" "Mozilla/5.0 (Windows NT 6.1; WOW64) AppleWebKit/537.36 (KHTML, like Gecko) Chrome/32.0.1700.102 Safari/537.36"
159.50.249.150 - - [20/May/2015:08:05:09 +0000] "GET /images/jordan-80.png HTTP/1.1" 200 6146 "http://www.semicomplete.com/blog/tags/grok?page=3" "Mozilla/5.0 (Windows NT 6.1; WOW64) AppleWebKit/537.36 (KHTML, like Gecko) Chrome/32.0.1700.102 Safari/537.36"
159.50.249.150 - - [20/May/2015:08:05:57 +0000] "GET /style2.css HTTP/1.1" 200 4877 "http://www.semicomplete.com/blog/tags/grok?page=3" "Mozilla/5.0 (Windows NT 6.1; WOW64) AppleWebKit/537.36 (KHTML, like Gecko) Chrome/32.0.1700.102 Safari/537.36"
159.50.249.150 - - [20/May/2015:08:05:06 +0000] "GET /favicon.ico HTTP/1.1" 200 3638 "http://www.semicomplete.com/blog/tags/grok?page=3" "Mozilla/5.0 (Windows NT 6.1; WOW64) AppleWebKit/537.36 (KHTML, like Gecko) Chrome/32.0.1700.102 Safari/537.36"
159.50.249.148 - - [20/May/2015:08:05:12 +0000] "GET /images/web/2009/banner.png HTTP/1.1" 200 52315 "http://www.semicomplete.com/blog/tags/grok?page=3" "Mozilla/5.0 (Windows NT 6.1; WOW64) AppleWebKit/537.36 (KHTML, like Gecko) Chrome/32.0.1700.102 Safari/537.36"
203.145.79.41 - - [20/May/2015:08:05:41 +0000] "GET /presentations/logstash-scale11x/images/logstash-dreamhost-day.png HTTP/1.1" 200 34213 "-" "Mozilla/5.0 (iPhone; CPU iPhone OS 7_0_4 like Mac OS X) AppleWebKit/537.51.1 (KHTML, like Gecko) Version/7.0 Mobile/11B554a Safari/9537.53"
203.145.79.41 - - [20/May/2015:08:05:37 +0000] "GET /presentations/logstash-scale11x/images/simple-inputs-filters-outputs.jpg HTTP/1.1" 200 1168622 "-" "Mozilla/5.0 (iPhone; CPU iPhone OS 7_0_4 like Mac OS X) AppleWebKit/537.51.1 (KHTML, like Gecko) Version/7.0 Mobile/11B554a Safari/9537.53"
198.46.149.143 - - [20/May/2015:08:05:51 +0000] "GET /blog/geekery/disabling-battery-in-ubuntu-vms.html?utm_source=feedburner&utm_medium=feed&utm_campaign=Feed%3A+semicomplete%2Fmain+%28semicomplete.com+-+Jordan+Sissel%29 HTTP/1.1" 200 9316 "-" "Tiny Tiny RSS/1.11 (http://tt-rss.org/)"
198.46.149.143 - - [20/May/2015:08:05:30 +0000] "GET /blog/geekery/solving-good-or-bad-problems.html?utm_source=feedburner&utm_medium=feed&utm_campaign=Feed%3A+semicomplete%2Fmain+%28semicomplete.com+-+Jordan+Sissel%29 HTTP/1.1" 200 10756 "-" "Tiny Tiny RSS/1.11 (http://tt-rss.org/)"
198.50.175.174 - - [20/May/2015:08:05:26 +0000] "GET /presentations/logstash-metrics-sf-2012.10/ HTTP/1.0" 200 18729 "http://semicomplete.com" "Mozilla/4.0 (compatible; MSIE 6.0; Windows NT 5.1; en) Opera 8.50"
134.158.231.20 - - [20/May/2015:08:05:12 +0000] "GET /presentations/logstash-metrics-sf-2012.10/ HTTP/1.1" 200 18729 "http://www.google.fr/url?sa=t&rct=j&q=&esrc=s&source=web&cd=4&ved=0CEgQFjAD&url=http%3A%2F%2Fsemicomplete.com%2Fpresentations%2Flogstash-metrics-sf-2012.10%2F&ei=1TkCU8WhLoXG0QWimoDYDw&usg=AFQjCNETNHgJrHD6ZlVtOw-Zm64scazC4Q&bvm=bv.61535280,d.d2k" "Mozilla/5.0 (Macintosh; Intel Mac OS X 10.9; rv:26.0) Gecko/20100101 Firefox/26.0"
134.158.231.20 - - [20/May/2015:08:05:38 +0000] "GET /presentations/logstash-metrics-sf-2012.10/css/reset.css HTTP/1.1" 200 1382 "http://semicomplete.com/presentations/logstash-metrics-sf-2012.10/" "Mozilla/5.0 (Macintosh; Intel Mac OS X 10.9; rv:26.0) Gecko/20100101 Firefox/26.0"
134.158.231.20 - - [20/May/2015:08:05:18 +0000] "GET /presentations/logstash-metrics-sf-2012.10/lib/css/zenburn.css HTTP/1.1" 200 1791 "http://semicomplete.com/presentations/logstash-metrics-sf-2012.10/" "Mozilla/5.0 (Macintosh; Intel Mac OS X 10.9; rv:26.0) Gecko/20100101 Firefox/26.0"
134.158.231.20 - - [20/May/2015:08:05:35 +0000] "GET /presentations/logstash-metrics-sf-2012.10/css/print.css HTTP/1.1" 200 3995 "http://semicomplete.com/presentations/logstash-metrics-sf-2012.10/" "Mozilla/5.0 (Macintosh; Intel Mac OS X 10.9; rv:26.0) Gecko/20100101 Firefox/26.0"
134.158.231.20 - - [20/May/2015:08:05:45 +0000] "GET /presentations/logstash-metrics-sf-2012.10/css/preso.css HTTP/1.1" 200 1010 "http://semicomplete.com/presentations/logstash-metrics-sf-2012.10/" "Mozilla/5.0 (Macintosh; Intel Mac OS X 10.9; rv:26.0) Gecko/20100101 Firefox/26.0"
134.158.231.20 - - [20/May/2015:08:05:36 +0000] "GET /presentations/logstash-metrics-sf-2012.10/css/main.css HTTP/1.1" 200 26498 "http://semicomplete.com/presentations/logstash-metrics-sf-2012.10/" "Mozilla/5.0 (Macintosh; Intel Mac OS X 10.9; rv:26.0) Gecko/20100101 Firefox/26.0"
134.158.231.20 - - [20/May/2015:08:05:19 +0000] "GET /presentations/logstash-metrics-sf-2012.10/lib/js/head.min.js HTTP/1.1" 200 3170 "http://semicomplete.com/presentations/logstash-metrics-sf-2012.10/" "Mozilla/5.0 (Macintosh; Intel Mac OS X 10.9; rv:26.0) Gecko/20100101 Firefox/26.0"
134.158.231.20 - - [20/May/2015:08:05:25 +0000] "GET /presentations/logstash-metrics-sf-2012.10/images/ganglia.png HTTP/1.1" 200 24420 "http://semicomplete.com/presentations/logstash-metrics-sf-2012.10/" "Mozilla/5.0 (Macintosh; Intel Mac OS X 10.9; rv:26.0) Gecko/20100101 Firefox/26.0"
134.158.231.20 - - [20/May/2015:08:05:42 +0000] "GET /presentations/logstash-metrics-sf-2012.10/images/logstash.png HTTP/1.1" 200 47731 "http://semicomplete.com/presentations/logstash-metrics-sf-2012.10/" "Mozilla/5.0 (Macintosh; Intel Mac OS X 10.9; rv:26.0) Gecko/20100101 Firefox/26.0"
134.158.231.20 - - [20/May/2015:08:05:58 +0000] "GET /presentations/logstash-metrics-sf-2012.10/js/jquery.min.js HTTP/1.1" 200 93435 "http://semicomplete.com/presentations/logstash-metrics-sf-2012.10/" "Mozilla/5.0 (Macintosh; Intel Mac OS X 10.9; rv:26.0) Gecko/20100101 Firefox/26.0"
134.158.231.20 - - [20/May/2015:08:05:22 +0000] "GET /presentations/logstash-metrics-sf-2012.10/images/sysadvent.png HTTP/1.1" 200 108497 "http://semicomplete.com/presentations/logstash-metrics-sf-2012.10/" "Mozilla/5.0 (Macintosh; Intel Mac OS X 10.9; rv:26.0) Gecko/20100101 Firefox/26.0"
134.158.231.20 - - [20/May/2015:08:05:11 +0000] "GET /presentations/logstash-metrics-sf-2012.10/images/graphite.png HTTP/1.1" 200 11163 "http://semicomplete.com/presentations/logstash-metrics-sf-2012.10/" "Mozilla/5.0 (Macintosh; Intel Mac OS X 10.9; rv:26.0) Gecko/20100101 Firefox/26.0"
134.158.231.20 - - [20/May/2015:08:05:00 +0000] "GET /presentations/logstash-metrics-sf-2012.10/images/xkcd-perl.png HTTP/1.1" 200 80663 "http://semicomplete.com/presentations/logstash-metrics-sf-2012.10/" "Mozilla/5.0 (Macintosh; Intel Mac OS X 10.9; rv:26.0) Gecko/20100101 Firefox/26.0"
134.158.231.20 - - [20/May/2015:08:05:01 +0000] "GET /presentations/logstash-metrics-sf-2012.10/js/reveal.js HTTP/1.1" 200 29108 "http://semicomplete.com/presentations/logstash-metrics-sf-2012.10/" "Mozilla/5.0 (Macintosh; Intel Mac OS X 10.9; rv:26.0) Gecko/20100101 Firefox/26.0"
134.158.231.20 - - [20/May/2015:08:05:35 +0000] "GET /presentations/logstash-metrics-sf-2012.10/images/librato.png HTTP/1.1" 200 1991 "http://semicomplete.com/presentations/logstash-metrics-sf-2012.10/" "Mozilla/5.0 (Macintosh; Intel Mac OS X 10.9; rv:26.0) Gecko/20100101 Firefox/26.0"
134.158.231.20 - - [20/May/2015:08:05:25 +0000] "GET /presentations/logstash-metrics-sf-2012.10/images/stats-negative-min.png HTTP/1.1" 200 46139 "http://semicomplete.com/presentations/logstash-metrics-sf-2012.10/" "Mozilla/5.0 (Macintosh; Intel Mac OS X 10.9; rv:26.0) Gecko/20100101 Firefox/26.0"
134.158.231.20 - - [20/May/2015:08:05:21 +0000] "GET /presentations/logstash-metrics-sf-2012.10/images/graphite-bieber-gangnam.png HTTP/1.1" 200 42501 "http://semicomplete.com/presentations/logstash-metrics-sf-2012.10/" "Mozilla/5.0 (Macintosh; Intel Mac OS X 10.9; rv:26.0) Gecko/20100101 Firefox/26.0"
134.158.231.20 - - [20/May/2015:08:05:53 +0000] "GET /presentations/logstash-metrics-sf-2012.10/images/vs.jpg HTTP/1.1" 200 23871 "http://semicomplete.com/presentations/logstash-metrics-sf-2012.10/" "Mozilla/5.0 (Macintosh; Intel Mac OS X 10.9; rv:26.0) Gecko/20100101 Firefox/26.0"
134.158.231.20 - - [20/May/2015:08:05:24 +0000] "GET /presentations/logstash-metrics-sf-2012.10/images/graphite-bieber-gangnam-moving-average.png HTTP/1.1" 200 57048 "http://semicomplete.com/presentations/logstash-metrics-sf-2012.10/" "Mozilla/5.0 (Macintosh; Intel Mac OS X 10.9; rv:26.0) Gecko/20100101 Firefox/26.0"
134.158.231.20 - - [20/May/2015:08:05:32 +0000] "GET /presentations/logstash-metrics-sf-2012.10/images/graphite-bieber-gangnam-ratio.png HTTP/1.1" 200 52923 "http://semicomplete.com/presentations/logstash-metrics-sf-2012.10/" "Mozilla/5.0 (Macintosh; Intel Mac OS X 10.9; rv:26.0) Gecko/20100101 Firefox/26.0"
134.158.231.20 - - [20/May/2015:08:05:00 +0000] "GET /presentations/logstash-metrics-sf-2012.10/images/apache-negative-duration.png HTTP/1.1" 200 97173 "http://semicomplete.com/presentations/logstash-metrics-sf-2012.10/" "Mozilla/5.0 (Macintosh; Intel Mac OS X 10.9; rv:26.0) Gecko/20100101 Firefox/26.0"
134.158.231.20 - - [20/May/2015:08:05:01 +0000] "GET /presentations/logstash-metrics-sf-2012.10/lib/font/league_gothic-webfont.ttf HTTP/1.1" 200 42324 "http://semicomplete.com/presentations/logstash-metrics-sf-2012.10/css/main.css" "Mozilla/5.0 (Macintosh; Intel Mac OS X 10.9; rv:26.0) Gecko/20100101 Firefox/26.0"
134.158.231.20 - - [20/May/2015:08:05:10 +0000] "GET /presentations/logstash-metrics-sf-2012.10/images/logstash-apache-kibana.png HTTP/1.1" 200 14835 "http://semicomplete.com/presentations/logstash-metrics-sf-2012.10/" "Mozilla/5.0 (Macintosh; Intel Mac OS X 10.9; rv:26.0) Gecko/20100101 Firefox/26.0"
134.158.231.20 - - [20/May/2015:08:05:59 +0000] "GET /presentations/logstash-metrics-sf-2012.10/images/logstash-in-graphite.png HTTP/1.1" 200 22956 "http://semicomplete.com/presentations/logstash-metrics-sf-2012.10/" "Mozilla/5.0 (Macintosh; Intel Mac OS X 10.9; rv:26.0) Gecko/20100101 Firefox/26.0"
134.158.231.20 - - [20/May/2015:08:05:56 +0000] "GET /favicon.ico HTTP/1.1" 200 3638 "-" "Mozilla/5.0 (Macintosh; Intel Mac OS X 10.9; rv:26.0) Gecko/20100101 Firefox/26.0"
134.158.231.20 - - [20/May/2015:08:05:18 +0000] "GET /presentations/logstash-metrics-sf-2012.10/images/monitorama-bgclear.png HTTP/1.1" 200 483624 "http://semicomplete.com/presentations/logstash-metrics-sf-2012.10/" "Mozilla/5.0 (Macintosh; Intel Mac OS X 10.9; rv:26.0) Gecko/20100101 Firefox/26.0"
