201.26.152.202 - - [18/May/2015:15:05:30 +0000] "GET /style2.css HTTP/1.1" 200 4877 "http://www.semicomplete.com/blog/geekery/xsendevent-xdotool-and-ld_preload.html" "Mozilla/5.0 (X11; Linux x86_64) AppleWebKit/537.36 (KHTML, like Gecko) Chrome/32.0.1700.107 Safari/537.36"
201.26.152.202 - - [18/May/2015:15:05:16 +0000] "GET /images/jordan-80.png HTTP/1.1" 200 6146 "http://www.semicomplete.com/blog/geekery/xsendevent-xdotool-and-ld_preload.html" "Mozilla/5.0 (X11; Linux x86_64) AppleWebKit/537.36 (KHTML, like Gecko) Chrome/32.0.1700.107 Safari/537.36"
201.26.152.202 - - [18/May/2015:15:05:42 +0000] "GET /images/web/2009/banner.png HTTP/1.1" 200 52315 "http://www.semicomplete.com/blog/geekery/xsendevent-xdotool-and-ld_preload.html" "Mozilla/5.0 (X11; Linux x86_64) AppleWebKit/537.36 (KHTML, like Gecko) Chrome/32.0.1700.107 Safari/537.36"
66.249.73.135 - - [18/May/2015:15:05:46 +0000] "GET /blog/tags/firefox?flav=rss20 HTTP/1.1" 200 16021 "-" "Mozilla/5.0 (compatible; Googlebot/2.1; +http://www.google.com/bot.html)"
66.249.73.135 - - [18/May/2015:15:05:42 +0000] "GET /misc/Title.php.txt HTTP/1.1" 500 - "-" "Mozilla/5.0 (compatible; Googlebot/2.1; +http://www.google.com/bot.html)"
208.93.0.48 - - [18/May/2015:15:05:46 +0000] "GET /?flav=rss20 HTTP/1.1" 200 29941 "-" "LiveJournal.com (webmaster@livejournal.com; for http://www.livejournal.com/users/cshpsionic/; 8 readers)"
88.120.89.50 - - [18/May/2015:15:05:36 +0000] "GET /files/xdotool/docs/html/ HTTP/1.1" 200 3870 "http://www.semicomplete.com/files/xdotool/docs/" "Mozilla/5.0 (X11; Ubuntu; Linux x86_64; rv:27.0) Gecko/20100101 Firefox/27.0"
88.120.89.50 - - [18/May/2015:15:05:02 +0000] "GET /files/xdotool/docs/html/tabs.css HTTP/1.1" 200 1844 "http://www.semicomplete.com/files/xdotool/docs/html/" "Mozilla/5.0 (X11; Ubuntu; Linux x86_64; rv:27.0) Gecko/20100101 Firefox/27.0"
88.120.89.50 - - [18/May/2015:15:05:54 +0000] "GET /files/xdotool/docs/html/search/search.css HTTP/1.1" 200 3843 "http://www.semicomplete.com/files/xdotool/docs/html/" "Mozilla/5.0 (X11; Ubuntu; Linux x86_64; rv:27.0) Gecko/20100101 Firefox/27.0"
88.120.89.50 - - [18/May/2015:15:05:07 +0000] "GET /files/xdotool/docs/html/search/search.js HTTP/1.1" 200 21330 "http://www.semicomplete.com/files/xdotool/docs/html/" "Mozilla/5.0 (X11; Ubuntu; Linux x86_64; rv:27.0) Gecko/20100101 Firefox/27.0"
88.120.89.50 - - [18/May/2015:15:05:03 +0000] "GET /files/xdotool/docs/html/doxygen.css HTTP/1.1" 200 7911 "http://www.semicomplete.com/files/xdotool/docs/html/" "Mozilla/5.0 (X11; Ubuntu; Linux x86_64; rv:27.0) Gecko/20100101 Firefox/27.0"
88.120.89.50 - - [18/May/2015:15:05:17 +0000] "GET /files/xdotool/docs/html/search/search.png HTTP/1.1" 200 527 "http://www.semicomplete.com/files/xdotool/docs/html/" "Mozilla/5.0 (X11; Ubuntu; Linux x86_64; rv:27.0) Gecko/20100101 Firefox/27.0"
88.120.89.50 - - [18/May/2015:15:05:19 +0000] "GET /files/xdotool/docs/html/search/close.png HTTP/1.1" 200 273 "http://www.semicomplete.com/files/xdotool/docs/html/" "Mozilla/5.0 (X11; Ubuntu; Linux x86_64; rv:27.0) Gecko/20100101 Firefox/27.0"
88.120.89.50 - - [18/May/2015:15:05:06 +0000] "GET /files/xdotool/docs/html/doxygen.png HTTP/1.1" 200 1281 "http://www.semicomplete.com/files/xdotool/docs/html/" "Mozilla/5.0 (X11; Ubuntu; Linux x86_64; rv:27.0) Gecko/20100101 Firefox/27.0"
88.120.89.50 - - [18/May/2015:15:05:19 +0000] "GET /files/xdotool/docs/html/tab_b.gif HTTP/1.1" 200 35 "http://www.semicomplete.com/files/xdotool/docs/html/tabs.css" "Mozilla/5.0 (X11; Ubuntu; Linux x86_64; rv:27.0) Gecko/20100101 Firefox/27.0"
88.120.89.50 - - [18/May/2015:15:05:31 +0000] "GET /files/xdotool/docs/html/tab_r.gif HTTP/1.1" 200 2585 "http://www.semicomplete.com/files/xdotool/docs/html/tabs.css" "Mozilla/5.0 (X11; Ubuntu; Linux x86_64; rv:27.0) Gecko/20100101 Firefox/27.0"
88.120.89.50 - - [18/May/2015:15:05:49 +0000] "GET /files/xdotool/docs/html/tab_l.gif HTTP/1.1" 200 706 "http://www.semicomplete.com/files/xdotool/docs/html/tabs.css" "Mozilla/5.0 (X11; Ubuntu; Linux x86_64; rv:27.0) Gecko/20100101 Firefox/27.0"
208.91.156.11 - - [18/May/2015:15:05:20 +0000] "GET /files/logstash/logstash-1.3.2-monolithic.jar HTTP/1.1" 404 324 "-" "Chef Client/10.18.2 (ruby-1.9.3-p327; ohai-6.16.0; x86_64-linux; +http://opscode.com)"
91.236.75.26 - - [18/May/2015:15:05:30 +0000] "GET /blog/geekery/jquery-interface-puffer.html HTTP/1.0" 200 9799 "http://www.semicomplete.com/blog/geekery/jquery-interface-puffer.html" "Mozilla/5.0 (Windows NT 5.1; rv:8.0) Gecko/20100101 Firefox/8.0"
88.120.89.50 - - [18/May/2015:15:05:52 +0000] "GET /files/xdotool/docs/html/annotated.html HTTP/1.1" 200 5054 "http://www.semicomplete.com/files/xdotool/docs/html/" "Mozilla/5.0 (X11; Ubuntu; Linux x86_64; rv:27.0) Gecko/20100101 Firefox/27.0"
88.120.89.50 - - [18/May/2015:15:05:11 +0000] "GET /files/xdotool/docs/html/structcharcodemap.html HTTP/1.1" 200 7186 "http://www.semicomplete.com/files/xdotool/docs/html/annotated.html" "Mozilla/5.0 (X11; Ubuntu; Linux x86_64; rv:27.0) Gecko/20100101 Firefox/27.0"
88.120.89.50 - - [18/May/2015:15:05:35 +0000] "GET /files/xdotool/docs/html/structkeysym__charmap.html HTTP/1.1" 200 4528 "http://www.semicomplete.com/files/xdotool/docs/html/annotated.html" "Mozilla/5.0 (X11; Ubuntu; Linux x86_64; rv:27.0) Gecko/20100101 Firefox/27.0"
157.56.92.141 - - [18/May/2015:15:05:50 +0000] "GET /projects/xdotool/xdotool.xhtml HTTP/1.1" 200 50112 "-" "Mozilla/5.0 (compatible; bingbot/2.0; +http://www.bing.com/bingbot.htm)"
66.249.73.135 - - [18/May/2015:15:05:10 +0000] "GET /blog/geekery/puppet-facts-into-mcollective.html HTTP/1.1" 200 9872 "-" "Mozilla/5.0 (iPhone; CPU iPhone OS 6_0 like Mac OS X) AppleWebKit/536.26 (KHTML, like Gecko) Version/6.0 Mobile/10A5376e Safari/8536.25 (compatible; Googlebot/2.1; +http://www.google.com/bot.html)"
203.116.59.13 - - [18/May/2015:15:05:47 +0000] "GET /presentations/logstash-monitorama-2013/images/kibana-dashboard3.png HTTP/1.1" 200 171717 "http://www.google.com.sg/blank.html" "Mozilla/5.0 (Windows NT 6.1; rv:19.0) Gecko/20100101 Firefox/19.0"
23.105.131.185 - - [18/May/2015:15:05:27 +0000] "GET /articles/ppp-over-ssh/ HTTP/1.1" 200 18586 "http://www.semicomplete.com/articles/ppp-over-ssh/" "Mozilla/5.0 (Windows; U; Windows NT 5.1; en-US; rv:1.9.0.14) Gecko/2009082707 Firefox/3.0.14 (.NET CLR 3.5.30729)"
189.214.42.128 - - [18/May/2015:15:05:52 +0000] "GET /articles/dynamic-dns-with-dhcp/ HTTP/1.1" 200 18848 "http://www.google.com.mx/url?sa=t&rct=j&q=&esrc=s&source=web&cd=1&ved=0CCsQFjAA&url=http%3A%2F%2Fwww.semicomplete.com%2Farticles%2Fdynamic-dns-with-dhcp%2F&ei=eHkBU5msKuma2gWcwoDgCg&usg=AFQjCNEF1X4Rs52UYQyLiySTQxa97ozM4g&sig2=kYnsYDkXqTv8JQjdt315OA&bvm=bv.61535280,d.b2I" "Mozilla/5.0 (X11; Linux i686; rv:26.0) Gecko/20100101 Firefox/26.0"
189.214.42.128 - - [18/May/2015:15:05:21 +0000] "GET /reset.css HTTP/1.1" 200 1015 "http://www.semicomplete.com/articles/dynamic-dns-with-dhcp/" "Mozilla/5.0 (X11; Linux i686; rv:26.0) Gecko/20100101 Firefox/26.0"
189.214.42.128 - - [18/May/2015:15:05:49 +0000] "GET /favicon.ico HTTP/1.1" 200 3638 "-" "Mozilla/5.0 (X11; Linux i686; rv:26.0) Gecko/20100101 Firefox/26.0"
189.214.42.128 - - [18/May/2015:15:05:10 +0000] "GET /style2.css HTTP/1.1" 200 4877 "http://www.semicomplete.com/articles/dynamic-dns-with-dhcp/" "Mozilla/5.0 (X11; Linux i686; rv:26.0) Gecko/20100101 Firefox/26.0"
189.214.42.128 - - [18/May/2015:15:05:12 +0000] "GET /images/jordan-80.png HTTP/1.1" 200 6146 "http://www.semicomplete.com/articles/dynamic-dns-with-dhcp/" "Mozilla/5.0 (X11; Linux i686; rv:26.0) Gecko/20100101 Firefox/26.0"
189.214.42.128 - - [18/May/2015:15:05:06 +0000] "GET /images/web/2009/banner.png HTTP/1.1" 200 52315 "http://www.semicomplete.com/style2.css" "Mozilla/5.0 (X11; Linux i686; rv:26.0) Gecko/20100101 Firefox/26.0"
119.36.179.179 - - [18/May/2015:15:05:10 +0000] "GET /blog/geekery/xvfb-firefox.html HTTP/1.1" 200 10975 "http://en.wikipedia.org/wiki/Xvfb" "Mozilla/5.0 (X11; Ubuntu; Linux i686; rv:27.0) Gecko/20100101 Firefox/27.0"
119.36.179.179 - - [18/May/2015:15:05:03 +0000] "GET /reset.css HTTP/1.1" 200 1015 "http://semicomplete.com/blog/geekery/xvfb-firefox.html" "Mozilla/5.0 (X11; Ubuntu; Linux i686; rv:27.0) Gecko/20100101 Firefox/27.0"
119.36.179.179 - - [18/May/2015:15:05:50 +0000] "GET /favicon.ico HTTP/1.1" 200 3638 "-" "Mozilla/5.0 (X11; Ubuntu; Linux i686; rv:27.0) Gecko/20100101 Firefox/27.0"
119.36.179.179 - - [18/May/2015:15:05:39 +0000] "GET /style2.css HTTP/1.1" 200 4877 "http://semicomplete.com/blog/geekery/xvfb-firefox.html" "Mozilla/5.0 (X11; Ubuntu; Linux i686; rv:27.0) Gecko/20100101 Firefox/27.0"
119.36.179.179 - - [18/May/2015:15:05:49 +0000] "GET /images/jordan-80.png HTTP/1.1" 200 6146 "http://semicomplete.com/blog/geekery/xvfb-firefox.html" "Mozilla/5.0 (X11; Ubuntu; Linux i686; rv:27.0) Gecko/20100101 Firefox/27.0"
119.36.179.179 - - [18/May/2015:15:05:07 +0000] "GET /images/web/2009/banner.png HTTP/1.1" 200 52315 "http://semicomplete.com/style2.css" "Mozilla/5.0 (X11; Ubuntu; Linux i686; rv:27.0) Gecko/20100101 Firefox/27.0"
208.43.255.31 - - [18/May/2015:15:05:22 +0000] "GET /robots.txt HTTP/1.1" 200 - "-" "Mozilla/5.0 (compatible; MSIE 9.0; Windows NT 6.1; WOW64; Trident/5.0; chromeframe/19.0.1084.52)"
208.43.255.31 - - [18/May/2015:15:05:23 +0000] "GET /projects/xdotool/ HTTP/1.1" 200 12292 "-" "Mozilla/5.0 (compatible; MSIE 9.0; Windows NT 6.1; WOW64; Trident/5.0; chromeframe/19.0.1084.52)"
119.36.179.179 - - [18/May/2015:15:05:24 +0000] "GET /images/googledotcom.png HTTP/1.1" 200 65748 "http://semicomplete.com/blog/geekery/xvfb-firefox.html" "Mozilla/5.0 (X11; Ubuntu; Linux i686; rv:27.0) Gecko/20100101 Firefox/27.0"
211.150.124.10 - - [18/May/2015:15:05:14 +0000] "GET /presentations/logstash-scale11x/images/logstash.png HTTP/1.1" 200 47731 "http://kufli.blogspot.com/2013/07/log-analysis-using-logstash.html" "Mozilla/5.0 (Windows NT 6.1) AppleWebKit/537.36 (KHTML, like Gecko) Chrome/31.0.1650.63 Safari/537.36"
46.105.14.53 - - [18/May/2015:15:05:41 +0000] "GET /blog/tags/puppet?flav=rss20 HTTP/1.1" 200 14872 "-" "UniversalFeedParser/4.2-pre-314-svn +http://feedparser.org/"
118.169.39.21 - - [18/May/2015:15:05:35 +0000] "GET /favicon.ico HTTP/1.1" 200 3638 "-" "Mozilla/5.0 (X11; Linux x86_64; rv:17.0) Gecko/20100101 Firefox/17.0"
68.115.79.126 - - [18/May/2015:15:05:39 +0000] "GET /presentations/logstash-scale11x/images/ahhh___rage_face_by_samusmmx-d5g5zap.png HTTP/1.1" 200 175208 "https://www.google.com/" "Mozilla/5.0 (iPad; CPU OS 7_0_4 like Mac OS X) AppleWebKit/537.51.1 (KHTML, like Gecko) Version/7.0 Mobile/11B554a Safari/9537.53"
66.249.73.135 - - [18/May/2015:15:05:11 +0000] "GET /blog/geekery/jquery-formfill-v1.html HTTP/1.1" 200 10279 "-" "Mozilla/5.0 (iPhone; CPU iPhone OS 6_0 like Mac OS X) AppleWebKit/536.26 (KHTML, like Gecko) Version/6.0 Mobile/10A5376e Safari/8536.25 (compatible; Googlebot/2.1; +http://www.google.com/bot.html)"
116.212.243.74 - - [18/May/2015:15:05:58 +0000] "GET /presentations/logstash-scale11x/images/ahhh___rage_face_by_samusmmx-d5g5zap.png HTTP/1.1" 200 175208 "http://www.google.com.au/blank.html" "Mozilla/5.0 (Windows NT 6.3; WOW64) AppleWebKit/537.36 (KHTML, like Gecko) Chrome/32.0.1700.107 Safari/537.36"
50.16.19.13 - - [18/May/2015:15:05:51 +0000] "GET /blog/tags/puppet?flav=rss20 HTTP/1.1" 200 14872 "http://www.semicomplete.com/blog/tags/puppet?flav=rss20" "Tiny Tiny RSS/1.11 (http://tt-rss.org/)"
50.2.225.180 - - [18/May/2015:15:05:40 +0000] "GET /presentations/logstash-puppetconf-2012/ HTTP/1.0" 200 37269 "http://semicomplete.com/" "Mozilla/5.0 (Macintosh; Intel Mac OS X 10.7; rv:21.0) Gecko/20100101 Firefox/21.0"
50.2.225.180 - - [18/May/2015:15:05:13 +0000] "GET /presentations/puppet-at-loggly/puppet-at-loggly.pdf.html HTTP/1.0" 200 24747 "http://semicomplete.com/" "Mozilla/5.0 (Macintosh; Intel Mac OS X 10.7; rv:21.0) Gecko/20100101 Firefox/21.0"
210.13.83.18 - - [18/May/2015:15:05:28 +0000] "GET /presentations/logstash-puppetconf-2012/ HTTP/1.1" 200 37269 "http://logstash.net/docs/1.3.3/learn" "Mozilla/5.0 (Windows NT 6.1; WOW64) AppleWebKit/537.36 (KHTML, like Gecko) Chrome/32.0.1700.107 Safari/537.36"
210.13.83.18 - - [18/May/2015:15:05:55 +0000] "GET /presentations/logstash-puppetconf-2012/css/reset.css HTTP/1.1" 200 1382 "http://semicomplete.com/presentations/logstash-puppetconf-2012/" "Mozilla/5.0 (Windows NT 6.1; WOW64) AppleWebKit/537.36 (KHTML, like Gecko) Chrome/32.0.1700.107 Safari/537.36"
210.13.83.18 - - [18/May/2015:15:05:13 +0000] "GET /presentations/logstash-puppetconf-2012/css/print.css HTTP/1.1" 200 3995 "http://semicomplete.com/presentations/logstash-puppetconf-2012/" "Mozilla/5.0 (Windows NT 6.1; WOW64) AppleWebKit/537.36 (KHTML, like Gecko) Chrome/32.0.1700.107 Safari/537.36"
210.13.83.18 - - [18/May/2015:15:05:21 +0000] "GET /presentations/logstash-puppetconf-2012/css/main.css HTTP/1.1" 200 26498 "http://semicomplete.com/presentations/logstash-puppetconf-2012/" "Mozilla/5.0 (Windows NT 6.1; WOW64) AppleWebKit/537.36 (KHTML, like Gecko) Chrome/32.0.1700.107 Safari/537.36"
210.13.83.18 - - [18/May/2015:15:05:06 +0000] "GET /presentations/logstash-puppetconf-2012/css/preso.css HTTP/1.1" 200 659 "http://semicomplete.com/presentations/logstash-puppetconf-2012/" "Mozilla/5.0 (Windows NT 6.1; WOW64) AppleWebKit/537.36 (KHTML, like Gecko) Chrome/32.0.1700.107 Safari/537.36"
210.13.83.18 - - [18/May/2015:15:05:07 +0000] "GET /presentations/logstash-puppetconf-2012/lib/css/zenburn.css HTTP/1.1" 200 1791 "http://semicomplete.com/presentations/logstash-puppetconf-2012/" "Mozilla/5.0 (Windows NT 6.1; WOW64) AppleWebKit/537.36 (KHTML, like Gecko) Chrome/32.0.1700.107 Safari/537.36"
210.13.83.18 - - [18/May/2015:15:05:36 +0000] "GET /presentations/logstash-puppetconf-2012/lib/js/head.min.js HTTP/1.1" 200 3170 "http://semicomplete.com/presentations/logstash-puppetconf-2012/" "Mozilla/5.0 (Windows NT 6.1; WOW64) AppleWebKit/537.36 (KHTML, like Gecko) Chrome/32.0.1700.107 Safari/537.36"
210.13.83.18 - - [18/May/2015:15:05:47 +0000] "GET /presentations/logstash-puppetconf-2012/images/logstash.png HTTP/1.1" 200 47731 "http://semicomplete.com/presentations/logstash-puppetconf-2012/" "Mozilla/5.0 (Windows NT 6.1; WOW64) AppleWebKit/537.36 (KHTML, like Gecko) Chrome/32.0.1700.107 Safari/537.36"
210.13.83.18 - - [18/May/2015:15:05:16 +0000] "GET /presentations/logstash-puppetconf-2012/images/nagios-sms1.png HTTP/1.1" 200 55478 "http://semicomplete.com/presentations/logstash-puppetconf-2012/" "Mozilla/5.0 (Windows NT 6.1; WOW64) AppleWebKit/537.36 (KHTML, like Gecko) Chrome/32.0.1700.107 Safari/537.36"
210.13.83.18 - - [18/May/2015:15:05:09 +0000] "GET /presentations/logstash-puppetconf-2012/images/nagios-sms2.png HTTP/1.1" 200 60656 "http://semicomplete.com/presentations/logstash-puppetconf-2012/" "Mozilla/5.0 (Windows NT 6.1; WOW64) AppleWebKit/537.36 (KHTML, like Gecko) Chrome/32.0.1700.107 Safari/537.36"
210.13.83.18 - - [18/May/2015:15:05:39 +0000] "GET /presentations/logstash-puppetconf-2012/images/nagios-sms3.png HTTP/1.1" 200 65917 "http://semicomplete.com/presentations/logstash-puppetconf-2012/" "Mozilla/5.0 (Windows NT 6.1; WOW64) AppleWebKit/537.36 (KHTML, like Gecko) Chrome/32.0.1700.107 Safari/537.36"
210.13.83.18 - - [18/May/2015:15:05:28 +0000] "GET /presentations/logstash-puppetconf-2012/images/sysadvent.png HTTP/1.1" 200 108497 "http://semicomplete.com/presentations/logstash-puppetconf-2012/" "Mozilla/5.0 (Windows NT 6.1; WOW64) AppleWebKit/537.36 (KHTML, like Gecko) Chrome/32.0.1700.107 Safari/537.36"
210.13.83.18 - - [18/May/2015:15:05:00 +0000] "GET /presentations/logstash-puppetconf-2012/js/reveal.js HTTP/1.1" 200 29108 "http://semicomplete.com/presentations/logstash-puppetconf-2012/" "Mozilla/5.0 (Windows NT 6.1; WOW64) AppleWebKit/537.36 (KHTML, like Gecko) Chrome/32.0.1700.107 Safari/537.36"
210.13.83.18 - - [18/May/2015:15:05:03 +0000] "GET /presentations/logstash-puppetconf-2012/images/nagios-sms4.png HTTP/1.1" 200 72949 "http://semicomplete.com/presentations/logstash-puppetconf-2012/" "Mozilla/5.0 (Windows NT 6.1; WOW64) AppleWebKit/537.36 (KHTML, like Gecko) Chrome/32.0.1700.107 Safari/537.36"
210.13.83.18 - - [18/May/2015:15:05:17 +0000] "GET /presentations/logstash-puppetconf-2012/images/nagios-sms5.png HTTP/1.1" 200 78075 "http://semicomplete.com/presentations/logstash-puppetconf-2012/" "Mozilla/5.0 (Windows NT 6.1; WOW64) AppleWebKit/537.36 (KHTML, like Gecko) Chrome/32.0.1700.107 Safari/537.36"
210.13.83.18 - - [18/May/2015:15:05:23 +0000] "GET /presentations/logstash-puppetconf-2012/images/office-space-printer-beat-down-gif.gif HTTP/1.1" 404 364 "http://semicomplete.com/presentations/logstash-puppetconf-2012/" "Mozilla/5.0 (Windows NT 6.1; WOW64) AppleWebKit/537.36 (KHTML, like Gecko) Chrome/32.0.1700.107 Safari/537.36"
210.13.83.18 - - [18/May/2015:15:05:46 +0000] "GET /presentations/logstash-puppetconf-2012/images/nagios-sms6.png HTTP/1.1" 200 82859 "http://semicomplete.com/presentations/logstash-puppetconf-2012/" "Mozilla/5.0 (Windows NT 6.1; WOW64) AppleWebKit/537.36 (KHTML, like Gecko) Chrome/32.0.1700.107 Safari/537.36"
210.13.83.18 - - [18/May/2015:15:05:21 +0000] "GET /presentations/logstash-puppetconf-2012/lib/font/league_gothic-webfont.ttf HTTP/1.1" 200 42324 "http://semicomplete.com/presentations/logstash-puppetconf-2012/" "Mozilla/5.0 (Windows NT 6.1; WOW64) AppleWebKit/537.36 (KHTML, like Gecko) Chrome/32.0.1700.107 Safari/537.36"
210.13.83.18 - - [18/May/2015:15:05:37 +0000] "GET /presentations/logstash-puppetconf-2012/images/pc-load-letter.jpg HTTP/1.1" 200 71808 "http://semicomplete.com/presentations/logstash-puppetconf-2012/" "Mozilla/5.0 (Windows NT 6.1; WOW64) AppleWebKit/537.36 (KHTML, like Gecko) Chrome/32.0.1700.107 Safari/537.36"
210.13.83.18 - - [18/May/2015:15:05:04 +0000] "GET /presentations/logstash-puppetconf-2012/images/xkcd-perl.png HTTP/1.1" 200 80663 "http://semicomplete.com/presentations/logstash-puppetconf-2012/" "Mozilla/5.0 (Windows NT 6.1; WOW64) AppleWebKit/537.36 (KHTML, like Gecko) Chrome/32.0.1700.107 Safari/537.36"
210.13.83.18 - - [18/May/2015:15:05:35 +0000] "GET /presentations/logstash-puppetconf-2012/images/frontend-response-codes.png HTTP/1.1" 200 52878 "http://semicomplete.com/presentations/logstash-puppetconf-2012/" "Mozilla/5.0 (Windows NT 6.1; WOW64) AppleWebKit/537.36 (KHTML, like Gecko) Chrome/32.0.1700.107 Safari/537.36"
210.13.83.18 - - [18/May/2015:15:05:52 +0000] "GET /presentations/logstash-puppetconf-2012/images/lifecycle.png HTTP/1.1" 200 9618 "http://semicomplete.com/presentations/logstash-puppetconf-2012/" "Mozilla/5.0 (Windows NT 6.1; WOW64) AppleWebKit/537.36 (KHTML, like Gecko) Chrome/32.0.1700.107 Safari/537.36"
210.13.83.18 - - [18/May/2015:15:05:28 +0000] "GET /presentations/logstash-puppetconf-2012/images/xkcd-perlswing-many.png HTTP/1.1" 200 100207 "http://semicomplete.com/presentations/logstash-puppetconf-2012/" "Mozilla/5.0 (Windows NT 6.1; WOW64) AppleWebKit/537.36 (KHTML, like Gecko) Chrome/32.0.1700.107 Safari/537.36"
210.13.83.18 - - [18/May/2015:15:05:47 +0000] "GET /presentations/logstash-puppetconf-2012/images/computer-keyboard-jacket.jpg HTTP/1.1" 200 176805 "http://semicomplete.com/presentations/logstash-puppetconf-2012/" "Mozilla/5.0 (Windows NT 6.1; WOW64) AppleWebKit/537.36 (KHTML, like Gecko) Chrome/32.0.1700.107 Safari/537.36"
210.13.83.18 - - [18/May/2015:15:05:17 +0000] "GET /presentations/logstash-puppetconf-2012/images/kibana-logstash-downloads.png HTTP/1.1" 200 95058 "http://semicomplete.com/presentations/logstash-puppetconf-2012/" "Mozilla/5.0 (Windows NT 6.1; WOW64) AppleWebKit/537.36 (KHTML, like Gecko) Chrome/32.0.1700.107 Safari/537.36"
210.13.83.18 - - [18/May/2015:15:05:15 +0000] "GET /presentations/logstash-puppetconf-2012/images/kibana-chef-agent.png HTTP/1.1" 200 73187 "http://semicomplete.com/presentations/logstash-puppetconf-2012/" "Mozilla/5.0 (Windows NT 6.1; WOW64) AppleWebKit/537.36 (KHTML, like Gecko) Chrome/32.0.1700.107 Safari/537.36"
54.246.137.243 - - [18/May/2015:15:05:08 +0000] "GET /robots.txt HTTP/1.1" 200 - "-" "LumiBot 2.0"
210.13.83.18 - - [18/May/2015:15:05:38 +0000] "GET /presentations/logstash-puppetconf-2012/images/kibana-chef-hits-6min-each.png HTTP/1.1" 200 80555 "http://semicomplete.com/presentations/logstash-puppetconf-2012/" "Mozilla/5.0 (Windows NT 6.1; WOW64) AppleWebKit/537.36 (KHTML, like Gecko) Chrome/32.0.1700.107 Safari/537.36"
210.13.83.18 - - [18/May/2015:15:05:41 +0000] "GET /presentations/logstash-puppetconf-2012/images/psychoaxe.jpg HTTP/1.1" 200 29179 "http://semicomplete.com/presentations/logstash-puppetconf-2012/" "Mozilla/5.0 (Windows NT 6.1; WOW64) AppleWebKit/537.36 (KHTML, like Gecko) Chrome/32.0.1700.107 Safari/537.36"
210.13.83.18 - - [18/May/2015:15:05:26 +0000] "GET /presentations/logstash-puppetconf-2012/images/trollface.png HTTP/1.1" 200 58123 "http://semicomplete.com/presentations/logstash-puppetconf-2012/" "Mozilla/5.0 (Windows NT 6.1; WOW64) AppleWebKit/537.36 (KHTML, like Gecko) Chrome/32.0.1700.107 Safari/537.36"
210.13.83.18 - - [18/May/2015:15:05:35 +0000] "GET /presentations/logstash-puppetconf-2012/images/stats-negative-min.png HTTP/1.1" 200 46139 "http://semicomplete.com/presentations/logstash-puppetconf-2012/" "Mozilla/5.0 (Windows NT 6.1; WOW64) AppleWebKit/537.36 (KHTML, like Gecko) Chrome/32.0.1700.107 Safari/537.36"
210.13.83.18 - - [18/May/2015:15:05:59 +0000] "GET /presentations/logstash-puppetconf-2012/images/apache-negative-duration.png HTTP/1.1" 200 97173 "http://semicomplete.com/presentations/logstash-puppetconf-2012/" "Mozilla/5.0 (Windows NT 6.1; WOW64) AppleWebKit/537.36 (KHTML, like Gecko) Chrome/32.0.1700.107 Safari/537.36"
210.13.83.18 - - [18/May/2015:15:05:06 +0000] "GET /presentations/logstash-puppetconf-2012/images/logs.jpg HTTP/1.1" 200 663847 "http://semicomplete.com/presentations/logstash-puppetconf-2012/" "Mozilla/5.0 (Windows NT 6.1; WOW64) AppleWebKit/537.36 (KHTML, like Gecko) Chrome/32.0.1700.107 Safari/537.36"
210.13.83.18 - - [18/May/2015:15:05:37 +0000] "GET /favicon.ico HTTP/1.1" 200 3638 "-" "Mozilla/5.0 (Windows NT 6.1; WOW64) AppleWebKit/537.36 (KHTML, like Gecko) Chrome/32.0.1700.107 Safari/537.36"
209.85.238.199 - - [18/May/2015:15:05:32 +0000] "GET /blog/tags/firefox?flav=rss20 HTTP/1.1" 200 16021 "-" "Feedfetcher-Google; (+http://www.google.com/feedfetcher.html; 3 subscribers; feed-id=14171215010336145331)"
66.49.182.146 - - [18/May/2015:15:05:08 +0000] "GET /presentations/logstash-scale11x/images/ahhh___rage_face_by_samusmmx-d5g5zap.png HTTP/1.1" 200 175208 "https://www.google.ca/" "Mozilla/5.0 (iPod; CPU iPhone OS 6_0 like Mac OS X) AppleWebKit/536.26 (KHTML, like Gecko) Version/6.0 Mobile/10A406 Safari/8536.25"
81.170.148.153 - - [18/May/2015:15:05:18 +0000] "GET /blog/geekery/xdo.html HTTP/1.1" 200 10521 "-" "Mozilla/5.0 (X11; Linux x86_64; rv:26.0) Gecko/20100101 Firefox/26.0"
81.170.148.153 - - [18/May/2015:15:05:26 +0000] "GET /reset.css HTTP/1.1" 200 1015 "http://www.semicomplete.com/blog/geekery/xdo.html" "Mozilla/5.0 (X11; Linux x86_64; rv:26.0) Gecko/20100101 Firefox/26.0"
81.170.148.153 - - [18/May/2015:15:05:01 +0000] "GET /style2.css HTTP/1.1" 200 4877 "http://www.semicomplete.com/blog/geekery/xdo.html" "Mozilla/5.0 (X11; Linux x86_64; rv:26.0) Gecko/20100101 Firefox/26.0"
81.170.148.153 - - [18/May/2015:15:05:16 +0000] "GET /projects/xdotool/xdotool.xhtml HTTP/1.1" 200 50112 "http://www.semicomplete.com/projects/xdotool/" "Mozilla/5.0 (X11; Linux x86_64; rv:26.0) Gecko/20100101 Firefox/26.0"
81.170.148.153 - - [18/May/2015:15:05:47 +0000] "GET /images/jordan-80.png HTTP/1.1" 200 6146 "http://www.semicomplete.com/blog/geekery/xdo.html" "Mozilla/5.0 (X11; Linux x86_64; rv:26.0) Gecko/20100101 Firefox/26.0"
81.170.148.153 - - [18/May/2015:15:05:02 +0000] "GET /images/web/2009/banner.png HTTP/1.1" 200 52315 "http://www.semicomplete.com/style2.css" "Mozilla/5.0 (X11; Linux x86_64; rv:26.0) Gecko/20100101 Firefox/26.0"
112.216.234.90 - - [18/May/2015:15:05:22 +0000] "GET /presentations/logstash-1/file/intro-logging-problems/apache-response-codes.png HTTP/1.1" 200 52878 "-" "Mozilla/5.0 (compatible; MSIE 10.0; Windows NT 6.1; WOW64; Trident/6.0)"
176.92.75.62 - - [18/May/2015:15:05:17 +0000] "GET /resume.xsl HTTP/1.1" 200 4662 "http://www.semicomplete.com/resume.xml" "Mozilla/5.0 (Windows; U; MSIE 9.0; Windows NT 9.0; en-US)"
176.92.75.62 - - [18/May/2015:15:05:52 +0000] "GET /?page=2 HTTP/1.1" 200 36673 "http://www.semicomplete.com/" "Mozilla/5.0 (Windows; U; MSIE 9.0; Windows NT 9.0; en-US)"
46.105.14.53 - - [18/May/2015:15:05:04 +0000] "GET /blog/tags/puppet?flav=rss20 HTTP/1.1" 200 14872 "-" "UniversalFeedParser/4.2-pre-314-svn +http://feedparser.org/"
180.76.6.151 - - [18/May/2015:15:05:34 +0000] "GET /robots.txt HTTP/1.1" 200 - "-" "Mozilla/5.0 (Windows NT 5.1; rv:6.0.2) Gecko/20100101 Firefox/6.0.2"
66.249.73.135 - - [18/May/2015:15:05:16 +0000] "GET /blog/tags/haml HTTP/1.1" 200 9780 "-" "Mozilla/5.0 (iPhone; CPU iPhone OS 6_0 like Mac OS X) AppleWebKit/536.26 (KHTML, like Gecko) Version/6.0 Mobile/10A5376e Safari/8536.25 (compatible; Googlebot/2.1; +http://www.google.com/bot.html)"
89.68.134.81 - - [18/May/2015:15:05:32 +0000] "GET /projects/xdotool/ HTTP/1.1" 200 12292 "-" "Mozilla/5.0 (X11; Linux x86_64) AppleWebKit/537.36 (KHTML, like Gecko) Chrome/33.0.1750.91 Safari/537.36"
89.68.134.81 - - [18/May/2015:15:05:28 +0000] "GET /reset.css HTTP/1.1" 200 1015 "http://www.semicomplete.com/projects/xdotool/" "Mozilla/5.0 (X11; Linux x86_64) AppleWebKit/537.36 (KHTML, like Gecko) Chrome/33.0.1750.91 Safari/537.36"
89.68.134.81 - - [18/May/2015:15:05:55 +0000] "GET /style2.css HTTP/1.1" 200 4877 "http://www.semicomplete.com/projects/xdotool/" "Mozilla/5.0 (X11; Linux x86_64) AppleWebKit/537.36 (KHTML, like Gecko) Chrome/33.0.1750.91 Safari/537.36"
89.68.134.81 - - [18/May/2015:16:05:48 +0000] "GET /images/jordan-80.png HTTP/1.1" 200 6146 "http://www.semicomplete.com/projects/xdotool/" "Mozilla/5.0 (X11; Linux x86_64) AppleWebKit/537.36 (KHTML, like Gecko) Chrome/33.0.1750.91 Safari/537.36"
89.68.134.81 - - [18/May/2015:16:05:30 +0000] "GET /images/web/2009/banner.png HTTP/1.1" 200 52315 "http://www.semicomplete.com/projects/xdotool/" "Mozilla/5.0 (X11; Linux x86_64) AppleWebKit/537.36 (KHTML, like Gecko) Chrome/33.0.1750.91 Safari/537.36"
89.68.134.81 - - [18/May/2015:16:05:18 +0000] "GET /favicon.ico HTTP/1.1" 200 3638 "-" "Mozilla/5.0 (X11; Linux x86_64) AppleWebKit/537.36 (KHTML, like Gecko) Chrome/33.0.1750.91 Safari/537.36"
74.125.40.21 - - [18/May/2015:16:05:35 +0000] "GET /?flav=rss20 HTTP/1.1" 200 29941 "-" "FeedBurner/1.0 (http://www.FeedBurner.com)"
2.51.241.128 - - [18/May/2015:16:05:38 +0000] "GET /favicon.ico HTTP/1.1" 200 3638 "-" "Mozilla/5.0 (Windows NT 6.1; rv:17.0) Gecko/20100101 Firefox/17.0"
117.28.234.67 - - [18/May/2015:16:05:45 +0000] "GET /files/logstash/logstash-1.1.9-monolithic.jar HTTP/1.0" 200 69192717 "-" "Wget/1.12 (linux-gnu)"
66.249.73.135 - - [18/May/2015:16:05:31 +0000] "GET /misc/errors.m4 HTTP/1.1" 200 7420 "-" "Mozilla/5.0 (compatible; Googlebot/2.1; +http://www.google.com/bot.html)"
203.84.135.120 - - [18/May/2015:16:05:49 +0000] "GET /blog/geekery/debugging-java-performance.html HTTP/1.0" 200 15796 "https://www.google.co.nz/" "Mozilla/5.0 (Macintosh; Intel Mac OS X 10_9_1) AppleWebKit/537.36 (KHTML, like Gecko) Chrome/32.0.1700.107 Safari/537.36"
203.84.135.120 - - [18/May/2015:16:05:58 +0000] "GET /reset.css HTTP/1.0" 200 1015 "http://www.semicomplete.com/blog/geekery/debugging-java-performance.html" "Mozilla/5.0 (Macintosh; Intel Mac OS X 10_9_1) AppleWebKit/537.36 (KHTML, like Gecko) Chrome/32.0.1700.107 Safari/537.36"
203.84.135.120 - - [18/May/2015:16:05:50 +0000] "GET /style2.css HTTP/1.0" 200 4877 "http://www.semicomplete.com/blog/geekery/debugging-java-performance.html" "Mozilla/5.0 (Macintosh; Intel Mac OS X 10_9_1) AppleWebKit/537.36 (KHTML, like Gecko) Chrome/32.0.1700.107 Safari/537.36"
203.84.135.120 - - [18/May/2015:16:05:48 +0000] "GET /images/jordan-80.png HTTP/1.0" 200 6146 "http://www.semicomplete.com/blog/geekery/debugging-java-performance.html" "Mozilla/5.0 (Macintosh; Intel Mac OS X 10_9_1) AppleWebKit/537.36 (KHTML, like Gecko) Chrome/32.0.1700.107 Safari/537.36"
203.84.135.120 - - [18/May/2015:16:05:55 +0000] "GET /images/web/2009/banner.png HTTP/1.0" 200 52315 "http://www.semicomplete.com/blog/geekery/debugging-java-performance.html" "Mozilla/5.0 (Macintosh; Intel Mac OS X 10_9_1) AppleWebKit/537.36 (KHTML, like Gecko) Chrome/32.0.1700.107 Safari/537.36"
203.84.135.120 - - [18/May/2015:16:05:32 +0000] "GET /favicon.ico HTTP/1.0" 200 3638 "-" "Mozilla/5.0 (Macintosh; Intel Mac OS X 10_9_1) AppleWebKit/537.36 (KHTML, like Gecko) Chrome/32.0.1700.107 Safari/537.36"
96.242.86.110 - - [18/May/2015:16:05:54 +0000] "GET /projects/xdotool/xdotool.xhtml HTTP/1.1" 200 50112 "https://www.google.com/" "Mozilla/5.0 (X11; Linux x86_64) AppleWebKit/537.36 (KHTML, like Gecko) Chrome/32.0.1700.107 Safari/537.36"
96.242.86.110 - - [18/May/2015:16:05:33 +0000] "GET /favicon.ico HTTP/1.1" 200 3638 "-" "Mozilla/5.0 (X11; Linux x86_64) AppleWebKit/537.36 (KHTML, like Gecko) Chrome/32.0.1700.107 Safari/537.36"
198.46.149.143 - - [18/May/2015:16:05:18 +0000] "GET /blog/geekery/disabling-battery-in-ubuntu-vms.html?utm_source=feedburner&utm_medium=feed&utm_campaign=Feed%3A+semicomplete%2Fmain+%28semicomplete.com+-+Jordan+Sissel%29 HTTP/1.1" 200 9316 "-" "Tiny Tiny RSS/1.11 (http://tt-rss.org/)"
198.46.149.143 - - [18/May/2015:16:05:02 +0000] "GET /blog/geekery/solving-good-or-bad-problems.html?utm_source=feedburner&utm_medium=feed&utm_campaign=Feed%3A+semicomplete%2Fmain+%28semicomplete.com+-+Jordan+Sissel%29 HTTP/1.1" 200 10756 "-" "Tiny Tiny RSS/1.11 (http://tt-rss.org/)"
210.13.83.18 - - [18/May/2015:16:05:10 +0000] "GET /presentations/puppet-at-loggly/puppet-at-loggly.pdf.html HTTP/1.1" 200 24747 "http://semicomplete.com/presentations/logstash-puppetconf-2012/" "Mozilla/5.0 (Windows NT 6.1; WOW64) AppleWebKit/537.36 (KHTML, like Gecko) Chrome/32.0.1700.107 Safari/537.36"
89.68.134.81 - - [18/May/2015:16:05:58 +0000] "GET /projects/xdotool/xdotool.xhtml HTTP/1.1" 200 50112 "http://www.semicomplete.com/projects/xdotool/" "Mozilla/5.0 (X11; Linux x86_64) AppleWebKit/537.36 (KHTML, like Gecko) Chrome/33.0.1750.91 Safari/537.36"
210.13.83.18 - - [18/May/2015:16:05:10 +0000] "GET /blog/geekery/puppet-nodeless-configuration HTTP/1.1" 200 10301 "http://semicomplete.com/presentations/logstash-puppetconf-2012/" "Mozilla/5.0 (Windows NT 6.1; WOW64) AppleWebKit/537.36 (KHTML, like Gecko) Chrome/32.0.1700.107 Safari/537.36"
210.13.83.18 - - [18/May/2015:16:05:39 +0000] "GET /images/jordan-80.png HTTP/1.1" 200 6146 "http://www.semicomplete.com/blog/geekery/puppet-nodeless-configuration" "Mozilla/5.0 (Windows NT 6.1; WOW64) AppleWebKit/537.36 (KHTML, like Gecko) Chrome/32.0.1700.107 Safari/537.36"
210.13.83.18 - - [18/May/2015:16:05:34 +0000] "GET /style2.css HTTP/1.1" 200 4877 "http://www.semicomplete.com/blog/geekery/puppet-nodeless-configuration" "Mozilla/5.0 (Windows NT 6.1; WOW64) AppleWebKit/537.36 (KHTML, like Gecko) Chrome/32.0.1700.107 Safari/537.36"
210.13.83.18 - - [18/May/2015:16:05:00 +0000] "GET /reset.css HTTP/1.1" 200 1015 "http://www.semicomplete.com/blog/geekery/puppet-nodeless-configuration" "Mozilla/5.0 (Windows NT 6.1; WOW64) AppleWebKit/537.36 (KHTML, like Gecko) Chrome/32.0.1700.107 Safari/537.36"
210.13.83.18 - - [18/May/2015:16:05:33 +0000] "GET /images/web/2009/banner.png HTTP/1.1" 200 52315 "http://www.semicomplete.com/blog/geekery/puppet-nodeless-configuration" "Mozilla/5.0 (Windows NT 6.1; WOW64) AppleWebKit/537.36 (KHTML, like Gecko) Chrome/32.0.1700.107 Safari/537.36"
54.246.137.243 - - [18/May/2015:16:05:03 +0000] "GET /robots.txt HTTP/1.1" 200 - "-" "LumiBot 2.0"
210.13.83.18 - - [18/May/2015:16:05:52 +0000] "GET /favicon.ico HTTP/1.1" 200 3638 "-" "Mozilla/5.0 (Windows NT 6.1; WOW64) AppleWebKit/537.36 (KHTML, like Gecko) Chrome/32.0.1700.107 Safari/537.36"
199.16.156.126 - - [18/May/2015:16:05:13 +0000] "GET /robots.txt HTTP/1.1" 200 - "-" "Twitterbot/1.0"
199.16.156.125 - - [18/May/2015:16:05:54 +0000] "GET /files/lumberjack/lumberjack-0.3.0.exe HTTP/1.1" 200 4378624 "-" "Twitterbot/1.0"
180.166.130.86 - - [18/May/2015:16:05:21 +0000] "GET /projects/xdotool/ HTTP/1.1" 200 12292 "http://blog.sleeplessbeastie.eu/2013/01/21/how-to-automate-mouse-and-keyboard/" "Mozilla/5.0 (X11; Linux x86_64) AppleWebKit/537.36 (KHTML, like Gecko) Ubuntu Chromium/31.0.1650.63 Chrome/31.0.1650.63 Safari/537.36"
180.166.130.86 - - [18/May/2015:16:05:20 +0000] "GET /reset.css HTTP/1.1" 200 1015 "http://www.semicomplete.com/projects/xdotool/" "Mozilla/5.0 (X11; Linux x86_64) AppleWebKit/537.36 (KHTML, like Gecko) Ubuntu Chromium/31.0.1650.63 Chrome/31.0.1650.63 Safari/537.36"
180.166.130.86 - - [18/May/2015:16:05:33 +0000] "GET /style2.css HTTP/1.1" 200 4877 "http://www.semicomplete.com/projects/xdotool/" "Mozilla/5.0 (X11; Linux x86_64) AppleWebKit/537.36 (KHTML, like Gecko) Ubuntu Chromium/31.0.1650.63 Chrome/31.0.1650.63 Safari/537.36"
180.166.130.86 - - [18/May/2015:16:05:52 +0000] "GET /images/jordan-80.png HTTP/1.1" 200 6146 "http://www.semicomplete.com/projects/xdotool/" "Mozilla/5.0 (X11; Linux x86_64) AppleWebKit/537.36 (KHTML, like Gecko) Ubuntu Chromium/31.0.1650.63 Chrome/31.0.1650.63 Safari/537.36"
180.166.130.86 - - [18/May/2015:16:05:19 +0000] "GET /images/web/2009/banner.png HTTP/1.1" 200 52315 "http://www.semicomplete.com/projects/xdotool/" "Mozilla/5.0 (X11; Linux x86_64) AppleWebKit/537.36 (KHTML, like Gecko) Ubuntu Chromium/31.0.1650.63 Chrome/31.0.1650.63 Safari/537.36"
180.166.130.86 - - [18/May/2015:16:05:47 +0000] "GET /favicon.ico HTTP/1.1" 200 3638 "-" "Mozilla/5.0 (X11; Linux x86_64) AppleWebKit/537.36 (KHTML, like Gecko) Ubuntu Chromium/31.0.1650.63 Chrome/31.0.1650.63 Safari/537.36"
66.249.73.135 - - [18/May/2015:16:05:04 +0000] "GET /blog/geekery/xdotool-20090612.html HTTP/1.1" 200 8474 "-" "Mozilla/5.0 (iPhone; CPU iPhone OS 6_0 like Mac OS X) AppleWebKit/536.26 (KHTML, like Gecko) Version/6.0 Mobile/10A5376e Safari/8536.25 (compatible; Googlebot/2.1; +http://www.google.com/bot.html)"
46.105.14.53 - - [18/May/2015:16:05:56 +0000] "GET /blog/tags/puppet?flav=rss20 HTTP/1.1" 200 14872 "-" "UniversalFeedParser/4.2-pre-314-svn +http://feedparser.org/"
123.125.71.85 - - [18/May/2015:16:05:57 +0000] "GET /robots.txt HTTP/1.1" 200 - "-" "Mozilla/5.0 (compatible; Baiduspider/2.0; +http://www.baidu.com/search/spider.html)"
201.141.65.112 - - [18/May/2015:16:05:14 +0000] "GET /images/selenium-squid-hack_firefox.png HTTP/1.1" 200 299660 "-" "Mozilla/5.0 (Windows NT 6.1; WOW64) AppleWebKit/537.36 (KHTML, like Gecko) Chrome/32.0.1700.107 Safari/537.36"
157.55.32.84 - - [18/May/2015:16:05:21 +0000] "GET /blog/geekery/puppet-nodeless-configuration HTTP/1.1" 200 10301 "-" "Mozilla/5.0 (compatible; bingbot/2.0; +http://www.bing.com/bingbot.htm)"
66.249.73.135 - - [18/May/2015:16:05:09 +0000] "GET /misc/color.vim.html HTTP/1.1" 304 - "-" "Mozilla/5.0 (iPhone; CPU iPhone OS 6_0 like Mac OS X) AppleWebKit/536.26 (KHTML, like Gecko) Version/6.0 Mobile/10A5376e Safari/8536.25 (compatible; Googlebot/2.1; +http://www.google.com/bot.html)"
46.105.14.53 - - [18/May/2015:16:05:41 +0000] "GET /blog/tags/puppet?flav=rss20 HTTP/1.1" 200 14872 "-" "UniversalFeedParser/4.2-pre-314-svn +http://feedparser.org/"
199.30.22.61 - - [18/May/2015:16:05:26 +0000] "GET /images/googledotcom.png HTTP/1.1" 200 65748 "-" "-"
190.239.74.15 - - [18/May/2015:16:05:14 +0000] "GET /images/googledotcom.png HTTP/1.1" 200 65748 "-" "ZDM/4.0; Windows Mobile 8.0"
66.249.73.135 - - [18/May/2015:16:05:29 +0000] "GET /?flav=atom HTTP/1.1" 200 32352 "-" "Mozilla/5.0 (compatible; Googlebot/2.1; +http://www.google.com/bot.html)"
184.22.115.74 - - [18/May/2015:16:05:04 +0000] "GET /presentations/logstash-monitorama-2013/ HTTP/1.0" 200 34838 "http://semicomplete.com/" "Mozilla/5.0 (Macintosh; Intel Mac OS X 10.7; rv:22.0) Gecko/20100101 Firefox/22.0"
184.22.115.74 - - [18/May/2015:16:05:52 +0000] "GET /kibana/ HTTP/1.0" 200 4483 "http://semicomplete.com/" "Mozilla/5.0 (Macintosh; Intel Mac OS X 10.7; rv:22.0) Gecko/20100101 Firefox/22.0"
157.55.35.80 - - [18/May/2015:16:05:30 +0000] "GET /misc/ HTTP/1.1" 200 38725 "-" "Mozilla/5.0 (compatible; bingbot/2.0; +http://www.bing.com/bingbot.htm)"
117.7.102.100 - - [18/May/2015:16:05:36 +0000] "HEAD /projects/xdotool/xdotool.xhtml HTTP/1.1" 200 - "-" "Mozilla/5.0 (Windows NT 6.2; WOW64; rv:27.0) Gecko/20100101 Firefox/27.0"
5.39.15.151 - - [18/May/2015:16:05:29 +0000] "GET / HTTP/1.0" 200 37932 "http://www.semicomplete.com/" "Mozilla/5.0 (Macintosh; Intel Mac OS X 10.7; rv:22.0) Gecko/20100101 Firefox/22.0"
5.39.15.151 - - [18/May/2015:16:05:22 +0000] "GET /blog/geekery/installing-windows-8-consumer-preview.html HTTP/1.0" 200 8948 "http://www.semicomplete.com/" "Mozilla/5.0 (Macintosh; Intel Mac OS X 10.7; rv:22.0) Gecko/20100101 Firefox/22.0"
81.142.35.154 - - [18/May/2015:16:05:18 +0000] "GET /blog/tags/X11 HTTP/1.1" 200 32742 "http://www.google.com/imgres?tbm=isch&tbnid=tX0WOQ4WqLUE5M%3A&imgrefurl=http%3A%2F%2Fwww.semicomplete.com%2Fblog%2Ftags%2FX11&docid=xGrm1wO4I4EDhM&imgurl=http%3A%2F%2Fwww.semicomplete.com%2Fimages%2Fgoogledotcom.png&w=1024&h=768&ei=un0BU-SeGMiThgfhoYCYBw&zoom=1&iact=rc&dur=250&page=1&start=0&ndsp=18&ved=0CFoQrQMwAg" "Mozilla/4.0 (compatible; MSIE 8.0; Windows NT 5.1; Trident/4.0; .NET CLR 1.1.4322; .NET CLR 2.0.50727; .NET CLR 3.0.04506.30; .NET CLR 3.0.4506.2152; .NET CLR 3.5.30729)"
81.142.35.154 - - [18/May/2015:16:05:59 +0000] "GET /images/googledotcom.png HTTP/1.1" 200 65748 "http://www.google.com/imgres?tbm=isch&tbnid=tX0WOQ4WqLUE5M%3A&imgrefurl=http%3A%2F%2Fwww.semicomplete.com%2Fblog%2Ftags%2FX11&docid=xGrm1wO4I4EDhM&imgurl=http%3A%2F%2Fwww.semicomplete.com%2Fimages%2Fgoogledotcom.png&w=1024&h=768&ei=un0BU-SeGMiThgfhoYCYBw&zoom=1&iact=rc&dur=250&page=1&start=0&ndsp=18&ved=0CFoQrQMwAg" "Mozilla/4.0 (compatible; MSIE 8.0; Windows NT 5.1; Trident/4.0; .NET CLR 1.1.4322; .NET CLR 2.0.50727; .NET CLR 3.0.04506.30; .NET CLR 3.0.4506.2152; .NET CLR 3.5.30729)"
81.142.35.154 - - [18/May/2015:16:05:56 +0000] "GET /images/jordan-80.png HTTP/1.1" 200 6146 "http://www.semicomplete.com/blog/tags/X11" "Mozilla/4.0 (compatible; MSIE 8.0; Windows NT 5.1; Trident/4.0; .NET CLR 1.1.4322; .NET CLR 2.0.50727; .NET CLR 3.0.04506.30; .NET CLR 3.0.4506.2152; .NET CLR 3.5.30729)"
81.142.35.154 - - [18/May/2015:16:05:49 +0000] "GET /style2.css HTTP/1.1" 200 4877 "http://www.semicomplete.com/blog/tags/X11" "Mozilla/4.0 (compatible; MSIE 8.0; Windows NT 5.1; Trident/4.0; .NET CLR 1.1.4322; .NET CLR 2.0.50727; .NET CLR 3.0.04506.30; .NET CLR 3.0.4506.2152; .NET CLR 3.5.30729)"
81.142.35.154 - - [18/May/2015:16:05:10 +0000] "GET /reset.css HTTP/1.1" 200 1015 "http://www.semicomplete.com/blog/tags/X11" "Mozilla/4.0 (compatible; MSIE 8.0; Windows NT 5.1; Trident/4.0; .NET CLR 1.1.4322; .NET CLR 2.0.50727; .NET CLR 3.0.04506.30; .NET CLR 3.0.4506.2152; .NET CLR 3.5.30729)"
81.142.35.154 - - [18/May/2015:16:05:15 +0000] "GET /images/web/2009/banner.png HTTP/1.1" 200 52315 "http://www.semicomplete.com/blog/tags/X11" "Mozilla/4.0 (compatible; MSIE 8.0; Windows NT 5.1; Trident/4.0; .NET CLR 1.1.4322; .NET CLR 2.0.50727; .NET CLR 3.0.04506.30; .NET CLR 3.0.4506.2152; .NET CLR 3.5.30729)"
213.5.179.37 - - [18/May/2015:16:05:26 +0000] "HEAD / HTTP/1.1" 200 - "http://bruteforce.gr" "Mozilla/5.0 (compatible; MSIE 9.0; Windows NT 6.1; WOW64; Trident/5.0)"
114.141.164.18 - - [18/May/2015:16:05:50 +0000] "GET /projects/xdotool/ HTTP/1.1" 200 12292 "-" "Mozilla/4.0 (compatible; MSIE 8.0; Windows NT 5.1; Trident/4.0; BTRS101170; .NET CLR 3.0.4506.2152; .NET CLR 3.5.30729; InfoPath.2; .NET CLR 2.0.50727; MS-RTC LM 8; .NET4.0C; .NET4.0E)"
114.141.164.18 - - [18/May/2015:16:05:07 +0000] "GET /reset.css HTTP/1.1" 200 1015 "http://www.semicomplete.com/projects/xdotool/" "Mozilla/4.0 (compatible; MSIE 8.0; Windows NT 5.1; Trident/4.0; BTRS101170; .NET CLR 3.0.4506.2152; .NET CLR 3.5.30729; InfoPath.2; .NET CLR 2.0.50727; MS-RTC LM 8; .NET4.0C; .NET4.0E)"
114.141.164.18 - - [18/May/2015:16:05:56 +0000] "GET /favicon.ico HTTP/1.1" 200 3638 "http://www.semicomplete.com/projects/xdotool/" "Mozilla/4.0 (compatible; MSIE 8.0; Windows NT 5.1; Trident/4.0; BTRS101170; .NET CLR 3.0.4506.2152; .NET CLR 3.5.30729; InfoPath.2; .NET CLR 2.0.50727; MS-RTC LM 8; .NET4.0C; .NET4.0E)"
114.141.164.18 - - [18/May/2015:16:05:12 +0000] "GET /style2.css HTTP/1.1" 200 4877 "http://www.semicomplete.com/projects/xdotool/" "Mozilla/4.0 (compatible; MSIE 8.0; Windows NT 5.1; Trident/4.0; BTRS101170; .NET CLR 3.0.4506.2152; .NET CLR 3.5.30729; InfoPath.2; .NET CLR 2.0.50727; MS-RTC LM 8; .NET4.0C; .NET4.0E)"
114.141.164.18 - - [18/May/2015:16:05:54 +0000] "GET /images/jordan-80.png HTTP/1.1" 200 6146 "http://www.semicomplete.com/projects/xdotool/" "Mozilla/4.0 (compatible; MSIE 8.0; Windows NT 5.1; Trident/4.0; BTRS101170; .NET CLR 3.0.4506.2152; .NET CLR 3.5.30729; InfoPath.2; .NET CLR 2.0.50727; MS-RTC LM 8; .NET4.0C; .NET4.0E)"
114.141.164.18 - - [18/May/2015:16:05:45 +0000] "GET /images/web/2009/banner.png HTTP/1.1" 200 52315 "http://www.semicomplete.com/projects/xdotool/" "Mozilla/4.0 (compatible; MSIE 8.0; Windows NT 5.1; Trident/4.0; BTRS101170; .NET CLR 3.0.4506.2152; .NET CLR 3.5.30729; InfoPath.2; .NET CLR 2.0.50727; MS-RTC LM 8; .NET4.0C; .NET4.0E)"
209.85.238.199 - - [18/May/2015:16:05:09 +0000] "GET /?flav=rss20 HTTP/1.1" 200 29941 "-" "Feedfetcher-Google; (+http://www.google.com/feedfetcher.html; 22 subscribers; feed-id=8321906634162087507)"
180.153.206.27 - - [18/May/2015:16:05:43 +0000] "GET /files/logstash HTTP/1.1" 301 329 "-" "Mozilla/4.0"
180.153.206.27 - - [18/May/2015:16:05:35 +0000] "GET /files/logstash/ HTTP/1.1" 200 13316 "-" "Mozilla/4.0"
66.249.73.135 - - [18/May/2015:16:05:50 +0000] "GET /?flav=rss20 HTTP/1.1" 200 29941 "-" "Mozilla/5.0 (compatible; Googlebot/2.1; +http://www.google.com/bot.html)"
50.16.19.13 - - [18/May/2015:16:05:28 +0000] "GET /blog/tags/puppet?flav=rss20 HTTP/1.1" 200 14872 "http://www.semicomplete.com/blog/tags/puppet?flav=rss20" "Tiny Tiny RSS/1.11 (http://tt-rss.org/)"
193.238.231.119 - - [18/May/2015:16:05:05 +0000] "GET /presentations/logstash-scale11x/images/logstash-dreamhost-day.png HTTP/1.0" 200 34213 "-" "-"
157.55.33.108 - - [18/May/2015:16:05:45 +0000] "GET /images/jordan-80.png HTTP/1.1" 200 6146 "-" "Mozilla/5.0 (compatible; bingbot/2.0; +http://www.bing.com/bingbot.htm)"
46.105.14.53 - - [18/May/2015:16:05:27 +0000] "GET /blog/tags/puppet?flav=rss20 HTTP/1.1" 200 14872 "-" "UniversalFeedParser/4.2-pre-314-svn +http://feedparser.org/"
216.14.102.16 - - [18/May/2015:16:05:36 +0000] "HEAD /projects/keynav/ HTTP/1.1" 200 - "-" "distilator/0.1 (http://people.freebsd.org/~ehaupt/distilator/)"
66.249.73.135 - - [18/May/2015:16:05:22 +0000] "GET /blog/tags/xlib?page=3 HTTP/1.1" 200 27663 "-" "Mozilla/5.0 (iPhone; CPU iPhone OS 6_0 like Mac OS X) AppleWebKit/536.26 (KHTML, like Gecko) Version/6.0 Mobile/10A5376e Safari/8536.25 (compatible; Googlebot/2.1; +http://www.google.com/bot.html)"
74.207.228.17 - - [18/May/2015:16:05:42 +0000] "GET /favicon.ico HTTP/1.1" 200 3638 "-" "Mozilla/5.0 (Windows NT 6.1; WOW64; rv:27.0) Gecko/20100101 Firefox/27.0"
208.115.113.88 - - [18/May/2015:16:05:01 +0000] "GET /robots.txt HTTP/1.1" 200 - "-" "Mozilla/5.0 (compatible; Ezooms/1.0; help@moz.com)"
74.125.176.146 - - [18/May/2015:16:05:16 +0000] "GET /?flav=rss20 HTTP/1.1" 200 29941 "-" "FeedBurner/1.0 (http://www.FeedBurner.com)"
99.101.69.97 - - [18/May/2015:16:05:36 +0000] "GET /articles/dynamic-dns-with-dhcp/ HTTP/1.1" 200 18848 "https://www.google.com/" "Mozilla/5.0 (iPad; CPU OS 7_0_4 like Mac OS X) AppleWebKit/537.51.1 (KHTML, like Gecko) Version/7.0 Mobile/11B554a Safari/9537.53"
99.101.69.97 - - [18/May/2015:16:05:22 +0000] "GET /reset.css HTTP/1.1" 200 1015 "http://www.semicomplete.com/articles/dynamic-dns-with-dhcp/" "Mozilla/5.0 (iPad; CPU OS 7_0_4 like Mac OS X) AppleWebKit/537.51.1 (KHTML, like Gecko) Version/7.0 Mobile/11B554a Safari/9537.53"
99.101.69.97 - - [18/May/2015:16:05:17 +0000] "GET /style2.css HTTP/1.1" 200 4877 "http://www.semicomplete.com/articles/dynamic-dns-with-dhcp/" "Mozilla/5.0 (iPad; CPU OS 7_0_4 like Mac OS X) AppleWebKit/537.51.1 (KHTML, like Gecko) Version/7.0 Mobile/11B554a Safari/9537.53"
99.101.69.97 - - [18/May/2015:16:05:26 +0000] "GET /images/jordan-80.png HTTP/1.1" 200 6146 "http://www.semicomplete.com/articles/dynamic-dns-with-dhcp/" "Mozilla/5.0 (iPad; CPU OS 7_0_4 like Mac OS X) AppleWebKit/537.51.1 (KHTML, like Gecko) Version/7.0 Mobile/11B554a Safari/9537.53"
99.101.69.97 - - [18/May/2015:16:05:40 +0000] "GET /images/web/2009/banner.png HTTP/1.1" 200 52315 "http://www.semicomplete.com/articles/dynamic-dns-with-dhcp/" "Mozilla/5.0 (iPad; CPU OS 7_0_4 like Mac OS X) AppleWebKit/537.51.1 (KHTML, like Gecko) Version/7.0 Mobile/11B554a Safari/9537.53"
66.249.73.135 - - [18/May/2015:16:05:16 +0000] "GET /misc/pre-harden.xml HTTP/1.1" 304 - "-" "Mozilla/5.0 (iPhone; CPU iPhone OS 6_0 like Mac OS X) AppleWebKit/536.26 (KHTML, like Gecko) Version/6.0 Mobile/10A5376e Safari/8536.25 (compatible; Googlebot/2.1; +http://www.google.com/bot.html)"
208.50.255.30 - - [18/May/2015:16:05:03 +0000] "GET /articles/arp-security/ HTTP/1.1" 200 19735 "http://www.semicomplete.com/blog/geekery/puppet-nodeless-configuration" "Mozilla/5.0 (Windows NT 6.1; WOW64) AppleWebKit/537.36 (KHTML, like Gecko) Chrome/32.0.1700.107 Safari/537.36"
208.50.255.30 - - [18/May/2015:16:05:19 +0000] "GET /presentations/logstash-puppetconf-2012/images/office-space-printer-beat-down-gif.gif HTTP/1.1" 404 364 "http://semicomplete.com/presentations/logstash-puppetconf-2012/" "Mozilla/5.0 (Windows NT 6.1; WOW64) AppleWebKit/537.36 (KHTML, like Gecko) Chrome/32.0.1700.107 Safari/537.36"
46.105.14.53 - - [18/May/2015:16:05:17 +0000] "GET /blog/tags/puppet?flav=rss20 HTTP/1.1" 200 14872 "-" "UniversalFeedParser/4.2-pre-314-svn +http://feedparser.org/"
122.248.149.254 - - [18/May/2015:16:05:56 +0000] "GET /presentations/logstash-scale11x/images/ahhh___rage_face_by_samusmmx-d5g5zap.png HTTP/1.1" 200 175208 "-" "Mozilla/5.0 (Windows NT 6.1; WOW64) AppleWebKit/537.36 (KHTML, like Gecko) Chrome/32.0.1700.107 Safari/537.36"
122.248.149.254 - - [18/May/2015:16:05:47 +0000] "GET /favicon.ico HTTP/1.1" 200 3638 "-" "Mozilla/5.0 (Windows NT 6.1; WOW64) AppleWebKit/537.36 (KHTML, like Gecko) Chrome/32.0.1700.107 Safari/537.36"
208.91.156.11 - - [18/May/2015:16:05:00 +0000] "GET /files/logstash/logstash-1.3.2-monolithic.jar HTTP/1.1" 404 324 "-" "Chef Client/10.18.2 (ruby-1.9.3-p327; ohai-6.16.0; x86_64-linux; +http://opscode.com)"
14.203.126.78 - - [18/May/2015:16:05:39 +0000] "GET /favicon.ico HTTP/1.1" 200 3638 "-" "Mozilla/5.0 (X11; Linux x86_64; rv:27.0) Gecko/20100101 Firefox/27.0"
118.97.174.156 - - [18/May/2015:16:05:14 +0000] "GET /articles/arp-security/ HTTP/1.1" 200 19735 "http://www.google.com/url?sa=t&rct=j&q=&esrc=s&source=web&cd=5&ved=0CEkQFjAE&url=http%3A%2F%2Fwww.semicomplete.com%2Farticles%2Farp-security%2F&ei=F4ABU7mkEcyFrQepwoCwDQ&usg=AFQjCNFVozI3iYF5cHH9Zqd6bihUHsnz5g" "Mozilla/5.0 (Windows NT 6.1; rv:27.0) Gecko/20100101 Firefox/27.0"
118.97.174.156 - - [18/May/2015:16:05:30 +0000] "GET /reset.css HTTP/1.1" 200 1015 "http://www.semicomplete.com/articles/arp-security/" "Mozilla/5.0 (Windows NT 6.1; rv:27.0) Gecko/20100101 Firefox/27.0"
118.97.174.156 - - [18/May/2015:16:05:31 +0000] "GET /style2.css HTTP/1.1" 200 4877 "http://www.semicomplete.com/articles/arp-security/" "Mozilla/5.0 (Windows NT 6.1; rv:27.0) Gecko/20100101 Firefox/27.0"
118.97.174.156 - - [18/May/2015:16:05:17 +0000] "GET /favicon.ico HTTP/1.1" 200 3638 "-" "Mozilla/5.0 (Windows NT 6.1; rv:27.0) Gecko/20100101 Firefox/27.0"
118.97.174.156 - - [18/May/2015:16:05:04 +0000] "GET /images/jordan-80.png HTTP/1.1" 200 6146 "http://www.semicomplete.com/articles/arp-security/" "Mozilla/5.0 (Windows NT 6.1; rv:27.0) Gecko/20100101 Firefox/27.0"
219.89.193.142 - - [18/May/2015:16:05:44 +0000] "GET /presentations/logstash-scale11x/images/ahhh___rage_face_by_samusmmx-d5g5zap.png HTTP/1.1" 304 - "http://www.s-chassis.co.nz/viewtopic.php?f=16&t=9265&start=200" "Mozilla/5.0 (Windows NT 6.3; WOW64) AppleWebKit/537.36 (KHTML, like Gecko) Chrome/32.0.1700.107 Safari/537.36"
118.97.174.156 - - [18/May/2015:16:05:01 +0000] "GET /images/web/2009/banner.png HTTP/1.1" 200 52315 "http://www.semicomplete.com/style2.css" "Mozilla/5.0 (Windows NT 6.1; rv:27.0) Gecko/20100101 Firefox/27.0"
180.76.5.143 - - [18/May/2015:16:05:34 +0000] "GET /robots.txt HTTP/1.1" 200 - "-" "Mozilla/5.0 (Windows NT 5.1; rv:6.0.2) Gecko/20100101 Firefox/6.0.2"
46.105.14.53 - - [18/May/2015:16:05:20 +0000] "GET /blog/tags/puppet?flav=rss20 HTTP/1.1" 200 14872 "-" "UniversalFeedParser/4.2-pre-314-svn +http://feedparser.org/"
94.228.34.233 - - [18/May/2015:16:05:35 +0000] "GET /robots.txt HTTP/1.1" 200 - "-" "magpie-crawler/1.1 (U; Linux amd64; en-GB; +http://www.brandwatch.net)"
94.228.34.233 - - [18/May/2015:16:05:12 +0000] "GET /resume.xml HTTP/1.1" 304 - "-" "magpie-crawler/1.1 (U; Linux amd64; en-GB; +http://www.brandwatch.net)"
128.61.85.15 - - [18/May/2015:16:05:11 +0000] "GET /projects/xdotool/ HTTP/1.1" 200 12292 "https://www.google.com/" "Mozilla/5.0 (Windows NT 6.3; WOW64) AppleWebKit/537.36 (KHTML, like Gecko) Chrome/32.0.1700.107 Safari/537.36"
128.61.85.15 - - [18/May/2015:16:05:55 +0000] "GET /reset.css HTTP/1.1" 200 1015 "http://www.semicomplete.com/projects/xdotool/" "Mozilla/5.0 (Windows NT 6.3; WOW64) AppleWebKit/537.36 (KHTML, like Gecko) Chrome/32.0.1700.107 Safari/537.36"
128.61.85.15 - - [18/May/2015:16:05:07 +0000] "GET /style2.css HTTP/1.1" 200 4877 "http://www.semicomplete.com/projects/xdotool/" "Mozilla/5.0 (Windows NT 6.3; WOW64) AppleWebKit/537.36 (KHTML, like Gecko) Chrome/32.0.1700.107 Safari/537.36"
