50.58.161.66 - - [18/May/2015:06:05:52 +0000] "GET /browserconfig.xml HTTP/1.1" 404 297 "-" "Mozilla/5.0 (Windows NT 6.3; Win64; x64; Trident/7.0; ASU2JS; rv:11.0) like Gecko"
208.91.156.11 - - [18/May/2015:06:05:00 +0000] "GET /files/logstash/logstash-1.3.2-monolithic.jar HTTP/1.1" 404 324 "-" "Chef Client/10.18.2 (ruby-1.9.3-p327; ohai-6.16.0; x86_64-linux; +http://opscode.com)"
66.249.73.135 - - [18/May/2015:06:05:48 +0000] "GET /blog/tags/firefox?flav=rss20 HTTP/1.1" 200 16021 "-" "Mozilla/5.0 (compatible; Googlebot/2.1; +http://www.google.com/bot.html)"
46.105.14.53 - - [18/May/2015:06:05:21 +0000] "GET /blog/tags/puppet?flav=rss20 HTTP/1.1" 200 14872 "-" "UniversalFeedParser/4.2-pre-314-svn +http://feedparser.org/"
74.125.176.84 - - [18/May/2015:06:05:40 +0000] "GET /?flav=rss20 HTTP/1.1" 200 29941 "-" "FeedBurner/1.0 (http://www.FeedBurner.com)"
81.198.20.11 - - [18/May/2015:06:05:29 +0000] "GET /blog HTTP/1.0" 200 37936 "-" "-"
81.198.20.11 - - [18/May/2015:06:05:27 +0000] "HEAD /favicon.ico HTTP/1.0" 200 - "-" "-"
68.180.224.225 - - [18/May/2015:06:05:50 +0000] "GET /files/blogposts/20070623/ HTTP/1.1" 200 1876 "-" "Mozilla/5.0 (compatible; Yahoo! Slurp; http://help.yahoo.com/help/us/ysearch/slurp)"
108.171.116.194 - - [18/May/2015:06:05:41 +0000] "GET /blog/geekery/tf2-wine-linux-performance-tuning.html?utm_source=feedburner&utm_medium=feed&utm_campaign=Feed:+semicomplete/main+(semicomplete.com+-+Jordan+Sissel) HTTP/1.1" 200 10021 "-" "Mozilla/5.0 (Windows; U; Windows NT 5.2; en-US; rv:1.8.1.4) Gecko/20070515 Firefox/2.0.0.4"
108.171.116.194 - - [18/May/2015:06:05:21 +0000] "GET /blog/geekery/CEE-logging-for-profit.html?utm_source=feedburner&utm_medium=feed&utm_campaign=Feed:+semicomplete/main+(semicomplete.com+-+Jordan+Sissel) HTTP/1.1" 200 13358 "-" "Mozilla/5.0 (Windows; U; Windows NT 5.2; en-US; rv:1.8.1.4) Gecko/20070515 Firefox/2.0.0.4"
108.171.116.194 - - [18/May/2015:06:05:42 +0000] "GET /blog/growing-logstash-value.html?utm_source=feedburner&utm_medium=feed&utm_campaign=Feed:+semicomplete/main+(semicomplete.com+-+Jordan+Sissel) HTTP/1.1" 200 11113 "-" "Mozilla/5.0 (Windows; U; Windows NT 5.2; en-US; rv:1.8.1.4) Gecko/20070515 Firefox/2.0.0.4"
108.171.116.194 - - [18/May/2015:06:05:11 +0000] "GET /blog/geekery/installing-windows-8-consumer-preview.html?utm_source=feedburner&utm_medium=feed&utm_campaign=Feed:+semicomplete/main+(semicomplete.com+-+Jordan+Sissel) HTTP/1.1" 200 8948 "-" "Mozilla/5.0 (Windows; U; Windows NT 5.2; en-US; rv:1.8.1.4) Gecko/20070515 Firefox/2.0.0.4"
108.171.116.194 - - [18/May/2015:06:05:45 +0000] "GET /blog/geekery/solving-good-or-bad-problems.html?utm_source=feedburner&utm_medium=feed&utm_campaign=Feed:+semicomplete/main+(semicomplete.com+-+Jordan+Sissel) HTTP/1.1" 200 10756 "-" "Mozilla/5.0 (Windows; U; Windows NT 5.2; en-US; rv:1.8.1.4) Gecko/20070515 Firefox/2.0.0.4"
108.171.116.194 - - [18/May/2015:06:05:12 +0000] "GET /blog/geekery/year-in-review-2011.html?utm_source=feedburner&utm_medium=feed&utm_campaign=Feed:+semicomplete/main+(semicomplete.com+-+Jordan+Sissel) HTTP/1.1" 200 11118 "-" "Mozilla/5.0 (Windows; U; Windows NT 5.2; en-US; rv:1.8.1.4) Gecko/20070515 Firefox/2.0.0.4"
108.171.116.194 - - [18/May/2015:06:05:23 +0000] "GET /blog/geekery/insist-on-better-asserts.html?utm_source=feedburner&utm_medium=feed&utm_campaign=Feed:+semicomplete/main+(semicomplete.com+-+Jordan+Sissel) HTTP/1.1" 200 9514 "-" "Mozilla/5.0 (Windows; U; Windows NT 5.2; en-US; rv:1.8.1.4) Gecko/20070515 Firefox/2.0.0.4"
108.171.116.194 - - [18/May/2015:06:05:44 +0000] "GET /blog/geekery/xdotool-2.20110530.html?utm_source=feedburner&utm_medium=feed&utm_campaign=Feed:+semicomplete/main+(semicomplete.com+-+Jordan+Sissel) HTTP/1.1" 200 11936 "-" "Mozilla/5.0 (Windows; U; Windows NT 5.2; en-US; rv:1.8.1.4) Gecko/20070515 Firefox/2.0.0.4"
108.171.116.194 - - [18/May/2015:06:05:51 +0000] "GET /blog/geekery/logstash-1.0.0-release.html?utm_source=feedburner&utm_medium=feed&utm_campaign=Feed:+semicomplete/main+(semicomplete.com+-+Jordan+Sissel) HTTP/1.1" 200 8764 "-" "Mozilla/5.0 (Windows; U; Windows NT 5.2; en-US; rv:1.8.1.4) Gecko/20070515 Firefox/2.0.0.4"
66.249.73.135 - - [18/May/2015:06:05:27 +0000] "GET /blog/tags/pylons HTTP/1.1" 200 9158 "-" "Mozilla/5.0 (iPhone; CPU iPhone OS 6_0 like Mac OS X) AppleWebKit/536.26 (KHTML, like Gecko) Version/6.0 Mobile/10A5376e Safari/8536.25 (compatible; Googlebot/2.1; +http://www.google.com/bot.html)"
50.16.19.13 - - [18/May/2015:06:05:46 +0000] "GET /blog/tags/puppet?flav=rss20 HTTP/1.1" 200 14872 "http://www.semicomplete.com/blog/tags/puppet?flav=rss20" "Tiny Tiny RSS/1.11 (http://tt-rss.org/)"
209.85.238.199 - - [18/May/2015:06:05:01 +0000] "GET /blog/tags/firefox?flav=rss20 HTTP/1.1" 200 16021 "-" "Feedfetcher-Google; (+http://www.google.com/feedfetcher.html; 3 subscribers; feed-id=14171215010336145331)"
78.97.239.35 - - [18/May/2015:06:05:00 +0000] "GET /articles/dynamic-dns-with-dhcp/ HTTP/1.1" 200 18848 "https://www.google.ro/" "Mozilla/5.0 (Windows NT 6.3; WOW64) AppleWebKit/537.36 (KHTML, like Gecko) Chrome/32.0.1700.107 Safari/537.36"
78.97.239.35 - - [18/May/2015:06:05:49 +0000] "GET /reset.css HTTP/1.1" 200 1015 "http://www.semicomplete.com/articles/dynamic-dns-with-dhcp/" "Mozilla/5.0 (Windows NT 6.3; WOW64) AppleWebKit/537.36 (KHTML, like Gecko) Chrome/32.0.1700.107 Safari/537.36"
78.97.239.35 - - [18/May/2015:06:05:17 +0000] "GET /style2.css HTTP/1.1" 200 4877 "http://www.semicomplete.com/articles/dynamic-dns-with-dhcp/" "Mozilla/5.0 (Windows NT 6.3; WOW64) AppleWebKit/537.36 (KHTML, like Gecko) Chrome/32.0.1700.107 Safari/537.36"
78.97.239.35 - - [18/May/2015:06:05:49 +0000] "GET /images/jordan-80.png HTTP/1.1" 200 6146 "http://www.semicomplete.com/articles/dynamic-dns-with-dhcp/" "Mozilla/5.0 (Windows NT 6.3; WOW64) AppleWebKit/537.36 (KHTML, like Gecko) Chrome/32.0.1700.107 Safari/537.36"
78.97.239.35 - - [18/May/2015:06:05:30 +0000] "GET /images/web/2009/banner.png HTTP/1.1" 200 52315 "http://www.semicomplete.com/articles/dynamic-dns-with-dhcp/" "Mozilla/5.0 (Windows NT 6.3; WOW64) AppleWebKit/537.36 (KHTML, like Gecko) Chrome/32.0.1700.107 Safari/537.36"
78.97.239.35 - - [18/May/2015:06:05:32 +0000] "GET /favicon.ico HTTP/1.1" 200 3638 "-" "Mozilla/5.0 (Windows NT 6.3; WOW64) AppleWebKit/537.36 (KHTML, like Gecko) Chrome/32.0.1700.107 Safari/537.36"
108.71.169.76 - - [18/May/2015:06:05:18 +0000] "GET /presentations/logstash-scale11x/images/ahhh___rage_face_by_samusmmx-d5g5zap.png HTTP/1.1" 200 175208 "http://www.google.com/search?q=rage+face&tbm=isch&ei=QEEBU7uhCcHayAGgsICQBg&start=20&sa=N" "Mozilla/5.0 (compatible; MSIE 10.0; Windows Phone 8.0; Trident/6.0; IEMobile/10.0; ARM; Touch; NOKIA; Lumia 920)"
46.105.14.53 - - [18/May/2015:06:05:38 +0000] "GET /blog/tags/puppet?flav=rss20 HTTP/1.1" 200 14872 "-" "UniversalFeedParser/4.2-pre-314-svn +http://feedparser.org/"
107.170.9.55 - - [18/May/2015:07:05:02 +0000] "GET /?flav=atom HTTP/1.1" 200 32352 "-" "Feedbin - 1 subscribers"
189.60.115.148 - - [18/May/2015:07:05:41 +0000] "GET /images/webhits-1.png HTTP/1.1" 200 22218 "https://www.google.com.br/" "Mozilla/5.0 (X11; Linux x86_64) AppleWebKit/537.36 (KHTML, like Gecko) Chrome/32.0.1700.107 Safari/537.36"
98.252.226.135 - - [18/May/2015:07:05:10 +0000] "GET / HTTP/1.1" 200 37932 "http://www.semicomplete.com/articles/dynamic-dns-with-dhcp/" "Mozilla/5.0 (Windows NT 6.1; WOW64; rv:27.0) Gecko/20100101 Firefox/27.0"
98.252.226.135 - - [18/May/2015:07:05:43 +0000] "GET /resume.xml HTTP/1.1" 200 25606 "http://www.semicomplete.com/" "Mozilla/5.0 (Windows NT 6.1; WOW64; rv:27.0) Gecko/20100101 Firefox/27.0"
98.252.226.135 - - [18/May/2015:07:05:41 +0000] "GET /resume.xsl HTTP/1.1" 200 4662 "http://www.semicomplete.com/resume.xml" "Mozilla/5.0 (Windows NT 6.1; WOW64; rv:27.0) Gecko/20100101 Firefox/27.0"
98.252.226.135 - - [18/May/2015:07:05:42 +0000] "GET /resume.css HTTP/1.1" 200 986 "http://www.semicomplete.com/resume.xml" "Mozilla/5.0 (Windows NT 6.1; WOW64; rv:27.0) Gecko/20100101 Firefox/27.0"
66.249.73.135 - - [18/May/2015:07:05:24 +0000] "GET /blog/tags/macros HTTP/1.1" 200 10521 "-" "Mozilla/5.0 (iPhone; CPU iPhone OS 6_0 like Mac OS X) AppleWebKit/536.26 (KHTML, like Gecko) Version/6.0 Mobile/10A5376e Safari/8536.25 (compatible; Googlebot/2.1; +http://www.google.com/bot.html)"
68.180.224.225 - - [18/May/2015:07:05:00 +0000] "GET /blog/geekery/187.html HTTP/1.1" 200 9201 "-" "Mozilla/5.0 (compatible; Yahoo! Slurp; http://help.yahoo.com/help/us/ysearch/slurp)"
46.105.14.53 - - [18/May/2015:07:05:53 +0000] "GET /blog/tags/puppet?flav=rss20 HTTP/1.1" 200 14872 "-" "UniversalFeedParser/4.2-pre-314-svn +http://feedparser.org/"
83.10.253.20 - - [18/May/2015:07:05:05 +0000] "GET /presentations/logstash-puppetconf-2012/ HTTP/1.1" 200 37269 "http://semicomplete.com/" "Mozilla/5.0 (Macintosh; Intel Mac OS X 10.7; rv:21.0) Gecko/20100101 Firefox/21.0"
66.249.73.135 - - [18/May/2015:07:05:02 +0000] "GET /blog/tags/extensions HTTP/1.1" 200 13317 "-" "Mozilla/5.0 (iPhone; CPU iPhone OS 6_0 like Mac OS X) AppleWebKit/536.26 (KHTML, like Gecko) Version/6.0 Mobile/10A5376e Safari/8536.25 (compatible; Googlebot/2.1; +http://www.google.com/bot.html)"
94.7.95.97 - - [18/May/2015:07:05:34 +0000] "GET /projects/xdotool/ HTTP/1.1" 200 12292 "https://www.google.co.uk/" "Mozilla/5.0 (X11; Linux x86_64) AppleWebKit/537.36 (KHTML, like Gecko) Chrome/32.0.1700.107 Safari/537.36"
78.145.242.171 - - [18/May/2015:07:05:12 +0000] "GET /blog/geekery/xsendevent-xdotool-and-ld_preload.html HTTP/1.1" 200 10049 "http://stackoverflow.com/questions/14656615/xlib-xsendevent-click-event-do-not-work-inside-of-some-windows-on-ubuntu-12-04" "Mozilla/5.0 (X11; Linux x86_64; rv:27.0) Gecko/20100101 Firefox/27.0"
78.145.242.171 - - [18/May/2015:07:05:08 +0000] "GET /reset.css HTTP/1.1" 200 1015 "http://www.semicomplete.com/blog/geekery/xsendevent-xdotool-and-ld_preload.html" "Mozilla/5.0 (X11; Linux x86_64; rv:27.0) Gecko/20100101 Firefox/27.0"
78.145.242.171 - - [18/May/2015:07:05:56 +0000] "GET /style2.css HTTP/1.1" 200 4877 "http://www.semicomplete.com/blog/geekery/xsendevent-xdotool-and-ld_preload.html" "Mozilla/5.0 (X11; Linux x86_64; rv:27.0) Gecko/20100101 Firefox/27.0"
78.145.242.171 - - [18/May/2015:07:05:22 +0000] "GET /images/jordan-80.png HTTP/1.1" 200 6146 "http://www.semicomplete.com/blog/geekery/xsendevent-xdotool-and-ld_preload.html" "Mozilla/5.0 (X11; Linux x86_64; rv:27.0) Gecko/20100101 Firefox/27.0"
78.145.242.171 - - [18/May/2015:07:05:31 +0000] "GET /favicon.ico HTTP/1.1" 200 3638 "-" "Mozilla/5.0 (X11; Linux x86_64; rv:27.0) Gecko/20100101 Firefox/27.0"
78.145.242.171 - - [18/May/2015:07:05:04 +0000] "GET /images/web/2009/banner.png HTTP/1.1" 200 52315 "http://www.semicomplete.com/style2.css" "Mozilla/5.0 (X11; Linux x86_64; rv:27.0) Gecko/20100101 Firefox/27.0"
180.76.6.54 - - [18/May/2015:07:05:17 +0000] "GET /blog/geekery/merging-multiple-svn-repos?commentlimit=0 HTTP/1.1" 200 9223 "-" "Mozilla/5.0 (compatible; Baiduspider/2.0; +http://www.baidu.com/search/spider.html)"
208.115.111.72 - - [18/May/2015:07:05:07 +0000] "GET /blog/geekery/grok-like-grep.html HTTP/1.1" 200 11885 "-" "Mozilla/5.0 (compatible; Ezooms/1.0; help@moz.com)"
208.115.111.72 - - [18/May/2015:07:05:04 +0000] "GET /files/blogposts/20101112/?C=D;O=A HTTP/1.1" 200 1022 "-" "Mozilla/5.0 (compatible; Ezooms/1.0; help@moz.com)"
208.115.111.72 - - [18/May/2015:07:05:10 +0000] "GET /files/xdotool/docs/html/index.html HTTP/1.1" 200 3870 "-" "Mozilla/5.0 (compatible; Ezooms/1.0; help@moz.com)"
208.115.111.72 - - [18/May/2015:07:05:53 +0000] "GET /files/xdotool/docs/man/man3/xdo.3 HTTP/1.1" 200 906 "-" "Mozilla/5.0 (compatible; Ezooms/1.0; help@moz.com)"
208.115.111.72 - - [18/May/2015:07:05:10 +0000] "GET /scripts/?C=M;O=A HTTP/1.1" 200 21890 "-" "Mozilla/5.0 (compatible; Ezooms/1.0; help@moz.com)"
208.115.111.72 - - [18/May/2015:07:05:25 +0000] "GET /scripts/grok-py-test/main.py HTTP/1.1" 200 324 "-" "Mozilla/5.0 (compatible; Ezooms/1.0; help@moz.com)"
208.115.111.72 - - [18/May/2015:07:05:03 +0000] "GET /blog/geekery/184.html HTTP/1.1" 200 9548 "-" "Mozilla/5.0 (compatible; Ezooms/1.0; help@moz.com)"
208.115.111.72 - - [18/May/2015:07:05:39 +0000] "GET /blog/geekery/211.html HTTP/1.1" 200 8098 "-" "Mozilla/5.0 (compatible; Ezooms/1.0; help@moz.com)"
208.115.111.72 - - [18/May/2015:07:05:53 +0000] "GET /blog/geekery/installing-windows-8-consumer-preview.html HTTP/1.1" 200 8948 "-" "Mozilla/5.0 (compatible; Ezooms/1.0; help@moz.com)"
208.115.111.72 - - [18/May/2015:07:05:10 +0000] "GET /blog/geekery/thoughts-on-raid.html HTTP/1.1" 200 10744 "-" "Mozilla/5.0 (compatible; Ezooms/1.0; help@moz.com)"
208.115.111.72 - - [18/May/2015:07:05:29 +0000] "GET /blog/projects/pam_captcha/main.html HTTP/1.1" 200 10514 "-" "Mozilla/5.0 (compatible; Ezooms/1.0; help@moz.com)"
208.115.111.72 - - [18/May/2015:07:05:13 +0000] "GET /blog/tags/rants HTTP/1.1" 200 39692 "-" "Mozilla/5.0 (compatible; Ezooms/1.0; help@moz.com)"
208.115.111.72 - - [18/May/2015:07:05:41 +0000] "GET /blog/tags/web%20scraping HTTP/1.1" 200 9356 "-" "Mozilla/5.0 (compatible; Ezooms/1.0; help@moz.com)"
208.115.111.72 - - [18/May/2015:07:05:10 +0000] "GET /files/?C=S;O=A HTTP/1.1" 200 13281 "-" "Mozilla/5.0 (compatible; Ezooms/1.0; help@moz.com)"
208.115.111.72 - - [18/May/2015:07:05:28 +0000] "GET /files/rubygems615/?C=S;O=A HTTP/1.1" 200 1871 "-" "Mozilla/5.0 (compatible; Ezooms/1.0; help@moz.com)"
208.115.111.72 - - [18/May/2015:07:05:04 +0000] "GET /projects/xmlpresenter/ HTTP/1.1" 200 11628 "-" "Mozilla/5.0 (compatible; Ezooms/1.0; help@moz.com)"
46.105.14.53 - - [18/May/2015:07:05:03 +0000] "GET /blog/tags/puppet?flav=rss20 HTTP/1.1" 200 14872 "-" "UniversalFeedParser/4.2-pre-314-svn +http://feedparser.org/"
66.249.73.185 - - [18/May/2015:07:05:18 +0000] "GET /files/bingerpc.py HTTP/1.1" 304 - "-" "Mozilla/5.0 (iPhone; CPU iPhone OS 6_0 like Mac OS X) AppleWebKit/536.26 (KHTML, like Gecko) Version/6.0 Mobile/10A5376e Safari/8536.25 (compatible; Googlebot/2.1; +http://www.google.com/bot.html)"
74.125.176.145 - - [18/May/2015:07:05:16 +0000] "GET /?flav=rss20 HTTP/1.1" 200 29941 "-" "FeedBurner/1.0 (http://www.FeedBurner.com)"
188.207.200.116 - - [18/May/2015:07:05:27 +0000] "GET /robots.txt HTTP/1.0" 200 - "-" "Mozilla/5.0 (compatible; BeetleBot; )"
188.207.200.116 - - [18/May/2015:07:05:45 +0000] "GET /blog HTTP/1.0" 200 37936 "-" "Mozilla/5.0 (compatible; BeetleBot; )"
188.35.22.24 - - [18/May/2015:07:05:57 +0000] "GET /blog/tags/rants HTTP/1.1" 200 39692 "-" "Mozilla/4.0 (compatible; MSIE 5.0; Windows 98)"
80.32.77.152 - - [18/May/2015:07:05:41 +0000] "GET /projects/keynav/ HTTP/1.1" 200 18985 "http://www.raspberrypi-spanish.es/foro/viewtopic.php?f=9&t=15" "Mozilla/5.0 (Linux; U; Android 4.3; es-es; GT-I9300 Build/JSS15J) AppleWebKit/534.30 (KHTML, like Gecko) Version/4.0 Mobile Safari/534.30"
80.32.77.152 - - [18/May/2015:07:05:55 +0000] "GET /reset.css HTTP/1.1" 200 1015 "http://www.semicomplete.com/projects/keynav/" "Mozilla/5.0 (Linux; U; Android 4.3; es-es; GT-I9300 Build/JSS15J) AppleWebKit/534.30 (KHTML, like Gecko) Version/4.0 Mobile Safari/534.30"
80.32.77.152 - - [18/May/2015:07:05:05 +0000] "GET /style2.css HTTP/1.1" 200 4877 "http://www.semicomplete.com/projects/keynav/" "Mozilla/5.0 (Linux; U; Android 4.3; es-es; GT-I9300 Build/JSS15J) AppleWebKit/534.30 (KHTML, like Gecko) Version/4.0 Mobile Safari/534.30"
80.32.77.152 - - [18/May/2015:07:05:55 +0000] "GET /images/jordan-80.png HTTP/1.1" 200 6146 "http://www.semicomplete.com/projects/keynav/" "Mozilla/5.0 (Linux; U; Android 4.3; es-es; GT-I9300 Build/JSS15J) AppleWebKit/534.30 (KHTML, like Gecko) Version/4.0 Mobile Safari/534.30"
80.32.77.152 - - [18/May/2015:07:05:57 +0000] "GET /projects/keynav/demo-thumb.png HTTP/1.1" 200 15141 "http://www.semicomplete.com/projects/keynav/" "Mozilla/5.0 (Linux; U; Android 4.3; es-es; GT-I9300 Build/JSS15J) AppleWebKit/534.30 (KHTML, like Gecko) Version/4.0 Mobile Safari/534.30"
80.32.77.152 - - [18/May/2015:07:05:24 +0000] "GET /images/web/2009/banner.png HTTP/1.1" 200 52315 "http://www.semicomplete.com/projects/keynav/" "Mozilla/5.0 (Linux; U; Android 4.3; es-es; GT-I9300 Build/JSS15J) AppleWebKit/534.30 (KHTML, like Gecko) Version/4.0 Mobile Safari/534.30"
80.32.77.152 - - [18/May/2015:07:05:04 +0000] "GET /favicon.ico HTTP/1.1" 200 3638 "http://www.semicomplete.com/projects/keynav/" "Mozilla/5.0 (Linux; U; Android 4.3; es-es; GT-I9300 Build/JSS15J) AppleWebKit/534.30 (KHTML, like Gecko) Version/4.0 Mobile Safari/534.30"
188.35.22.24 - - [18/May/2015:07:05:45 +0000] "GET /blog/tags/rants HTTP/1.1" 200 39692 "-" "Mozilla/4.0 (compatible; MSIE 5.01; Windows NT 5.0)"
50.177.153.223 - - [18/May/2015:07:05:41 +0000] "GET /presentations/logstash-scale11x/images/ahhh___rage_face_by_samusmmx-d5g5zap.png HTTP/1.1" 200 175208 "-" "Mozilla/5.0 (iPhone; CPU iPhone OS 7_0_4 like Mac OS X) AppleWebKit/537.51.1 (KHTML, like Gecko) Version/7.0 Mobile/11B554a Safari/9537.53"
50.16.19.13 - - [18/May/2015:07:05:36 +0000] "GET /blog/tags/puppet?flav=rss20 HTTP/1.1" 200 14872 "http://www.semicomplete.com/blog/tags/puppet?flav=rss20" "Tiny Tiny RSS/1.11 (http://tt-rss.org/)"
46.105.14.53 - - [18/May/2015:07:05:57 +0000] "GET /blog/tags/puppet?flav=rss20 HTTP/1.1" 200 14872 "-" "UniversalFeedParser/4.2-pre-314-svn +http://feedparser.org/"
80.32.77.152 - - [18/May/2015:07:05:22 +0000] "GET /projects/keynav/keynav.html HTTP/1.1" 200 191 "http://www.semicomplete.com/projects/keynav/" "Mozilla/5.0 (Linux; U; Android 4.3; es-es; GT-I9300 Build/JSS15J) AppleWebKit/534.30 (KHTML, like Gecko) Version/4.0 Mobile Safari/534.30"
66.249.73.135 - - [18/May/2015:07:05:43 +0000] "GET /files/blogposts/20080611/pcapinject.c HTTP/1.1" 304 - "-" "Mozilla/5.0 (compatible; Googlebot/2.1; +http://www.google.com/bot.html)"
197.153.69.109 - - [18/May/2015:07:05:15 +0000] "GET /images/googledotcom.png HTTP/1.1" 200 65748 "-" "Mozilla/5.0 (compatible; MSIE 9.0; Windows NT 6.1; Trident/5.0; NP07; NP07)"
80.32.77.152 - - [18/May/2015:07:05:31 +0000] "GET /projects/keynav/keynav.html HTTP/1.1" 304 - "http://www.semicomplete.com/projects/keynav/" "Mozilla/5.0 (Linux; U; Android 4.3; es-es; GT-I9300 Build/JSS15J) AppleWebKit/534.30 (KHTML, like Gecko) Version/4.0 Mobile Safari/534.30"
178.137.95.70 - - [18/May/2015:07:05:50 +0000] "GET /blog/tags/statistics HTTP/1.1" 200 29706 "-" "-"
66.249.73.135 - - [18/May/2015:07:05:45 +0000] "GET /?flav=rss20 HTTP/1.1" 200 29941 "-" "Mozilla/5.0 (compatible; Googlebot/2.1; +http://www.google.com/bot.html)"
66.147.244.126 - - [18/May/2015:07:05:13 +0000] "GET /wordpress/wp-admin/ HTTP/1.1" 404 299 "-" "-"
108.174.55.234 - - [18/May/2015:07:05:16 +0000] "GET /?flav=rss20 HTTP/1.1" 200 29941 "-" "-"
217.172.190.158 - - [18/May/2015:07:05:05 +0000] "GET /presentations/logstash-scale11x/ HTTP/1.1" 200 54239 "http://semicomplete.com/" "Mozilla/5.0 (Macintosh; Intel Mac OS X 10.7; rv:22.0) Gecko/20100101 Firefox/22.0"
217.172.190.158 - - [18/May/2015:07:05:40 +0000] "GET /kibana/ HTTP/1.1" 200 4483 "http://semicomplete.com/" "Mozilla/5.0 (Macintosh; Intel Mac OS X 10.7; rv:22.0) Gecko/20100101 Firefox/22.0"
92.234.93.242 - - [18/May/2015:07:05:08 +0000] "GET /blog/tags/deb HTTP/1.1" 200 11275 "http://www.google.co.uk/url?sa=t&rct=j&q=&esrc=s&source=web&cd=1&ved=0CCoQFjAA&url=http%3A%2F%2Fwww.semicomplete.com%2Fblog%2Ftags%2Fdeb&ei=YUUBU7_QNsqAhAe-y4HIBA&usg=AFQjCNHupsJ49QDhyWDEfoWvxMYKgXNwZg" "Mozilla/5.0 (Windows NT 6.1; WOW64; rv:27.0) Gecko/20100101 Firefox/27.0"
92.234.93.242 - - [18/May/2015:07:05:21 +0000] "GET /reset.css HTTP/1.1" 200 1015 "http://www.semicomplete.com/blog/tags/deb" "Mozilla/5.0 (Windows NT 6.1; WOW64; rv:27.0) Gecko/20100101 Firefox/27.0"
92.234.93.242 - - [18/May/2015:07:05:46 +0000] "GET /favicon.ico HTTP/1.1" 200 3638 "-" "Mozilla/5.0 (Windows NT 6.1; WOW64; rv:27.0) Gecko/20100101 Firefox/27.0"
92.234.93.242 - - [18/May/2015:07:05:21 +0000] "GET /style2.css HTTP/1.1" 200 4877 "http://www.semicomplete.com/blog/tags/deb" "Mozilla/5.0 (Windows NT 6.1; WOW64; rv:27.0) Gecko/20100101 Firefox/27.0"
92.234.93.242 - - [18/May/2015:07:05:40 +0000] "GET /images/jordan-80.png HTTP/1.1" 200 6146 "http://www.semicomplete.com/blog/tags/deb" "Mozilla/5.0 (Windows NT 6.1; WOW64; rv:27.0) Gecko/20100101 Firefox/27.0"
92.234.93.242 - - [18/May/2015:07:05:05 +0000] "GET /images/web/2009/banner.png HTTP/1.1" 200 52315 "http://www.semicomplete.com/style2.css" "Mozilla/5.0 (Windows NT 6.1; WOW64; rv:27.0) Gecko/20100101 Firefox/27.0"
178.255.215.83 - - [18/May/2015:07:05:02 +0000] "GET /scripts/python/?C=D;O=A HTTP/1.1" 200 1137 "-" "Mozilla/5.0 (compatible; Exabot/3.0 (BiggerBetter); +http://www.exabot.com/go/robot)"
178.255.215.83 - - [18/May/2015:07:05:19 +0000] "GET /scripts/python/wrap.backup/?C=N;O=A HTTP/1.1" 200 2420 "-" "Mozilla/5.0 (compatible; Exabot/3.0 (BiggerBetter); +http://www.exabot.com/go/robot)"
178.255.215.83 - - [18/May/2015:07:05:48 +0000] "GET /scripts/python/wrap.backup/happyfoo.pyc HTTP/1.1" 200 1083 "-" "Mozilla/5.0 (compatible; Exabot/3.0 (BiggerBetter); +http://www.exabot.com/go/robot)"
81.187.167.236 - - [18/May/2015:07:05:06 +0000] "GET /projects/xdotool/ HTTP/1.1" 200 12292 "https://www.google.co.uk/" "Mozilla/5.0 (X11; Linux x86_64) AppleWebKit/537.36 (KHTML, like Gecko) Chrome/31.0.1650.63 Safari/537.36"
81.187.167.236 - - [18/May/2015:07:05:58 +0000] "GET /reset.css HTTP/1.1" 200 1015 "http://www.semicomplete.com/projects/xdotool/" "Mozilla/5.0 (X11; Linux x86_64) AppleWebKit/537.36 (KHTML, like Gecko) Chrome/31.0.1650.63 Safari/537.36"
81.187.167.236 - - [18/May/2015:07:05:29 +0000] "GET /style2.css HTTP/1.1" 200 4877 "http://www.semicomplete.com/projects/xdotool/" "Mozilla/5.0 (X11; Linux x86_64) AppleWebKit/537.36 (KHTML, like Gecko) Chrome/31.0.1650.63 Safari/537.36"
81.187.167.236 - - [18/May/2015:07:05:25 +0000] "GET /images/jordan-80.png HTTP/1.1" 200 6146 "http://www.semicomplete.com/projects/xdotool/" "Mozilla/5.0 (X11; Linux x86_64) AppleWebKit/537.36 (KHTML, like Gecko) Chrome/31.0.1650.63 Safari/537.36"
81.187.167.236 - - [18/May/2015:07:05:23 +0000] "GET /images/web/2009/banner.png HTTP/1.1" 200 52315 "http://www.semicomplete.com/projects/xdotool/" "Mozilla/5.0 (X11; Linux x86_64) AppleWebKit/537.36 (KHTML, like Gecko) Chrome/31.0.1650.63 Safari/537.36"
81.187.167.236 - - [18/May/2015:07:05:52 +0000] "GET /favicon.ico HTTP/1.1" 200 3638 "-" "Mozilla/5.0 (X11; Linux x86_64) AppleWebKit/537.36 (KHTML, like Gecko) Chrome/31.0.1650.63 Safari/537.36"
157.56.93.154 - - [18/May/2015:07:05:15 +0000] "GET /scripts/backup/ HTTP/1.1" 200 1328 "-" "Mozilla/5.0 (compatible; bingbot/2.0; +http://www.bing.com/bingbot.htm)"
68.180.224.225 - - [18/May/2015:07:05:42 +0000] "GET /blog/geekery/ssh-key-invalid-hack.html HTTP/1.1" 200 9335 "-" "Mozilla/5.0 (compatible; Yahoo! Slurp; http://help.yahoo.com/help/us/ysearch/slurp)"
66.249.73.135 - - [18/May/2015:07:05:02 +0000] "GET /blog/productivity/vim-text-objects.html HTTP/1.1" 200 8801 "-" "Mozilla/5.0 (iPhone; CPU iPhone OS 6_0 like Mac OS X) AppleWebKit/536.26 (KHTML, like Gecko) Version/6.0 Mobile/10A5376e Safari/8536.25 (compatible; Googlebot/2.1; +http://www.google.com/bot.html)"
66.249.73.135 - - [18/May/2015:07:05:42 +0000] "GET /?flav=atom HTTP/1.1" 200 32352 "-" "Mozilla/5.0 (compatible; Googlebot/2.1; +http://www.google.com/bot.html)"
46.105.14.53 - - [18/May/2015:07:05:12 +0000] "GET /blog/tags/puppet?flav=rss20 HTTP/1.1" 200 14872 "-" "UniversalFeedParser/4.2-pre-314-svn +http://feedparser.org/"
100.43.83.137 - - [18/May/2015:07:05:36 +0000] "GET /projects/firefox-urledit/urledit-screencast.html HTTP/1.1" 200 783 "-" "Mozilla/5.0 (compatible; YandexBot/3.0; +http://yandex.com/bots)"
208.115.113.88 - - [18/May/2015:07:05:01 +0000] "GET /robots.txt HTTP/1.1" 200 - "-" "Mozilla/5.0 (compatible; Ezooms/1.0; help@moz.com)"
208.115.113.88 - - [18/May/2015:07:05:40 +0000] "GET /robots.txt HTTP/1.1" 200 - "-" "Mozilla/5.0 (compatible; Ezooms/1.0; help@moz.com)"
187.210.142.8 - - [18/May/2015:07:05:10 +0000] "GET /images/googledotcom.png HTTP/1.1" 200 65748 "http://www.google.com.mx/search?q=wwwgoogle.com&client=ms-android-americamovil-mx&hl=es&source=android-search-app&v=133247963&source=lnms&tbm=isch&sa=X&ei=d0UBU7abOsyGogTerIKQDA&ved=0CAkQ_AUoAA&biw=320&bih=455" "Mozilla/5.0 (Linux; U; Android 2.3.6; es-us; ALCATEL ONE TOUCH 4010A Build/GRK39F) AppleWebKit/533.1 (KHTML, like Gecko) Version/4.0 Mobile Safari/533.1"
198.46.149.143 - - [18/May/2015:07:05:44 +0000] "GET /blog/geekery/disabling-battery-in-ubuntu-vms.html?utm_source=feedburner&utm_medium=feed&utm_campaign=Feed%3A+semicomplete%2Fmain+%28semicomplete.com+-+Jordan+Sissel%29 HTTP/1.1" 200 9316 "-" "Tiny Tiny RSS/1.11 (http://tt-rss.org/)"
198.46.149.143 - - [18/May/2015:07:05:36 +0000] "GET /blog/geekery/solving-good-or-bad-problems.html?utm_source=feedburner&utm_medium=feed&utm_campaign=Feed%3A+semicomplete%2Fmain+%28semicomplete.com+-+Jordan+Sissel%29 HTTP/1.1" 200 10756 "-" "Tiny Tiny RSS/1.11 (http://tt-rss.org/)"
180.76.5.214 - - [18/May/2015:07:05:00 +0000] "GET /blog/tags/hacks?page=1 HTTP/1.1" 200 33623 "-" "Mozilla/5.0 (compatible; Baiduspider/2.0; +http://www.baidu.com/search/spider.html)"
66.249.73.135 - - [18/May/2015:07:05:11 +0000] "GET /blog/geekery/175.html HTTP/1.1" 200 9304 "-" "Mozilla/5.0 (iPhone; CPU iPhone OS 6_0 like Mac OS X) AppleWebKit/536.26 (KHTML, like Gecko) Version/6.0 Mobile/10A5376e Safari/8536.25 (compatible; Googlebot/2.1; +http://www.google.com/bot.html)"
208.91.156.11 - - [18/May/2015:07:05:29 +0000] "GET /files/logstash/logstash-1.3.2-monolithic.jar HTTP/1.1" 404 324 "-" "Chef Client/10.18.2 (ruby-1.9.3-p327; ohai-6.16.0; x86_64-linux; +http://opscode.com)"
122.146.177.66 - - [18/May/2015:07:05:31 +0000] "GET /projects/xdotool/ HTTP/1.1" 200 12292 "http://blog.float.tw/2012/06/xdotool.html" "Mozilla/5.0 (Windows NT 5.1; rv:26.0) Gecko/20100101 Firefox/26.0"
122.146.177.66 - - [18/May/2015:07:05:48 +0000] "GET /reset.css HTTP/1.1" 200 1015 "http://www.semicomplete.com/projects/xdotool/" "Mozilla/5.0 (Windows NT 5.1; rv:26.0) Gecko/20100101 Firefox/26.0"
122.146.177.66 - - [18/May/2015:07:05:14 +0000] "GET /style2.css HTTP/1.1" 200 4877 "http://www.semicomplete.com/projects/xdotool/" "Mozilla/5.0 (Windows NT 5.1; rv:26.0) Gecko/20100101 Firefox/26.0"
122.146.177.66 - - [18/May/2015:07:05:56 +0000] "GET /favicon.ico HTTP/1.1" 200 3638 "-" "Mozilla/5.0 (Windows NT 5.1; rv:26.0) Gecko/20100101 Firefox/26.0"
122.146.177.66 - - [18/May/2015:07:05:58 +0000] "GET /images/jordan-80.png HTTP/1.1" 200 6146 "http://www.semicomplete.com/projects/xdotool/" "Mozilla/5.0 (Windows NT 5.1; rv:26.0) Gecko/20100101 Firefox/26.0"
122.146.177.66 - - [18/May/2015:07:05:46 +0000] "GET /images/web/2009/banner.png HTTP/1.1" 200 52315 "http://www.semicomplete.com/style2.css" "Mozilla/5.0 (Windows NT 5.1; rv:26.0) Gecko/20100101 Firefox/26.0"
122.146.177.66 - - [18/May/2015:07:05:08 +0000] "GET /projects/xdotool/ HTTP/1.1" 200 12292 "http://blog.float.tw/2012/06/xdotool.html" "Mozilla/5.0 (Windows NT 5.1; rv:26.0) Gecko/20100101 Firefox/26.0"
87.179.0.125 - - [18/May/2015:07:05:22 +0000] "GET /favicon.ico HTTP/1.1" 200 3638 "-" "Mozilla/5.0 (Windows NT 6.1; WOW64; rv:27.0) Gecko/20100101 Firefox/27.0"
46.105.14.53 - - [18/May/2015:07:05:10 +0000] "GET /blog/tags/puppet?flav=rss20 HTTP/1.1" 200 14872 "-" "UniversalFeedParser/4.2-pre-314-svn +http://feedparser.org/"
202.86.115.186 - - [18/May/2015:07:05:14 +0000] "GET /projects/xdotool/ HTTP/1.1" 200 12292 "http://stackoverflow.com/questions/1029027/x11-move-an-existing-window-via-command-line" "Mozilla/5.0 (X11; U; Linux i686; en-US; rv:1.9.2.13) Gecko/20101209 CentOS/3.6-2.el5.centos Firefox/3.6.13"
202.86.115.186 - - [18/May/2015:07:05:25 +0000] "GET /style2.css HTTP/1.1" 200 4877 "http://www.semicomplete.com/projects/xdotool/" "Mozilla/5.0 (X11; U; Linux i686; en-US; rv:1.9.2.13) Gecko/20101209 CentOS/3.6-2.el5.centos Firefox/3.6.13"
202.86.115.186 - - [18/May/2015:07:05:51 +0000] "GET /reset.css HTTP/1.1" 200 1015 "http://www.semicomplete.com/projects/xdotool/" "Mozilla/5.0 (X11; U; Linux i686; en-US; rv:1.9.2.13) Gecko/20101209 CentOS/3.6-2.el5.centos Firefox/3.6.13"
202.86.115.186 - - [18/May/2015:07:05:48 +0000] "GET /images/jordan-80.png HTTP/1.1" 200 6146 "http://www.semicomplete.com/projects/xdotool/" "Mozilla/5.0 (X11; U; Linux i686; en-US; rv:1.9.2.13) Gecko/20101209 CentOS/3.6-2.el5.centos Firefox/3.6.13"
202.86.115.186 - - [18/May/2015:07:05:10 +0000] "GET /images/web/2009/banner.png HTTP/1.1" 200 52315 "http://www.semicomplete.com/style2.css" "Mozilla/5.0 (X11; U; Linux i686; en-US; rv:1.9.2.13) Gecko/20101209 CentOS/3.6-2.el5.centos Firefox/3.6.13"
192.185.81.134 - - [18/May/2015:07:05:34 +0000] "GET /blog/wp-admin/ HTTP/1.1" 404 7861 "-" "-"
157.56.93.40 - - [18/May/2015:07:05:51 +0000] "GET /blog/tags/temperature HTTP/1.1" 200 10068 "-" "Mozilla/5.0 (compatible; bingbot/2.0; +http://www.bing.com/bingbot.htm)"
91.179.36.136 - - [18/May/2015:07:05:04 +0000] "GET /projects/xdotool/ HTTP/1.1" 200 12292 "http://www.linuxquestions.org/questions/programming-9/simulating-a-mouse-click-594576/" "Mozilla/5.0 (X11; Linux x86_64) AppleWebKit/537.36 (KHTML, like Gecko) Chrome/32.0.1700.107 Safari/537.36"
91.179.36.136 - - [18/May/2015:07:05:50 +0000] "GET /reset.css HTTP/1.1" 200 1015 "http://www.semicomplete.com/projects/xdotool/" "Mozilla/5.0 (X11; Linux x86_64) AppleWebKit/537.36 (KHTML, like Gecko) Chrome/32.0.1700.107 Safari/537.36"
91.179.36.136 - - [18/May/2015:07:05:35 +0000] "GET /style2.css HTTP/1.1" 200 4877 "http://www.semicomplete.com/projects/xdotool/" "Mozilla/5.0 (X11; Linux x86_64) AppleWebKit/537.36 (KHTML, like Gecko) Chrome/32.0.1700.107 Safari/537.36"
91.179.36.136 - - [18/May/2015:07:05:56 +0000] "GET /images/jordan-80.png HTTP/1.1" 200 6146 "http://www.semicomplete.com/projects/xdotool/" "Mozilla/5.0 (X11; Linux x86_64) AppleWebKit/537.36 (KHTML, like Gecko) Chrome/32.0.1700.107 Safari/537.36"
91.179.36.136 - - [18/May/2015:07:05:23 +0000] "GET /images/web/2009/banner.png HTTP/1.1" 200 52315 "http://www.semicomplete.com/projects/xdotool/" "Mozilla/5.0 (X11; Linux x86_64) AppleWebKit/537.36 (KHTML, like Gecko) Chrome/32.0.1700.107 Safari/537.36"
91.179.36.136 - - [18/May/2015:07:05:24 +0000] "GET /favicon.ico HTTP/1.1" 200 3638 "-" "Mozilla/5.0 (X11; Linux x86_64) AppleWebKit/537.36 (KHTML, like Gecko) Chrome/32.0.1700.107 Safari/537.36"
68.180.224.225 - - [18/May/2015:07:05:35 +0000] "GET /blog/productivity/181.html HTTP/1.1" 200 9817 "-" "Mozilla/5.0 (compatible; Yahoo! Slurp; http://help.yahoo.com/help/us/ysearch/slurp)"
74.125.176.150 - - [18/May/2015:07:05:46 +0000] "GET /?flav=rss20 HTTP/1.1" 200 29941 "-" "FeedBurner/1.0 (http://www.FeedBurner.com)"
195.248.32.227 - - [18/May/2015:07:05:03 +0000] "GET /favicon.ico HTTP/1.1" 304 - "-" "Mozilla/4.0 (compatible;)"
66.249.73.135 - - [18/May/2015:07:05:17 +0000] "GET /blog/geekery/low-entropy-captchas.html HTTP/1.1" 200 11546 "-" "Mozilla/5.0 (iPhone; CPU iPhone OS 6_0 like Mac OS X) AppleWebKit/536.26 (KHTML, like Gecko) Version/6.0 Mobile/10A5376e Safari/8536.25 (compatible; Googlebot/2.1; +http://www.google.com/bot.html)"
50.105.149.90 - - [18/May/2015:07:05:56 +0000] "GET /presentations/logstash-scale11x/images/ahhh___rage_face_by_samusmmx-d5g5zap.png HTTP/1.1" 200 175208 "http://www.google.com/search?q=rage+face&client=safari&hl=en&source=lnms&tbm=isch&sa=X&ei=DEgBU_ezMIKRygH5joCoCw&ved=0CAkQ_AUoAA" "Mozilla/5.0 (iPad; CPU OS 5_1_1 like Mac OS X) AppleWebKit/534.46 (KHTML, like Gecko) Version/5.1 Mobile/9B206 Safari/7534.48.3"
75.93.220.113 - - [18/May/2015:07:05:19 +0000] "GET /presentations/logstash-scale11x/images/ahhh___rage_face_by_samusmmx-d5g5zap.png HTTP/1.1" 200 175208 "-" "Mozilla/5.0 (Windows NT 5.1) AppleWebKit/537.36 (KHTML, like Gecko) Chrome/31.0.1650.63 Safari/537.36"
75.97.9.59 - - [18/May/2015:07:05:29 +0000] "GET /presentations/logstash-scale11x/ HTTP/1.1" 200 54239 "https://www.google.com/" "Mozilla/5.0 (Windows NT 6.1; WOW64) AppleWebKit/537.36 (KHTML, like Gecko) Chrome/32.0.1700.107 Safari/537.36"
75.97.9.59 - - [18/May/2015:07:05:38 +0000] "GET /presentations/logstash-scale11x/css/theme/night-jls.css HTTP/1.1" 200 3811 "http://semicomplete.com/presentations/logstash-scale11x/" "Mozilla/5.0 (Windows NT 6.1; WOW64) AppleWebKit/537.36 (KHTML, like Gecko) Chrome/32.0.1700.107 Safari/537.36"
75.97.9.59 - - [18/May/2015:07:05:32 +0000] "GET /presentations/logstash-scale11x/lib/css/zenburn.css HTTP/1.1" 200 1791 "http://semicomplete.com/presentations/logstash-scale11x/" "Mozilla/5.0 (Windows NT 6.1; WOW64) AppleWebKit/537.36 (KHTML, like Gecko) Chrome/32.0.1700.107 Safari/537.36"
75.97.9.59 - - [18/May/2015:07:05:59 +0000] "GET /presentations/logstash-scale11x/css/extra.css HTTP/1.1" 200 1395 "http://semicomplete.com/presentations/logstash-scale11x/" "Mozilla/5.0 (Windows NT 6.1; WOW64) AppleWebKit/537.36 (KHTML, like Gecko) Chrome/32.0.1700.107 Safari/537.36"
75.97.9.59 - - [18/May/2015:07:05:49 +0000] "GET /presentations/logstash-scale11x/css/reveal.min.css HTTP/1.1" 200 23581 "http://semicomplete.com/presentations/logstash-scale11x/" "Mozilla/5.0 (Windows NT 6.1; WOW64) AppleWebKit/537.36 (KHTML, like Gecko) Chrome/32.0.1700.107 Safari/537.36"
75.97.9.59 - - [18/May/2015:08:05:39 +0000] "GET /presentations/logstash-scale11x/images/logstash.png HTTP/1.1" 200 47731 "http://semicomplete.com/presentations/logstash-scale11x/" "Mozilla/5.0 (Windows NT 6.1; WOW64) AppleWebKit/537.36 (KHTML, like Gecko) Chrome/32.0.1700.107 Safari/537.36"
75.97.9.59 - - [18/May/2015:08:05:26 +0000] "GET /presentations/logstash-scale11x/css/fonts/OpenSans.css HTTP/1.1" 200 863 "http://semicomplete.com/presentations/logstash-scale11x/" "Mozilla/5.0 (Windows NT 6.1; WOW64) AppleWebKit/537.36 (KHTML, like Gecko) Chrome/32.0.1700.107 Safari/537.36"
75.97.9.59 - - [18/May/2015:08:05:20 +0000] "GET /presentations/logstash-scale11x/css/fonts/Roboto.css HTTP/1.1" 200 357 "http://semicomplete.com/presentations/logstash-scale11x/" "Mozilla/5.0 (Windows NT 6.1; WOW64) AppleWebKit/537.36 (KHTML, like Gecko) Chrome/32.0.1700.107 Safari/537.36"
75.97.9.59 - - [18/May/2015:08:05:22 +0000] "GET /presentations/logstash-scale11x/images/alarm-clock.jpg HTTP/1.1" 200 10645 "http://semicomplete.com/presentations/logstash-scale11x/" "Mozilla/5.0 (Windows NT 6.1; WOW64) AppleWebKit/537.36 (KHTML, like Gecko) Chrome/32.0.1700.107 Safari/537.36"
75.97.9.59 - - [18/May/2015:08:05:56 +0000] "GET /presentations/logstash-scale11x/images/nagios-sms1.png HTTP/1.1" 200 55478 "http://semicomplete.com/presentations/logstash-scale11x/" "Mozilla/5.0 (Windows NT 6.1; WOW64) AppleWebKit/537.36 (KHTML, like Gecko) Chrome/32.0.1700.107 Safari/537.36"
75.97.9.59 - - [18/May/2015:08:05:16 +0000] "GET /presentations/logstash-scale11x/lib/js/head.min.js HTTP/1.1" 200 3170 "http://semicomplete.com/presentations/logstash-scale11x/" "Mozilla/5.0 (Windows NT 6.1; WOW64) AppleWebKit/537.36 (KHTML, like Gecko) Chrome/32.0.1700.107 Safari/537.36"
75.97.9.59 - - [18/May/2015:08:05:52 +0000] "GET /presentations/logstash-scale11x/js/reveal.min.js HTTP/1.1" 200 18091 "http://semicomplete.com/presentations/logstash-scale11x/" "Mozilla/5.0 (Windows NT 6.1; WOW64) AppleWebKit/537.36 (KHTML, like Gecko) Chrome/32.0.1700.107 Safari/537.36"
75.97.9.59 - - [18/May/2015:08:05:18 +0000] "GET /presentations/logstash-scale11x/css/fonts/xjAJXh38I15wypJXxuGMBp0EAVxt0G0biEntp43Qt6E.ttf HTTP/1.1" 200 34416 "http://semicomplete.com/presentations/logstash-scale11x/" "Mozilla/5.0 (Windows NT 6.1; WOW64) AppleWebKit/537.36 (KHTML, like Gecko) Chrome/32.0.1700.107 Safari/537.36"
75.97.9.59 - - [18/May/2015:08:05:39 +0000] "GET /presentations/logstash-scale11x/css/fonts/cJZKeOuBrn4kERxqtaUH3aCWcynf_cDxXwCLxiixG1c.ttf HTTP/1.1" 200 36492 "http://semicomplete.com/presentations/logstash-scale11x/" "Mozilla/5.0 (Windows NT 6.1; WOW64) AppleWebKit/537.36 (KHTML, like Gecko) Chrome/32.0.1700.107 Safari/537.36"
75.97.9.59 - - [18/May/2015:08:05:37 +0000] "GET /presentations/logstash-scale11x/plugin/markdown/showdown.js HTTP/1.1" 200 9904 "http://semicomplete.com/presentations/logstash-scale11x/" "Mozilla/5.0 (Windows NT 6.1; WOW64) AppleWebKit/537.36 (KHTML, like Gecko) Chrome/32.0.1700.107 Safari/537.36"
75.97.9.59 - - [18/May/2015:08:05:08 +0000] "GET /presentations/logstash-scale11x/plugin/markdown/markdown.js HTTP/1.1" 200 1187 "http://semicomplete.com/presentations/logstash-scale11x/" "Mozilla/5.0 (Windows NT 6.1; WOW64) AppleWebKit/537.36 (KHTML, like Gecko) Chrome/32.0.1700.107 Safari/537.36"
75.97.9.59 - - [18/May/2015:08:05:57 +0000] "GET /presentations/logstash-scale11x/images/nagios-sms2.png HTTP/1.1" 200 60656 "http://semicomplete.com/presentations/logstash-scale11x/" "Mozilla/5.0 (Windows NT 6.1; WOW64) AppleWebKit/537.36 (KHTML, like Gecko) Chrome/32.0.1700.107 Safari/537.36"
75.97.9.59 - - [18/May/2015:08:05:55 +0000] "GET /presentations/logstash-scale11x/images/jordan.jpg HTTP/1.1" 200 278476 "http://semicomplete.com/presentations/logstash-scale11x/" "Mozilla/5.0 (Windows NT 6.1; WOW64) AppleWebKit/537.36 (KHTML, like Gecko) Chrome/32.0.1700.107 Safari/537.36"
75.97.9.59 - - [18/May/2015:08:05:50 +0000] "GET /presentations/logstash-scale11x/images/nagios-sms4.png HTTP/1.1" 200 72949 "http://semicomplete.com/presentations/logstash-scale11x/" "Mozilla/5.0 (Windows NT 6.1; WOW64) AppleWebKit/537.36 (KHTML, like Gecko) Chrome/32.0.1700.107 Safari/537.36"
75.97.9.59 - - [18/May/2015:08:05:13 +0000] "GET /presentations/logstash-scale11x/images/nagios-sms3.png HTTP/1.1" 200 65917 "http://semicomplete.com/presentations/logstash-scale11x/" "Mozilla/5.0 (Windows NT 6.1; WOW64) AppleWebKit/537.36 (KHTML, like Gecko) Chrome/32.0.1700.107 Safari/537.36"
75.97.9.59 - - [18/May/2015:08:05:15 +0000] "GET /presentations/logstash-scale11x/plugin/highlight/highlight.js HTTP/1.1" 200 26185 "http://semicomplete.com/presentations/logstash-scale11x/" "Mozilla/5.0 (Windows NT 6.1; WOW64) AppleWebKit/537.36 (KHTML, like Gecko) Chrome/32.0.1700.107 Safari/537.36"
75.97.9.59 - - [18/May/2015:08:05:55 +0000] "GET /presentations/logstash-scale11x/images/nagios-sms5.png HTTP/1.1" 200 78075 "http://semicomplete.com/presentations/logstash-scale11x/" "Mozilla/5.0 (Windows NT 6.1; WOW64) AppleWebKit/537.36 (KHTML, like Gecko) Chrome/32.0.1700.107 Safari/537.36"
75.97.9.59 - - [18/May/2015:08:05:09 +0000] "GET /presentations/logstash-scale11x/images/nagios-sms6.png HTTP/1.1" 200 82859 "http://semicomplete.com/presentations/logstash-scale11x/" "Mozilla/5.0 (Windows NT 6.1; WOW64) AppleWebKit/537.36 (KHTML, like Gecko) Chrome/32.0.1700.107 Safari/537.36"
75.97.9.59 - - [18/May/2015:08:05:30 +0000] "GET /presentations/logstash-scale11x/plugin/zoom-js/zoom.js HTTP/1.1" 200 7697 "http://semicomplete.com/presentations/logstash-scale11x/" "Mozilla/5.0 (Windows NT 6.1; WOW64) AppleWebKit/537.36 (KHTML, like Gecko) Chrome/32.0.1700.107 Safari/537.36"
75.97.9.59 - - [18/May/2015:08:05:03 +0000] "GET /presentations/logstash-scale11x/plugin/notes/notes.js HTTP/1.1" 200 2892 "http://semicomplete.com/presentations/logstash-scale11x/" "Mozilla/5.0 (Windows NT 6.1; WOW64) AppleWebKit/537.36 (KHTML, like Gecko) Chrome/32.0.1700.107 Safari/537.36"
75.97.9.59 - - [18/May/2015:08:05:31 +0000] "GET /presentations/logstash-scale11x/css/fonts/Roboto-Bold.ttf HTTP/1.1" 200 38720 "http://semicomplete.com/presentations/logstash-scale11x/" "Mozilla/5.0 (Windows NT 6.1; WOW64) AppleWebKit/537.36 (KHTML, like Gecko) Chrome/32.0.1700.107 Safari/537.36"
75.97.9.59 - - [18/May/2015:08:05:28 +0000] "GET /presentations/logstash-scale11x/css/fonts/Roboto-Regular.ttf HTTP/1.1" 200 41820 "http://semicomplete.com/presentations/logstash-scale11x/" "Mozilla/5.0 (Windows NT 6.1; WOW64) AppleWebKit/537.36 (KHTML, like Gecko) Chrome/32.0.1700.107 Safari/537.36"
75.97.9.59 - - [18/May/2015:08:05:21 +0000] "GET /presentations/logstash-scale11x/images/frontend-response-codes.png HTTP/1.1" 200 52878 "http://semicomplete.com/presentations/logstash-scale11x/" "Mozilla/5.0 (Windows NT 6.1; WOW64) AppleWebKit/537.36 (KHTML, like Gecko) Chrome/32.0.1700.107 Safari/537.36"
75.97.9.59 - - [18/May/2015:08:05:06 +0000] "GET /presentations/logstash-scale11x/images/xkcd-perl.png HTTP/1.1" 200 80663 "http://semicomplete.com/presentations/logstash-scale11x/" "Mozilla/5.0 (Windows NT 6.1; WOW64) AppleWebKit/537.36 (KHTML, like Gecko) Chrome/32.0.1700.107 Safari/537.36"
75.97.9.59 - - [18/May/2015:08:05:23 +0000] "GET /presentations/logstash-scale11x/images/ahhh___rage_face_by_samusmmx-d5g5zap.png HTTP/1.1" 200 175208 "http://semicomplete.com/presentations/logstash-scale11x/" "Mozilla/5.0 (Windows NT 6.1; WOW64) AppleWebKit/537.36 (KHTML, like Gecko) Chrome/32.0.1700.107 Safari/537.36"
75.97.9.59 - - [18/May/2015:08:05:45 +0000] "GET /presentations/logstash-scale11x/images/Dreamhost_logo.svg HTTP/1.1" 200 2126 "http://semicomplete.com/presentations/logstash-scale11x/" "Mozilla/5.0 (Windows NT 6.1; WOW64) AppleWebKit/537.36 (KHTML, like Gecko) Chrome/32.0.1700.107 Safari/537.36"
75.97.9.59 - - [18/May/2015:08:05:23 +0000] "GET /presentations/logstash-scale11x/images/xkcd-perlswing-many.png HTTP/1.1" 200 100207 "http://semicomplete.com/presentations/logstash-scale11x/" "Mozilla/5.0 (Windows NT 6.1; WOW64) AppleWebKit/537.36 (KHTML, like Gecko) Chrome/32.0.1700.107 Safari/537.36"
75.97.9.59 - - [18/May/2015:08:05:58 +0000] "GET /presentations/logstash-scale11x/images/logstash-dreamhost-day.png HTTP/1.1" 200 34213 "http://semicomplete.com/presentations/logstash-scale11x/" "Mozilla/5.0 (Windows NT 6.1; WOW64) AppleWebKit/537.36 (KHTML, like Gecko) Chrome/32.0.1700.107 Safari/537.36"
75.97.9.59 - - [18/May/2015:08:05:01 +0000] "GET /presentations/logstash-scale11x/images/computer-keyboard-jacket.jpg HTTP/1.1" 200 176805 "http://semicomplete.com/presentations/logstash-scale11x/" "Mozilla/5.0 (Windows NT 6.1; WOW64) AppleWebKit/537.36 (KHTML, like Gecko) Chrome/32.0.1700.107 Safari/537.36"
75.97.9.59 - - [18/May/2015:08:05:58 +0000] "GET /presentations/logstash-scale11x/images/sad-medic.png HTTP/1.1" 200 430406 "http://semicomplete.com/presentations/logstash-scale11x/" "Mozilla/5.0 (Windows NT 6.1; WOW64) AppleWebKit/537.36 (KHTML, like Gecko) Chrome/32.0.1700.107 Safari/537.36"
75.97.9.59 - - [18/May/2015:08:05:27 +0000] "GET /presentations/logstash-scale11x/images/kibana-dashboard3.png HTTP/1.1" 200 171717 "http://semicomplete.com/presentations/logstash-scale11x/" "Mozilla/5.0 (Windows NT 6.1; WOW64) AppleWebKit/537.36 (KHTML, like Gecko) Chrome/32.0.1700.107 Safari/537.36"
75.97.9.59 - - [18/May/2015:08:05:54 +0000] "GET /presentations/logstash-scale11x/images/kibana-search.png HTTP/1.1" 200 203023 "http://semicomplete.com/presentations/logstash-scale11x/" "Mozilla/5.0 (Windows NT 6.1; WOW64) AppleWebKit/537.36 (KHTML, like Gecko) Chrome/32.0.1700.107 Safari/537.36"
75.97.9.59 - - [18/May/2015:08:05:10 +0000] "GET /presentations/logstash-scale11x/images/kibana-dashboard2.png HTTP/1.1" 200 394967 "http://semicomplete.com/presentations/logstash-scale11x/" "Mozilla/5.0 (Windows NT 6.1; WOW64) AppleWebKit/537.36 (KHTML, like Gecko) Chrome/32.0.1700.107 Safari/537.36"
75.97.9.59 - - [18/May/2015:08:05:43 +0000] "GET /presentations/logstash-scale11x/images/simple-inputs.jpg HTTP/1.1" 200 1045663 "http://semicomplete.com/presentations/logstash-scale11x/" "Mozilla/5.0 (Windows NT 6.1; WOW64) AppleWebKit/537.36 (KHTML, like Gecko) Chrome/32.0.1700.107 Safari/537.36"
75.97.9.59 - - [18/May/2015:08:05:21 +0000] "GET /presentations/logstash-scale11x/images/simple-inputs-filters.jpg HTTP/1.1" 200 1114500 "http://semicomplete.com/presentations/logstash-scale11x/" "Mozilla/5.0 (Windows NT 6.1; WOW64) AppleWebKit/537.36 (KHTML, like Gecko) Chrome/32.0.1700.107 Safari/537.36"
75.97.9.59 - - [18/May/2015:08:05:15 +0000] "GET /presentations/logstash-scale11x/images/tiered-outputs-to-inputs.jpg HTTP/1.1" 200 1079983 "http://semicomplete.com/presentations/logstash-scale11x/" "Mozilla/5.0 (Windows NT 6.1; WOW64) AppleWebKit/537.36 (KHTML, like Gecko) Chrome/32.0.1700.107 Safari/537.36"
75.97.9.59 - - [18/May/2015:08:05:43 +0000] "GET /presentations/logstash-scale11x/images/simple-inputs-filters-outputs.jpg HTTP/1.1" 200 1168622 "http://semicomplete.com/presentations/logstash-scale11x/" "Mozilla/5.0 (Windows NT 6.1; WOW64) AppleWebKit/537.36 (KHTML, like Gecko) Chrome/32.0.1700.107 Safari/537.36"
75.97.9.59 - - [18/May/2015:08:05:08 +0000] "GET /presentations/logstash-scale11x/css/print/paper.css HTTP/1.1" 200 4254 "http://semicomplete.com/presentations/logstash-scale11x/" "Mozilla/5.0 (Windows NT 6.1; WOW64) AppleWebKit/537.36 (KHTML, like Gecko) Chrome/32.0.1700.107 Safari/537.36"
75.97.9.59 - - [18/May/2015:08:05:21 +0000] "GET /presentations/logstash-scale11x/images/logstashbook.png HTTP/1.1" 200 54662 "http://semicomplete.com/presentations/logstash-scale11x/" "Mozilla/5.0 (Windows NT 6.1; WOW64) AppleWebKit/537.36 (KHTML, like Gecko) Chrome/32.0.1700.107 Safari/537.36"
75.97.9.59 - - [18/May/2015:08:05:37 +0000] "GET /presentations/logstash-scale11x/images/tiered-redis-output.jpg HTTP/1.1" 200 1221927 "http://semicomplete.com/presentations/logstash-scale11x/" "Mozilla/5.0 (Windows NT 6.1; WOW64) AppleWebKit/537.36 (KHTML, like Gecko) Chrome/32.0.1700.107 Safari/537.36"
75.97.9.59 - - [18/May/2015:08:05:28 +0000] "GET /presentations/logstash-scale11x/images/tiered-outputs-to-inputs-redis.jpg HTTP/1.1" 200 2763364 "http://semicomplete.com/presentations/logstash-scale11x/" "Mozilla/5.0 (Windows NT 6.1; WOW64) AppleWebKit/537.36 (KHTML, like Gecko) Chrome/32.0.1700.107 Safari/537.36"
75.97.9.59 - - [18/May/2015:08:05:36 +0000] "GET /presentations/logstash-scale11x/images/tiered-redis-input.jpg HTTP/1.1" 200 1046727 "http://semicomplete.com/presentations/logstash-scale11x/" "Mozilla/5.0 (Windows NT 6.1; WOW64) AppleWebKit/537.36 (KHTML, like Gecko) Chrome/32.0.1700.107 Safari/537.36"
75.97.9.59 - - [18/May/2015:08:05:28 +0000] "GET /presentations/logstash-scale11x/images/tiered-redis-input-complete.jpg HTTP/1.1" 200 1103268 "http://semicomplete.com/presentations/logstash-scale11x/" "Mozilla/5.0 (Windows NT 6.1; WOW64) AppleWebKit/537.36 (KHTML, like Gecko) Chrome/32.0.1700.107 Safari/537.36"
75.97.9.59 - - [18/May/2015:08:05:05 +0000] "GET /presentations/logstash-scale11x/ HTTP/1.1" 304 - "https://www.google.com/" "Mozilla/5.0 (Windows NT 6.1; WOW64) AppleWebKit/537.36 (KHTML, like Gecko) Chrome/32.0.1700.107 Safari/537.36"
75.97.9.59 - - [18/May/2015:08:05:38 +0000] "GET /presentations/logstash-scale11x/css/reveal.min.css HTTP/1.1" 304 - "http://semicomplete.com/presentations/logstash-scale11x/" "Mozilla/5.0 (Windows NT 6.1; WOW64) AppleWebKit/537.36 (KHTML, like Gecko) Chrome/32.0.1700.107 Safari/537.36"
75.97.9.59 - - [18/May/2015:08:05:28 +0000] "GET /presentations/logstash-scale11x/css/theme/night-jls.css HTTP/1.1" 304 - "http://semicomplete.com/presentations/logstash-scale11x/" "Mozilla/5.0 (Windows NT 6.1; WOW64) AppleWebKit/537.36 (KHTML, like Gecko) Chrome/32.0.1700.107 Safari/537.36"
75.97.9.59 - - [18/May/2015:08:05:48 +0000] "GET /presentations/logstash-scale11x/lib/css/zenburn.css HTTP/1.1" 304 - "http://semicomplete.com/presentations/logstash-scale11x/" "Mozilla/5.0 (Windows NT 6.1; WOW64) AppleWebKit/537.36 (KHTML, like Gecko) Chrome/32.0.1700.107 Safari/537.36"
75.97.9.59 - - [18/May/2015:08:05:49 +0000] "GET /presentations/logstash-scale11x/css/extra.css HTTP/1.1" 304 - "http://semicomplete.com/presentations/logstash-scale11x/" "Mozilla/5.0 (Windows NT 6.1; WOW64) AppleWebKit/537.36 (KHTML, like Gecko) Chrome/32.0.1700.107 Safari/537.36"
75.97.9.59 - - [18/May/2015:08:05:34 +0000] "GET /presentations/logstash-scale11x/images/logstash.png HTTP/1.1" 304 - "http://semicomplete.com/presentations/logstash-scale11x/" "Mozilla/5.0 (Windows NT 6.1; WOW64) AppleWebKit/537.36 (KHTML, like Gecko) Chrome/32.0.1700.107 Safari/537.36"
75.97.9.59 - - [18/May/2015:08:05:40 +0000] "GET /presentations/logstash-scale11x/lib/js/head.min.js HTTP/1.1" 304 - "http://semicomplete.com/presentations/logstash-scale11x/" "Mozilla/5.0 (Windows NT 6.1; WOW64) AppleWebKit/537.36 (KHTML, like Gecko) Chrome/32.0.1700.107 Safari/537.36"
75.97.9.59 - - [18/May/2015:08:05:58 +0000] "GET /presentations/logstash-scale11x/css/fonts/OpenSans.css HTTP/1.1" 304 - "http://semicomplete.com/presentations/logstash-scale11x/" "Mozilla/5.0 (Windows NT 6.1; WOW64) AppleWebKit/537.36 (KHTML, like Gecko) Chrome/32.0.1700.107 Safari/537.36"
75.97.9.59 - - [18/May/2015:08:05:50 +0000] "GET /presentations/logstash-scale11x/css/fonts/Roboto.css HTTP/1.1" 304 - "http://semicomplete.com/presentations/logstash-scale11x/" "Mozilla/5.0 (Windows NT 6.1; WOW64) AppleWebKit/537.36 (KHTML, like Gecko) Chrome/32.0.1700.107 Safari/537.36"
75.97.9.59 - - [18/May/2015:08:05:39 +0000] "GET /presentations/logstash-scale11x/js/reveal.min.js HTTP/1.1" 304 - "http://semicomplete.com/presentations/logstash-scale11x/" "Mozilla/5.0 (Windows NT 6.1; WOW64) AppleWebKit/537.36 (KHTML, like Gecko) Chrome/32.0.1700.107 Safari/537.36"
75.97.9.59 - - [18/May/2015:08:05:25 +0000] "GET /presentations/logstash-scale11x/images/jordan.jpg HTTP/1.1" 304 - "http://semicomplete.com/presentations/logstash-scale11x/" "Mozilla/5.0 (Windows NT 6.1; WOW64) AppleWebKit/537.36 (KHTML, like Gecko) Chrome/32.0.1700.107 Safari/537.36"
75.97.9.59 - - [18/May/2015:08:05:29 +0000] "GET /presentations/logstash-scale11x/css/fonts/xjAJXh38I15wypJXxuGMBp0EAVxt0G0biEntp43Qt6E.ttf HTTP/1.1" 304 - "http://semicomplete.com/presentations/logstash-scale11x/" "Mozilla/5.0 (Windows NT 6.1; WOW64) AppleWebKit/537.36 (KHTML, like Gecko) Chrome/32.0.1700.107 Safari/537.36"
