84.121.6.23 - - [19/May/2015:19:05:30 +0000] "GET /images/web/2009/banner.png HTTP/1.1" 200 52315 "http://semicomplete.com/blog/geekery/xvfb-firefox.html" "Mozilla/5.0 (Windows NT 6.1; WOW64) AppleWebKit/537.36 (KHTML, like Gecko) Chrome/32.0.1700.107 Safari/537.36"
46.105.14.53 - - [19/May/2015:19:05:35 +0000] "GET /blog/tags/puppet?flav=rss20 HTTP/1.1" 200 14872 "-" "UniversalFeedParser/4.2-pre-314-svn +http://feedparser.org/"
203.219.136.224 - - [19/May/2015:19:05:39 +0000] "GET /projects/pmbackup/ HTTP/1.1" 200 15945 "http://www.semicomplete.com/projects/newpsm/" "Mozilla/5.0 (Macintosh; Intel Mac OS X 10.9; rv:27.0) Gecko/20100101 Firefox/27.0"
203.219.136.224 - - [19/May/2015:19:05:16 +0000] "GET /reset.css HTTP/1.1" 200 1015 "http://www.semicomplete.com/projects/pmbackup/" "Mozilla/5.0 (Macintosh; Intel Mac OS X 10.9; rv:27.0) Gecko/20100101 Firefox/27.0"
203.219.136.224 - - [19/May/2015:19:05:35 +0000] "GET /style2.css HTTP/1.1" 200 4877 "http://www.semicomplete.com/projects/pmbackup/" "Mozilla/5.0 (Macintosh; Intel Mac OS X 10.9; rv:27.0) Gecko/20100101 Firefox/27.0"
203.219.136.224 - - [19/May/2015:19:05:56 +0000] "GET /images/jordan-80.png HTTP/1.1" 200 6146 "http://www.semicomplete.com/projects/pmbackup/" "Mozilla/5.0 (Macintosh; Intel Mac OS X 10.9; rv:27.0) Gecko/20100101 Firefox/27.0"
203.219.136.224 - - [19/May/2015:19:05:46 +0000] "GET /images/web/2009/banner.png HTTP/1.1" 200 52315 "http://www.semicomplete.com/style2.css" "Mozilla/5.0 (Macintosh; Intel Mac OS X 10.9; rv:27.0) Gecko/20100101 Firefox/27.0"
74.125.40.22 - - [19/May/2015:19:05:25 +0000] "GET /?flav=rss20 HTTP/1.1" 200 29941 "-" "FeedBurner/1.0 (http://www.FeedBurner.com)"
208.115.113.88 - - [19/May/2015:19:05:32 +0000] "GET /robots.txt HTTP/1.1" 200 - "-" "Mozilla/5.0 (compatible; Ezooms/1.0; help@moz.com)"
103.245.44.13 - - [19/May/2015:19:05:42 +0000] "GET /robots.txt HTTP/1.0" 200 - "-" "binlar_2.6.3 (test@mgmt.mic)"
88.152.28.187 - - [19/May/2015:19:05:15 +0000] "GET /favicon.ico HTTP/1.1" 200 3638 "-" "Mozilla/5.0 (X11; Ubuntu; Linux x86_64; rv:27.0) Gecko/20100101 Firefox/27.0"
157.55.32.107 - - [19/May/2015:19:05:32 +0000] "GET /blog/geekery/131.html HTTP/1.1" 200 8278 "-" "Mozilla/5.0 (compatible; bingbot/2.0; +http://www.bing.com/bingbot.htm)"
68.180.224.225 - - [19/May/2015:19:05:38 +0000] "GET /files/lumberjack/lumberjack_0.0.24_amd64.deb HTTP/1.1" 200 2650900 "-" "Mozilla/5.0 (compatible; Yahoo! Slurp; http://help.yahoo.com/help/us/ysearch/slurp)"
66.249.73.135 - - [19/May/2015:19:05:05 +0000] "GET /misc/funkyoutput HTTP/1.1" 304 - "-" "Mozilla/5.0 (iPhone; CPU iPhone OS 6_0 like Mac OS X) AppleWebKit/536.26 (KHTML, like Gecko) Version/6.0 Mobile/10A5376e Safari/8536.25 (compatible; Googlebot/2.1; +http://www.google.com/bot.html)"
61.156.217.135 - - [19/May/2015:19:05:39 +0000] "GET / HTTP/1.0" 200 37932 "http://semicomplete.com/" "Mozilla/5.0 (Macintosh; Intel Mac OS X 10.7; rv:22.0) Gecko/20100101 Firefox/22.0"
61.156.217.135 - - [19/May/2015:19:05:00 +0000] "GET /articles/ssh-security/ HTTP/1.0" 200 16543 "http://semicomplete.com/" "Mozilla/5.0 (Macintosh; Intel Mac OS X 10.7; rv:22.0) Gecko/20100101 Firefox/22.0"
103.245.44.13 - - [19/May/2015:19:05:46 +0000] "GET /blog/geekery/barcamp-block-review.html HTTP/1.0" 200 15811 "-" "binlar_2.6.3 test@mgmt.mic"
95.87.197.134 - - [19/May/2015:19:05:14 +0000] "GET /blog/geekery/debugging-java-performance.html HTTP/1.1" 200 15796 "-" "Mozilla/5.0 (X11; Ubuntu; Linux x86_64; rv:26.0) Gecko/20100101 Firefox/26.0"
95.87.197.134 - - [19/May/2015:19:05:30 +0000] "GET /reset.css HTTP/1.1" 200 1015 "http://www.semicomplete.com/blog/geekery/debugging-java-performance.html" "Mozilla/5.0 (X11; Ubuntu; Linux x86_64; rv:26.0) Gecko/20100101 Firefox/26.0"
95.87.197.134 - - [19/May/2015:19:05:35 +0000] "GET /style2.css HTTP/1.1" 200 4877 "http://www.semicomplete.com/blog/geekery/debugging-java-performance.html" "Mozilla/5.0 (X11; Ubuntu; Linux x86_64; rv:26.0) Gecko/20100101 Firefox/26.0"
95.87.197.134 - - [19/May/2015:19:05:27 +0000] "GET /images/jordan-80.png HTTP/1.1" 200 6146 "http://www.semicomplete.com/blog/geekery/debugging-java-performance.html" "Mozilla/5.0 (X11; Ubuntu; Linux x86_64; rv:26.0) Gecko/20100101 Firefox/26.0"
95.87.197.134 - - [19/May/2015:19:05:40 +0000] "GET /favicon.ico HTTP/1.1" 200 3638 "-" "Mozilla/5.0 (X11; Ubuntu; Linux x86_64; rv:26.0) Gecko/20100101 Firefox/26.0"
95.87.197.134 - - [19/May/2015:19:05:28 +0000] "GET /images/web/2009/banner.png HTTP/1.1" 200 52315 "http://www.semicomplete.com/style2.css" "Mozilla/5.0 (X11; Ubuntu; Linux x86_64; rv:26.0) Gecko/20100101 Firefox/26.0"
41.248.194.136 - - [19/May/2015:19:05:05 +0000] "GET /images/googledotcom.png HTTP/1.1" 200 65748 "http://www.google.com/search?q=www.google.com&client=ms-android-orange-ma&hl=fr&source=android-search-app&v=141400000&source=lnms&tbm=isch&sa=X&ei=OQgCU4ugHqnW0QX2oICADw&ved=0CAkQ_AUoAA&biw=320&bih=455" "Mozilla/5.0 (Linux; U; Android 4.0.3; fr-fr; LG-E610-Orange Build/IML74K) AppleWebKit/534.30 (KHTML, like Gecko) Version/4.0 Mobile Safari/534.30"
85.216.186.139 - - [19/May/2015:19:05:37 +0000] "GET /blog/tags/deb HTTP/1.1" 200 11275 "https://www.google.sk/" "Mozilla/5.0 (X11; Linux x86_64) AppleWebKit/537.36 (KHTML, like Gecko) Chrome/33.0.1750.58 Safari/537.36"
85.216.186.139 - - [19/May/2015:19:05:43 +0000] "GET /reset.css HTTP/1.1" 200 1015 "http://www.semicomplete.com/blog/tags/deb" "Mozilla/5.0 (X11; Linux x86_64) AppleWebKit/537.36 (KHTML, like Gecko) Chrome/33.0.1750.58 Safari/537.36"
85.216.186.139 - - [19/May/2015:19:05:32 +0000] "GET /style2.css HTTP/1.1" 200 4877 "http://www.semicomplete.com/blog/tags/deb" "Mozilla/5.0 (X11; Linux x86_64) AppleWebKit/537.36 (KHTML, like Gecko) Chrome/33.0.1750.58 Safari/537.36"
85.216.186.139 - - [19/May/2015:19:05:11 +0000] "GET /images/jordan-80.png HTTP/1.1" 200 6146 "http://www.semicomplete.com/blog/tags/deb" "Mozilla/5.0 (X11; Linux x86_64) AppleWebKit/537.36 (KHTML, like Gecko) Chrome/33.0.1750.58 Safari/537.36"
85.216.186.139 - - [19/May/2015:19:05:42 +0000] "GET /images/web/2009/banner.png HTTP/1.1" 200 52315 "http://www.semicomplete.com/blog/tags/deb" "Mozilla/5.0 (X11; Linux x86_64) AppleWebKit/537.36 (KHTML, like Gecko) Chrome/33.0.1750.58 Safari/537.36"
85.216.186.139 - - [19/May/2015:19:05:33 +0000] "GET /favicon.ico HTTP/1.1" 200 3638 "-" "Mozilla/5.0 (X11; Linux x86_64) AppleWebKit/537.36 (KHTML, like Gecko) Chrome/33.0.1750.58 Safari/537.36"
46.105.14.53 - - [19/May/2015:19:05:38 +0000] "GET /blog/tags/puppet?flav=rss20 HTTP/1.1" 200 14872 "-" "UniversalFeedParser/4.2-pre-314-svn +http://feedparser.org/"
66.249.73.135 - - [19/May/2015:19:05:26 +0000] "GET /?flav=atom HTTP/1.1" 200 32352 "-" "Mozilla/5.0 (compatible; Googlebot/2.1; +http://www.google.com/bot.html)"
66.249.73.135 - - [19/May/2015:19:05:31 +0000] "GET / HTTP/1.1" 200 37932 "-" "Mozilla/5.0 (compatible; Googlebot/2.1; +http://www.google.com/bot.html)"
68.180.224.235 - - [19/May/2015:19:05:49 +0000] "GET /robots.txt HTTP/1.1" 200 - "-" "Mozilla/5.0 (compatible; Yahoo! Slurp; http://help.yahoo.com/help/us/ysearch/slurp)"
68.180.224.235 - - [19/May/2015:19:05:47 +0000] "GET /scripts HTTP/1.1" 301 322 "-" "Mozilla/5.0 (compatible; Yahoo! Slurp; http://help.yahoo.com/help/us/ysearch/slurp)"
68.180.224.235 - - [19/May/2015:19:05:59 +0000] "GET /scripts/ HTTP/1.1" 200 21890 "-" "Mozilla/5.0 (compatible; Yahoo! Slurp; http://help.yahoo.com/help/us/ysearch/slurp)"
50.16.19.13 - - [19/May/2015:19:05:58 +0000] "GET /blog/tags/puppet?flav=rss20 HTTP/1.1" 200 14872 "http://www.semicomplete.com/blog/tags/puppet?flav=rss20" "Tiny Tiny RSS/1.11 (http://tt-rss.org/)"
68.180.224.225 - - [19/May/2015:19:05:19 +0000] "GET /blog/tags/xmlfo HTTP/1.1" 200 8444 "-" "Mozilla/5.0 (compatible; Yahoo! Slurp; http://help.yahoo.com/help/us/ysearch/slurp)"
66.249.73.135 - - [19/May/2015:19:05:14 +0000] "GET /misc/pythonchallenge/ HTTP/1.1" 200 811 "-" "Mozilla/5.0 (iPhone; CPU iPhone OS 6_0 like Mac OS X) AppleWebKit/536.26 (KHTML, like Gecko) Version/6.0 Mobile/10A5376e Safari/8536.25 (compatible; Googlebot/2.1; +http://www.google.com/bot.html)"
46.105.14.53 - - [19/May/2015:19:05:16 +0000] "GET /blog/tags/puppet?flav=rss20 HTTP/1.1" 200 14872 "-" "UniversalFeedParser/4.2-pre-314-svn +http://feedparser.org/"
162.44.252.21 - - [19/May/2015:19:05:21 +0000] "GET /articles/dynamic-dns-with-dhcp/ HTTP/1.1" 200 18848 "https://www.google.co.in/" "Mozilla/5.0 (Windows NT 6.1; WOW64) AppleWebKit/537.22 (KHTML, like Gecko) Chrome/25.0.1364.152 Safari/537.22"
162.44.252.21 - - [19/May/2015:19:05:41 +0000] "GET /style2.css HTTP/1.1" 200 4877 "http://www.semicomplete.com/articles/dynamic-dns-with-dhcp/" "Mozilla/5.0 (Windows NT 6.1; WOW64) AppleWebKit/537.22 (KHTML, like Gecko) Chrome/25.0.1364.152 Safari/537.22"
162.44.252.21 - - [19/May/2015:19:05:03 +0000] "GET /reset.css HTTP/1.1" 200 1015 "http://www.semicomplete.com/articles/dynamic-dns-with-dhcp/" "Mozilla/5.0 (Windows NT 6.1; WOW64) AppleWebKit/537.22 (KHTML, like Gecko) Chrome/25.0.1364.152 Safari/537.22"
162.44.252.21 - - [19/May/2015:19:05:42 +0000] "GET /images/jordan-80.png HTTP/1.1" 200 6146 "http://www.semicomplete.com/articles/dynamic-dns-with-dhcp/" "Mozilla/5.0 (Windows NT 6.1; WOW64) AppleWebKit/537.22 (KHTML, like Gecko) Chrome/25.0.1364.152 Safari/537.22"
162.44.252.21 - - [19/May/2015:19:05:22 +0000] "GET /images/web/2009/banner.png HTTP/1.1" 200 52315 "http://www.semicomplete.com/articles/dynamic-dns-with-dhcp/" "Mozilla/5.0 (Windows NT 6.1; WOW64) AppleWebKit/537.22 (KHTML, like Gecko) Chrome/25.0.1364.152 Safari/537.22"
80.156.209.18 - - [19/May/2015:19:05:41 +0000] "GET /?page=5 HTTP/1.1" 200 35875 "https://www.google.de/" "Mozilla/5.0 (X11; Linux x86_64) AppleWebKit/537.36 (KHTML, like Gecko) Chrome/32.0.1700.107 Safari/537.36"
80.156.209.18 - - [19/May/2015:19:05:10 +0000] "GET /reset.css HTTP/1.1" 200 1015 "http://www.semicomplete.com/?page=5" "Mozilla/5.0 (X11; Linux x86_64) AppleWebKit/537.36 (KHTML, like Gecko) Chrome/32.0.1700.107 Safari/537.36"
80.156.209.18 - - [19/May/2015:19:05:22 +0000] "GET /style2.css HTTP/1.1" 200 4877 "http://www.semicomplete.com/?page=5" "Mozilla/5.0 (X11; Linux x86_64) AppleWebKit/537.36 (KHTML, like Gecko) Chrome/32.0.1700.107 Safari/537.36"
80.156.209.18 - - [19/May/2015:19:05:54 +0000] "GET /images/jordan-80.png HTTP/1.1" 200 6146 "http://www.semicomplete.com/?page=5" "Mozilla/5.0 (X11; Linux x86_64) AppleWebKit/537.36 (KHTML, like Gecko) Chrome/32.0.1700.107 Safari/537.36"
162.44.252.21 - - [19/May/2015:19:05:20 +0000] "GET /favicon.ico HTTP/1.1" 200 3638 "-" "Mozilla/5.0 (Windows NT 6.1; WOW64) AppleWebKit/537.22 (KHTML, like Gecko) Chrome/25.0.1364.152 Safari/537.22"
80.156.209.18 - - [19/May/2015:19:05:00 +0000] "GET /images/web/2009/banner.png HTTP/1.1" 200 52315 "http://www.semicomplete.com/?page=5" "Mozilla/5.0 (X11; Linux x86_64) AppleWebKit/537.36 (KHTML, like Gecko) Chrome/32.0.1700.107 Safari/537.36"
80.156.209.18 - - [19/May/2015:19:05:17 +0000] "GET /favicon.ico HTTP/1.1" 200 3638 "-" "Mozilla/5.0 (X11; Linux x86_64) AppleWebKit/537.36 (KHTML, like Gecko) Chrome/32.0.1700.107 Safari/537.36"
14.160.65.22 - - [19/May/2015:19:05:31 +0000] "GET / HTTP/1.1" 200 37932 "-" "Mozilla/5.0 (Windows NT 6.1; WOW64) AppleWebKit/537.36 (KHTML, like Gecko) Chrome/32.0.1700.107 Safari/537.36"
14.160.65.22 - - [19/May/2015:19:05:32 +0000] "GET /reset.css HTTP/1.1" 200 1015 "http://www.semicomplete.com/" "Mozilla/5.0 (Windows NT 6.1; WOW64) AppleWebKit/537.36 (KHTML, like Gecko) Chrome/32.0.1700.107 Safari/537.36"
14.160.65.22 - - [19/May/2015:19:05:37 +0000] "GET /style2.css HTTP/1.1" 200 4877 "http://www.semicomplete.com/" "Mozilla/5.0 (Windows NT 6.1; WOW64) AppleWebKit/537.36 (KHTML, like Gecko) Chrome/32.0.1700.107 Safari/537.36"
14.160.65.22 - - [19/May/2015:19:05:15 +0000] "GET /images/jordan-80.png HTTP/1.1" 200 6146 "http://www.semicomplete.com/" "Mozilla/5.0 (Windows NT 6.1; WOW64) AppleWebKit/537.36 (KHTML, like Gecko) Chrome/32.0.1700.107 Safari/537.36"
14.160.65.22 - - [19/May/2015:19:05:04 +0000] "GET /images/web/2009/banner.png HTTP/1.1" 200 52315 "http://www.semicomplete.com/" "Mozilla/5.0 (Windows NT 6.1; WOW64) AppleWebKit/537.36 (KHTML, like Gecko) Chrome/32.0.1700.107 Safari/537.36"
14.160.65.22 - - [19/May/2015:19:05:20 +0000] "GET /favicon.ico HTTP/1.1" 200 3638 "-" "Mozilla/5.0 (Windows NT 6.1; WOW64) AppleWebKit/537.36 (KHTML, like Gecko) Chrome/32.0.1700.107 Safari/537.36"
108.174.55.234 - - [19/May/2015:19:05:35 +0000] "GET /?flav=rss20 HTTP/1.1" 200 29941 "-" "-"
83.42.229.238 - - [19/May/2015:19:05:58 +0000] "GET /images/logstash_OSCON.pdf HTTP/1.1" 200 1693678 "http://www.google.es/url?sa=t&rct=j&q=&esrc=s&source=web&cd=10&ved=0CHMQFjAJ&url=http%3A%2F%2Fsemicomplete.com%2Fimages%2Flogstash_OSCON.pdf&ei=JAoCU8TzBqSY0AWOn4CoAw&usg=AFQjCNF2ikX71TvpVxHLkIi36cWJowYlNA&bvm=bv.61535280,d.d2k" "Mozilla/5.0 (Windows NT 6.2; WOW64; rv:27.0) Gecko/20100101 Firefox/27.0"
83.42.229.238 - - [19/May/2015:19:05:04 +0000] "GET /favicon.ico HTTP/1.1" 200 3638 "-" "Mozilla/5.0 (Windows NT 6.2; WOW64; rv:27.0) Gecko/20100101 Firefox/27.0"
83.42.229.238 - - [19/May/2015:19:05:07 +0000] "GET /images/logstash_OSCON.pdf HTTP/1.1" 206 65536 "http://www.google.es/url?sa=t&rct=j&q=&esrc=s&source=web&cd=10&ved=0CHMQFjAJ&url=http%3A%2F%2Fsemicomplete.com%2Fimages%2Flogstash_OSCON.pdf&ei=JAoCU8TzBqSY0AWOn4CoAw&usg=AFQjCNF2ikX71TvpVxHLkIi36cWJowYlNA&bvm=bv.61535280,d.d2k" "Mozilla/5.0 (Windows NT 6.2; WOW64; rv:27.0) Gecko/20100101 Firefox/27.0"
83.42.229.238 - - [19/May/2015:19:05:34 +0000] "GET /images/logstash_OSCON.pdf HTTP/1.1" 206 55278 "http://www.google.es/url?sa=t&rct=j&q=&esrc=s&source=web&cd=10&ved=0CHMQFjAJ&url=http%3A%2F%2Fsemicomplete.com%2Fimages%2Flogstash_OSCON.pdf&ei=JAoCU8TzBqSY0AWOn4CoAw&usg=AFQjCNF2ikX71TvpVxHLkIi36cWJowYlNA&bvm=bv.61535280,d.d2k" "Mozilla/5.0 (Windows NT 6.2; WOW64; rv:27.0) Gecko/20100101 Firefox/27.0"
83.42.229.238 - - [19/May/2015:19:05:23 +0000] "GET /images/logstash_OSCON.pdf HTTP/1.1" 206 65536 "http://www.google.es/url?sa=t&rct=j&q=&esrc=s&source=web&cd=10&ved=0CHMQFjAJ&url=http%3A%2F%2Fsemicomplete.com%2Fimages%2Flogstash_OSCON.pdf&ei=JAoCU8TzBqSY0AWOn4CoAw&usg=AFQjCNF2ikX71TvpVxHLkIi36cWJowYlNA&bvm=bv.61535280,d.d2k" "Mozilla/5.0 (Windows NT 6.2; WOW64; rv:27.0) Gecko/20100101 Firefox/27.0"
83.42.229.238 - - [19/May/2015:19:05:36 +0000] "GET /images/logstash_OSCON.pdf HTTP/1.1" 206 65536 "http://www.google.es/url?sa=t&rct=j&q=&esrc=s&source=web&cd=10&ved=0CHMQFjAJ&url=http%3A%2F%2Fsemicomplete.com%2Fimages%2Flogstash_OSCON.pdf&ei=JAoCU8TzBqSY0AWOn4CoAw&usg=AFQjCNF2ikX71TvpVxHLkIi36cWJowYlNA&bvm=bv.61535280,d.d2k" "Mozilla/5.0 (Windows NT 6.2; WOW64; rv:27.0) Gecko/20100101 Firefox/27.0"
83.42.229.238 - - [19/May/2015:19:05:54 +0000] "GET /images/logstash_OSCON.pdf HTTP/1.1" 206 65536 "http://www.google.es/url?sa=t&rct=j&q=&esrc=s&source=web&cd=10&ved=0CHMQFjAJ&url=http%3A%2F%2Fsemicomplete.com%2Fimages%2Flogstash_OSCON.pdf&ei=JAoCU8TzBqSY0AWOn4CoAw&usg=AFQjCNF2ikX71TvpVxHLkIi36cWJowYlNA&bvm=bv.61535280,d.d2k" "Mozilla/5.0 (Windows NT 6.2; WOW64; rv:27.0) Gecko/20100101 Firefox/27.0"
83.42.229.238 - - [19/May/2015:19:05:43 +0000] "GET /images/logstash_OSCON.pdf HTTP/1.1" 206 131072 "http://www.google.es/url?sa=t&rct=j&q=&esrc=s&source=web&cd=10&ved=0CHMQFjAJ&url=http%3A%2F%2Fsemicomplete.com%2Fimages%2Flogstash_OSCON.pdf&ei=JAoCU8TzBqSY0AWOn4CoAw&usg=AFQjCNF2ikX71TvpVxHLkIi36cWJowYlNA&bvm=bv.61535280,d.d2k" "Mozilla/5.0 (Windows NT 6.2; WOW64; rv:27.0) Gecko/20100101 Firefox/27.0"
83.42.229.238 - - [19/May/2015:19:05:02 +0000] "GET /images/logstash_OSCON.pdf HTTP/1.1" 206 131072 "http://www.google.es/url?sa=t&rct=j&q=&esrc=s&source=web&cd=10&ved=0CHMQFjAJ&url=http%3A%2F%2Fsemicomplete.com%2Fimages%2Flogstash_OSCON.pdf&ei=JAoCU8TzBqSY0AWOn4CoAw&usg=AFQjCNF2ikX71TvpVxHLkIi36cWJowYlNA&bvm=bv.61535280,d.d2k" "Mozilla/5.0 (Windows NT 6.2; WOW64; rv:27.0) Gecko/20100101 Firefox/27.0"
83.42.229.238 - - [19/May/2015:19:05:58 +0000] "GET /images/logstash_OSCON.pdf HTTP/1.1" 206 196608 "http://www.google.es/url?sa=t&rct=j&q=&esrc=s&source=web&cd=10&ved=0CHMQFjAJ&url=http%3A%2F%2Fsemicomplete.com%2Fimages%2Flogstash_OSCON.pdf&ei=JAoCU8TzBqSY0AWOn4CoAw&usg=AFQjCNF2ikX71TvpVxHLkIi36cWJowYlNA&bvm=bv.61535280,d.d2k" "Mozilla/5.0 (Windows NT 6.2; WOW64; rv:27.0) Gecko/20100101 Firefox/27.0"
83.42.229.238 - - [19/May/2015:19:05:48 +0000] "GET /images/logstash_OSCON.pdf HTTP/1.1" 206 196608 "http://www.google.es/url?sa=t&rct=j&q=&esrc=s&source=web&cd=10&ved=0CHMQFjAJ&url=http%3A%2F%2Fsemicomplete.com%2Fimages%2Flogstash_OSCON.pdf&ei=JAoCU8TzBqSY0AWOn4CoAw&usg=AFQjCNF2ikX71TvpVxHLkIi36cWJowYlNA&bvm=bv.61535280,d.d2k" "Mozilla/5.0 (Windows NT 6.2; WOW64; rv:27.0) Gecko/20100101 Firefox/27.0"
83.42.229.238 - - [19/May/2015:19:05:10 +0000] "GET /images/logstash_OSCON.pdf HTTP/1.1" 206 65536 "http://www.google.es/url?sa=t&rct=j&q=&esrc=s&source=web&cd=10&ved=0CHMQFjAJ&url=http%3A%2F%2Fsemicomplete.com%2Fimages%2Flogstash_OSCON.pdf&ei=JAoCU8TzBqSY0AWOn4CoAw&usg=AFQjCNF2ikX71TvpVxHLkIi36cWJowYlNA&bvm=bv.61535280,d.d2k" "Mozilla/5.0 (Windows NT 6.2; WOW64; rv:27.0) Gecko/20100101 Firefox/27.0"
83.42.229.238 - - [19/May/2015:19:05:36 +0000] "GET /images/logstash_OSCON.pdf HTTP/1.1" 206 65536 "http://www.google.es/url?sa=t&rct=j&q=&esrc=s&source=web&cd=10&ved=0CHMQFjAJ&url=http%3A%2F%2Fsemicomplete.com%2Fimages%2Flogstash_OSCON.pdf&ei=JAoCU8TzBqSY0AWOn4CoAw&usg=AFQjCNF2ikX71TvpVxHLkIi36cWJowYlNA&bvm=bv.61535280,d.d2k" "Mozilla/5.0 (Windows NT 6.2; WOW64; rv:27.0) Gecko/20100101 Firefox/27.0"
83.42.229.238 - - [19/May/2015:19:05:25 +0000] "GET /images/logstash_OSCON.pdf HTTP/1.1" 206 65536 "http://www.google.es/url?sa=t&rct=j&q=&esrc=s&source=web&cd=10&ved=0CHMQFjAJ&url=http%3A%2F%2Fsemicomplete.com%2Fimages%2Flogstash_OSCON.pdf&ei=JAoCU8TzBqSY0AWOn4CoAw&usg=AFQjCNF2ikX71TvpVxHLkIi36cWJowYlNA&bvm=bv.61535280,d.d2k" "Mozilla/5.0 (Windows NT 6.2; WOW64; rv:27.0) Gecko/20100101 Firefox/27.0"
83.42.229.238 - - [19/May/2015:19:05:14 +0000] "GET /images/logstash_OSCON.pdf HTTP/1.1" 206 131072 "http://www.google.es/url?sa=t&rct=j&q=&esrc=s&source=web&cd=10&ved=0CHMQFjAJ&url=http%3A%2F%2Fsemicomplete.com%2Fimages%2Flogstash_OSCON.pdf&ei=JAoCU8TzBqSY0AWOn4CoAw&usg=AFQjCNF2ikX71TvpVxHLkIi36cWJowYlNA&bvm=bv.61535280,d.d2k" "Mozilla/5.0 (Windows NT 6.2; WOW64; rv:27.0) Gecko/20100101 Firefox/27.0"
83.42.229.238 - - [19/May/2015:19:05:39 +0000] "GET /images/logstash_OSCON.pdf HTTP/1.1" 206 131072 "http://www.google.es/url?sa=t&rct=j&q=&esrc=s&source=web&cd=10&ved=0CHMQFjAJ&url=http%3A%2F%2Fsemicomplete.com%2Fimages%2Flogstash_OSCON.pdf&ei=JAoCU8TzBqSY0AWOn4CoAw&usg=AFQjCNF2ikX71TvpVxHLkIi36cWJowYlNA&bvm=bv.61535280,d.d2k" "Mozilla/5.0 (Windows NT 6.2; WOW64; rv:27.0) Gecko/20100101 Firefox/27.0"
83.42.229.238 - - [19/May/2015:19:05:24 +0000] "GET /images/logstash_OSCON.pdf HTTP/1.1" 206 65536 "http://www.google.es/url?sa=t&rct=j&q=&esrc=s&source=web&cd=10&ved=0CHMQFjAJ&url=http%3A%2F%2Fsemicomplete.com%2Fimages%2Flogstash_OSCON.pdf&ei=JAoCU8TzBqSY0AWOn4CoAw&usg=AFQjCNF2ikX71TvpVxHLkIi36cWJowYlNA&bvm=bv.61535280,d.d2k" "Mozilla/5.0 (Windows NT 6.2; WOW64; rv:27.0) Gecko/20100101 Firefox/27.0"
83.42.229.238 - - [19/May/2015:19:05:06 +0000] "GET /images/logstash_OSCON.pdf HTTP/1.1" 206 196608 "http://www.google.es/url?sa=t&rct=j&q=&esrc=s&source=web&cd=10&ved=0CHMQFjAJ&url=http%3A%2F%2Fsemicomplete.com%2Fimages%2Flogstash_OSCON.pdf&ei=JAoCU8TzBqSY0AWOn4CoAw&usg=AFQjCNF2ikX71TvpVxHLkIi36cWJowYlNA&bvm=bv.61535280,d.d2k" "Mozilla/5.0 (Windows NT 6.2; WOW64; rv:27.0) Gecko/20100101 Firefox/27.0"
139.184.30.132 - - [19/May/2015:19:05:27 +0000] "GET /projects/xdotool HTTP/1.0" 301 339 "http://tuxradar.com/content/xdotool-script-your-mouse" "Mozilla/5.0 (X11; Linux x86_64) AppleWebKit/537.36 (KHTML, like Gecko) Chrome/34.0.1833.5 Safari/537.36"
139.184.30.132 - - [19/May/2015:19:05:58 +0000] "GET /projects/xdotool/ HTTP/1.0" 200 12292 "http://tuxradar.com/content/xdotool-script-your-mouse" "Mozilla/5.0 (X11; Linux x86_64) AppleWebKit/537.36 (KHTML, like Gecko) Chrome/34.0.1833.5 Safari/537.36"
139.184.30.132 - - [19/May/2015:19:05:22 +0000] "GET /style2.css HTTP/1.0" 200 4877 "http://www.semicomplete.com/projects/xdotool/" "Mozilla/5.0 (X11; Linux x86_64) AppleWebKit/537.36 (KHTML, like Gecko) Chrome/34.0.1833.5 Safari/537.36"
139.184.30.132 - - [19/May/2015:19:05:34 +0000] "GET /images/jordan-80.png HTTP/1.0" 200 6146 "http://www.semicomplete.com/projects/xdotool/" "Mozilla/5.0 (X11; Linux x86_64) AppleWebKit/537.36 (KHTML, like Gecko) Chrome/34.0.1833.5 Safari/537.36"
139.184.30.132 - - [19/May/2015:19:05:03 +0000] "GET /reset.css HTTP/1.0" 200 1015 "http://www.semicomplete.com/projects/xdotool/" "Mozilla/5.0 (X11; Linux x86_64) AppleWebKit/537.36 (KHTML, like Gecko) Chrome/34.0.1833.5 Safari/537.36"
139.184.30.132 - - [19/May/2015:19:05:54 +0000] "GET /images/web/2009/banner.png HTTP/1.0" 200 52315 "http://www.semicomplete.com/projects/xdotool/" "Mozilla/5.0 (X11; Linux x86_64) AppleWebKit/537.36 (KHTML, like Gecko) Chrome/34.0.1833.5 Safari/537.36"
139.184.30.132 - - [19/May/2015:19:05:13 +0000] "GET /favicon.ico HTTP/1.0" 200 3638 "-" "Mozilla/5.0 (X11; Linux x86_64) AppleWebKit/537.36 (KHTML, like Gecko) Chrome/34.0.1833.5 Safari/537.36"
128.118.108.67 - - [19/May/2015:19:05:26 +0000] "GET /favicon.ico HTTP/1.0" 200 3638 "-" "Safari/9537.73.11 CFNetwork/673.0.3 Darwin/13.0.0 (x86_64) (MacBookPro8%2C1)"
83.139.110.254 - - [19/May/2015:19:05:48 +0000] "GET /favicon.ico HTTP/1.1" 200 3638 "-" "Mozilla/5.0 (Macintosh; Intel Mac OS X 10.8; rv:27.0) Gecko/20100101 Firefox/27.0"
186.231.123.210 - - [19/May/2015:19:05:10 +0000] "GET /blog/geekery/ec2-reserved-vs-ondemand.html HTTP/1.1" 200 11834 "https://www.google.com/" "Mozilla/5.0 (Macintosh; Intel Mac OS X 10_9_0) AppleWebKit/537.36 (KHTML, like Gecko) Chrome/32.0.1700.102 Safari/537.36"
186.231.123.210 - - [19/May/2015:19:05:03 +0000] "GET /reset.css HTTP/1.1" 200 1015 "http://www.semicomplete.com/blog/geekery/ec2-reserved-vs-ondemand.html" "Mozilla/5.0 (Macintosh; Intel Mac OS X 10_9_0) AppleWebKit/537.36 (KHTML, like Gecko) Chrome/32.0.1700.102 Safari/537.36"
186.231.123.210 - - [19/May/2015:19:05:10 +0000] "GET /style2.css HTTP/1.1" 200 4877 "http://www.semicomplete.com/blog/geekery/ec2-reserved-vs-ondemand.html" "Mozilla/5.0 (Macintosh; Intel Mac OS X 10_9_0) AppleWebKit/537.36 (KHTML, like Gecko) Chrome/32.0.1700.102 Safari/537.36"
186.231.123.210 - - [19/May/2015:19:05:20 +0000] "GET /images/jordan-80.png HTTP/1.1" 200 6146 "http://www.semicomplete.com/blog/geekery/ec2-reserved-vs-ondemand.html" "Mozilla/5.0 (Macintosh; Intel Mac OS X 10_9_0) AppleWebKit/537.36 (KHTML, like Gecko) Chrome/32.0.1700.102 Safari/537.36"
186.231.123.210 - - [19/May/2015:19:05:13 +0000] "GET /images/ec2_m1large_cost.png HTTP/1.1" 200 36159 "http://www.semicomplete.com/blog/geekery/ec2-reserved-vs-ondemand.html" "Mozilla/5.0 (Macintosh; Intel Mac OS X 10_9_0) AppleWebKit/537.36 (KHTML, like Gecko) Chrome/32.0.1700.102 Safari/537.36"
186.231.123.210 - - [19/May/2015:19:05:20 +0000] "GET /images/web/2009/banner.png HTTP/1.1" 200 52315 "http://www.semicomplete.com/blog/geekery/ec2-reserved-vs-ondemand.html" "Mozilla/5.0 (Macintosh; Intel Mac OS X 10_9_0) AppleWebKit/537.36 (KHTML, like Gecko) Chrome/32.0.1700.102 Safari/537.36"
139.184.30.132 - - [19/May/2015:19:05:31 +0000] "GET /projects/xdotool/xdotool.xhtml HTTP/1.0" 200 50112 "http://www.semicomplete.com/projects/xdotool/" "Mozilla/5.0 (X11; Linux x86_64) AppleWebKit/537.36 (KHTML, like Gecko) Chrome/34.0.1833.5 Safari/537.36"
68.180.224.225 - - [19/May/2015:19:05:48 +0000] "GET /?page=3 HTTP/1.1" 200 39559 "-" "Mozilla/5.0 (compatible; Yahoo! Slurp; http://help.yahoo.com/help/us/ysearch/slurp)"
66.249.73.135 - - [19/May/2015:19:05:57 +0000] "GET /?flav=rss20 HTTP/1.1" 200 29941 "-" "Mozilla/5.0 (compatible; Googlebot/2.1; +http://www.google.com/bot.html)"
180.76.6.65 - - [19/May/2015:19:05:58 +0000] "GET /robots.txt HTTP/1.1" 200 - "-" "Mozilla/5.0 (Windows NT 5.1; rv:6.0.2) Gecko/20100101 Firefox/6.0.2"
68.180.224.225 - - [19/May/2015:19:05:11 +0000] "GET /demo/jquery-magicpuff.html?iframe=true&width=100%&height=100% HTTP/1.1" 200 1328 "-" "Mozilla/5.0 (compatible; Yahoo! Slurp; http://help.yahoo.com/help/us/ysearch/slurp)"
46.105.14.53 - - [19/May/2015:19:05:01 +0000] "GET /blog/tags/puppet?flav=rss20 HTTP/1.1" 200 14872 "-" "UniversalFeedParser/4.2-pre-314-svn +http://feedparser.org/"
194.186.207.105 - - [19/May/2015:19:05:40 +0000] "GET /presentations/logstash-puppetconf-2012/ HTTP/1.1" 200 37269 "http://logstash.net/docs/1.3.3/learn" "Mozilla/5.0 (Windows NT 6.1; WOW64; rv:27.0) Gecko/20100101 Firefox/27.0"
194.186.207.105 - - [19/May/2015:19:05:11 +0000] "GET /presentations/logstash-puppetconf-2012/css/reset.css HTTP/1.1" 200 1382 "http://semicomplete.com/presentations/logstash-puppetconf-2012/" "Mozilla/5.0 (Windows NT 6.1; WOW64; rv:27.0) Gecko/20100101 Firefox/27.0"
194.186.207.105 - - [19/May/2015:19:05:19 +0000] "GET /presentations/logstash-puppetconf-2012/lib/css/zenburn.css HTTP/1.1" 200 1791 "http://semicomplete.com/presentations/logstash-puppetconf-2012/" "Mozilla/5.0 (Windows NT 6.1; WOW64; rv:27.0) Gecko/20100101 Firefox/27.0"
194.186.207.105 - - [19/May/2015:19:05:53 +0000] "GET /presentations/logstash-puppetconf-2012/css/print.css HTTP/1.1" 200 3995 "http://semicomplete.com/presentations/logstash-puppetconf-2012/" "Mozilla/5.0 (Windows NT 6.1; WOW64; rv:27.0) Gecko/20100101 Firefox/27.0"
194.186.207.105 - - [19/May/2015:19:05:32 +0000] "GET /presentations/logstash-puppetconf-2012/css/preso.css HTTP/1.1" 200 659 "http://semicomplete.com/presentations/logstash-puppetconf-2012/" "Mozilla/5.0 (Windows NT 6.1; WOW64; rv:27.0) Gecko/20100101 Firefox/27.0"
194.186.207.105 - - [19/May/2015:19:05:31 +0000] "GET /presentations/logstash-puppetconf-2012/css/main.css HTTP/1.1" 200 26498 "http://semicomplete.com/presentations/logstash-puppetconf-2012/" "Mozilla/5.0 (Windows NT 6.1; WOW64; rv:27.0) Gecko/20100101 Firefox/27.0"
194.186.207.105 - - [19/May/2015:19:05:34 +0000] "GET /presentations/logstash-puppetconf-2012/lib/js/head.min.js HTTP/1.1" 200 3170 "http://semicomplete.com/presentations/logstash-puppetconf-2012/" "Mozilla/5.0 (Windows NT 6.1; WOW64; rv:27.0) Gecko/20100101 Firefox/27.0"
194.186.207.105 - - [19/May/2015:19:05:39 +0000] "GET /presentations/logstash-puppetconf-2012/images/logstash.png HTTP/1.1" 200 47731 "http://semicomplete.com/presentations/logstash-puppetconf-2012/" "Mozilla/5.0 (Windows NT 6.1; WOW64; rv:27.0) Gecko/20100101 Firefox/27.0"
194.186.207.105 - - [19/May/2015:19:05:05 +0000] "GET /presentations/logstash-puppetconf-2012/images/nagios-sms2.png HTTP/1.1" 200 60656 "http://semicomplete.com/presentations/logstash-puppetconf-2012/" "Mozilla/5.0 (Windows NT 6.1; WOW64; rv:27.0) Gecko/20100101 Firefox/27.0"
194.186.207.105 - - [19/May/2015:19:05:30 +0000] "GET /presentations/logstash-puppetconf-2012/images/nagios-sms1.png HTTP/1.1" 200 55478 "http://semicomplete.com/presentations/logstash-puppetconf-2012/" "Mozilla/5.0 (Windows NT 6.1; WOW64; rv:27.0) Gecko/20100101 Firefox/27.0"
194.186.207.105 - - [19/May/2015:19:05:06 +0000] "GET /presentations/logstash-puppetconf-2012/images/sysadvent.png HTTP/1.1" 200 108497 "http://semicomplete.com/presentations/logstash-puppetconf-2012/" "Mozilla/5.0 (Windows NT 6.1; WOW64; rv:27.0) Gecko/20100101 Firefox/27.0"
194.186.207.105 - - [19/May/2015:19:05:05 +0000] "GET /presentations/logstash-puppetconf-2012/images/nagios-sms4.png HTTP/1.1" 200 72949 "http://semicomplete.com/presentations/logstash-puppetconf-2012/" "Mozilla/5.0 (Windows NT 6.1; WOW64; rv:27.0) Gecko/20100101 Firefox/27.0"
194.186.207.105 - - [19/May/2015:19:05:17 +0000] "GET /presentations/logstash-puppetconf-2012/images/nagios-sms3.png HTTP/1.1" 200 65917 "http://semicomplete.com/presentations/logstash-puppetconf-2012/" "Mozilla/5.0 (Windows NT 6.1; WOW64; rv:27.0) Gecko/20100101 Firefox/27.0"
194.186.207.105 - - [19/May/2015:19:05:36 +0000] "GET /presentations/logstash-puppetconf-2012/js/reveal.js HTTP/1.1" 200 29108 "http://semicomplete.com/presentations/logstash-puppetconf-2012/" "Mozilla/5.0 (Windows NT 6.1; WOW64; rv:27.0) Gecko/20100101 Firefox/27.0"
194.186.207.105 - - [19/May/2015:19:05:11 +0000] "GET /presentations/logstash-puppetconf-2012/images/office-space-printer-beat-down-gif.gif HTTP/1.1" 404 364 "http://semicomplete.com/presentations/logstash-puppetconf-2012/" "Mozilla/5.0 (Windows NT 6.1; WOW64; rv:27.0) Gecko/20100101 Firefox/27.0"
194.186.207.105 - - [19/May/2015:19:05:14 +0000] "GET /presentations/logstash-puppetconf-2012/images/nagios-sms5.png HTTP/1.1" 200 78075 "http://semicomplete.com/presentations/logstash-puppetconf-2012/" "Mozilla/5.0 (Windows NT 6.1; WOW64; rv:27.0) Gecko/20100101 Firefox/27.0"
194.186.207.105 - - [19/May/2015:19:05:22 +0000] "GET /presentations/logstash-puppetconf-2012/images/nagios-sms6.png HTTP/1.1" 200 82859 "http://semicomplete.com/presentations/logstash-puppetconf-2012/" "Mozilla/5.0 (Windows NT 6.1; WOW64; rv:27.0) Gecko/20100101 Firefox/27.0"
194.186.207.105 - - [19/May/2015:19:05:37 +0000] "GET /presentations/logstash-puppetconf-2012/images/pc-load-letter.jpg HTTP/1.1" 200 71808 "http://semicomplete.com/presentations/logstash-puppetconf-2012/" "Mozilla/5.0 (Windows NT 6.1; WOW64; rv:27.0) Gecko/20100101 Firefox/27.0"
194.186.207.105 - - [19/May/2015:19:05:31 +0000] "GET /presentations/logstash-puppetconf-2012/images/frontend-response-codes.png HTTP/1.1" 200 52878 "http://semicomplete.com/presentations/logstash-puppetconf-2012/" "Mozilla/5.0 (Windows NT 6.1; WOW64; rv:27.0) Gecko/20100101 Firefox/27.0"
194.186.207.105 - - [19/May/2015:19:05:27 +0000] "GET /presentations/logstash-puppetconf-2012/images/xkcd-perl.png HTTP/1.1" 200 80663 "http://semicomplete.com/presentations/logstash-puppetconf-2012/" "Mozilla/5.0 (Windows NT 6.1; WOW64; rv:27.0) Gecko/20100101 Firefox/27.0"
194.186.207.105 - - [19/May/2015:19:05:38 +0000] "GET /presentations/logstash-puppetconf-2012/lib/font/league_gothic-webfont.ttf HTTP/1.1" 200 42324 "http://semicomplete.com/presentations/logstash-puppetconf-2012/css/main.css" "Mozilla/5.0 (Windows NT 6.1; WOW64; rv:27.0) Gecko/20100101 Firefox/27.0"
194.186.207.105 - - [19/May/2015:20:05:22 +0000] "GET /presentations/logstash-puppetconf-2012/images/xkcd-perlswing-many.png HTTP/1.1" 200 100207 "http://semicomplete.com/presentations/logstash-puppetconf-2012/" "Mozilla/5.0 (Windows NT 6.1; WOW64; rv:27.0) Gecko/20100101 Firefox/27.0"
194.186.207.105 - - [19/May/2015:20:05:04 +0000] "GET /presentations/logstash-puppetconf-2012/images/lifecycle.png HTTP/1.1" 200 9618 "http://semicomplete.com/presentations/logstash-puppetconf-2012/" "Mozilla/5.0 (Windows NT 6.1; WOW64; rv:27.0) Gecko/20100101 Firefox/27.0"
194.186.207.105 - - [19/May/2015:20:05:24 +0000] "GET /presentations/logstash-puppetconf-2012/images/kibana-chef-hits-6min-each.png HTTP/1.1" 200 80555 "http://semicomplete.com/presentations/logstash-puppetconf-2012/" "Mozilla/5.0 (Windows NT 6.1; WOW64; rv:27.0) Gecko/20100101 Firefox/27.0"
194.186.207.105 - - [19/May/2015:20:05:26 +0000] "GET /presentations/logstash-puppetconf-2012/images/computer-keyboard-jacket.jpg HTTP/1.1" 200 176805 "http://semicomplete.com/presentations/logstash-puppetconf-2012/" "Mozilla/5.0 (Windows NT 6.1; WOW64; rv:27.0) Gecko/20100101 Firefox/27.0"
194.186.207.105 - - [19/May/2015:20:05:31 +0000] "GET /presentations/logstash-puppetconf-2012/images/trollface.png HTTP/1.1" 200 58123 "http://semicomplete.com/presentations/logstash-puppetconf-2012/" "Mozilla/5.0 (Windows NT 6.1; WOW64; rv:27.0) Gecko/20100101 Firefox/27.0"
194.186.207.105 - - [19/May/2015:20:05:10 +0000] "GET /presentations/logstash-puppetconf-2012/images/kibana-chef-agent.png HTTP/1.1" 200 73187 "http://semicomplete.com/presentations/logstash-puppetconf-2012/" "Mozilla/5.0 (Windows NT 6.1; WOW64; rv:27.0) Gecko/20100101 Firefox/27.0"
194.186.207.105 - - [19/May/2015:20:05:35 +0000] "GET /presentations/logstash-puppetconf-2012/images/kibana-logstash-downloads.png HTTP/1.1" 200 95058 "http://semicomplete.com/presentations/logstash-puppetconf-2012/" "Mozilla/5.0 (Windows NT 6.1; WOW64; rv:27.0) Gecko/20100101 Firefox/27.0"
194.186.207.105 - - [19/May/2015:20:05:29 +0000] "GET /presentations/logstash-puppetconf-2012/images/psychoaxe.jpg HTTP/1.1" 200 29179 "http://semicomplete.com/presentations/logstash-puppetconf-2012/" "Mozilla/5.0 (Windows NT 6.1; WOW64; rv:27.0) Gecko/20100101 Firefox/27.0"
194.186.207.105 - - [19/May/2015:20:05:45 +0000] "GET /presentations/logstash-puppetconf-2012/images/stats-negative-min.png HTTP/1.1" 200 46139 "http://semicomplete.com/presentations/logstash-puppetconf-2012/" "Mozilla/5.0 (Windows NT 6.1; WOW64; rv:27.0) Gecko/20100101 Firefox/27.0"
194.186.207.105 - - [19/May/2015:20:05:22 +0000] "GET /presentations/logstash-puppetconf-2012/images/apache-negative-duration.png HTTP/1.1" 200 97173 "http://semicomplete.com/presentations/logstash-puppetconf-2012/" "Mozilla/5.0 (Windows NT 6.1; WOW64; rv:27.0) Gecko/20100101 Firefox/27.0"
194.186.207.105 - - [19/May/2015:20:05:35 +0000] "GET /presentations/logstash-puppetconf-2012/images/logs.jpg HTTP/1.1" 200 663847 "http://semicomplete.com/presentations/logstash-puppetconf-2012/" "Mozilla/5.0 (Windows NT 6.1; WOW64; rv:27.0) Gecko/20100101 Firefox/27.0"
194.186.207.105 - - [19/May/2015:20:05:16 +0000] "GET /favicon.ico HTTP/1.1" 200 3638 "-" "Mozilla/5.0 (Windows NT 6.1; WOW64; rv:27.0) Gecko/20100101 Firefox/27.0"
192.118.78.198 - - [19/May/2015:20:05:15 +0000] "GET /presentations/logstash-scale11x/images/simple-inputs-filters-outputs.jpg HTTP/1.1" 200 1168622 "-" "Mozilla/5.0 (Windows NT 6.1; WOW64) AppleWebKit/537.36 (KHTML, like Gecko) Chrome/32.0.1700.107 Safari/537.36"
123.125.71.56 - - [19/May/2015:20:05:35 +0000] "GET /misc/Size.xs HTTP/1.1" 200 695 "-" "Mozilla/5.0 (compatible; Baiduspider/2.0; +http://www.baidu.com/search/spider.html)"
69.167.130.5 - - [19/May/2015:20:05:40 +0000] "GET /blog/geekery/rrdtool-for-the-win.html HTTP/1.1" 200 13791 "https://www.google.com/" "Mozilla/5.0 (X11; Linux x86_64) AppleWebKit/537.36 (KHTML, like Gecko) Chrome/32.0.1700.107 Safari/537.36"
69.167.130.5 - - [19/May/2015:20:05:27 +0000] "GET /reset.css HTTP/1.1" 200 1015 "http://www.semicomplete.com/blog/geekery/rrdtool-for-the-win.html" "Mozilla/5.0 (X11; Linux x86_64) AppleWebKit/537.36 (KHTML, like Gecko) Chrome/32.0.1700.107 Safari/537.36"
69.167.130.5 - - [19/May/2015:20:05:08 +0000] "GET /style2.css HTTP/1.1" 200 4877 "http://www.semicomplete.com/blog/geekery/rrdtool-for-the-win.html" "Mozilla/5.0 (X11; Linux x86_64) AppleWebKit/537.36 (KHTML, like Gecko) Chrome/32.0.1700.107 Safari/537.36"
69.167.130.5 - - [19/May/2015:20:05:15 +0000] "GET /images/webhits-1.png HTTP/1.1" 200 22218 "http://www.semicomplete.com/blog/geekery/rrdtool-for-the-win.html" "Mozilla/5.0 (X11; Linux x86_64) AppleWebKit/537.36 (KHTML, like Gecko) Chrome/32.0.1700.107 Safari/537.36"
69.167.130.5 - - [19/May/2015:20:05:30 +0000] "GET /images/jordan-80.png HTTP/1.1" 200 6146 "http://www.semicomplete.com/blog/geekery/rrdtool-for-the-win.html" "Mozilla/5.0 (X11; Linux x86_64) AppleWebKit/537.36 (KHTML, like Gecko) Chrome/32.0.1700.107 Safari/537.36"
69.167.130.5 - - [19/May/2015:20:05:39 +0000] "GET /images/webhits-2.png HTTP/1.1" 200 23776 "http://www.semicomplete.com/blog/geekery/rrdtool-for-the-win.html" "Mozilla/5.0 (X11; Linux x86_64) AppleWebKit/537.36 (KHTML, like Gecko) Chrome/32.0.1700.107 Safari/537.36"
69.167.130.5 - - [19/May/2015:20:05:26 +0000] "GET /images/webhits-3.png HTTP/1.1" 200 22331 "http://www.semicomplete.com/blog/geekery/rrdtool-for-the-win.html" "Mozilla/5.0 (X11; Linux x86_64) AppleWebKit/537.36 (KHTML, like Gecko) Chrome/32.0.1700.107 Safari/537.36"
69.167.130.5 - - [19/May/2015:20:05:57 +0000] "GET /images/web/2009/banner.png HTTP/1.1" 200 52315 "http://www.semicomplete.com/blog/geekery/rrdtool-for-the-win.html" "Mozilla/5.0 (X11; Linux x86_64) AppleWebKit/537.36 (KHTML, like Gecko) Chrome/32.0.1700.107 Safari/537.36"
69.167.130.5 - - [19/May/2015:20:05:14 +0000] "GET /favicon.ico HTTP/1.1" 200 3638 "-" "Mozilla/5.0 (X11; Linux x86_64) AppleWebKit/537.36 (KHTML, like Gecko) Chrome/32.0.1700.107 Safari/537.36"
193.24.88.211 - - [19/May/2015:20:05:09 +0000] "GET /articles/dynamic-dns-with-dhcp/ HTTP/1.1" 200 18848 "http://www.google.de/url?sa=t&rct=j&q=&esrc=s&frm=1&source=web&cd=7&cad=rja&ved=0CGEQFjAG&url=http%3A%2F%2Fwww.semicomplete.com%2Farticles%2Fdynamic-dns-with-dhcp%2F&ei=NwUCU5mFPI2u4QSk74DIAg&usg=AFQjCNEF1X4Rs52UYQyLiySTQxa97ozM4g&bvm=bv.61535280,d.bGE" "Mozilla/4.0 (compatible; MSIE 8.0; Windows NT 6.1; WOW64; Trident/4.0; SLCC2; .NET CLR 2.0.50727; .NET CLR 3.5.30729; .NET CLR 3.0.30729; Media Center PC 6.0; .NET4.0C; InfoPath.3; .NET4.0E)"
193.24.88.211 - - [19/May/2015:20:05:43 +0000] "GET /reset.css HTTP/1.1" 200 1015 "http://www.semicomplete.com/articles/dynamic-dns-with-dhcp/" "Mozilla/4.0 (compatible; MSIE 8.0; Windows NT 6.1; WOW64; Trident/4.0; SLCC2; .NET CLR 2.0.50727; .NET CLR 3.5.30729; .NET CLR 3.0.30729; Media Center PC 6.0; .NET4.0C; InfoPath.3; .NET4.0E)"
193.24.88.211 - - [19/May/2015:20:05:45 +0000] "GET /style2.css HTTP/1.1" 200 4877 "http://www.semicomplete.com/articles/dynamic-dns-with-dhcp/" "Mozilla/4.0 (compatible; MSIE 8.0; Windows NT 6.1; WOW64; Trident/4.0; SLCC2; .NET CLR 2.0.50727; .NET CLR 3.5.30729; .NET CLR 3.0.30729; Media Center PC 6.0; .NET4.0C; InfoPath.3; .NET4.0E)"
193.24.88.211 - - [19/May/2015:20:05:20 +0000] "GET /images/jordan-80.png HTTP/1.1" 200 6146 "http://www.semicomplete.com/articles/dynamic-dns-with-dhcp/" "Mozilla/4.0 (compatible; MSIE 8.0; Windows NT 6.1; WOW64; Trident/4.0; SLCC2; .NET CLR 2.0.50727; .NET CLR 3.5.30729; .NET CLR 3.0.30729; Media Center PC 6.0; .NET4.0C; InfoPath.3; .NET4.0E)"
193.24.88.211 - - [19/May/2015:20:05:23 +0000] "GET /images/web/2009/banner.png HTTP/1.1" 200 52315 "http://www.semicomplete.com/articles/dynamic-dns-with-dhcp/" "Mozilla/4.0 (compatible; MSIE 8.0; Windows NT 6.1; WOW64; Trident/4.0; SLCC2; .NET CLR 2.0.50727; .NET CLR 3.5.30729; .NET CLR 3.0.30729; Media Center PC 6.0; .NET4.0C; InfoPath.3; .NET4.0E)"
146.1.1.2 - - [19/May/2015:20:05:24 +0000] "GET /blog/geekery/ssl-latency.html HTTP/1.1" 200 17147 "-" "Mozilla/5.0 (Windows NT 6.1; WOW64; rv:27.0) Gecko/20100101 Firefox/27.0"
193.24.88.211 - - [19/May/2015:20:05:13 +0000] "GET /favicon.ico HTTP/1.1" 200 3638 "-" "Mozilla/4.0 (compatible; MSIE 8.0; Windows NT 6.1; WOW64; Trident/4.0; SLCC2; .NET CLR 2.0.50727; .NET CLR 3.5.30729; .NET CLR 3.0.30729; Media Center PC 6.0; .NET4.0C; InfoPath.3; .NET4.0E)"
180.76.6.50 - - [19/May/2015:20:05:48 +0000] "GET /robots.txt HTTP/1.1" 200 - "-" "Mozilla/5.0 (Windows NT 5.1; rv:6.0.2) Gecko/20100101 Firefox/6.0.2"
146.1.1.2 - - [19/May/2015:20:05:49 +0000] "GET /articles/efficiency/ HTTP/1.1" 200 36398 "http://www.semicomplete.com/blog/geekery/ssl-latency.html" "Mozilla/5.0 (Windows NT 6.1; WOW64; rv:27.0) Gecko/20100101 Firefox/27.0"
68.180.224.225 - - [19/May/2015:20:05:56 +0000] "GET /blog/geekery/127.html HTTP/1.1" 200 8897 "-" "Mozilla/5.0 (compatible; Yahoo! Slurp; http://help.yahoo.com/help/us/ysearch/slurp)"
193.24.88.211 - - [19/May/2015:20:05:30 +0000] "GET /articles/dynamic-dns-with-dhcp/ HTTP/1.1" 200 18848 "http://www.semicomplete.com/articles/dynamic-dns-with-dhcp/" "Mozilla/4.0 (compatible; MSIE 8.0; Windows NT 6.1; WOW64; Trident/4.0; SLCC2; .NET CLR 2.0.50727; .NET CLR 3.5.30729; .NET CLR 3.0.30729; Media Center PC 6.0; .NET4.0C; InfoPath.3; .NET4.0E)"
74.125.19.208 - - [19/May/2015:20:05:49 +0000] "GET /?flav=rss20 HTTP/1.1" 200 29941 "-" "FeedBurner/1.0 (http://www.FeedBurner.com)"
107.170.40.204 - - [19/May/2015:20:05:07 +0000] "GET /?flav=atom HTTP/1.1" 200 32352 "-" "Feedbin - 1 subscribers"
213.124.13.242 - - [19/May/2015:20:05:57 +0000] "GET /projects/xdotool/xdotool.xhtml HTTP/1.1" 200 50112 "https://www.google.nl/" "Mozilla/5.0 (X11; Linux x86_64) AppleWebKit/537.36 (KHTML, like Gecko) Chrome/32.0.1700.107 Safari/537.36"
213.124.13.242 - - [19/May/2015:20:05:08 +0000] "GET /favicon.ico HTTP/1.1" 200 3638 "-" "Mozilla/5.0 (X11; Linux x86_64) AppleWebKit/537.36 (KHTML, like Gecko) Chrome/32.0.1700.107 Safari/537.36"
66.249.73.135 - - [19/May/2015:20:05:24 +0000] "GET / HTTP/1.1" 200 37932 "-" "Mozilla/5.0 (compatible; Googlebot/2.1; +http://www.google.com/bot.html)"
83.31.36.250 - - [19/May/2015:20:05:40 +0000] "GET /projects/xdotool/xdotool.xhtml HTTP/1.1" 200 50112 "-" "Opera/9.80 (X11; Linux x86_64) Presto/2.12.388 Version/12.16"
83.31.36.250 - - [19/May/2015:20:05:37 +0000] "GET /favicon.ico HTTP/1.1" 200 3638 "http://www.semicomplete.com/projects/xdotool/xdotool.xhtml" "Opera/9.80 (X11; Linux x86_64) Presto/2.12.388 Version/12.16"
105.224.234.235 - - [19/May/2015:20:05:40 +0000] "GET /favicon.ico HTTP/1.1" 200 3638 "-" "Mozilla/5.0 (Macintosh; Intel Mac OS X 10.9; rv:27.0) Gecko/20100101 Firefox/27.0"
209.85.238.199 - - [19/May/2015:20:05:51 +0000] "GET / HTTP/1.1" 200 37932 "-" "Feedfetcher-Google; (+http://www.google.com/feedfetcher.html; 1 subscribers; feed-id=8003088278248648013)"
46.105.14.53 - - [19/May/2015:20:05:45 +0000] "GET /blog/tags/puppet?flav=rss20 HTTP/1.1" 200 14872 "-" "UniversalFeedParser/4.2-pre-314-svn +http://feedparser.org/"
203.219.136.224 - - [19/May/2015:20:05:08 +0000] "GET /favicon.ico HTTP/1.1" 200 3638 "-" "Mozilla/5.0 (Macintosh; Intel Mac OS X 10.9; rv:27.0) Gecko/20100101 Firefox/27.0"
113.189.161.125 - - [19/May/2015:20:05:44 +0000] "GET /images/googledotcom.png HTTP/1.1" 200 65748 "-" "Mozilla/5.0 (Windows NT 6.1; rv:27.0) Gecko/20100101 Firefox/27.0"
66.249.73.135 - - [19/May/2015:20:05:20 +0000] "GET /?page=7 HTTP/1.1" 200 45289 "-" "Mozilla/5.0 (compatible; Googlebot/2.1; +http://www.google.com/bot.html)"
46.26.114.245 - - [19/May/2015:20:05:01 +0000] "GET /projects/xdotool/xdotool.xhtml HTTP/1.1" 200 50112 "-" "Mozilla/5.0 (X11; Linux x86_64) AppleWebKit/537.36 (KHTML, like Gecko) Chrome/32.0.1700.107 Safari/537.36 slurp"
81.198.20.11 - - [19/May/2015:20:05:35 +0000] "GET /blog HTTP/1.0" 200 37936 "-" "-"
81.198.20.11 - - [19/May/2015:20:05:54 +0000] "HEAD /favicon.ico HTTP/1.0" 200 - "-" "-"
50.16.19.13 - - [19/May/2015:20:05:23 +0000] "GET /blog/tags/puppet?flav=rss20 HTTP/1.1" 200 14872 "http://www.semicomplete.com/blog/tags/puppet?flav=rss20" "Tiny Tiny RSS/1.11 (http://tt-rss.org/)"
81.198.20.11 - - [19/May/2015:20:05:04 +0000] "GET /blog HTTP/1.0" 200 37936 "-" "-"
81.198.20.11 - - [19/May/2015:20:05:38 +0000] "HEAD /favicon.ico HTTP/1.0" 200 - "-" "-"
85.89.160.218 - - [19/May/2015:20:05:30 +0000] "GET /blog/geekery/xvfb-firefox.html HTTP/1.1" 200 10975 "http://en.wikipedia.org/wiki/Xvfb" "Mozilla/5.0 (Windows NT 6.1; WOW64; rv:28.0) Gecko/20100101 Firefox/28.0"
85.89.160.218 - - [19/May/2015:20:05:55 +0000] "GET /reset.css HTTP/1.1" 200 1015 "http://semicomplete.com/blog/geekery/xvfb-firefox.html" "Mozilla/5.0 (Windows NT 6.1; WOW64; rv:28.0) Gecko/20100101 Firefox/28.0"
85.89.160.218 - - [19/May/2015:20:05:38 +0000] "GET /style2.css HTTP/1.1" 200 4877 "http://semicomplete.com/blog/geekery/xvfb-firefox.html" "Mozilla/5.0 (Windows NT 6.1; WOW64; rv:28.0) Gecko/20100101 Firefox/28.0"
85.89.160.218 - - [19/May/2015:20:05:05 +0000] "GET /favicon.ico HTTP/1.1" 200 3638 "-" "Mozilla/5.0 (Windows NT 6.1; WOW64; rv:28.0) Gecko/20100101 Firefox/28.0"
85.89.160.218 - - [19/May/2015:20:05:23 +0000] "GET /images/jordan-80.png HTTP/1.1" 200 6146 "http://semicomplete.com/blog/geekery/xvfb-firefox.html" "Mozilla/5.0 (Windows NT 6.1; WOW64; rv:28.0) Gecko/20100101 Firefox/28.0"
85.89.160.218 - - [19/May/2015:20:05:02 +0000] "GET /images/web/2009/banner.png HTTP/1.1" 200 52315 "http://semicomplete.com/style2.css" "Mozilla/5.0 (Windows NT 6.1; WOW64; rv:28.0) Gecko/20100101 Firefox/28.0"
